2026-05-27 12:46:13,165 INFO: RepoExploreBench: 93 targets across 9 repos
======================================================================
RepoExploreBench v2.0
  Targets: 93 files across 9 repos
  Strategies: ['cov_qvalue', 'divhints_random', 'divhints_oracle']
  Seeds: [42]
  Exec budget: 24 per run
  Total runs: 279
======================================================================
  Connectivity: OK

  Fetching source code...
    click.core: 114085 chars
    click.types: 36390 chars
    click.termui: 28323 chars
    click.utils: 20295 chars
    click.shell_completion: 18459 chars
    click.decorators: 18718 chars
    click.parser: 19066 chars
    click.testing: 16083 chars
    click.formatting: 9705 chars
    click.exceptions: 9272 chars
    requests.utils: 33447 chars
    requests.models: 35222 chars
    requests.sessions: 30372 chars
    requests.cookies: 18559 chars
    requests.adapters: 19552 chars
    requests.auth: 10186 chars
    flask.app: 59200 chars
    flask.cli: 33820 chars
    flask.helpers: 22991 chars
    flask.ctx: 14840 chars
    flask.sessions: 14168 chars
    flask.config: 12855 chars
    flask.json.tag: 8870 chars
    flask.testing: 10016 chars
    flask.templating: 7537 chars
    flask.json.provider: 7639 chars
    rich.console: 99096 chars
    rich.progress: 59691 chars
    rich.text: 47302 chars
    rich.table: 39643 chars
    rich.pretty: 35811 chars
    rich.syntax: 35364 chars
    rich.markdown: 26159 chars
    rich.style: 27072 chars
    rich.traceback: 29466 chars
    rich.segment: 24209 chars
    rich.color: 18220 chars
    rich.layout: 13939 chars
    jinja2.compiler: 72198 chars
    jinja2.filters: 53861 chars
    jinja2.environment: 61252 chars
    jinja2.nodes: 34549 chars
    jinja2.runtime: 33405 chars
    jinja2.parser: 39735 chars
    jinja2.ext: 31843 chars
    jinja2.lexer: 29725 chars
    jinja2.utils: 23932 chars
    jinja2.loaders: 23084 chars
    jinja2.sandbox: 14583 chars
    jinja2.bccache: 14060 chars
    httpx._client: 67489 chars
    httpx._models: 42302 chars
    httpx._urls: 21747 chars
    httpx._main: 15634 chars
    httpx._urlparse: 17719 chars
    httpx._api: 12927 chars
    httpx._utils: 13857 chars
    httpx._transports.default: 13289 chars
    httpx._config: 12203 chars
    httpx._auth: 11829 chars
    pydantic.types: 89470 chars
    pydantic.json_schema: 102806 chars
    pydantic.main: 65891 chars
    pydantic.fields: 45929 chars
    pydantic.config: 29138 chars
    pydantic.networks: 21214 chars
    pydantic.functional_validators: 23599 chars
    pydantic.color: 21492 chars
    pydantic.type_adapter: 18033 chars
    pydantic.functional_serializers: 14619 chars
    werkzeug.http: 43362 chars
    werkzeug.serving: 39331 chars
    werkzeug.datastructures.structures: 31760 chars
    werkzeug.routing.map: 36349 chars
    werkzeug.routing.rules: 31894 chars
    werkzeug.exceptions: 26061 chars
    werkzeug.wrappers.response: 32586 chars
    werkzeug.sansio.response: 27646 chars
    werkzeug.utils: 24653 chars
    werkzeug.wrappers.request: 24619 chars
    werkzeug.local: 22002 chars
    werkzeug.wsgi: 20893 chars
    starlette.routing: 35752 chars
    starlette.testclient: 29843 chars
    starlette.datastructures: 23348 chars
    starlette.responses: 12650 chars
    starlette.requests: 11196 chars
    starlette.formparsers: 10433 chars
    starlette.applications: 10922 chars
    starlette.middleware.errors: 7937 chars
    starlette.staticfiles: 8723 chars
    starlette.templating: 8984 chars
    starlette.middleware.base: 8794 chars
  Fetched 93/93 modules

Running 93 targets with 4 workers...
2026-05-27 12:47:27,210 INFO: Plan 0: ḡ=1, γE[v]=0.0, Q=1.0
2026-05-27 12:47:27,256 INFO: Plan 1: ḡ=0, γE[v]=0.0, Q=0.0
2026-05-27 12:47:27,257 INFO: Selected plan 0 with Q=1.0
2026-05-27 12:47:27,325 INFO: Plan 0: ḡ=0, γE[v]=0.0, Q=0.0
2026-05-27 12:47:27,327 INFO: Plan 1: ḡ=0, γE[v]=0.0, Q=0.0
2026-05-27 12:47:27,415 INFO: Plan 2: ḡ=1, γE[v]=0.0, Q=1.0
2026-05-27 12:47:27,440 INFO: Plan 2: ḡ=0, γE[v]=0.0, Q=0.0
2026-05-27 12:47:27,461 INFO: Plan 1: ḡ=2, γE[v]=0.0, Q=2.0
2026-05-27 12:47:27,461 INFO: Selected plan 1 with Q=2.0
2026-05-27 12:47:27,492 INFO: Plan 0: ḡ=0, γE[v]=0.0, Q=0.0
2026-05-27 12:47:27,493 INFO: Selected plan 2 with Q=1.0
2026-05-27 12:47:59,999 INFO: Plan 0: ḡ=5, γE[v]=0.0, Q=5.0
2026-05-27 12:48:00,228 INFO: Plan 1: ḡ=0, γE[v]=0.0, Q=0.0
2026-05-27 12:48:00,228 INFO: Selected plan 0 with Q=5.0
2026-05-27 12:48:24,371 INFO: Plan 1: ḡ=0, γE[v]=0.0, Q=0.0
2026-05-27 12:48:24,597 INFO: Plan 0: ḡ=2, γE[v]=0.0, Q=2.0
2026-05-27 12:48:24,597 INFO: Selected plan 0 with Q=2.0
2026-05-27 12:49:08,434 INFO: Plan 0: ḡ=0, γE[v]=0.0, Q=0.0
2026-05-27 12:49:08,571 INFO: Plan 1: ḡ=2, γE[v]=0.0, Q=2.0
2026-05-27 12:49:08,779 INFO: Plan 2: ḡ=1, γE[v]=0.0, Q=1.0
2026-05-27 12:49:08,779 INFO: Selected plan 1 with Q=2.0
2026-05-27 12:49:19,978 INFO: Plan 1: ḡ=2, γE[v]=0.0, Q=2.0
2026-05-27 12:49:20,089 INFO: Plan 0: ḡ=3, γE[v]=0.0, Q=3.0
2026-05-27 12:49:20,089 INFO: Selected plan 0 with Q=3.0
2026-05-27 12:49:45,578 INFO: Plan 1: ḡ=0, γE[v]=0.0, Q=0.0
2026-05-27 12:49:45,579 INFO: Plan 0: ḡ=2, γE[v]=0.0, Q=2.0
2026-05-27 12:49:45,579 INFO: Selected plan 0 with Q=2.0
2026-05-27 12:49:56,793 INFO: Plan 0: ḡ=0, γE[v]=0.0, Q=0.0
2026-05-27 12:49:56,977 INFO: Plan 1: ḡ=12, γE[v]=0.0, Q=12.0
2026-05-27 12:49:56,977 INFO: Selected plan 1 with Q=12.0
  [1/93] click.types seed=42: {'cov_qvalue': 9, 'divhints_random': 9, 'divhints_oracle': 11}
  [2/93] click.core seed=42: {'cov_qvalue': 92, 'divhints_random': 145, 'divhints_oracle': 254}
  [3/93] click.termui seed=42: {'cov_qvalue': 7, 'divhints_random': 7, 'divhints_oracle': 18}
2026-05-27 12:56:33,910 INFO: Plan 0: ḡ=0, γE[v]=0.0, Q=0.0
2026-05-27 12:56:34,001 INFO: Plan 1: ḡ=1, γE[v]=0.0, Q=1.0
2026-05-27 12:56:34,001 INFO: Selected plan 1 with Q=1.0
2026-05-27 12:56:38,107 INFO: Plan 0: ḡ=0, γE[v]=0.0, Q=0.0
2026-05-27 12:56:38,196 INFO: Plan 1: ḡ=10, γE[v]=0.0, Q=10.0
2026-05-27 12:56:38,196 INFO: Selected plan 1 with Q=10.0
2026-05-27 12:56:44,629 INFO: Plan 1: ḡ=0, γE[v]=0.0, Q=0.0
2026-05-27 12:56:44,828 INFO: Plan 0: ḡ=12, γE[v]=0.0, Q=12.0
2026-05-27 12:56:44,828 INFO: Selected plan 0 with Q=12.0
  [4/93] click.utils seed=42: {'cov_qvalue': 19, 'divhints_random': 1, 'divhints_oracle': 13}
2026-05-27 12:57:06,274 INFO: Plan 1: ḡ=0, γE[v]=0.0, Q=0.0
2026-05-27 12:57:06,523 INFO: Plan 0: ḡ=0, γE[v]=0.0, Q=0.0
2026-05-27 12:57:06,523 INFO: Selected plan 0 with Q=0.0
2026-05-27 12:57:09,142 INFO: Plan 0: ḡ=0, γE[v]=0.0, Q=0.0
2026-05-27 12:57:09,253 INFO: Plan 1: ḡ=0, γE[v]=0.0, Q=0.0
2026-05-27 12:57:09,254 INFO: Selected plan 0 with Q=0.0
2026-05-27 12:57:44,627 INFO: Plan 1: ḡ=2, γE[v]=0.0, Q=2.0
2026-05-27 12:57:44,723 INFO: Plan 0: ḡ=0, γE[v]=0.0, Q=0.0
2026-05-27 12:57:44,723 INFO: Selected plan 1 with Q=2.0
2026-05-27 12:57:59,061 INFO: Plan 0: ḡ=0, γE[v]=0.0, Q=0.0
2026-05-27 12:57:59,156 INFO: Plan 1: ḡ=0, γE[v]=0.0, Q=0.0
2026-05-27 12:57:59,156 INFO: Selected plan 0 with Q=0.0
2026-05-27 12:58:16,288 INFO: Plan 0: ḡ=0, γE[v]=0.0, Q=0.0
2026-05-27 12:58:16,449 INFO: Plan 1: ḡ=0, γE[v]=0.0, Q=0.0
2026-05-27 12:58:16,450 INFO: Selected plan 0 with Q=0.0
  [5/93] click.decorators seed=42: {'cov_qvalue': 34, 'divhints_random': 26, 'divhints_oracle': 38}
2026-05-27 13:03:52,877 INFO: Plan 1: ḡ=0, γE[v]=0.0, Q=0.0
2026-05-27 13:03:53,217 INFO: Plan 0: ḡ=12, γE[v]=0.0, Q=12.0
2026-05-27 13:03:53,278 INFO: Plan 2: ḡ=0, γE[v]=0.0, Q=0.0
2026-05-27 13:03:53,278 INFO: Selected plan 0 with Q=12.0
  [6/93] click.shell_completion seed=42: {'cov_qvalue': 4, 'divhints_random': 19, 'divhints_oracle': 29}
2026-05-27 13:04:07,865 INFO: Plan 1: ḡ=0, γE[v]=0.0, Q=0.0
2026-05-27 13:04:07,974 INFO: Plan 0: ḡ=0, γE[v]=0.0, Q=0.0
2026-05-27 13:04:07,974 INFO: Selected plan 0 with Q=0.0
2026-05-27 13:04:16,803 INFO: Plan 1: ḡ=0, γE[v]=0.0, Q=0.0
2026-05-27 13:04:17,125 INFO: Plan 0: ḡ=0, γE[v]=0.0, Q=0.0
2026-05-27 13:04:17,126 INFO: Selected plan 0 with Q=0.0
2026-05-27 13:04:47,282 INFO: Plan 0: ḡ=0, γE[v]=0.0, Q=0.0
2026-05-27 13:04:47,760 INFO: Plan 1: ḡ=0, γE[v]=0.0, Q=0.0
2026-05-27 13:04:47,761 INFO: Selected plan 0 with Q=0.0
2026-05-27 13:05:19,588 INFO: Plan 1: ḡ=5, γE[v]=0.0, Q=5.0
2026-05-27 13:05:19,765 INFO: Plan 0: ḡ=0, γE[v]=0.0, Q=0.0
2026-05-27 13:05:19,765 INFO: Selected plan 1 with Q=5.0
2026-05-27 13:05:39,455 INFO: Plan 1: ḡ=4, γE[v]=0.0, Q=4.0
2026-05-27 13:05:39,483 INFO: Plan 0: ḡ=0, γE[v]=0.0, Q=0.0
2026-05-27 13:05:39,484 INFO: Selected plan 1 with Q=4.0
  [7/93] click.testing seed=42: {'cov_qvalue': 37, 'divhints_random': 36, 'divhints_oracle': 37}
  [8/93] click.parser seed=42: {'cov_qvalue': 22, 'divhints_random': 20, 'divhints_oracle': 54}
2026-05-27 13:06:03,062 INFO: Plan 0: ḡ=0, γE[v]=0.0, Q=0.0
2026-05-27 13:06:03,108 INFO: Plan 1: ḡ=2, γE[v]=0.0, Q=2.0
2026-05-27 13:06:03,108 INFO: Selected plan 1 with Q=2.0
2026-05-27 13:06:05,375 INFO: Plan 1: ḡ=12, γE[v]=0.0, Q=12.0
2026-05-27 13:06:05,420 INFO: Plan 0: ḡ=0, γE[v]=0.0, Q=0.0
2026-05-27 13:06:05,421 INFO: Selected plan 1 with Q=12.0
2026-05-27 13:06:22,868 INFO: Plan 0: ḡ=2, γE[v]=0.0, Q=2.0
2026-05-27 13:06:22,869 INFO: Plan 1: ḡ=12, γE[v]=0.0, Q=12.0
2026-05-27 13:06:22,869 INFO: Selected plan 1 with Q=12.0
2026-05-27 13:06:36,355 INFO: Plan 1: ḡ=0, γE[v]=0.0, Q=0.0
2026-05-27 13:06:36,742 INFO: Plan 0: ḡ=2, γE[v]=0.0, Q=2.0
2026-05-27 13:06:36,742 INFO: Selected plan 0 with Q=2.0
2026-05-27 13:07:31,688 INFO: Plan 1: ḡ=0, γE[v]=0.0, Q=0.0
2026-05-27 13:07:31,984 INFO: Plan 0: ḡ=0, γE[v]=0.0, Q=0.0
2026-05-27 13:07:31,984 INFO: Selected plan 0 with Q=0.0
2026-05-27 13:09:14,504 INFO: Plan 0: ḡ=0, γE[v]=0.0, Q=0.0
2026-05-27 13:09:14,758 INFO: Plan 1: ḡ=0, γE[v]=0.0, Q=0.0
2026-05-27 13:09:14,759 INFO: Selected plan 0 with Q=0.0
  [9/93] click.formatting seed=42: {'cov_qvalue': 31, 'divhints_random': 31, 'divhints_oracle': 31}
2026-05-27 13:12:18,298 INFO: Plan 1: ḡ=0, γE[v]=0.0, Q=0.0
2026-05-27 13:12:18,536 INFO: Plan 0: ḡ=0, γE[v]=0.0, Q=0.0
2026-05-27 13:12:18,537 INFO: Selected plan 0 with Q=0.0
  [10/93] click.exceptions seed=42: {'cov_qvalue': 12, 'divhints_random': 13, 'divhints_oracle': 13}
2026-05-27 13:13:26,141 INFO: Plan 0: ḡ=0, γE[v]=0.0, Q=0.0
2026-05-27 13:13:26,447 INFO: Plan 1: ḡ=2, γE[v]=0.0, Q=2.0
2026-05-27 13:13:26,448 INFO: Selected plan 1 with Q=2.0
2026-05-27 13:13:37,373 INFO: Plan 0: ḡ=2, γE[v]=0.0, Q=2.0
2026-05-27 13:13:37,379 INFO: Plan 2: ḡ=2, γE[v]=0.0, Q=2.0
2026-05-27 13:13:37,426 INFO: Plan 1: ḡ=2, γE[v]=0.0, Q=2.0
2026-05-27 13:13:37,426 INFO: Selected plan 0 with Q=2.0
2026-05-27 13:14:05,462 INFO: Plan 1: ḡ=2, γE[v]=0.0, Q=2.0
2026-05-27 13:14:05,522 INFO: Plan 0: ḡ=0, γE[v]=0.0, Q=0.0
2026-05-27 13:14:05,523 INFO: Selected plan 1 with Q=2.0
2026-05-27 13:15:07,505 INFO: Plan 0: ḡ=2, γE[v]=0.0, Q=2.0
2026-05-27 13:15:07,740 INFO: Plan 1: ḡ=2, γE[v]=0.0, Q=2.0
2026-05-27 13:15:07,740 INFO: Selected plan 0 with Q=2.0
2026-05-27 13:15:39,910 INFO: Plan 1: ḡ=2, γE[v]=0.0, Q=2.0
2026-05-27 13:15:39,914 INFO: Plan 0: ḡ=0, γE[v]=0.0, Q=0.0
2026-05-27 13:15:39,914 INFO: Selected plan 1 with Q=2.0
  [11/93] requests.utils seed=42: {'cov_qvalue': 36, 'divhints_random': 21, 'divhints_oracle': 82}
  [12/93] requests.models seed=42: {'cov_qvalue': 121, 'divhints_random': 112, 'divhints_oracle': 134}
2026-05-27 13:16:03,736 INFO: Plan 0: ḡ=0, γE[v]=0.0, Q=0.0
2026-05-27 13:16:03,763 INFO: Plan 1: ḡ=0, γE[v]=0.0, Q=0.0
2026-05-27 13:16:03,763 INFO: Selected plan 0 with Q=0.0
2026-05-27 13:16:09,591 INFO: Plan 1: ḡ=0, γE[v]=0.0, Q=0.0
2026-05-27 13:16:09,856 INFO: Plan 0: ḡ=2, γE[v]=0.0, Q=2.0
2026-05-27 13:16:09,857 INFO: Selected plan 0 with Q=2.0
2026-05-27 13:16:52,863 INFO: Plan 1: ḡ=4, γE[v]=0.0, Q=4.0
2026-05-27 13:16:52,945 INFO: Plan 0: ḡ=4, γE[v]=0.0, Q=4.0
2026-05-27 13:16:52,945 INFO: Selected plan 0 with Q=4.0
  [13/93] requests.sessions seed=42: {'cov_qvalue': 22, 'divhints_random': 29, 'divhints_oracle': 19}
2026-05-27 13:21:12,335 INFO: Plan 1: ḡ=0, γE[v]=0.0, Q=0.0
2026-05-27 13:21:12,358 INFO: Plan 0: ḡ=2, γE[v]=0.0, Q=2.0
2026-05-27 13:21:12,358 INFO: Selected plan 0 with Q=2.0
  [14/93] requests.cookies seed=42: {'cov_qvalue': 8, 'divhints_random': 8, 'divhints_oracle': 8}
2026-05-27 13:23:27,813 INFO: Plan 1: ḡ=0, γE[v]=0.0, Q=0.0
2026-05-27 13:23:28,038 INFO: Plan 2: ḡ=0, γE[v]=0.0, Q=0.0
2026-05-27 13:23:28,068 INFO: Plan 0: ḡ=0, γE[v]=0.0, Q=0.0
2026-05-27 13:23:28,069 INFO: Selected plan 0 with Q=0.0
2026-05-27 13:23:41,088 INFO: Plan 1: ḡ=0, γE[v]=0.0, Q=0.0
2026-05-27 13:23:41,176 INFO: Plan 0: ḡ=4, γE[v]=0.0, Q=4.0
2026-05-27 13:23:41,177 INFO: Selected plan 0 with Q=4.0
2026-05-27 13:24:05,687 INFO: Plan 1: ḡ=5, γE[v]=0.0, Q=5.0
2026-05-27 13:24:05,703 INFO: Plan 0: ḡ=0, γE[v]=0.0, Q=0.0
2026-05-27 13:24:05,718 INFO: Plan 2: ḡ=2, γE[v]=0.0, Q=2.0
2026-05-27 13:24:05,718 INFO: Selected plan 1 with Q=5.0
2026-05-27 13:24:37,699 INFO: Plan 2: ḡ=0, γE[v]=0.0, Q=0.0
2026-05-27 13:24:37,729 INFO: Plan 1: ḡ=0, γE[v]=0.0, Q=0.0
2026-05-27 13:24:37,995 INFO: Plan 0: ḡ=0, γE[v]=0.0, Q=0.0
2026-05-27 13:24:37,995 INFO: Selected plan 0 with Q=0.0
  [15/93] requests.auth seed=42: {'cov_qvalue': 49, 'divhints_random': 49, 'divhints_oracle': 49}
2026-05-27 13:24:48,961 INFO: Plan 1: ḡ=6, γE[v]=0.0, Q=6.0
2026-05-27 13:24:49,047 INFO: Plan 2: ḡ=0, γE[v]=0.0, Q=0.0
2026-05-27 13:24:49,123 INFO: Plan 0: ḡ=1, γE[v]=0.0, Q=1.0
2026-05-27 13:24:49,123 INFO: Selected plan 1 with Q=6.0
2026-05-27 13:25:31,736 INFO: Plan 1: ḡ=0, γE[v]=0.0, Q=0.0
2026-05-27 13:25:32,069 INFO: Plan 0: ḡ=0, γE[v]=0.0, Q=0.0
2026-05-27 13:25:32,069 INFO: Selected plan 0 with Q=0.0
  [16/93] requests.adapters seed=42: {'cov_qvalue': 61, 'divhints_random': 75, 'divhints_oracle': 31}
  [17/93] flask.app seed=42: {'cov_qvalue': 176, 'divhints_random': 113, 'divhints_oracle': 83}
2026-05-27 13:30:21,384 INFO: Plan 1: ḡ=0, γE[v]=0.0, Q=0.0
2026-05-27 13:30:21,517 INFO: Plan 0: ḡ=0, γE[v]=0.0, Q=0.0
2026-05-27 13:30:21,517 INFO: Selected plan 0 with Q=0.0
2026-05-27 13:30:32,595 INFO: Plan 1: ḡ=5, γE[v]=0.0, Q=5.0
2026-05-27 13:30:32,748 INFO: Plan 0: ḡ=0, γE[v]=0.0, Q=0.0
2026-05-27 13:30:32,749 INFO: Selected plan 1 with Q=5.0
  [18/93] flask.cli seed=42: {'cov_qvalue': 78, 'divhints_random': 78, 'divhints_oracle': 78}
  [19/93] flask.helpers seed=42: {'cov_qvalue': 10, 'divhints_random': 9, 'divhints_oracle': 4}
2026-05-27 13:33:29,223 INFO: Plan 1: ḡ=0, γE[v]=0.0, Q=0.0
2026-05-27 13:33:29,401 INFO: Plan 0: ḡ=0, γE[v]=0.0, Q=0.0
2026-05-27 13:33:29,401 INFO: Selected plan 0 with Q=0.0
2026-05-27 13:33:40,584 INFO: Plan 0: ḡ=0, γE[v]=0.0, Q=0.0
2026-05-27 13:33:40,849 INFO: Plan 1: ḡ=10, γE[v]=0.0, Q=10.0
2026-05-27 13:33:40,849 INFO: Selected plan 1 with Q=10.0
2026-05-27 13:33:47,116 INFO: Plan 0: ḡ=0, γE[v]=0.0, Q=0.0
2026-05-27 13:33:47,150 INFO: Plan 1: ḡ=5, γE[v]=0.0, Q=5.0
2026-05-27 13:33:47,150 INFO: Selected plan 1 with Q=5.0
  [20/93] flask.ctx seed=42: {'cov_qvalue': 58, 'divhints_random': 58, 'divhints_oracle': 58}
2026-05-27 13:34:40,751 INFO: Plan 1: ḡ=0, γE[v]=0.0, Q=0.0
2026-05-27 13:34:40,906 INFO: Plan 0: ḡ=2, γE[v]=0.0, Q=2.0
2026-05-27 13:34:40,907 INFO: Selected plan 0 with Q=2.0
2026-05-27 13:35:06,050 INFO: Plan 1: ḡ=0, γE[v]=0.0, Q=0.0
2026-05-27 13:35:06,245 INFO: Plan 0: ḡ=0, γE[v]=0.0, Q=0.0
2026-05-27 13:35:06,245 INFO: Selected plan 0 with Q=0.0
2026-05-27 13:36:08,092 INFO: Plan 1: ḡ=0, γE[v]=0.0, Q=0.0
2026-05-27 13:36:08,441 INFO: Plan 0: ḡ=1, γE[v]=0.0, Q=1.0
2026-05-27 13:36:08,441 INFO: Selected plan 0 with Q=1.0
2026-05-27 13:36:40,793 INFO: Plan 1: ḡ=0, γE[v]=0.0, Q=0.0
2026-05-27 13:36:40,875 INFO: Plan 0: ḡ=0, γE[v]=0.0, Q=0.0
2026-05-27 13:36:40,875 INFO: Selected plan 0 with Q=0.0
2026-05-27 13:36:51,928 INFO: Plan 1: ḡ=0, γE[v]=0.0, Q=0.0
2026-05-27 13:36:52,051 INFO: Plan 0: ḡ=2, γE[v]=0.0, Q=2.0
2026-05-27 13:36:52,052 INFO: Selected plan 0 with Q=2.0
2026-05-27 13:37:02,758 INFO: Plan 0: ḡ=0, γE[v]=0.0, Q=0.0
2026-05-27 13:37:02,956 INFO: Plan 1: ḡ=2, γE[v]=0.0, Q=2.0
2026-05-27 13:37:02,956 INFO: Selected plan 1 with Q=2.0
  [21/93] flask.sessions seed=42: {'cov_qvalue': 4, 'divhints_random': 4, 'divhints_oracle': 4}
2026-05-27 13:40:47,166 INFO: Plan 0: ḡ=0, γE[v]=0.0, Q=0.0
2026-05-27 13:40:47,241 INFO: Plan 1: ḡ=2, γE[v]=0.0, Q=2.0
2026-05-27 13:40:47,241 INFO: Selected plan 1 with Q=2.0
  [22/93] flask.config seed=42: {'cov_qvalue': 40, 'divhints_random': 47, 'divhints_oracle': 17}
2026-05-27 13:41:55,850 INFO: Plan 0: ḡ=0, γE[v]=0.0, Q=0.0
2026-05-27 13:41:55,896 INFO: Plan 1: ḡ=0, γE[v]=0.0, Q=0.0
2026-05-27 13:41:55,896 INFO: Selected plan 0 with Q=0.0
2026-05-27 13:42:08,757 INFO: Plan 2: ḡ=0, γE[v]=0.0, Q=0.0
2026-05-27 13:42:08,826 INFO: Plan 1: ḡ=0, γE[v]=0.0, Q=0.0
2026-05-27 13:42:08,971 INFO: Plan 0: ḡ=0, γE[v]=0.0, Q=0.0
2026-05-27 13:42:08,972 INFO: Selected plan 0 with Q=0.0
2026-05-27 13:42:37,563 INFO: Plan 1: ḡ=0, γE[v]=0.0, Q=0.0
2026-05-27 13:42:37,939 INFO: Plan 0: ḡ=0, γE[v]=0.0, Q=0.0
2026-05-27 13:42:37,939 INFO: Selected plan 0 with Q=0.0
2026-05-27 13:42:49,021 INFO: Plan 0: ḡ=0, γE[v]=0.0, Q=0.0
2026-05-27 13:42:49,145 INFO: Plan 1: ḡ=0, γE[v]=0.0, Q=0.0
2026-05-27 13:42:49,145 INFO: Selected plan 0 with Q=0.0
  [23/93] flask.json.tag seed=42: {'cov_qvalue': 24, 'divhints_random': 24, 'divhints_oracle': 24}
  [24/93] flask.testing seed=42: {'cov_qvalue': 9, 'divhints_random': 13, 'divhints_oracle': 23}
2026-05-27 13:43:40,242 INFO: Plan 1: ḡ=2, γE[v]=0.0, Q=2.0
2026-05-27 13:43:40,254 INFO: Plan 0: ḡ=1, γE[v]=0.0, Q=1.0
2026-05-27 13:43:40,330 INFO: Plan 2: ḡ=0, γE[v]=0.0, Q=0.0
2026-05-27 13:43:40,331 INFO: Selected plan 1 with Q=2.0
2026-05-27 13:43:42,509 INFO: Plan 1: ḡ=0, γE[v]=0.0, Q=0.0
2026-05-27 13:43:42,692 INFO: Plan 0: ḡ=0, γE[v]=0.0, Q=0.0
2026-05-27 13:43:42,693 INFO: Selected plan 0 with Q=0.0
2026-05-27 13:43:54,925 INFO: Plan 0: ḡ=0, γE[v]=0.0, Q=0.0
2026-05-27 13:43:55,063 INFO: Plan 1: ḡ=1, γE[v]=0.0, Q=1.0
2026-05-27 13:43:55,063 INFO: Selected plan 1 with Q=1.0
2026-05-27 13:45:03,587 INFO: Plan 1: ḡ=0, γE[v]=0.0, Q=0.0
2026-05-27 13:45:03,674 INFO: Plan 0: ḡ=0, γE[v]=0.0, Q=0.0
2026-05-27 13:45:03,675 INFO: Selected plan 0 with Q=0.0
2026-05-27 13:45:28,433 INFO: Plan 1: ḡ=0, γE[v]=0.0, Q=0.0
2026-05-27 13:45:28,580 INFO: Plan 2: ḡ=1, γE[v]=0.0, Q=1.0
2026-05-27 13:45:28,643 INFO: Plan 0: ḡ=0, γE[v]=0.0, Q=0.0
2026-05-27 13:45:28,644 INFO: Selected plan 2 with Q=1.0
2026-05-27 13:45:38,776 INFO: Plan 1: ḡ=0, γE[v]=0.0, Q=0.0
2026-05-27 13:45:38,939 INFO: Plan 0: ḡ=0, γE[v]=0.0, Q=0.0
2026-05-27 13:45:38,940 INFO: Selected plan 0 with Q=0.0
2026-05-27 13:46:09,775 INFO: Plan 0: ḡ=0, γE[v]=0.0, Q=0.0
2026-05-27 13:46:09,776 INFO: Plan 1: ḡ=0, γE[v]=0.0, Q=0.0
2026-05-27 13:46:09,776 INFO: Selected plan 0 with Q=0.0
  [25/93] flask.templating seed=42: {'cov_qvalue': 43, 'divhints_random': 38, 'divhints_oracle': 49}
2026-05-27 13:48:24,817 INFO: Plan 1: ḡ=2, γE[v]=0.0, Q=2.0
2026-05-27 13:48:25,075 INFO: Plan 0: ḡ=2, γE[v]=0.0, Q=2.0
2026-05-27 13:48:25,075 INFO: Selected plan 0 with Q=2.0
2026-05-27 13:49:08,931 INFO: Plan 1: ḡ=0, γE[v]=0.0, Q=0.0
2026-05-27 13:49:09,004 INFO: Plan 0: ḡ=4, γE[v]=0.0, Q=4.0
2026-05-27 13:49:09,005 INFO: Selected plan 0 with Q=4.0
2026-05-27 13:49:23,748 INFO: Plan 0: ḡ=2, γE[v]=0.0, Q=2.0
2026-05-27 13:49:23,811 INFO: Plan 1: ḡ=0, γE[v]=0.0, Q=0.0
2026-05-27 13:49:23,811 INFO: Selected plan 0 with Q=2.0
  [26/93] flask.json.provider seed=42: {'cov_qvalue': 45, 'divhints_random': 45, 'divhints_oracle': 46}
2026-05-27 13:50:29,458 INFO: Plan 1: ḡ=0, γE[v]=0.0, Q=0.0
2026-05-27 13:50:29,490 INFO: Plan 0: ḡ=0, γE[v]=0.0, Q=0.0
2026-05-27 13:50:29,491 INFO: Selected plan 0 with Q=0.0
2026-05-27 13:50:43,964 INFO: Plan 1: ḡ=0, γE[v]=0.0, Q=0.0
2026-05-27 13:50:44,245 INFO: Plan 0: ḡ=2, γE[v]=0.0, Q=2.0
2026-05-27 13:50:44,245 INFO: Selected plan 0 with Q=2.0
2026-05-27 13:51:06,287 INFO: Plan 0: ḡ=3, γE[v]=0.0, Q=3.0
2026-05-27 13:51:06,352 INFO: Plan 1: ḡ=0, γE[v]=0.0, Q=0.0
2026-05-27 13:51:06,353 INFO: Selected plan 0 with Q=3.0
2026-05-27 13:51:20,617 INFO: Plan 1: ḡ=0, γE[v]=0.0, Q=0.0
2026-05-27 13:51:20,678 INFO: Plan 0: ḡ=0, γE[v]=0.0, Q=0.0
2026-05-27 13:51:20,678 INFO: Selected plan 0 with Q=0.0
2026-05-27 13:51:31,550 INFO: Plan 1: ḡ=15, γE[v]=0.0, Q=15.0
2026-05-27 13:51:31,645 INFO: Plan 0: ḡ=15, γE[v]=0.0, Q=15.0
2026-05-27 13:51:31,645 INFO: Selected plan 0 with Q=15.0
2026-05-27 13:51:45,376 INFO: Plan 1: ḡ=1, γE[v]=0.0, Q=1.0
2026-05-27 13:51:45,539 INFO: Plan 0: ḡ=0, γE[v]=0.0, Q=0.0
2026-05-27 13:51:45,540 INFO: Selected plan 1 with Q=1.0
2026-05-27 13:52:15,878 INFO: Plan 0: ḡ=0, γE[v]=0.0, Q=0.0
2026-05-27 13:52:16,011 INFO: Plan 1: ḡ=12, γE[v]=0.0, Q=12.0
2026-05-27 13:52:16,011 INFO: Selected plan 1 with Q=12.0
  [27/93] rich.progress seed=42: {'cov_qvalue': 134, 'divhints_random': 54, 'divhints_oracle': 54}
2026-05-27 13:52:54,881 INFO: Plan 0: ḡ=0, γE[v]=0.0, Q=0.0
2026-05-27 13:52:54,944 INFO: Plan 1: ḡ=0, γE[v]=0.0, Q=0.0
2026-05-27 13:52:54,944 INFO: Selected plan 0 with Q=0.0
  [28/93] rich.console seed=42: {'cov_qvalue': 184, 'divhints_random': 247, 'divhints_oracle': 310}
2026-05-27 13:53:35,546 INFO: Plan 1: ḡ=0, γE[v]=0.0, Q=0.0
2026-05-27 13:53:35,604 INFO: Plan 0: ḡ=0, γE[v]=0.0, Q=0.0
2026-05-27 13:53:35,604 INFO: Selected plan 0 with Q=0.0
2026-05-27 13:53:52,135 INFO: Plan 0: ḡ=0, γE[v]=0.0, Q=0.0
2026-05-27 13:53:52,267 INFO: Plan 1: ḡ=1, γE[v]=0.0, Q=1.0
2026-05-27 13:53:52,267 INFO: Selected plan 1 with Q=1.0
2026-05-27 13:54:25,450 INFO: Plan 0: ḡ=18, γE[v]=0.0, Q=18.0
2026-05-27 13:54:25,492 INFO: Plan 1: ḡ=12, γE[v]=0.0, Q=12.0
2026-05-27 13:54:25,492 INFO: Selected plan 0 with Q=18.0
2026-05-27 13:54:41,393 INFO: Plan 1: ḡ=1, γE[v]=0.0, Q=1.0
2026-05-27 13:54:41,449 INFO: Plan 0: ḡ=2, γE[v]=0.0, Q=2.0
2026-05-27 13:54:41,449 INFO: Selected plan 0 with Q=2.0
2026-05-27 13:54:53,640 INFO: Plan 0: ḡ=0, γE[v]=0.0, Q=0.0
2026-05-27 13:54:53,779 INFO: Plan 1: ḡ=0, γE[v]=0.0, Q=0.0
2026-05-27 13:54:53,779 INFO: Selected plan 0 with Q=0.0
2026-05-27 13:55:14,174 INFO: Plan 0: ḡ=12, γE[v]=0.0, Q=12.0
2026-05-27 13:55:14,205 INFO: Plan 1: ḡ=2, γE[v]=0.0, Q=2.0
2026-05-27 13:55:14,205 INFO: Selected plan 0 with Q=12.0
2026-05-27 13:55:30,054 INFO: Plan 2: ḡ=12, γE[v]=0.0, Q=12.0
2026-05-27 13:55:30,237 INFO: Plan 0: ḡ=2, γE[v]=0.0, Q=2.0
2026-05-27 13:55:30,307 INFO: Plan 1: ḡ=2, γE[v]=0.0, Q=2.0
2026-05-27 13:55:30,307 INFO: Selected plan 2 with Q=12.0
2026-05-27 13:56:00,897 INFO: Plan 1: ḡ=0, γE[v]=0.0, Q=0.0
2026-05-27 13:56:00,921 INFO: Plan 0: ḡ=12, γE[v]=0.0, Q=12.0
2026-05-27 13:56:00,921 INFO: Selected plan 0 with Q=12.0
  [29/93] rich.text seed=42: {'cov_qvalue': 29, 'divhints_random': 28, 'divhints_oracle': 29}
  [30/93] rich.table seed=42: {'cov_qvalue': 216, 'divhints_random': 211, 'divhints_oracle': 205}
2026-05-27 13:59:00,276 INFO: Plan 1: ḡ=5, γE[v]=0.0, Q=5.0
2026-05-27 13:59:00,324 INFO: Plan 0: ḡ=12, γE[v]=0.0, Q=12.0
2026-05-27 13:59:00,325 INFO: Selected plan 0 with Q=12.0
2026-05-27 14:00:00,607 INFO: Plan 0: ḡ=1, γE[v]=0.0, Q=1.0
2026-05-27 14:00:00,656 INFO: Plan 1: ḡ=2, γE[v]=0.0, Q=2.0
2026-05-27 14:00:00,657 INFO: Selected plan 1 with Q=2.0
2026-05-27 14:00:14,270 INFO: Plan 1: ḡ=0, γE[v]=0.0, Q=0.0
2026-05-27 14:00:14,410 INFO: Plan 0: ḡ=0, γE[v]=0.0, Q=0.0
2026-05-27 14:00:14,411 INFO: Selected plan 0 with Q=0.0
  [31/93] rich.pretty seed=42: {'cov_qvalue': 9, 'divhints_random': 73, 'divhints_oracle': 9}
2026-05-27 14:01:49,191 INFO: Plan 2: ḡ=0, γE[v]=0.0, Q=0.0
2026-05-27 14:01:49,373 INFO: Plan 1: ḡ=1, γE[v]=0.0, Q=1.0
2026-05-27 14:01:49,479 INFO: Plan 0: ḡ=0, γE[v]=0.0, Q=0.0
2026-05-27 14:01:49,480 INFO: Selected plan 1 with Q=1.0
2026-05-27 14:02:02,545 INFO: Plan 1: ḡ=1, γE[v]=0.0, Q=1.0
2026-05-27 14:02:02,667 INFO: Plan 0: ḡ=1, γE[v]=0.0, Q=1.0
2026-05-27 14:02:02,668 INFO: Selected plan 0 with Q=1.0
  [32/93] rich.syntax seed=42: {'cov_qvalue': 95, 'divhints_random': 97, 'divhints_oracle': 102}
2026-05-27 14:02:16,507 INFO: Plan 1: ḡ=1, γE[v]=0.0, Q=1.0
2026-05-27 14:02:16,523 INFO: Plan 0: ḡ=0, γE[v]=0.0, Q=0.0
2026-05-27 14:02:16,553 INFO: Plan 0: ḡ=0, γE[v]=0.0, Q=0.0
2026-05-27 14:02:16,554 INFO: Selected plan 1 with Q=1.0
2026-05-27 14:02:16,655 INFO: Plan 1: ḡ=1, γE[v]=0.0, Q=1.0
2026-05-27 14:02:16,655 INFO: Selected plan 1 with Q=1.0
2026-05-27 14:03:37,137 INFO: Plan 0: ḡ=0, γE[v]=0.0, Q=0.0
2026-05-27 14:03:37,369 INFO: Plan 1: ḡ=1, γE[v]=0.0, Q=1.0
2026-05-27 14:03:37,369 INFO: Selected plan 1 with Q=1.0
2026-05-27 14:04:08,388 INFO: Plan 0: ḡ=0, γE[v]=0.0, Q=0.0
2026-05-27 14:04:08,523 INFO: Plan 1: ḡ=0, γE[v]=0.0, Q=0.0
2026-05-27 14:04:08,600 INFO: Plan 2: ḡ=0, γE[v]=0.0, Q=0.0
2026-05-27 14:04:08,600 INFO: Selected plan 0 with Q=0.0
  [33/93] rich.markdown seed=42: {'cov_qvalue': 89, 'divhints_random': 86, 'divhints_oracle': 89}
  [34/93] rich.style seed=42: {'cov_qvalue': 100, 'divhints_random': 100, 'divhints_oracle': 80}
2026-05-27 14:09:20,781 INFO: Plan 0: ḡ=0, γE[v]=0.0, Q=0.0
2026-05-27 14:09:20,831 INFO: Plan 1: ḡ=0, γE[v]=0.0, Q=0.0
2026-05-27 14:09:20,832 INFO: Selected plan 0 with Q=0.0
2026-05-27 14:10:02,723 INFO: Plan 1: ḡ=1, γE[v]=0.0, Q=1.0
2026-05-27 14:10:02,882 INFO: Plan 0: ḡ=0, γE[v]=0.0, Q=0.0
2026-05-27 14:10:02,882 INFO: Selected plan 1 with Q=1.0
  [35/93] rich.traceback seed=42: {'cov_qvalue': 79, 'divhints_random': 80, 'divhints_oracle': 85}
  [36/93] rich.segment seed=42: {'cov_qvalue': 60, 'divhints_random': 60, 'divhints_oracle': 60}
2026-05-27 14:11:29,265 INFO: Plan 1: ḡ=1, γE[v]=0.0, Q=1.0
2026-05-27 14:11:29,328 INFO: Plan 0: ḡ=0, γE[v]=0.0, Q=0.0
2026-05-27 14:11:29,328 INFO: Selected plan 1 with Q=1.0
2026-05-27 14:12:43,704 INFO: Plan 0: ḡ=0, γE[v]=0.0, Q=0.0
2026-05-27 14:12:43,798 INFO: Plan 1: ḡ=2, γE[v]=0.0, Q=2.0
2026-05-27 14:12:43,798 INFO: Selected plan 1 with Q=2.0
  [37/93] rich.color seed=42: {'cov_qvalue': 40, 'divhints_random': 52, 'divhints_oracle': 63}
2026-05-27 14:14:52,032 INFO: Plan 1: ḡ=0, γE[v]=0.0, Q=0.0
2026-05-27 14:14:52,042 INFO: Plan 0: ḡ=1, γE[v]=0.0, Q=1.0
2026-05-27 14:14:52,043 INFO: Selected plan 0 with Q=1.0
  [38/93] rich.layout seed=42: {'cov_qvalue': 42, 'divhints_random': 34, 'divhints_oracle': 64}
2026-05-27 14:17:04,514 INFO: Plan 1: ḡ=1, γE[v]=0.0, Q=1.0
2026-05-27 14:17:04,559 INFO: Plan 0: ḡ=2, γE[v]=0.0, Q=2.0
2026-05-27 14:17:04,559 INFO: Selected plan 0 with Q=2.0
2026-05-27 14:17:32,505 INFO: Plan 1: ḡ=0, γE[v]=0.0, Q=0.0
2026-05-27 14:17:32,855 INFO: Plan 0: ḡ=0, γE[v]=0.0, Q=0.0
2026-05-27 14:17:32,855 INFO: Selected plan 0 with Q=0.0
2026-05-27 14:17:56,551 INFO: Plan 0: ḡ=0, γE[v]=0.0, Q=0.0
2026-05-27 14:17:56,581 INFO: Plan 1: ḡ=2, γE[v]=0.0, Q=2.0
2026-05-27 14:17:56,759 INFO: Plan 2: ḡ=0, γE[v]=0.0, Q=0.0
2026-05-27 14:17:56,759 INFO: Selected plan 1 with Q=2.0
2026-05-27 14:18:09,772 INFO: Plan 2: ḡ=0, γE[v]=0.0, Q=0.0
2026-05-27 14:18:09,939 INFO: Plan 1: ḡ=0, γE[v]=0.0, Q=0.0
2026-05-27 14:18:10,008 INFO: Plan 0: ḡ=0, γE[v]=0.0, Q=0.0
2026-05-27 14:18:10,008 INFO: Selected plan 0 with Q=0.0
2026-05-27 14:18:22,977 INFO: Plan 0: ḡ=0, γE[v]=0.0, Q=0.0
2026-05-27 14:18:23,139 INFO: Plan 1: ḡ=0, γE[v]=0.0, Q=0.0
2026-05-27 14:18:23,140 INFO: Selected plan 0 with Q=0.0
2026-05-27 14:19:02,442 INFO: Plan 1: ḡ=0, γE[v]=0.0, Q=0.0
2026-05-27 14:19:02,608 INFO: Plan 0: ḡ=0, γE[v]=0.0, Q=0.0
2026-05-27 14:19:02,608 INFO: Selected plan 0 with Q=0.0
  [39/93] jinja2.filters seed=42: {'cov_qvalue': 128, 'divhints_random': 129, 'divhints_oracle': 140}
  [40/93] jinja2.compiler seed=42: {'cov_qvalue': 145, 'divhints_random': 81, 'divhints_oracle': 152}
2026-05-27 14:19:49,895 INFO: Plan 1: ḡ=0, γE[v]=0.0, Q=0.0
2026-05-27 14:19:50,170 INFO: Plan 0: ḡ=2, γE[v]=0.0, Q=2.0
2026-05-27 14:19:50,170 INFO: Selected plan 0 with Q=2.0
2026-05-27 14:19:55,919 INFO: Plan 0: ḡ=0, γE[v]=0.0, Q=0.0
2026-05-27 14:19:55,933 INFO: Plan 1: ḡ=1, γE[v]=0.0, Q=1.0
2026-05-27 14:19:55,933 INFO: Selected plan 1 with Q=1.0
2026-05-27 14:20:49,601 INFO: Plan 0: ḡ=0, γE[v]=0.0, Q=0.0
2026-05-27 14:20:49,882 INFO: Plan 1: ḡ=0, γE[v]=0.0, Q=0.0
2026-05-27 14:20:49,882 INFO: Selected plan 0 with Q=0.0
2026-05-27 14:21:05,063 INFO: Plan 1: ḡ=1, γE[v]=0.0, Q=1.0
2026-05-27 14:21:05,413 INFO: Plan 0: ḡ=0, γE[v]=0.0, Q=0.0
2026-05-27 14:21:05,414 INFO: Selected plan 1 with Q=1.0
2026-05-27 14:21:17,800 INFO: Plan 1: ḡ=0, γE[v]=0.0, Q=0.0
2026-05-27 14:21:18,055 INFO: Plan 0: ḡ=0, γE[v]=0.0, Q=0.0
2026-05-27 14:21:18,055 INFO: Selected plan 0 with Q=0.0
2026-05-27 14:21:29,653 INFO: Plan 1: ḡ=0, γE[v]=0.0, Q=0.0
2026-05-27 14:21:29,714 INFO: Plan 0: ḡ=0, γE[v]=0.0, Q=0.0
2026-05-27 14:21:29,714 INFO: Selected plan 0 with Q=0.0
  [41/93] jinja2.environment seed=42: {'cov_qvalue': 74, 'divhints_random': 91, 'divhints_oracle': 97}
2026-05-27 14:23:08,413 INFO: Plan 0: ḡ=0, γE[v]=0.0, Q=0.0
2026-05-27 14:23:08,496 INFO: Plan 1: ḡ=0, γE[v]=0.0, Q=0.0
2026-05-27 14:23:08,496 INFO: Selected plan 0 with Q=0.0
2026-05-27 14:23:49,390 INFO: Plan 1: ḡ=1, γE[v]=0.0, Q=1.0
2026-05-27 14:23:49,456 INFO: Plan 0: ḡ=0, γE[v]=0.0, Q=0.0
2026-05-27 14:23:49,456 INFO: Selected plan 1 with Q=1.0
  [42/93] jinja2.nodes seed=42: {'cov_qvalue': 10, 'divhints_random': 10, 'divhints_oracle': 11}
2026-05-27 14:25:34,501 INFO: Plan 0: ḡ=2, γE[v]=0.0, Q=2.0
2026-05-27 14:25:34,739 INFO: Plan 1: ḡ=0, γE[v]=0.0, Q=0.0
2026-05-27 14:25:34,739 INFO: Selected plan 0 with Q=2.0
2026-05-27 14:25:42,112 INFO: Plan 0: ḡ=0, γE[v]=0.0, Q=0.0
2026-05-27 14:25:42,302 INFO: Plan 1: ḡ=0, γE[v]=0.0, Q=0.0
2026-05-27 14:25:42,302 INFO: Selected plan 0 with Q=0.0
2026-05-27 14:26:14,866 INFO: Plan 0: ḡ=12, γE[v]=0.0, Q=12.0
2026-05-27 14:26:14,921 INFO: Plan 1: ḡ=0, γE[v]=0.0, Q=0.0
2026-05-27 14:26:14,921 INFO: Selected plan 0 with Q=12.0
  [43/93] jinja2.runtime seed=42: {'cov_qvalue': 66, 'divhints_random': 66, 'divhints_oracle': 66}
2026-05-27 14:28:13,599 INFO: Plan 1: ḡ=0, γE[v]=0.0, Q=0.0
2026-05-27 14:28:13,828 INFO: Plan 2: ḡ=0, γE[v]=0.0, Q=0.0
2026-05-27 14:28:13,906 INFO: Plan 0: ḡ=0, γE[v]=0.0, Q=0.0
2026-05-27 14:28:13,906 INFO: Selected plan 0 with Q=0.0
  [44/93] jinja2.parser seed=42: {'cov_qvalue': 86, 'divhints_random': 93, 'divhints_oracle': 126}
2026-05-27 14:28:48,109 INFO: Plan 0: ḡ=2, γE[v]=0.0, Q=2.0
2026-05-27 14:28:48,870 INFO: Plan 1: ḡ=0, γE[v]=0.0, Q=0.0
2026-05-27 14:28:48,870 INFO: Selected plan 0 with Q=2.0
2026-05-27 14:28:58,014 INFO: Plan 1: ḡ=0, γE[v]=0.0, Q=0.0
2026-05-27 14:28:58,084 INFO: Plan 0: ḡ=0, γE[v]=0.0, Q=0.0
2026-05-27 14:28:58,084 INFO: Selected plan 0 with Q=0.0
2026-05-27 14:29:01,581 INFO: Plan 0: ḡ=0, γE[v]=0.0, Q=0.0
2026-05-27 14:29:01,694 INFO: Plan 1: ḡ=0, γE[v]=0.0, Q=0.0
2026-05-27 14:29:01,694 INFO: Selected plan 0 with Q=0.0
2026-05-27 14:29:42,983 INFO: Plan 1: ḡ=0, γE[v]=0.0, Q=0.0
2026-05-27 14:29:43,254 INFO: Plan 0: ḡ=0, γE[v]=0.0, Q=0.0
2026-05-27 14:29:43,254 INFO: Selected plan 0 with Q=0.0
2026-05-27 14:30:24,139 INFO: Plan 2: ḡ=0, γE[v]=0.0, Q=0.0
2026-05-27 14:30:24,370 INFO: Plan 0: ḡ=0, γE[v]=0.0, Q=0.0
2026-05-27 14:30:24,404 INFO: Plan 1: ḡ=0, γE[v]=0.0, Q=0.0
2026-05-27 14:30:24,405 INFO: Selected plan 0 with Q=0.0
  [45/93] jinja2.ext seed=42: {'cov_qvalue': 59, 'divhints_random': 76, 'divhints_oracle': 64}
  [46/93] jinja2.lexer seed=42: {'cov_qvalue': 102, 'divhints_random': 89, 'divhints_oracle': 100}
2026-05-27 14:35:33,519 INFO: Plan 2: ḡ=2, γE[v]=0.0, Q=2.0
2026-05-27 14:35:33,609 INFO: Plan 0: ḡ=0, γE[v]=0.0, Q=0.0
2026-05-27 14:35:33,713 INFO: Plan 1: ḡ=1, γE[v]=0.0, Q=1.0
2026-05-27 14:35:33,713 INFO: Selected plan 2 with Q=2.0
  [47/93] jinja2.utils seed=42: {'cov_qvalue': 11, 'divhints_random': 11, 'divhints_oracle': 11}
2026-05-27 14:36:04,156 INFO: Plan 0: ḡ=0, γE[v]=0.0, Q=0.0
2026-05-27 14:36:04,173 INFO: Plan 2: ḡ=0, γE[v]=0.0, Q=0.0
2026-05-27 14:36:04,337 INFO: Plan 1: ḡ=5, γE[v]=0.0, Q=5.0
2026-05-27 14:36:04,337 INFO: Selected plan 1 with Q=5.0
  [48/93] jinja2.loaders seed=42: {'cov_qvalue': 40, 'divhints_random': 24, 'divhints_oracle': 24}
2026-05-27 14:37:27,211 INFO: Plan 0: ḡ=0, γE[v]=0.0, Q=0.0
2026-05-27 14:37:27,374 INFO: Plan 1: ḡ=1, γE[v]=0.0, Q=1.0
2026-05-27 14:37:27,421 INFO: Plan 2: ḡ=1, γE[v]=0.0, Q=1.0
2026-05-27 14:37:27,421 INFO: Selected plan 1 with Q=1.0
2026-05-27 14:38:02,552 INFO: Plan 1: ḡ=0, γE[v]=0.0, Q=0.0
2026-05-27 14:38:02,710 INFO: Plan 2: ḡ=0, γE[v]=0.0, Q=0.0
2026-05-27 14:38:02,711 INFO: Plan 0: ḡ=0, γE[v]=0.0, Q=0.0
2026-05-27 14:38:02,711 INFO: Selected plan 0 with Q=0.0
2026-05-27 14:38:12,227 INFO: Plan 1: ḡ=0, γE[v]=0.0, Q=0.0
2026-05-27 14:38:12,325 INFO: Plan 0: ḡ=0, γE[v]=0.0, Q=0.0
2026-05-27 14:38:12,325 INFO: Selected plan 0 with Q=0.0
  [49/93] jinja2.sandbox seed=42: {'cov_qvalue': 79, 'divhints_random': 57, 'divhints_oracle': 70}
2026-05-27 14:41:27,803 INFO: Plan 1: ḡ=2, γE[v]=0.0, Q=2.0
2026-05-27 14:41:27,838 INFO: Plan 2: ḡ=1, γE[v]=0.0, Q=1.0
2026-05-27 14:41:28,133 INFO: Plan 0: ḡ=10, γE[v]=0.0, Q=10.0
2026-05-27 14:41:28,133 INFO: Selected plan 0 with Q=10.0
2026-05-27 14:41:50,104 INFO: Plan 1: ḡ=0, γE[v]=0.0, Q=0.0
2026-05-27 14:41:50,140 INFO: Plan 0: ḡ=0, γE[v]=0.0, Q=0.0
2026-05-27 14:41:50,140 INFO: Selected plan 0 with Q=0.0
  [50/93] jinja2.bccache seed=42: {'cov_qvalue': 5, 'divhints_random': 5, 'divhints_oracle': 5}
2026-05-27 14:45:26,234 INFO: Plan 0: ḡ=0, γE[v]=0.0, Q=0.0
2026-05-27 14:45:26,520 INFO: Plan 1: ḡ=0, γE[v]=0.0, Q=0.0
2026-05-27 14:45:26,534 INFO: Plan 2: ḡ=2, γE[v]=0.0, Q=2.0
2026-05-27 14:45:26,534 INFO: Selected plan 2 with Q=2.0
  [51/93] httpx._client seed=42: {'cov_qvalue': 128, 'divhints_random': 103, 'divhints_oracle': 159}
  [52/93] httpx._models seed=42: {'cov_qvalue': 95, 'divhints_random': 101, 'divhints_oracle': 95}
2026-05-27 14:47:31,273 INFO: Plan 1: ḡ=0, γE[v]=0.0, Q=0.0
2026-05-27 14:47:31,305 INFO: Plan 0: ḡ=0, γE[v]=0.0, Q=0.0
2026-05-27 14:47:31,306 INFO: Selected plan 0 with Q=0.0
  [53/93] httpx._urls seed=42: {'cov_qvalue': 65, 'divhints_random': 66, 'divhints_oracle': 66}
2026-05-27 14:51:38,665 INFO: Plan 0: ḡ=0, γE[v]=0.0, Q=0.0
2026-05-27 14:51:38,875 INFO: Plan 1: ḡ=0, γE[v]=0.0, Q=0.0
2026-05-27 14:51:38,950 INFO: Plan 2: ḡ=6, γE[v]=0.0, Q=6.0
2026-05-27 14:51:38,951 INFO: Selected plan 2 with Q=6.0
2026-05-27 14:52:17,807 INFO: Plan 1: ḡ=0, γE[v]=0.0, Q=0.0
2026-05-27 14:52:17,970 INFO: Plan 0: ḡ=2, γE[v]=0.0, Q=2.0
2026-05-27 14:52:17,971 INFO: Selected plan 0 with Q=2.0
2026-05-27 14:53:18,312 INFO: Plan 0: ḡ=0, γE[v]=0.0, Q=0.0
2026-05-27 14:53:18,495 INFO: Plan 1: ḡ=0, γE[v]=0.0, Q=0.0
2026-05-27 14:53:18,495 INFO: Selected plan 0 with Q=0.0
2026-05-27 14:54:19,484 INFO: Plan 0: ḡ=0, γE[v]=0.0, Q=0.0
2026-05-27 14:54:19,513 INFO: Plan 1: ḡ=0, γE[v]=0.0, Q=0.0
2026-05-27 14:54:19,514 INFO: Selected plan 0 with Q=0.0
  [54/93] httpx._main seed=42: {'cov_qvalue': 80, 'divhints_random': 67, 'divhints_oracle': 81}
2026-05-27 14:54:48,571 INFO: Plan 0: ḡ=1, γE[v]=0.0, Q=1.0
2026-05-27 14:54:48,824 INFO: Plan 1: ḡ=0, γE[v]=0.0, Q=0.0
2026-05-27 14:54:48,824 INFO: Selected plan 0 with Q=1.0
2026-05-27 14:54:59,258 INFO: Plan 2: ḡ=2, γE[v]=0.0, Q=2.0
2026-05-27 14:54:59,273 INFO: Plan 1: ḡ=0, γE[v]=0.0, Q=0.0
2026-05-27 14:54:59,350 INFO: Plan 0: ḡ=1, γE[v]=0.0, Q=1.0
2026-05-27 14:54:59,350 INFO: Selected plan 2 with Q=2.0
  [55/93] httpx._urlparse seed=42: {'cov_qvalue': 53, 'divhints_random': 48, 'divhints_oracle': 39}
2026-05-27 14:56:04,941 INFO: Plan 0: ḡ=0, γE[v]=0.0, Q=0.0
2026-05-27 14:56:05,194 INFO: Plan 1: ḡ=0, γE[v]=0.0, Q=0.0
2026-05-27 14:56:05,194 INFO: Selected plan 0 with Q=0.0
  [56/93] httpx._api seed=42: {'cov_qvalue': 6, 'divhints_random': 12, 'divhints_oracle': 6}
2026-05-27 14:57:54,740 INFO: Plan 0: ḡ=0, γE[v]=0.0, Q=0.0
2026-05-27 14:57:55,125 INFO: Plan 1: ḡ=0, γE[v]=0.0, Q=0.0
2026-05-27 14:57:55,126 INFO: Selected plan 0 with Q=0.0
2026-05-27 14:57:56,498 INFO: Plan 0: ḡ=0, γE[v]=0.0, Q=0.0
2026-05-27 14:57:56,686 INFO: Plan 1: ḡ=0, γE[v]=0.0, Q=0.0
2026-05-27 14:57:56,687 INFO: Selected plan 0 with Q=0.0
  [57/93] httpx._utils seed=42: {'cov_qvalue': 18, 'divhints_random': 18, 'divhints_oracle': 25}
2026-05-27 15:02:22,966 INFO: Plan 1: ḡ=0, γE[v]=0.0, Q=0.0
2026-05-27 15:02:23,190 INFO: Plan 0: ḡ=0, γE[v]=0.0, Q=0.0
2026-05-27 15:02:23,191 INFO: Selected plan 0 with Q=0.0
  [58/93] httpx._transports.default seed=42: {'cov_qvalue': 15, 'divhints_random': 13, 'divhints_oracle': 15}
2026-05-27 15:03:25,468 INFO: Plan 1: ḡ=10, γE[v]=0.0, Q=10.0
2026-05-27 15:03:25,501 INFO: Plan 0: ḡ=18, γE[v]=0.0, Q=18.0
2026-05-27 15:03:25,501 INFO: Selected plan 0 with Q=18.0
2026-05-27 15:03:41,351 INFO: Plan 1: ḡ=12, γE[v]=0.0, Q=12.0
2026-05-27 15:03:41,511 INFO: Plan 0: ḡ=1, γE[v]=0.0, Q=1.0
2026-05-27 15:03:41,511 INFO: Selected plan 1 with Q=12.0
  [59/93] httpx._config seed=42: {'cov_qvalue': 23, 'divhints_random': 20, 'divhints_oracle': 20}
2026-05-27 15:05:42,398 INFO: Plan 1: ḡ=1, γE[v]=0.0, Q=1.0
2026-05-27 15:05:42,506 INFO: Plan 0: ḡ=0, γE[v]=0.0, Q=0.0
2026-05-27 15:05:42,506 INFO: Selected plan 1 with Q=1.0
  [60/93] httpx._auth seed=42: {'cov_qvalue': 52, 'divhints_random': 52, 'divhints_oracle': 55}
2026-05-27 15:06:02,401 INFO: Plan 1: ḡ=0, γE[v]=0.0, Q=0.0
2026-05-27 15:06:02,509 INFO: Plan 0: ḡ=0, γE[v]=0.0, Q=0.0
2026-05-27 15:06:02,510 INFO: Selected plan 0 with Q=0.0
2026-05-27 15:07:21,128 INFO: Plan 0: ḡ=1, γE[v]=0.0, Q=1.0
2026-05-27 15:07:21,445 INFO: Plan 1: ḡ=0, γE[v]=0.0, Q=0.0
2026-05-27 15:07:21,446 INFO: Selected plan 0 with Q=1.0
2026-05-27 15:07:44,059 INFO: Plan 0: ḡ=0, γE[v]=0.0, Q=0.0
2026-05-27 15:07:44,088 INFO: Plan 1: ḡ=0, γE[v]=0.0, Q=0.0
2026-05-27 15:07:44,089 INFO: Selected plan 0 with Q=0.0
  [61/93] pydantic.types seed=42: {'cov_qvalue': 134, 'divhints_random': 135, 'divhints_oracle': 139}
  [62/93] pydantic.json_schema seed=42: {'cov_qvalue': 252, 'divhints_random': 244, 'divhints_oracle': 270}
  [63/93] pydantic.main seed=42: {'cov_qvalue': 216, 'divhints_random': 213, 'divhints_oracle': 183}
2026-05-27 15:14:01,744 INFO: Plan 1: ḡ=0, γE[v]=0.0, Q=0.0
2026-05-27 15:14:02,062 INFO: Plan 0: ḡ=1, γE[v]=0.0, Q=1.0
2026-05-27 15:14:02,062 INFO: Selected plan 0 with Q=1.0
2026-05-27 15:14:12,927 INFO: Plan 0: ḡ=0, γE[v]=0.0, Q=0.0
2026-05-27 15:14:13,033 INFO: Plan 2: ḡ=12, γE[v]=0.0, Q=12.0
2026-05-27 15:14:13,151 INFO: Plan 1: ḡ=0, γE[v]=0.0, Q=0.0
2026-05-27 15:14:13,152 INFO: Selected plan 2 with Q=12.0
2026-05-27 15:14:36,561 INFO: Plan 1: ḡ=0, γE[v]=0.0, Q=0.0
2026-05-27 15:14:36,795 INFO: Plan 0: ḡ=2, γE[v]=0.0, Q=2.0
2026-05-27 15:14:36,795 INFO: Selected plan 0 with Q=2.0
  [64/93] pydantic.fields seed=42: {'cov_qvalue': 101, 'divhints_random': 66, 'divhints_oracle': 99}
2026-05-27 15:15:14,033 INFO: Plan 1: ḡ=0, γE[v]=0.0, Q=0.0
2026-05-27 15:15:14,093 INFO: Plan 0: ḡ=0, γE[v]=0.0, Q=0.0
2026-05-27 15:15:14,093 INFO: Selected plan 0 with Q=0.0
2026-05-27 15:17:19,257 INFO: Plan 0: ḡ=0, γE[v]=0.0, Q=0.0
2026-05-27 15:17:19,409 INFO: Plan 1: ḡ=1, γE[v]=0.0, Q=1.0
2026-05-27 15:17:19,410 INFO: Selected plan 1 with Q=1.0
  [65/93] pydantic.config seed=42: {'cov_qvalue': 1, 'divhints_random': 1, 'divhints_oracle': 1}
2026-05-27 15:20:21,185 INFO: Plan 1: ḡ=12, γE[v]=0.0, Q=12.0
2026-05-27 15:20:21,274 INFO: Plan 0: ḡ=0, γE[v]=0.0, Q=0.0
2026-05-27 15:20:21,275 INFO: Selected plan 1 with Q=12.0
2026-05-27 15:20:36,936 INFO: Plan 1: ḡ=0, γE[v]=0.0, Q=0.0
2026-05-27 15:20:37,144 INFO: Plan 0: ḡ=1, γE[v]=0.0, Q=1.0
2026-05-27 15:20:37,144 INFO: Selected plan 0 with Q=1.0
2026-05-27 15:21:36,556 INFO: Plan 0: ḡ=0, γE[v]=0.0, Q=0.0
2026-05-27 15:21:36,559 INFO: Plan 1: ḡ=12, γE[v]=0.0, Q=12.0
2026-05-27 15:21:36,559 INFO: Selected plan 1 with Q=12.0
  [66/93] pydantic.networks seed=42: {'cov_qvalue': 34, 'divhints_random': 34, 'divhints_oracle': 34}
2026-05-27 15:22:18,798 INFO: Plan 1: ḡ=0, γE[v]=0.0, Q=0.0
2026-05-27 15:22:18,893 INFO: Plan 0: ḡ=2, γE[v]=0.0, Q=2.0
2026-05-27 15:22:18,893 INFO: Selected plan 0 with Q=2.0
  [67/93] pydantic.functional_validators seed=42: {'cov_qvalue': 36, 'divhints_random': 36, 'divhints_oracle': 36}
2026-05-27 15:22:59,482 INFO: Plan 1: ḡ=0, γE[v]=0.0, Q=0.0
2026-05-27 15:22:59,660 INFO: Plan 0: ḡ=0, γE[v]=0.0, Q=0.0
2026-05-27 15:22:59,660 INFO: Selected plan 0 with Q=0.0
  [68/93] pydantic.color seed=42: {'cov_qvalue': 87, 'divhints_random': 92, 'divhints_oracle': 93}
2026-05-27 15:24:48,695 INFO: Plan 0: ḡ=1, γE[v]=0.0, Q=1.0
2026-05-27 15:24:48,806 INFO: Plan 1: ḡ=2, γE[v]=0.0, Q=2.0
2026-05-27 15:24:48,806 INFO: Selected plan 1 with Q=2.0
  [69/93] pydantic.type_adapter seed=42: {'cov_qvalue': 18, 'divhints_random': 18, 'divhints_oracle': 18}
2026-05-27 15:31:32,132 INFO: Plan 1: ḡ=0, γE[v]=0.0, Q=0.0
2026-05-27 15:31:32,153 INFO: Plan 0: ḡ=0, γE[v]=0.0, Q=0.0
2026-05-27 15:31:32,153 INFO: Selected plan 0 with Q=0.0
  [70/93] pydantic.functional_serializers seed=42: {'cov_qvalue': 22, 'divhints_random': 22, 'divhints_oracle': 22}
2026-05-27 15:31:52,840 INFO: Plan 0: ḡ=0, γE[v]=0.0, Q=0.0
2026-05-27 15:31:53,055 INFO: Plan 2: ḡ=2, γE[v]=0.0, Q=2.0
2026-05-27 15:31:53,104 INFO: Plan 1: ḡ=5, γE[v]=0.0, Q=5.0
2026-05-27 15:31:53,104 INFO: Selected plan 1 with Q=5.0
  [71/93] werkzeug.http seed=42: {'cov_qvalue': 35, 'divhints_random': 64, 'divhints_oracle': 63}
2026-05-27 15:32:33,489 INFO: Plan 0: ḡ=0, γE[v]=0.0, Q=0.0
2026-05-27 15:32:33,719 INFO: Plan 1: ḡ=0, γE[v]=0.0, Q=0.0
2026-05-27 15:32:33,719 INFO: Selected plan 0 with Q=0.0
2026-05-27 15:32:45,454 INFO: Plan 0: ḡ=0, γE[v]=0.0, Q=0.0
2026-05-27 15:32:45,506 INFO: Plan 1: ḡ=0, γE[v]=0.0, Q=0.0
2026-05-27 15:32:45,507 INFO: Selected plan 0 with Q=0.0
2026-05-27 15:32:56,682 INFO: Plan 0: ḡ=0, γE[v]=0.0, Q=0.0
2026-05-27 15:32:56,858 INFO: Plan 1: ḡ=0, γE[v]=0.0, Q=0.0
2026-05-27 15:32:56,858 INFO: Selected plan 0 with Q=0.0
2026-05-27 15:33:22,933 INFO: Plan 0: ḡ=2, γE[v]=0.0, Q=2.0
2026-05-27 15:33:23,020 INFO: Plan 1: ḡ=0, γE[v]=0.0, Q=0.0
2026-05-27 15:33:23,020 INFO: Selected plan 0 with Q=2.0
2026-05-27 15:33:45,058 INFO: Plan 0: ḡ=1, γE[v]=0.0, Q=1.0
2026-05-27 15:33:45,060 INFO: Plan 2: ḡ=0, γE[v]=0.0, Q=0.0
2026-05-27 15:33:45,121 INFO: Plan 1: ḡ=0, γE[v]=0.0, Q=0.0
2026-05-27 15:33:45,121 INFO: Selected plan 0 with Q=1.0
2026-05-27 15:33:56,611 INFO: Plan 0: ḡ=12, γE[v]=0.0, Q=12.0
2026-05-27 15:33:56,732 INFO: Plan 1: ḡ=0, γE[v]=0.0, Q=0.0
2026-05-27 15:33:56,732 INFO: Selected plan 0 with Q=12.0
2026-05-27 15:34:29,181 INFO: Plan 1: ḡ=0, γE[v]=0.0, Q=0.0
2026-05-27 15:34:29,230 INFO: Plan 0: ḡ=0, γE[v]=0.0, Q=0.0
2026-05-27 15:34:29,230 INFO: Selected plan 0 with Q=0.0
  [72/93] werkzeug.serving seed=42: {'cov_qvalue': 21, 'divhints_random': 8, 'divhints_oracle': 19}
2026-05-27 15:34:43,560 INFO: Plan 0: ḡ=0, γE[v]=0.0, Q=0.0
2026-05-27 15:34:43,851 INFO: Plan 1: ḡ=2, γE[v]=0.0, Q=2.0
2026-05-27 15:34:43,852 INFO: Selected plan 1 with Q=2.0
2026-05-27 15:34:57,416 INFO: Plan 1: ḡ=0, γE[v]=0.0, Q=0.0
2026-05-27 15:34:57,441 INFO: Plan 0: ḡ=0, γE[v]=0.0, Q=0.0
2026-05-27 15:34:57,441 INFO: Selected plan 0 with Q=0.0
2026-05-27 15:35:08,386 INFO: Plan 1: ḡ=0, γE[v]=0.0, Q=0.0
2026-05-27 15:35:08,624 INFO: Plan 0: ḡ=2, γE[v]=0.0, Q=2.0
2026-05-27 15:35:08,624 INFO: Selected plan 0 with Q=2.0
2026-05-27 15:35:42,431 INFO: Plan 0: ḡ=0, γE[v]=0.0, Q=0.0
2026-05-27 15:35:42,755 INFO: Plan 1: ḡ=2, γE[v]=0.0, Q=2.0
2026-05-27 15:35:42,755 INFO: Selected plan 1 with Q=2.0
2026-05-27 15:36:09,202 INFO: Plan 1: ḡ=0, γE[v]=0.0, Q=0.0
2026-05-27 15:36:09,431 INFO: Plan 2: ḡ=0, γE[v]=0.0, Q=0.0
2026-05-27 15:36:09,444 INFO: Plan 0: ḡ=12, γE[v]=0.0, Q=12.0
2026-05-27 15:36:09,444 INFO: Selected plan 0 with Q=12.0
2026-05-27 15:36:22,549 INFO: Plan 0: ḡ=0, γE[v]=0.0, Q=0.0
2026-05-27 15:36:22,795 INFO: Plan 1: ḡ=0, γE[v]=0.0, Q=0.0
2026-05-27 15:36:22,796 INFO: Selected plan 0 with Q=0.0
  [73/93] werkzeug.datastructures.structures seed=42: {'cov_qvalue': 13, 'divhints_random': 11, 'divhints_oracle': 13}
2026-05-27 15:38:36,414 INFO: Plan 1: ḡ=0, γE[v]=0.0, Q=0.0
2026-05-27 15:38:36,427 INFO: Plan 2: ḡ=2, γE[v]=0.0, Q=2.0
2026-05-27 15:38:36,598 INFO: Plan 0: ḡ=0, γE[v]=0.0, Q=0.0
2026-05-27 15:38:36,599 INFO: Selected plan 2 with Q=2.0
  [74/93] werkzeug.routing.rules seed=42: {'cov_qvalue': 16, 'divhints_random': 16, 'divhints_oracle': 16}
  [75/93] werkzeug.routing.map seed=42: {'cov_qvalue': 88, 'divhints_random': 95, 'divhints_oracle': 96}
2026-05-27 15:42:12,747 INFO: Plan 0: ḡ=12, γE[v]=0.0, Q=12.0
2026-05-27 15:42:12,885 INFO: Plan 1: ḡ=0, γE[v]=0.0, Q=0.0
2026-05-27 15:42:12,885 INFO: Selected plan 0 with Q=12.0
  [76/93] werkzeug.exceptions seed=42: {'cov_qvalue': 21, 'divhints_random': 29, 'divhints_oracle': 29}
2026-05-27 15:44:13,715 INFO: Plan 0: ḡ=0, γE[v]=0.0, Q=0.0
2026-05-27 15:44:16,157 INFO: Plan 1: ḡ=0, γE[v]=0.0, Q=0.0
2026-05-27 15:44:16,158 INFO: Selected plan 0 with Q=0.0
2026-05-27 15:44:29,664 INFO: Plan 1: ḡ=1, γE[v]=0.0, Q=1.0
2026-05-27 15:44:29,727 INFO: Plan 0: ḡ=1, γE[v]=0.0, Q=1.0
2026-05-27 15:44:29,850 INFO: Plan 2: ḡ=2, γE[v]=0.0, Q=2.0
2026-05-27 15:44:29,850 INFO: Selected plan 2 with Q=2.0
2026-05-27 15:44:58,555 INFO: Plan 0: ḡ=2, γE[v]=0.0, Q=2.0
2026-05-27 15:44:58,661 INFO: Plan 1: ḡ=2, γE[v]=0.0, Q=2.0
2026-05-27 15:44:58,661 INFO: Selected plan 0 with Q=2.0
2026-05-27 15:45:11,648 INFO: Plan 1: ḡ=10, γE[v]=0.0, Q=10.0
2026-05-27 15:45:11,698 INFO: Plan 0: ḡ=0, γE[v]=0.0, Q=0.0
2026-05-27 15:45:11,698 INFO: Selected plan 1 with Q=10.0
2026-05-27 15:45:51,834 INFO: Plan 0: ḡ=0, γE[v]=0.0, Q=0.0
2026-05-27 15:45:51,894 INFO: Plan 2: ḡ=0, γE[v]=0.0, Q=0.0
2026-05-27 15:45:52,019 INFO: Plan 1: ḡ=2, γE[v]=0.0, Q=2.0
2026-05-27 15:45:52,020 INFO: Selected plan 1 with Q=2.0
2026-05-27 15:46:42,797 INFO: Plan 2: ḡ=0, γE[v]=0.0, Q=0.0
2026-05-27 15:46:42,945 INFO: Plan 1: ḡ=2, γE[v]=0.0, Q=2.0
2026-05-27 15:46:43,205 INFO: Plan 0: ḡ=2, γE[v]=0.0, Q=2.0
2026-05-27 15:46:43,206 INFO: Selected plan 0 with Q=2.0
2026-05-27 15:46:54,285 INFO: Plan 0: ḡ=0, γE[v]=0.0, Q=0.0
2026-05-27 15:46:54,285 INFO: Plan 1: ḡ=1, γE[v]=0.0, Q=1.0
2026-05-27 15:46:54,286 INFO: Selected plan 1 with Q=1.0
  [77/93] werkzeug.wrappers.response seed=42: {'cov_qvalue': 62, 'divhints_random': 60, 'divhints_oracle': 73}
  [78/93] werkzeug.sansio.response seed=42: {'cov_qvalue': 61, 'divhints_random': 70, 'divhints_oracle': 73}
  [79/93] werkzeug.utils seed=42: {'cov_qvalue': 16, 'divhints_random': 16, 'divhints_oracle': 21}
  [80/93] werkzeug.wrappers.request seed=42: {'cov_qvalue': 59, 'divhints_random': 56, 'divhints_oracle': 62}
  [81/93] werkzeug.local seed=42: {'cov_qvalue': 30, 'divhints_random': 20, 'divhints_oracle': 34}
2026-05-27 15:56:23,890 INFO: Plan 0: ḡ=0, γE[v]=0.0, Q=0.0
2026-05-27 15:56:24,026 INFO: Plan 1: ḡ=0, γE[v]=0.0, Q=0.0
2026-05-27 15:56:24,026 INFO: Selected plan 0 with Q=0.0
2026-05-27 15:56:34,642 INFO: Plan 1: ḡ=0, γE[v]=0.0, Q=0.0
2026-05-27 15:56:34,802 INFO: Plan 0: ḡ=0, γE[v]=0.0, Q=0.0
2026-05-27 15:56:34,802 INFO: Selected plan 0 with Q=0.0
  [82/93] starlette.routing seed=42: {'cov_qvalue': 5, 'divhints_random': 5, 'divhints_oracle': 6}
  [83/93] werkzeug.wsgi seed=42: {'cov_qvalue': 13, 'divhints_random': 12, 'divhints_oracle': 13}
2026-05-27 15:58:36,249 INFO: Plan 0: ḡ=2, γE[v]=0.0, Q=2.0
2026-05-27 15:58:36,336 INFO: Plan 1: ḡ=2, γE[v]=0.0, Q=2.0
2026-05-27 15:58:36,336 INFO: Selected plan 0 with Q=2.0
2026-05-27 15:59:17,851 INFO: Plan 0: ḡ=2, γE[v]=0.0, Q=2.0
2026-05-27 15:59:18,339 INFO: Plan 1: ḡ=0, γE[v]=0.0, Q=0.0
2026-05-27 15:59:18,339 INFO: Selected plan 0 with Q=2.0
2026-05-27 15:59:53,437 INFO: Plan 0: ḡ=1, γE[v]=0.0, Q=1.0
2026-05-27 15:59:53,669 INFO: Plan 1: ḡ=2, γE[v]=0.0, Q=2.0
2026-05-27 15:59:53,669 INFO: Selected plan 1 with Q=2.0
2026-05-27 16:00:53,842 INFO: Plan 0: ḡ=2, γE[v]=0.0, Q=2.0
2026-05-27 16:00:53,913 INFO: Plan 2: ḡ=0, γE[v]=0.0, Q=0.0
2026-05-27 16:00:53,981 INFO: Plan 1: ḡ=0, γE[v]=0.0, Q=0.0
2026-05-27 16:00:53,982 INFO: Selected plan 0 with Q=2.0
  [84/93] starlette.testclient seed=42: {'cov_qvalue': 4, 'divhints_random': 4, 'divhints_oracle': 4}
2026-05-27 16:02:43,095 INFO: Plan 0: ḡ=0, γE[v]=0.0, Q=0.0
2026-05-27 16:02:43,309 INFO: Plan 1: ḡ=2, γE[v]=0.0, Q=2.0
2026-05-27 16:02:43,309 INFO: Selected plan 1 with Q=2.0
2026-05-27 16:02:56,093 INFO: Plan 0: ḡ=2, γE[v]=0.0, Q=2.0
2026-05-27 16:02:56,205 INFO: Plan 1: ḡ=0, γE[v]=0.0, Q=0.0
2026-05-27 16:02:56,219 INFO: Plan 2: ḡ=0, γE[v]=0.0, Q=0.0
2026-05-27 16:02:56,219 INFO: Selected plan 0 with Q=2.0
2026-05-27 16:03:09,413 INFO: Plan 1: ḡ=0, γE[v]=0.0, Q=0.0
2026-05-27 16:03:09,505 INFO: Plan 0: ḡ=0, γE[v]=0.0, Q=0.0
2026-05-27 16:03:09,505 INFO: Selected plan 0 with Q=0.0
2026-05-27 16:03:37,239 INFO: Plan 0: ḡ=0, γE[v]=0.0, Q=0.0
2026-05-27 16:03:37,510 INFO: Plan 1: ḡ=0, γE[v]=0.0, Q=0.0
2026-05-27 16:03:37,511 INFO: Selected plan 0 with Q=0.0
2026-05-27 16:04:32,675 INFO: Plan 2: ḡ=0, γE[v]=0.0, Q=0.0
2026-05-27 16:04:32,802 INFO: Plan 1: ḡ=2, γE[v]=0.0, Q=2.0
2026-05-27 16:04:32,926 INFO: Plan 0: ḡ=2, γE[v]=0.0, Q=2.0
2026-05-27 16:04:32,926 INFO: Selected plan 0 with Q=2.0
2026-05-27 16:04:55,319 INFO: Plan 0: ḡ=2, γE[v]=0.0, Q=2.0
2026-05-27 16:04:55,435 INFO: Plan 1: ḡ=2, γE[v]=0.0, Q=2.0
2026-05-27 16:04:55,435 INFO: Selected plan 0 with Q=2.0
  [85/93] starlette.datastructures seed=42: {'cov_qvalue': 42, 'divhints_random': 47, 'divhints_oracle': 49}
2026-05-27 16:05:21,254 INFO: Plan 1: ḡ=0, γE[v]=0.0, Q=0.0
2026-05-27 16:05:21,386 INFO: Plan 0: ḡ=0, γE[v]=0.0, Q=0.0
2026-05-27 16:05:21,386 INFO: Selected plan 0 with Q=0.0
2026-05-27 16:06:01,318 INFO: Plan 0: ḡ=0, γE[v]=0.0, Q=0.0
2026-05-27 16:06:01,395 INFO: Plan 2: ḡ=0, γE[v]=0.0, Q=0.0
2026-05-27 16:06:01,553 INFO: Plan 1: ḡ=0, γE[v]=0.0, Q=0.0
2026-05-27 16:06:01,553 INFO: Selected plan 0 with Q=0.0
2026-05-27 16:06:14,972 INFO: Plan 0: ḡ=0, γE[v]=0.0, Q=0.0
2026-05-27 16:06:14,986 INFO: Plan 1: ḡ=0, γE[v]=0.0, Q=0.0
2026-05-27 16:06:14,986 INFO: Selected plan 0 with Q=0.0
2026-05-27 16:06:25,233 INFO: Plan 2: ḡ=0, γE[v]=0.0, Q=0.0
2026-05-27 16:06:25,385 INFO: Plan 0: ḡ=0, γE[v]=0.0, Q=0.0
2026-05-27 16:06:25,400 INFO: Plan 1: ḡ=0, γE[v]=0.0, Q=0.0
2026-05-27 16:06:25,400 INFO: Selected plan 0 with Q=0.0
  [86/93] starlette.requests seed=42: {'cov_qvalue': 35, 'divhints_random': 35, 'divhints_oracle': 35}
2026-05-27 16:06:47,667 INFO: Plan 1: ḡ=0, γE[v]=0.0, Q=0.0
2026-05-27 16:06:47,799 INFO: Plan 0: ḡ=0, γE[v]=0.0, Q=0.0
2026-05-27 16:06:47,799 INFO: Selected plan 0 with Q=0.0
2026-05-27 16:07:02,677 INFO: Plan 0: ḡ=0, γE[v]=0.0, Q=0.0
2026-05-27 16:07:02,756 INFO: Plan 2: ḡ=0, γE[v]=0.0, Q=0.0
2026-05-27 16:07:02,857 INFO: Plan 1: ḡ=0, γE[v]=0.0, Q=0.0
2026-05-27 16:07:02,857 INFO: Selected plan 0 with Q=0.0
2026-05-27 16:07:14,123 INFO: Plan 1: ḡ=0, γE[v]=0.0, Q=0.0
2026-05-27 16:07:14,225 INFO: Plan 0: ḡ=0, γE[v]=0.0, Q=0.0
2026-05-27 16:07:14,225 INFO: Selected plan 0 with Q=0.0
2026-05-27 16:07:33,316 INFO: Plan 1: ḡ=2, γE[v]=0.0, Q=2.0
2026-05-27 16:07:33,411 INFO: Plan 0: ḡ=0, γE[v]=0.0, Q=0.0
2026-05-27 16:07:33,411 INFO: Selected plan 1 with Q=2.0
2026-05-27 16:07:37,993 INFO: Plan 1: ḡ=3, γE[v]=0.0, Q=3.0
2026-05-27 16:07:38,135 INFO: Plan 0: ḡ=0, γE[v]=0.0, Q=0.0
2026-05-27 16:07:38,135 INFO: Selected plan 1 with Q=3.0
  [87/93] starlette.responses seed=42: {'cov_qvalue': 24, 'divhints_random': 25, 'divhints_oracle': 25}
2026-05-27 16:07:46,345 INFO: Plan 1: ḡ=0, γE[v]=0.0, Q=0.0
2026-05-27 16:07:46,412 INFO: Plan 0: ḡ=0, γE[v]=0.0, Q=0.0
2026-05-27 16:07:46,413 INFO: Selected plan 0 with Q=0.0
2026-05-27 16:07:48,510 INFO: Plan 0: ḡ=0, γE[v]=0.0, Q=0.0
2026-05-27 16:07:48,633 INFO: Plan 2: ḡ=2, γE[v]=0.0, Q=2.0
2026-05-27 16:07:48,725 INFO: Plan 1: ḡ=0, γE[v]=0.0, Q=0.0
2026-05-27 16:07:48,725 INFO: Selected plan 2 with Q=2.0
2026-05-27 16:08:00,254 INFO: Plan 1: ḡ=0, γE[v]=0.0, Q=0.0
2026-05-27 16:08:00,530 INFO: Plan 0: ḡ=0, γE[v]=0.0, Q=0.0
2026-05-27 16:08:00,530 INFO: Selected plan 0 with Q=0.0
2026-05-27 16:08:01,371 INFO: Plan 1: ḡ=0, γE[v]=0.0, Q=0.0
2026-05-27 16:08:01,514 INFO: Plan 0: ḡ=0, γE[v]=0.0, Q=0.0
2026-05-27 16:08:01,514 INFO: Selected plan 0 with Q=0.0
2026-05-27 16:08:11,060 INFO: Plan 2: ḡ=0, γE[v]=0.0, Q=0.0
2026-05-27 16:08:11,322 INFO: Plan 0: ḡ=12, γE[v]=0.0, Q=12.0
2026-05-27 16:08:11,341 INFO: Plan 1: ḡ=0, γE[v]=0.0, Q=0.0
2026-05-27 16:08:11,341 INFO: Selected plan 0 with Q=12.0
2026-05-27 16:08:12,526 INFO: Plan 0: ḡ=0, γE[v]=0.0, Q=0.0
2026-05-27 16:08:13,339 INFO: Plan 1: ḡ=0, γE[v]=0.0, Q=0.0
2026-05-27 16:08:13,339 INFO: Selected plan 0 with Q=0.0
2026-05-27 16:08:17,036 INFO: Plan 0: ḡ=0, γE[v]=0.0, Q=0.0
2026-05-27 16:08:17,190 INFO: Plan 1: ḡ=0, γE[v]=0.0, Q=0.0
2026-05-27 16:08:17,191 INFO: Selected plan 0 with Q=0.0
2026-05-27 16:08:47,059 INFO: Plan 0: ḡ=0, γE[v]=0.0, Q=0.0
2026-05-27 16:08:47,079 INFO: Plan 1: ḡ=0, γE[v]=0.0, Q=0.0
2026-05-27 16:08:47,080 INFO: Selected plan 0 with Q=0.0
2026-05-27 16:09:34,037 INFO: Plan 1: ḡ=1, γE[v]=0.0, Q=1.0
2026-05-27 16:09:34,174 INFO: Plan 0: ḡ=1, γE[v]=0.0, Q=1.0
2026-05-27 16:09:34,174 INFO: Selected plan 0 with Q=1.0
  [88/93] starlette.formparsers seed=42: {'cov_qvalue': 2, 'divhints_random': 2, 'divhints_oracle': 2}
2026-05-27 16:12:21,412 INFO: Plan 0: ḡ=2, γE[v]=0.0, Q=2.0
2026-05-27 16:12:21,525 INFO: Plan 1: ḡ=0, γE[v]=0.0, Q=0.0
2026-05-27 16:12:21,525 INFO: Selected plan 0 with Q=2.0
  [89/93] starlette.applications seed=42: {'cov_qvalue': 6, 'divhints_random': 6, 'divhints_oracle': 6}
  [90/93] starlette.staticfiles seed=42: {'cov_qvalue': 37, 'divhints_random': 36, 'divhints_oracle': 11}
  [91/93] starlette.middleware.errors seed=42: {'cov_qvalue': 43, 'divhints_random': 35, 'divhints_oracle': 21}
  [92/93] starlette.templating seed=42: {'cov_qvalue': 24, 'divhints_random': 24, 'divhints_oracle': 24}
  [93/93] starlette.middleware.base seed=42: {'cov_qvalue': 29, 'divhints_random': 26, 'divhints_oracle': 5}

======================================================================
RESULTS
======================================================================

Module                              seed   cov_qvalue  divhints_ra  divhints_or
-------------------------------------------------------------------------------
click.types                           42            9            9           11
click.core                            42           92          145          254
click.termui                          42            7            7           18
click.utils                           42           19            1           13
click.decorators                      42           34           26           38
click.shell_completion                42            4           19           29
click.testing                         42           37           36           37
click.parser                          42           22           20           54
click.formatting                      42           31           31           31
click.exceptions                      42           12           13           13
requests.utils                        42           36           21           82
requests.models                       42          121          112          134
requests.sessions                     42           22           29           19
requests.cookies                      42            8            8            8
requests.auth                         42           49           49           49
requests.adapters                     42           61           75           31
flask.app                             42          176          113           83
flask.cli                             42           78           78           78
flask.helpers                         42           10            9            4
flask.ctx                             42           58           58           58
flask.sessions                        42            4            4            4
flask.config                          42           40           47           17
flask.json.tag                        42           24           24           24
flask.testing                         42            9           13           23
flask.templating                      42           43           38           49
flask.json.provider                   42           45           45           46
rich.progress                         42          134           54           54
rich.console                          42          184          247          310
rich.text                             42           29           28           29
rich.table                            42          216          211          205
rich.pretty                           42            9           73            9
rich.syntax                           42           95           97          102
rich.markdown                         42           89           86           89
rich.style                            42          100          100           80
rich.traceback                        42           79           80           85
rich.segment                          42           60           60           60
rich.color                            42           40           52           63
rich.layout                           42           42           34           64
jinja2.filters                        42          128          129          140
jinja2.compiler                       42          145           81          152
jinja2.environment                    42           74           91           97
jinja2.nodes                          42           10           10           11
jinja2.runtime                        42           66           66           66
jinja2.parser                         42           86           93          126
jinja2.ext                            42           59           76           64
jinja2.lexer                          42          102           89          100
jinja2.utils                          42           11           11           11
jinja2.loaders                        42           40           24           24
jinja2.sandbox                        42           79           57           70
jinja2.bccache                        42            5            5            5
httpx._client                         42          128          103          159
httpx._models                         42           95          101           95
httpx._urls                           42           65           66           66
httpx._main                           42           80           67           81
httpx._urlparse                       42           53           48           39
httpx._api                            42            6           12            6
httpx._utils                          42           18           18           25
httpx._transports.default             42           15           13           15
httpx._config                         42           23           20           20
httpx._auth                           42           52           52           55
pydantic.types                        42          134          135          139
pydantic.json_schema                  42          252          244          270
pydantic.main                         42          216          213          183
pydantic.fields                       42          101           66           99
pydantic.config                       42            1            1            1
pydantic.networks                     42           34           34           34
pydantic.functional_validators        42           36           36           36
pydantic.color                        42           87           92           93
pydantic.type_adapter                 42           18           18           18
pydantic.functional_serializers       42           22           22           22
werkzeug.http                         42           35           64           63
werkzeug.serving                      42           21            8           19
werkzeug.datastructures.structures    42           13           11           13
werkzeug.routing.rules                42           16           16           16
werkzeug.routing.map                  42           88           95           96
werkzeug.exceptions                   42           21           29           29
werkzeug.wrappers.response            42           62           60           73
werkzeug.sansio.response              42           61           70           73
werkzeug.utils                        42           16           16           21
werkzeug.wrappers.request             42           59           56           62
werkzeug.local                        42           30           20           34
starlette.routing                     42            5            5            6
werkzeug.wsgi                         42           13           12           13
starlette.testclient                  42            4            4            4
starlette.datastructures              42           42           47           49
starlette.requests                    42           35           35           35
starlette.responses                   42           24           25           25
starlette.formparsers                 42            2            2            2
starlette.applications                42            6            6            6
starlette.staticfiles                 42           37           36           11
starlette.middleware.errors           42           43           35           21
starlette.templating                  42           24           24           24
starlette.middleware.base             42           29           26            5

======================================================================
STATISTICS
======================================================================

Per-strategy means (n=93):
  cov_qvalue           branches=  54.4 ± 5.4  lines=156.5  pass_rate=37%
  divhints_random      branches=  53.2 ± 5.3  lines=154.0  pass_rate=36%
  divhints_oracle      branches=  57.8 ± 6.2  lines=169.9  pass_rate=81%

cov_qvalue vs divhints_random (Exp 1): Δ=+1.2 ± 1.9  W=35 L=27 T=31  d=0.06  p=0.5491 

divhints_oracle vs divhints_random (Exp 1 ceiling): Δ=+4.6 ± 2.3  W=47 L=17 T=29  d=0.21  p=0.0438 *

divhints_oracle vs cov_qvalue (Exp 1 headroom): Δ=+3.5 ± 2.9  W=42 L=20 T=31  d=0.12  p=0.2325 

Per-repo means:

  click (10 runs):
    cov_qvalue           mean=26.7
    divhints_random      mean=30.7
    divhints_oracle      mean=49.8

  flask (10 runs):
    cov_qvalue           mean=48.7
    divhints_random      mean=42.9
    divhints_oracle      mean=38.6

  httpx (10 runs):
    cov_qvalue           mean=53.5
    divhints_random      mean=50.0
    divhints_oracle      mean=56.1

  jinja2 (12 runs):
    cov_qvalue           mean=67.1
    divhints_random      mean=61.0
    divhints_oracle      mean=72.2

  pydantic (10 runs):
    cov_qvalue           mean=90.1
    divhints_random      mean=86.1
    divhints_oracle      mean=89.5

  requests (6 runs):
    cov_qvalue           mean=49.5
    divhints_random      mean=49.0
    divhints_oracle      mean=53.8

  rich (12 runs):
    cov_qvalue           mean=89.8
    divhints_random      mean=93.5
    divhints_oracle      mean=95.8

  starlette (11 runs):
    cov_qvalue           mean=22.8
    divhints_random      mean=22.3
    divhints_oracle      mean=17.1

  werkzeug (12 runs):
    cov_qvalue           mean=36.2
    divhints_random      mean=38.1
    divhints_oracle      mean=42.7

Cost: $13.5444 | Time: 12969s (216.2m)
Saved to /share/edc/home/aamayuelasfernandez/qcurious-tester/results/repo_explore_bench/exp1_gemini.json
