2026-05-28 12:46:22,626 INFO: RepoExploreBench: 93 targets across 9 repos
======================================================================
RepoExploreBench v2.0
  Targets: 93 files across 9 repos
  Strategies: ['cov_greedy_multistep']
  Seeds: [42]
  Exec budget: 24 per run
  Total runs: 93
======================================================================
  Connectivity: OK

  Fetching source code...
    click.core: 114085 chars
    click.types: 36390 chars
    click.termui: 28323 chars
    click.utils: 20295 chars
    click.shell_completion: 18459 chars
    click.decorators: 18718 chars
    click.parser: 19066 chars
    click.testing: 16083 chars
    click.formatting: 9705 chars
    click.exceptions: 9272 chars
    requests.utils: 33447 chars
    requests.models: 35222 chars
    requests.sessions: 30372 chars
    requests.cookies: 18559 chars
    requests.adapters: 19552 chars
    requests.auth: 10186 chars
    flask.app: 59200 chars
    flask.cli: 33820 chars
    flask.helpers: 22991 chars
    flask.ctx: 14840 chars
    flask.sessions: 14168 chars
    flask.config: 12855 chars
    flask.json.tag: 8870 chars
    flask.testing: 10016 chars
    flask.templating: 7537 chars
    flask.json.provider: 7639 chars
    rich.console: 99096 chars
    rich.progress: 59691 chars
    rich.text: 47302 chars
    rich.table: 39643 chars
    rich.pretty: 35811 chars
    rich.syntax: 35364 chars
    rich.markdown: 26159 chars
    rich.style: 27072 chars
    rich.traceback: 29466 chars
    rich.segment: 24209 chars
    rich.color: 18220 chars
    rich.layout: 13939 chars
    jinja2.compiler: 72198 chars
    jinja2.filters: 53861 chars
    jinja2.environment: 61252 chars
    jinja2.nodes: 34549 chars
    jinja2.runtime: 33405 chars
    jinja2.parser: 39735 chars
    jinja2.ext: 31843 chars
    jinja2.lexer: 29725 chars
    jinja2.utils: 23932 chars
    jinja2.loaders: 23084 chars
    jinja2.sandbox: 14583 chars
    jinja2.bccache: 14060 chars
    httpx._client: 67489 chars
    httpx._models: 42302 chars
    httpx._urls: 21747 chars
    httpx._main: 15634 chars
    httpx._urlparse: 17719 chars
    httpx._api: 12927 chars
    httpx._utils: 13857 chars
    httpx._transports.default: 13289 chars
    httpx._config: 12203 chars
    httpx._auth: 11829 chars
    pydantic.types: 89470 chars
    pydantic.json_schema: 102806 chars
    pydantic.main: 65891 chars
    pydantic.fields: 45929 chars
    pydantic.config: 29138 chars
    pydantic.networks: 21214 chars
    pydantic.functional_validators: 23599 chars
    pydantic.color: 21492 chars
    pydantic.type_adapter: 18033 chars
    pydantic.functional_serializers: 14619 chars
    werkzeug.http: 43362 chars
    werkzeug.serving: 39331 chars
    werkzeug.datastructures.structures: 31760 chars
    werkzeug.routing.map: 36349 chars
    werkzeug.routing.rules: 31894 chars
    werkzeug.exceptions: 26061 chars
    werkzeug.wrappers.response: 32586 chars
    werkzeug.sansio.response: 27646 chars
    werkzeug.utils: 24653 chars
    werkzeug.wrappers.request: 24619 chars
    werkzeug.local: 22002 chars
    werkzeug.wsgi: 20893 chars
    starlette.routing: 35752 chars
    starlette.testclient: 29843 chars
    starlette.datastructures: 23348 chars
    starlette.responses: 12650 chars
    starlette.requests: 11196 chars
    starlette.formparsers: 10433 chars
    starlette.applications: 10922 chars
    starlette.middleware.errors: 7937 chars
    starlette.staticfiles: 8723 chars
    starlette.templating: 8984 chars
    starlette.middleware.base: 8794 chars
  Fetched 93/93 modules

Running 93 targets with 8 workers...
  [1/93] click.types seed=42: {'cov_greedy_multistep': 10}
  [2/93] click.utils seed=42: {'cov_greedy_multistep': 20}
  [3/93] click.testing seed=42: {'cov_greedy_multistep': 37}
  [4/93] click.termui seed=42: {'cov_greedy_multistep': 15}
  [5/93] click.parser seed=42: {'cov_greedy_multistep': 21}
  [6/93] click.core seed=42: {'cov_greedy_multistep': 73}
  [7/93] click.shell_completion seed=42: {'cov_greedy_multistep': 10}
  [8/93] click.decorators seed=42: {'cov_greedy_multistep': 26}
  [9/93] click.formatting seed=42: {'cov_greedy_multistep': 29}
  [10/93] click.exceptions seed=42: {'cov_greedy_multistep': 13}
  [11/93] requests.utils seed=42: {'cov_greedy_multistep': 6}
  [12/93] requests.models seed=42: {'cov_greedy_multistep': 28}
  [13/93] requests.sessions seed=42: {'cov_greedy_multistep': 13}
  [14/93] requests.auth seed=42: {'cov_greedy_multistep': 49}
  [15/93] requests.cookies seed=42: {'cov_greedy_multistep': 8}
  [16/93] requests.adapters seed=42: {'cov_greedy_multistep': 53}
  [17/93] flask.app seed=42: {'cov_greedy_multistep': 2}
  [18/93] flask.config seed=42: {'cov_greedy_multistep': 33}
  [19/93] flask.cli seed=42: {'cov_greedy_multistep': 76}
  [20/93] flask.sessions seed=42: {'cov_greedy_multistep': 4}
  [21/93] flask.helpers seed=42: {'cov_greedy_multistep': 9}
  [22/93] flask.testing seed=42: {'cov_greedy_multistep': 9}
  [23/93] flask.ctx seed=42: {'cov_greedy_multistep': 59}
  [24/93] flask.json.tag seed=42: {'cov_greedy_multistep': 22}
  [25/93] flask.templating seed=42: {'cov_greedy_multistep': 47}
  [26/93] rich.text seed=42: {'cov_greedy_multistep': 30}
  [27/93] flask.json.provider seed=42: {'cov_greedy_multistep': 45}
  [28/93] rich.console seed=42: {'cov_greedy_multistep': 171}
  [29/93] rich.table seed=42: {'cov_greedy_multistep': 27}
  [30/93] rich.progress seed=42: {'cov_greedy_multistep': 54}
  [31/93] rich.pretty seed=42: {'cov_greedy_multistep': 9}
  [32/93] rich.syntax seed=42: {'cov_greedy_multistep': 53}
  [33/93] rich.markdown seed=42: {'cov_greedy_multistep': 18}
  [34/93] rich.color seed=42: {'cov_greedy_multistep': 26}
  [35/93] rich.traceback seed=42: {'cov_greedy_multistep': 69}
  [36/93] rich.segment seed=42: {'cov_greedy_multistep': 60}
  [37/93] rich.style seed=42: {'cov_greedy_multistep': 69}
  [38/93] rich.layout seed=42: {'cov_greedy_multistep': 17}
  [39/93] jinja2.filters seed=42: {'cov_greedy_multistep': 139}
  [40/93] jinja2.compiler seed=42: {'cov_greedy_multistep': 29}
  [41/93] jinja2.nodes seed=42: {'cov_greedy_multistep': 11}
  [42/93] jinja2.environment seed=42: {'cov_greedy_multistep': 49}
  [43/93] jinja2.runtime seed=42: {'cov_greedy_multistep': 71}
  [44/93] jinja2.parser seed=42: {'cov_greedy_multistep': 13}
  [45/93] jinja2.ext seed=42: {'cov_greedy_multistep': 4}
  [46/93] jinja2.lexer seed=42: {'cov_greedy_multistep': 104}
  [47/93] jinja2.utils seed=42: {'cov_greedy_multistep': 11}
  [48/93] jinja2.loaders seed=42: {'cov_greedy_multistep': 25}
  [49/93] jinja2.sandbox seed=42: {'cov_greedy_multistep': 59}
  [50/93] httpx._client seed=42: {'cov_greedy_multistep': 41}
  [51/93] httpx._models seed=42: {'cov_greedy_multistep': 92}
  [52/93] jinja2.bccache seed=42: {'cov_greedy_multistep': 5}
  [53/93] httpx._urls seed=42: {'cov_greedy_multistep': 41}
  [54/93] httpx._main seed=42: {'cov_greedy_multistep': 79}
  [55/93] httpx._urlparse seed=42: {'cov_greedy_multistep': 4}
  [56/93] httpx._api seed=42: {'cov_greedy_multistep': 6}
  [57/93] httpx._utils seed=42: {'cov_greedy_multistep': 25}
  [58/93] httpx._transports.default seed=42: {'cov_greedy_multistep': 5}
  [59/93] httpx._config seed=42: {'cov_greedy_multistep': 26}
  [60/93] httpx._auth seed=42: {'cov_greedy_multistep': 54}
  [61/93] pydantic.types seed=42: {'cov_greedy_multistep': 120}
  [62/93] pydantic.json_schema seed=42: {'cov_greedy_multistep': 266}
  [63/93] pydantic.main seed=42: {'cov_greedy_multistep': 168}
  [64/93] pydantic.config seed=42: {'cov_greedy_multistep': 1}
  [65/93] pydantic.fields seed=42: {'cov_greedy_multistep': 109}
  [66/93] pydantic.functional_validators seed=42: {'cov_greedy_multistep': 36}
  [67/93] pydantic.networks seed=42: {'cov_greedy_multistep': 34}
  [68/93] pydantic.color seed=42: {'cov_greedy_multistep': 17}
  [69/93] pydantic.type_adapter seed=42: {'cov_greedy_multistep': 16}
  [70/93] werkzeug.http seed=42: {'cov_greedy_multistep': 18}
  [71/93] pydantic.functional_serializers seed=42: {'cov_greedy_multistep': 22}
  [72/93] werkzeug.serving seed=42: {'cov_greedy_multistep': 11}
  [73/93] werkzeug.datastructures.structures seed=42: {'cov_greedy_multistep': 13}
  [74/93] werkzeug.routing.map seed=42: {'cov_greedy_multistep': 44}
  [75/93] werkzeug.routing.rules seed=42: {'cov_greedy_multistep': 16}
  [76/93] werkzeug.exceptions seed=42: {'cov_greedy_multistep': 20}
  [77/93] werkzeug.wrappers.response seed=42: {'cov_greedy_multistep': 55}
  [78/93] werkzeug.local seed=42: {'cov_greedy_multistep': 30}
  [79/93] werkzeug.utils seed=42: {'cov_greedy_multistep': 16}
  [80/93] werkzeug.sansio.response seed=42: {'cov_greedy_multistep': 64}
  [81/93] werkzeug.wrappers.request seed=42: {'cov_greedy_multistep': 61}
  [82/93] werkzeug.wsgi seed=42: {'cov_greedy_multistep': 13}
  [83/93] starlette.routing seed=42: {'cov_greedy_multistep': 6}
  [84/93] starlette.testclient seed=42: {'cov_greedy_multistep': 4}
  [85/93] starlette.requests seed=42: {'cov_greedy_multistep': 35}
  [86/93] starlette.datastructures seed=42: {'cov_greedy_multistep': 50}
  [87/93] starlette.responses seed=42: {'cov_greedy_multistep': 24}
  [88/93] starlette.formparsers seed=42: {'cov_greedy_multistep': 2}
  [89/93] starlette.applications seed=42: {'cov_greedy_multistep': 8}
  [90/93] starlette.staticfiles seed=42: {'cov_greedy_multistep': 11}
  [91/93] starlette.middleware.errors seed=42: {'cov_greedy_multistep': 10}
  [92/93] starlette.templating seed=42: {'cov_greedy_multistep': 24}
  [93/93] starlette.middleware.base seed=42: {'cov_greedy_multistep': 31}

======================================================================
RESULTS
======================================================================

Module                              seed  cov_greedy_
-----------------------------------------------------
click.types                           42           10
click.utils                           42           20
click.testing                         42           37
click.termui                          42           15
click.parser                          42           21
click.core                            42           73
click.shell_completion                42           10
click.decorators                      42           26
click.formatting                      42           29
click.exceptions                      42           13
requests.utils                        42            6
requests.models                       42           28
requests.sessions                     42           13
requests.auth                         42           49
requests.cookies                      42            8
requests.adapters                     42           53
flask.app                             42            2
flask.config                          42           33
flask.cli                             42           76
flask.sessions                        42            4
flask.helpers                         42            9
flask.testing                         42            9
flask.ctx                             42           59
flask.json.tag                        42           22
flask.templating                      42           47
rich.text                             42           30
flask.json.provider                   42           45
rich.console                          42          171
rich.table                            42           27
rich.progress                         42           54
rich.pretty                           42            9
rich.syntax                           42           53
rich.markdown                         42           18
rich.color                            42           26
rich.traceback                        42           69
rich.segment                          42           60
rich.style                            42           69
rich.layout                           42           17
jinja2.filters                        42          139
jinja2.compiler                       42           29
jinja2.nodes                          42           11
jinja2.environment                    42           49
jinja2.runtime                        42           71
jinja2.parser                         42           13
jinja2.ext                            42            4
jinja2.lexer                          42          104
jinja2.utils                          42           11
jinja2.loaders                        42           25
jinja2.sandbox                        42           59
httpx._client                         42           41
httpx._models                         42           92
jinja2.bccache                        42            5
httpx._urls                           42           41
httpx._main                           42           79
httpx._urlparse                       42            4
httpx._api                            42            6
httpx._utils                          42           25
httpx._transports.default             42            5
httpx._config                         42           26
httpx._auth                           42           54
pydantic.types                        42          120
pydantic.json_schema                  42          266
pydantic.main                         42          168
pydantic.config                       42            1
pydantic.fields                       42          109
pydantic.functional_validators        42           36
pydantic.networks                     42           34
pydantic.color                        42           17
pydantic.type_adapter                 42           16
werkzeug.http                         42           18
pydantic.functional_serializers       42           22
werkzeug.serving                      42           11
werkzeug.datastructures.structures    42           13
werkzeug.routing.map                  42           44
werkzeug.routing.rules                42           16
werkzeug.exceptions                   42           20
werkzeug.wrappers.response            42           55
werkzeug.local                        42           30
werkzeug.utils                        42           16
werkzeug.sansio.response              42           64
werkzeug.wrappers.request             42           61
werkzeug.wsgi                         42           13
starlette.routing                     42            6
starlette.testclient                  42            4
starlette.requests                    42           35
starlette.datastructures              42           50
starlette.responses                   42           24
starlette.formparsers                 42            2
starlette.applications                42            8
starlette.staticfiles                 42           11
starlette.middleware.errors           42           10
starlette.templating                  42           24
starlette.middleware.base             42           31

======================================================================
STATISTICS
======================================================================

Per-strategy means (n=93):
  cov_greedy_multistep branches=  38.4 ± 4.3  lines=125.4  pass_rate=80%

Per-repo means:

  click (10 runs):
    cov_greedy_multistep mean=25.4

  flask (10 runs):
    cov_greedy_multistep mean=30.6

  httpx (10 runs):
    cov_greedy_multistep mean=37.3

  jinja2 (12 runs):
    cov_greedy_multistep mean=43.3

  pydantic (10 runs):
    cov_greedy_multistep mean=78.9

  requests (6 runs):
    cov_greedy_multistep mean=26.2

  rich (12 runs):
    cov_greedy_multistep mean=50.2

  starlette (11 runs):
    cov_greedy_multistep mean=18.6

  werkzeug (12 runs):
    cov_greedy_multistep mean=30.1

Cost: $0.0000 | Time: 6857s (114.3m)
Saved to /share/edc/home/aamayuelasfernandez/qcurious-tester/results/repo_explore_bench/exp3_multistep_gemma.json
