2026-06-04 20:12:36,928 INFO: RepoExploreBench: 93 targets across 9 repos
======================================================================
RepoExploreBench v2.0
  Targets: 93 files across 9 repos
  Strategies: ['cov_qvalue_calib']
  Seeds: [42]
  Exec budget: 24 per run
  Map mode: full
  Total runs: 93
======================================================================
  Connectivity: OK

  Fetching source code...
    click.core: 114085 chars
    click.types: 36390 chars
    click.termui: 28323 chars
    click.utils: 20295 chars
    click.shell_completion: 18459 chars
    click.decorators: 18718 chars
    click.parser: 19066 chars
    click.testing: 16083 chars
    click.formatting: 9705 chars
    click.exceptions: 9272 chars
    requests.utils: 33447 chars
    requests.models: 35222 chars
    requests.sessions: 30372 chars
    requests.cookies: 18559 chars
    requests.adapters: 19552 chars
    requests.auth: 10186 chars
    flask.app: 59200 chars
    flask.cli: 33820 chars
    flask.helpers: 22991 chars
    flask.ctx: 14840 chars
    flask.sessions: 14168 chars
    flask.config: 12855 chars
    flask.json.tag: 8870 chars
    flask.testing: 10016 chars
    flask.templating: 7537 chars
    flask.json.provider: 7639 chars
    rich.console: 99096 chars
    rich.progress: 59691 chars
    rich.text: 47302 chars
    rich.table: 39643 chars
    rich.pretty: 35811 chars
    rich.syntax: 35364 chars
    rich.markdown: 26159 chars
    rich.style: 27072 chars
    rich.traceback: 29466 chars
    rich.segment: 24209 chars
    rich.color: 18220 chars
    rich.layout: 13939 chars
    jinja2.compiler: 72198 chars
    jinja2.filters: 53861 chars
    jinja2.environment: 61252 chars
    jinja2.nodes: 34549 chars
    jinja2.runtime: 33405 chars
    jinja2.parser: 39735 chars
    jinja2.ext: 31843 chars
    jinja2.lexer: 29725 chars
    jinja2.utils: 23932 chars
    jinja2.loaders: 23084 chars
    jinja2.sandbox: 14583 chars
    jinja2.bccache: 14060 chars
    httpx._client: 67489 chars
    httpx._models: 42302 chars
    httpx._urls: 21747 chars
    httpx._main: 15634 chars
    httpx._urlparse: 17719 chars
    httpx._api: 12927 chars
    httpx._utils: 13857 chars
    httpx._transports.default: 13289 chars
    httpx._config: 12203 chars
    httpx._auth: 11829 chars
    pydantic.types: 89470 chars
    pydantic.json_schema: 102806 chars
    pydantic.main: 65891 chars
    pydantic.fields: 45929 chars
    pydantic.config: 29138 chars
    pydantic.networks: 21214 chars
    pydantic.functional_validators: 23599 chars
    pydantic.color: 21492 chars
    pydantic.type_adapter: 18033 chars
    pydantic.functional_serializers: 14619 chars
    werkzeug.http: 43362 chars
    werkzeug.serving: 39331 chars
    werkzeug.datastructures.structures: 31760 chars
    werkzeug.routing.map: 36349 chars
    werkzeug.routing.rules: 31894 chars
    werkzeug.exceptions: 26061 chars
    werkzeug.wrappers.response: 32586 chars
    werkzeug.sansio.response: 27646 chars
    werkzeug.utils: 24653 chars
    werkzeug.wrappers.request: 24619 chars
    werkzeug.local: 22002 chars
    werkzeug.wsgi: 20893 chars
    starlette.routing: 35752 chars
    starlette.testclient: 29843 chars
    starlette.datastructures: 23348 chars
    starlette.responses: 12650 chars
    starlette.requests: 11196 chars
    starlette.formparsers: 10433 chars
    starlette.applications: 10922 chars
    starlette.middleware.errors: 7937 chars
    starlette.staticfiles: 8723 chars
    starlette.templating: 8984 chars
    starlette.middleware.base: 8794 chars
  Fetched 93/93 modules

Running 93 targets with 8 workers...
2026-06-04 20:14:02,260 INFO: Plan 0: ḡ=2, γE[v]=5.0, Q=7.0
2026-06-04 20:14:02,409 INFO: Plan 1: ḡ=2, γE[v]=5.0, Q=7.0
2026-06-04 20:14:02,802 INFO: Plan 0: ḡ=0, γE[v]=0.0, Q=0.0
2026-06-04 20:14:02,842 INFO: Plan 1: ḡ=10, γE[v]=10.0, Q=20.0
2026-06-04 20:14:03,273 INFO: Plan 0: ḡ=2, γE[v]=5.0, Q=7.0
2026-06-04 20:14:03,555 INFO: Plan 0: ḡ=2, γE[v]=6.0, Q=8.0
2026-06-04 20:14:03,769 INFO: Plan 1: ḡ=4, γE[v]=20.0, Q=24.0
2026-06-04 20:14:03,859 INFO: Plan 0: ḡ=1, γE[v]=5.0, Q=6.0
2026-06-04 20:14:04,207 INFO: Plan 0: ḡ=0, γE[v]=0.0, Q=0.0
2026-06-04 20:14:04,320 INFO: Plan 0: ḡ=1, γE[v]=25.0, Q=26.0
2026-06-04 20:14:16,969 INFO: Plan 0: ḡ=1, γE[v]=0.0, Q=1.0
2026-06-04 20:14:17,417 INFO: Plan 1: ḡ=2, γE[v]=5.0, Q=7.0
2026-06-04 20:14:18,596 INFO: Plan 0: ḡ=2, γE[v]=5.0, Q=7.0
2026-06-04 20:14:20,322 INFO: Plan 1: ḡ=10, γE[v]=2.5, Q=12.5
2026-06-04 20:14:20,583 INFO: Plan 0: ḡ=10, γE[v]=2.5, Q=12.5
2026-06-04 20:14:27,412 INFO: Plan 1: ḡ=4, γE[v]=5.0, Q=9.0
2026-06-04 20:14:27,642 INFO: Plan 0: ḡ=12, γE[v]=10.0, Q=22.0
2026-06-04 20:14:33,921 INFO: Plan 0: ḡ=2, γE[v]=5.0, Q=7.0
2026-06-04 20:14:34,058 INFO: Plan 0: ḡ=0, γE[v]=10.0, Q=10.0
2026-06-04 20:14:35,000 INFO: Plan 2: ḡ=4, γE[v]=6.0, Q=10.0
2026-06-04 20:14:35,001 INFO: Plan 1: ḡ=2, γE[v]=4.0, Q=6.0
2026-06-04 20:14:35,591 INFO: Plan 0: ḡ=2, γE[v]=5.0, Q=7.0
2026-06-04 20:14:40,710 INFO: Plan 0: ḡ=1, γE[v]=2.5, Q=3.5
2026-06-04 20:14:47,903 INFO: Plan 0: ḡ=2, γE[v]=5.0, Q=7.0
2026-06-04 20:14:49,067 INFO: Plan 0: ḡ=1, γE[v]=22.5, Q=23.5
2026-06-04 20:14:49,094 INFO: Plan 1: ḡ=18, γE[v]=17.5, Q=35.5
2026-06-04 20:14:52,712 INFO: Plan 1: ḡ=2, γE[v]=2.0, Q=4.0
2026-06-04 20:14:52,979 INFO: Plan 0: ḡ=4, γE[v]=5.0, Q=9.0
2026-06-04 20:14:59,531 INFO: Plan 0: ḡ=2, γE[v]=5.0, Q=7.0
2026-06-04 20:15:00,604 INFO: Plan 0: ḡ=12, γE[v]=9.0, Q=21.0
2026-06-04 20:15:01,773 INFO: Plan 0: ḡ=2, γE[v]=5.0, Q=7.0
2026-06-04 20:15:08,486 INFO: Plan 0: ḡ=1, γE[v]=20.0, Q=21.0
2026-06-04 20:15:10,562 INFO: Plan 0: ḡ=5, γE[v]=17.5, Q=22.5
2026-06-04 20:15:12,466 INFO: Plan 0: ḡ=2, γE[v]=5.0, Q=7.0
2026-06-04 20:15:14,051 INFO: Plan 0: ḡ=2, γE[v]=1.5, Q=3.5
2026-06-04 20:15:16,166 INFO: Plan 2: ḡ=2, γE[v]=5.0, Q=7.0
2026-06-04 20:15:16,349 INFO: Plan 0: ḡ=1, γE[v]=25.0, Q=26.0
2026-06-04 20:15:16,553 INFO: Plan 1: ḡ=10, γE[v]=7.5, Q=17.5
2026-06-04 20:15:21,546 INFO: Plan 0: ḡ=0, γE[v]=0.0, Q=0.0
2026-06-04 20:15:23,760 INFO: Plan 0: ḡ=0, γE[v]=25.0, Q=25.0
2026-06-04 20:15:26,331 INFO: Plan 0: ḡ=18, γE[v]=16.0, Q=34.0
2026-06-04 20:15:26,383 INFO: Plan 0: ḡ=1, γE[v]=5.0, Q=6.0
2026-06-04 20:15:30,542 INFO: Plan 0: ḡ=2, γE[v]=2.5, Q=4.5
2026-06-04 20:15:34,213 INFO: Plan 0: ḡ=2, γE[v]=6.0, Q=8.0
2026-06-04 20:15:35,318 INFO: Plan 1: ḡ=5, γE[v]=5.0, Q=10.0
2026-06-04 20:15:35,786 INFO: Plan 0: ḡ=2, γE[v]=5.0, Q=7.0
2026-06-04 20:15:37,334 INFO: Plan 0: ḡ=4, γE[v]=5.0, Q=9.0
2026-06-04 20:15:45,622 INFO: Plan 0: ḡ=5, γE[v]=10.0, Q=15.0
2026-06-04 20:15:48,622 INFO: Plan 0: ḡ=8, γE[v]=10.0, Q=18.0
2026-06-04 20:15:52,344 INFO: Plan 0: ḡ=1, γE[v]=7.5, Q=8.5
2026-06-04 20:15:52,490 INFO: Plan 1: ḡ=4, γE[v]=5.0, Q=9.0
2026-06-04 20:15:56,055 INFO: Plan 0: ḡ=0, γE[v]=0.0, Q=0.0
2026-06-04 20:16:06,635 INFO: Plan 1: ḡ=10, γE[v]=7.5, Q=17.5
2026-06-04 20:16:06,891 INFO: Plan 0: ḡ=5, γE[v]=5.0, Q=10.0
2026-06-04 20:16:08,296 INFO: Plan 0: ḡ=12, γE[v]=17.5, Q=29.5
2026-06-04 20:16:09,252 INFO: Plan 0: ḡ=4, γE[v]=6.0, Q=10.0
2026-06-04 20:16:11,314 INFO: Plan 0: ḡ=10, γE[v]=10.0, Q=20.0
2026-06-04 20:16:12,955 INFO: Plan 0: ḡ=2, γE[v]=4.0, Q=6.0
2026-06-04 20:16:14,366 INFO: Plan 0: ḡ=12, γE[v]=10.0, Q=22.0
2026-06-04 20:16:27,721 INFO: Plan 0: ḡ=12, γE[v]=12.5, Q=24.5
2026-06-04 20:16:29,523 INFO: Plan 0: ḡ=0, γE[v]=0.0, Q=0.0
2026-06-04 20:16:34,603 INFO: Plan 0: ḡ=2, γE[v]=3.0, Q=5.0
2026-06-04 20:16:39,600 INFO: Plan 0: ḡ=2, γE[v]=5.0, Q=7.0
2026-06-04 20:16:41,707 INFO: Plan 0: ḡ=2, γE[v]=4.0, Q=6.0
2026-06-04 20:16:52,482 INFO: Plan 0: ḡ=18, γE[v]=17.5, Q=35.5
2026-06-04 20:16:52,655 INFO: Plan 0: ḡ=2, γE[v]=2.5, Q=4.5
2026-06-04 20:17:00,620 INFO: Plan 0: ḡ=0, γE[v]=0.0, Q=0.0
2026-06-04 20:17:10,623 INFO: Plan 0: ḡ=1, γE[v]=7.5, Q=8.5
2026-06-04 20:17:10,774 INFO: Plan 0: ḡ=2, γE[v]=5.0, Q=7.0
2026-06-04 20:17:15,600 INFO: Plan 0: ḡ=2, γE[v]=5.0, Q=7.0
2026-06-04 20:17:16,028 INFO: Plan 1: ḡ=1, γE[v]=7.5, Q=8.5
  [1/93] click.types seed=42: {'cov_qvalue_calib': 10}
2026-06-04 20:17:24,906 INFO: Plan 0: ḡ=2, γE[v]=5.0, Q=7.0
2026-06-04 20:17:30,307 INFO: Plan 1: ḡ=5, γE[v]=7.5, Q=12.5
2026-06-04 20:17:30,462 INFO: Plan 0: ḡ=5, γE[v]=7.5, Q=12.5
2026-06-04 20:17:31,452 INFO: Plan 1: ḡ=2, γE[v]=4.0, Q=6.0
2026-06-04 20:17:31,463 INFO: Plan 2: ḡ=6, γE[v]=6.0, Q=12.0
2026-06-04 20:17:31,488 INFO: Plan 0: ḡ=10, γE[v]=7.5, Q=17.5
2026-06-04 20:17:31,769 INFO: Plan 0: ḡ=2, γE[v]=5.0, Q=7.0
  [2/93] click.termui seed=42: {'cov_qvalue_calib': 23}
2026-06-04 20:17:37,933 INFO: Plan 0: ḡ=2, γE[v]=4.0, Q=6.0
2026-06-04 20:17:38,203 INFO: Plan 1: ḡ=3, γE[v]=2.5, Q=5.5
2026-06-04 20:17:38,555 INFO: Plan 0: ḡ=2, γE[v]=5.0, Q=7.0
2026-06-04 20:17:38,725 INFO: Plan 0: ḡ=0, γE[v]=0.0, Q=0.0
2026-06-04 20:17:40,361 INFO: Plan 0: ḡ=2, γE[v]=2.5, Q=4.5
  [3/93] click.shell_completion seed=42: {'cov_qvalue_calib': 12}
2026-06-04 20:17:46,056 INFO: Plan 0: ḡ=18, γE[v]=16.0, Q=34.0
2026-06-04 20:17:46,210 INFO: Plan 1: ḡ=5, γE[v]=5.0, Q=10.0
2026-06-04 20:17:46,286 INFO: Plan 0: ḡ=2, γE[v]=5.0, Q=7.0
2026-06-04 20:17:46,774 INFO: Plan 0: ḡ=4, γE[v]=7.5, Q=11.5
2026-06-04 20:17:46,818 INFO: Plan 1: ḡ=1, γE[v]=2.5, Q=3.5
  [4/93] click.parser seed=42: {'cov_qvalue_calib': 22}
2026-06-04 20:17:54,623 INFO: Plan 0: ḡ=2, γE[v]=2.5, Q=4.5
2026-06-04 20:17:57,547 INFO: Plan 0: ḡ=18, γE[v]=16.0, Q=34.0
  [5/93] click.core seed=42: {'cov_qvalue_calib': 247}
2026-06-04 20:18:01,959 INFO: Plan 0: ḡ=4, γE[v]=23.0, Q=27.0
2026-06-04 20:18:02,207 INFO: Plan 0: ḡ=0, γE[v]=5.0, Q=5.0
2026-06-04 20:18:04,005 INFO: Plan 0: ḡ=1, γE[v]=5.0, Q=6.0
  [6/93] click.testing seed=42: {'cov_qvalue_calib': 37}
2026-06-04 20:18:08,252 INFO: Plan 0: ḡ=2, γE[v]=2.5, Q=4.5
  [7/93] click.decorators seed=42: {'cov_qvalue_calib': 38}
2026-06-04 20:18:10,181 INFO: Plan 1: ḡ=2, γE[v]=5.0, Q=7.0
2026-06-04 20:18:10,552 INFO: Plan 0: ḡ=4, γE[v]=23.0, Q=27.0
  [8/93] click.utils seed=42: {'cov_qvalue_calib': 20}
2026-06-04 20:18:14,508 INFO: Plan 0: ḡ=1, γE[v]=0.0, Q=1.0
2026-06-04 20:18:14,625 INFO: Plan 2: ḡ=2, γE[v]=5.0, Q=7.0
2026-06-04 20:18:14,756 INFO: Plan 1: ḡ=0, γE[v]=0.0, Q=0.0
2026-06-04 20:18:14,921 INFO: Plan 1: ḡ=2, γE[v]=1.5, Q=3.5
2026-06-04 20:18:14,995 INFO: Plan 0: ḡ=0, γE[v]=0.0, Q=0.0
2026-06-04 20:18:16,832 INFO: Plan 0: ḡ=12, γE[v]=19.0, Q=31.0
2026-06-04 20:18:20,615 INFO: Plan 1: ḡ=4, γE[v]=5.0, Q=9.0
2026-06-04 20:18:21,408 INFO: Plan 0: ḡ=4, γE[v]=3.0, Q=7.0
2026-06-04 20:18:29,034 INFO: Plan 0: ḡ=3, γE[v]=20.0, Q=23.0
2026-06-04 20:18:31,265 INFO: Plan 0: ḡ=12, γE[v]=9.0, Q=21.0
2026-06-04 20:18:36,413 INFO: Plan 1: ḡ=2, γE[v]=2.5, Q=4.5
2026-06-04 20:18:36,643 INFO: Plan 0: ḡ=2, γE[v]=5.0, Q=7.0
2026-06-04 20:18:37,839 INFO: Plan 0: ḡ=2, γE[v]=20.0, Q=22.0
2026-06-04 20:18:38,660 INFO: Plan 1: ḡ=2, γE[v]=5.0, Q=7.0
2026-06-04 20:18:39,271 INFO: Plan 0: ḡ=18, γE[v]=16.0, Q=34.0
2026-06-04 20:18:40,317 INFO: Plan 0: ḡ=4, γE[v]=7.5, Q=11.5
2026-06-04 20:18:52,397 INFO: Plan 0: ḡ=12, γE[v]=19.0, Q=31.0
2026-06-04 20:18:54,273 INFO: Plan 0: ḡ=4, γE[v]=10.0, Q=14.0
2026-06-04 20:18:57,910 INFO: Plan 0: ḡ=2, γE[v]=5.0, Q=7.0
2026-06-04 20:19:00,320 INFO: Plan 1: ḡ=8, γE[v]=7.5, Q=15.5
2026-06-04 20:19:00,381 INFO: Plan 0: ḡ=12, γE[v]=17.5, Q=29.5
2026-06-04 20:19:02,890 INFO: Plan 0: ḡ=0, γE[v]=2.5, Q=2.5
2026-06-04 20:19:05,116 INFO: Plan 0: ḡ=3, γE[v]=5.0, Q=8.0
2026-06-04 20:19:05,330 INFO: Plan 0: ḡ=8, γE[v]=17.5, Q=25.5
2026-06-04 20:19:05,645 INFO: Plan 1: ḡ=2, γE[v]=5.0, Q=7.0
2026-06-04 20:19:07,232 INFO: Plan 0: ḡ=2, γE[v]=7.5, Q=9.5
2026-06-04 20:19:08,835 INFO: Plan 0: ḡ=8, γE[v]=17.5, Q=25.5
2026-06-04 20:19:08,849 INFO: Plan 1: ḡ=12, γE[v]=17.5, Q=29.5
2026-06-04 20:19:18,184 INFO: Plan 0: ḡ=18, γE[v]=16.0, Q=34.0
2026-06-04 20:19:18,493 INFO: Plan 1: ḡ=18, γE[v]=16.0, Q=34.0
2026-06-04 20:19:20,687 INFO: Plan 0: ḡ=2, γE[v]=5.0, Q=7.0
2026-06-04 20:19:21,966 INFO: Plan 0: ḡ=10, γE[v]=10.0, Q=20.0
2026-06-04 20:19:26,760 INFO: Plan 0: ḡ=12, γE[v]=7.5, Q=19.5
2026-06-04 20:19:27,849 INFO: Plan 0: ḡ=14, γE[v]=16.0, Q=30.0
2026-06-04 20:19:28,264 INFO: Plan 1: ḡ=12, γE[v]=15.0, Q=27.0
2026-06-04 20:19:28,772 INFO: Plan 0: ḡ=2, γE[v]=5.0, Q=7.0
2026-06-04 20:19:29,181 INFO: Plan 1: ḡ=2, γE[v]=5.0, Q=7.0
2026-06-04 20:19:29,833 INFO: Plan 0: ḡ=2, γE[v]=0.0, Q=2.0
2026-06-04 20:19:41,116 INFO: Plan 0: ḡ=2, γE[v]=5.0, Q=7.0
2026-06-04 20:19:41,385 INFO: Plan 0: ḡ=0, γE[v]=0.0, Q=0.0
2026-06-04 20:19:42,123 INFO: Plan 0: ḡ=0, γE[v]=0.0, Q=0.0
2026-06-04 20:19:46,568 INFO: Plan 0: ḡ=2, γE[v]=5.0, Q=7.0
2026-06-04 20:19:49,158 INFO: Plan 0: ḡ=3, γE[v]=22.5, Q=25.5
2026-06-04 20:19:56,041 INFO: Plan 0: ḡ=18, γE[v]=11.0, Q=29.0
2026-06-04 20:19:57,142 INFO: Plan 0: ḡ=12, γE[v]=15.0, Q=27.0
2026-06-04 20:20:00,538 INFO: Plan 2: ḡ=12, γE[v]=17.5, Q=29.5
2026-06-04 20:20:00,653 INFO: Plan 1: ḡ=8, γE[v]=10.0, Q=18.0
2026-06-04 20:20:00,895 INFO: Plan 0: ḡ=4, γE[v]=6.0, Q=10.0
2026-06-04 20:20:01,620 INFO: Plan 1: ḡ=1, γE[v]=2.5, Q=3.5
2026-06-04 20:20:01,889 INFO: Plan 0: ḡ=1, γE[v]=2.5, Q=3.5
2026-06-04 20:20:09,908 INFO: Plan 0: ḡ=12, γE[v]=17.5, Q=29.5
2026-06-04 20:20:13,329 INFO: Plan 0: ḡ=4, γE[v]=15.0, Q=19.0
2026-06-04 20:20:13,669 INFO: Plan 1: ḡ=18, γE[v]=16.0, Q=34.0
2026-06-04 20:20:23,802 INFO: Plan 0: ḡ=12, γE[v]=17.5, Q=29.5
2026-06-04 20:20:27,246 INFO: Plan 0: ḡ=12, γE[v]=17.5, Q=29.5
2026-06-04 20:20:27,285 INFO: Plan 1: ḡ=0, γE[v]=0.0, Q=0.0
2026-06-04 20:20:32,625 INFO: Plan 0: ḡ=12, γE[v]=9.0, Q=21.0
2026-06-04 20:20:33,890 INFO: Plan 0: ḡ=1, γE[v]=2.0, Q=3.0
2026-06-04 20:20:34,592 INFO: Plan 0: ḡ=0, γE[v]=0.0, Q=0.0
2026-06-04 20:20:38,032 INFO: Plan 0: ḡ=2, γE[v]=6.0, Q=8.0
2026-06-04 20:20:38,264 INFO: Plan 1: ḡ=2, γE[v]=5.0, Q=7.0
2026-06-04 20:20:42,694 INFO: Plan 0: ḡ=12, γE[v]=9.0, Q=21.0
2026-06-04 20:20:43,208 INFO: Plan 1: ḡ=5, γE[v]=7.5, Q=12.5
2026-06-04 20:20:44,717 INFO: Plan 1: ḡ=2, γE[v]=5.0, Q=7.0
2026-06-04 20:20:44,761 INFO: Plan 2: ḡ=2, γE[v]=6.0, Q=8.0
2026-06-04 20:20:45,108 INFO: Plan 0: ḡ=4, γE[v]=6.0, Q=10.0
2026-06-04 20:20:49,590 INFO: Plan 0: ḡ=2, γE[v]=6.0, Q=8.0
2026-06-04 20:20:51,622 INFO: Plan 2: ḡ=12, γE[v]=15.0, Q=27.0
2026-06-04 20:20:51,632 INFO: Plan 1: ḡ=2, γE[v]=4.0, Q=6.0
2026-06-04 20:20:52,099 INFO: Plan 0: ḡ=18, γE[v]=11.0, Q=29.0
2026-06-04 20:21:03,580 INFO: Plan 0: ḡ=0, γE[v]=0.0, Q=0.0
2026-06-04 20:21:03,927 INFO: Plan 0: ḡ=2, γE[v]=5.0, Q=7.0
2026-06-04 20:21:08,077 INFO: Plan 0: ḡ=0, γE[v]=0.0, Q=0.0
  [9/93] click.exceptions seed=42: {'cov_qvalue_calib': 15}
2026-06-04 20:21:14,212 INFO: Plan 0: ḡ=12, γE[v]=14.0, Q=26.0
2026-06-04 20:21:15,995 INFO: Plan 1: ḡ=12, γE[v]=10.0, Q=22.0
2026-06-04 20:21:16,745 INFO: Plan 0: ḡ=2, γE[v]=4.0, Q=6.0
2026-06-04 20:21:18,352 INFO: Plan 0: ḡ=12, γE[v]=10.0, Q=22.0
2026-06-04 20:21:18,451 INFO: Plan 0: ḡ=0, γE[v]=0.0, Q=0.0
2026-06-04 20:21:19,158 INFO: Plan 1: ḡ=1, γE[v]=0.0, Q=1.0
2026-06-04 20:21:22,555 INFO: Plan 0: ḡ=2, γE[v]=1.0, Q=3.0
2026-06-04 20:21:29,428 INFO: Plan 0: ḡ=12, γE[v]=14.0, Q=26.0
2026-06-04 20:21:34,324 INFO: Plan 0: ḡ=2, γE[v]=5.0, Q=7.0
2026-06-04 20:21:34,548 INFO: Plan 1: ḡ=2, γE[v]=5.0, Q=7.0
2026-06-04 20:21:36,873 INFO: Plan 0: ḡ=0, γE[v]=0.0, Q=0.0
  [10/93] requests.utils seed=42: {'cov_qvalue_calib': 62}
  [11/93] requests.models seed=42: {'cov_qvalue_calib': 127}
2026-06-04 20:21:45,263 INFO: Plan 0: ḡ=2, γE[v]=5.0, Q=7.0
2026-06-04 20:21:48,506 INFO: Plan 0: ḡ=1, γE[v]=5.0, Q=6.0
2026-06-04 20:21:51,173 INFO: Plan 1: ḡ=0, γE[v]=0.0, Q=0.0
2026-06-04 20:21:51,288 INFO: Plan 0: ḡ=12, γE[v]=9.0, Q=21.0
2026-06-04 20:21:51,585 INFO: Plan 2: ḡ=12, γE[v]=10.0, Q=22.0
2026-06-04 20:21:51,729 INFO: Plan 0: ḡ=2, γE[v]=5.0, Q=7.0
2026-06-04 20:21:52,245 INFO: Plan 0: ḡ=2, γE[v]=5.0, Q=7.0
2026-06-04 20:21:52,434 INFO: Plan 0: ḡ=2, γE[v]=2.0, Q=4.0
  [12/93] requests.auth seed=42: {'cov_qvalue_calib': 48}
2026-06-04 20:21:59,754 INFO: Plan 0: ḡ=18, γE[v]=17.5, Q=35.5
2026-06-04 20:21:59,801 INFO: Plan 1: ḡ=2, γE[v]=5.0, Q=7.0
2026-06-04 20:22:02,832 INFO: Plan 1: ḡ=6, γE[v]=6.0, Q=12.0
2026-06-04 20:22:02,894 INFO: Plan 0: ḡ=4, γE[v]=6.0, Q=10.0
2026-06-04 20:22:03,022 INFO: Plan 2: ḡ=5, γE[v]=7.5, Q=12.5
  [13/93] click.formatting seed=42: {'cov_qvalue_calib': 46}
  [14/93] requests.cookies seed=42: {'cov_qvalue_calib': 8}
2026-06-04 20:22:08,754 INFO: Plan 0: ḡ=2, γE[v]=3.0, Q=5.0
2026-06-04 20:22:09,006 INFO: Plan 1: ḡ=2, γE[v]=5.0, Q=7.0
2026-06-04 20:22:09,496 INFO: Plan 0: ḡ=0, γE[v]=0.0, Q=0.0
2026-06-04 20:22:14,228 INFO: Plan 0: ḡ=0, γE[v]=0.0, Q=0.0
2026-06-04 20:22:24,569 INFO: Plan 0: ḡ=4, γE[v]=7.5, Q=11.5
2026-06-04 20:22:24,841 INFO: Plan 0: ḡ=18, γE[v]=16.0, Q=34.0
2026-06-04 20:22:25,030 INFO: Plan 1: ḡ=0, γE[v]=0.0, Q=0.0
2026-06-04 20:22:25,092 INFO: Plan 1: ḡ=12, γE[v]=17.5, Q=29.5
2026-06-04 20:22:25,139 INFO: Plan 0: ḡ=0, γE[v]=25.0, Q=25.0
2026-06-04 20:22:25,178 INFO: Plan 0: ḡ=2, γE[v]=6.0, Q=8.0
2026-06-04 20:22:27,716 INFO: Plan 1: ḡ=2, γE[v]=2.0, Q=4.0
2026-06-04 20:22:28,325 INFO: Plan 0: ḡ=2, γE[v]=3.0, Q=5.0
2026-06-04 20:22:28,411 INFO: Plan 0: ḡ=2, γE[v]=2.5, Q=4.5
  [15/93] requests.sessions seed=42: {'cov_qvalue_calib': 28}
2026-06-04 20:22:42,732 INFO: Plan 0: ḡ=12, γE[v]=14.0, Q=26.0
2026-06-04 20:22:43,056 INFO: Plan 0: ḡ=2, γE[v]=24.5, Q=26.5
2026-06-04 20:22:43,802 INFO: Plan 1: ḡ=1, γE[v]=7.5, Q=8.5
2026-06-04 20:22:44,416 INFO: Plan 0: ḡ=2, γE[v]=5.0, Q=7.0
2026-06-04 20:22:48,652 INFO: Plan 1: ḡ=0, γE[v]=5.0, Q=5.0
2026-06-04 20:22:48,801 INFO: Plan 0: ḡ=12, γE[v]=10.0, Q=22.0
  [16/93] requests.adapters seed=42: {'cov_qvalue_calib': 10}
2026-06-04 20:22:52,862 INFO: Plan 0: ḡ=2, γE[v]=5.0, Q=7.0
2026-06-04 20:22:55,292 INFO: Plan 0: ḡ=0, γE[v]=0.0, Q=0.0
2026-06-04 20:22:56,256 INFO: Plan 1: ḡ=12, γE[v]=9.0, Q=21.0
2026-06-04 20:22:56,279 INFO: Plan 0: ḡ=12, γE[v]=12.0, Q=24.0
2026-06-04 20:22:56,442 INFO: Plan 2: ḡ=2, γE[v]=5.0, Q=7.0
2026-06-04 20:22:57,305 INFO: Plan 0: ḡ=5, γE[v]=20.0, Q=25.0
2026-06-04 20:23:00,204 INFO: Plan 0: ḡ=2, γE[v]=5.0, Q=7.0
2026-06-04 20:23:01,097 INFO: Plan 1: ḡ=1, γE[v]=10.0, Q=11.0
2026-06-04 20:23:05,284 INFO: Plan 0: ḡ=1, γE[v]=0.0, Q=1.0
2026-06-04 20:23:10,088 INFO: Plan 0: ḡ=22, γE[v]=0.0, Q=22.0
2026-06-04 20:23:10,530 INFO: Plan 1: ḡ=2, γE[v]=4.0, Q=6.0
2026-06-04 20:23:10,569 INFO: Plan 0: ḡ=10, γE[v]=10.0, Q=20.0
2026-06-04 20:23:13,167 INFO: Plan 0: ḡ=4, γE[v]=12.5, Q=16.5
2026-06-04 20:23:16,861 INFO: Plan 0: ḡ=1, γE[v]=5.0, Q=6.0
2026-06-04 20:23:27,860 INFO: Plan 0: ḡ=0, γE[v]=0.0, Q=0.0
2026-06-04 20:23:28,817 INFO: Plan 0: ḡ=18, γE[v]=16.0, Q=34.0
2026-06-04 20:23:35,902 INFO: Plan 1: ḡ=2, γE[v]=5.0, Q=7.0
2026-06-04 20:23:35,964 INFO: Plan 0: ḡ=12, γE[v]=9.0, Q=21.0
2026-06-04 20:23:39,009 INFO: Plan 0: ḡ=5, γE[v]=10.0, Q=15.0
2026-06-04 20:23:39,486 INFO: Plan 1: ḡ=2, γE[v]=12.5, Q=14.5
2026-06-04 20:23:52,083 INFO: Plan 0: ḡ=2, γE[v]=5.0, Q=7.0
2026-06-04 20:23:57,996 INFO: Plan 0: ḡ=2, γE[v]=5.0, Q=7.0
2026-06-04 20:24:11,746 INFO: Plan 0: ḡ=3, γE[v]=10.0, Q=13.0
2026-06-04 20:24:19,802 INFO: Plan 0: ḡ=1, γE[v]=7.5, Q=8.5
2026-06-04 20:24:25,273 INFO: Plan 0: ḡ=2, γE[v]=5.0, Q=7.0
2026-06-04 20:24:25,793 INFO: Plan 1: ḡ=2, γE[v]=6.0, Q=8.0
2026-06-04 20:24:37,511 INFO: Plan 1: ḡ=0, γE[v]=0.0, Q=0.0
2026-06-04 20:24:38,706 INFO: Plan 0: ḡ=18, γE[v]=16.0, Q=34.0
2026-06-04 20:24:41,045 INFO: Plan 0: ḡ=2, γE[v]=5.0, Q=7.0
2026-06-04 20:24:42,560 INFO: Plan 1: ḡ=2, γE[v]=9.0, Q=11.0
2026-06-04 20:24:42,676 INFO: Plan 0: ḡ=0, γE[v]=0.0, Q=0.0
2026-06-04 20:24:55,166 INFO: Plan 0: ḡ=2, γE[v]=6.0, Q=8.0
2026-06-04 20:24:59,608 INFO: Plan 0: ḡ=3, γE[v]=7.5, Q=10.5
2026-06-04 20:25:01,287 INFO: Plan 0: ḡ=2, γE[v]=4.0, Q=6.0
2026-06-04 20:25:10,587 INFO: Plan 0: ḡ=2, γE[v]=5.0, Q=7.0
2026-06-04 20:25:14,386 INFO: Plan 0: ḡ=2, γE[v]=5.0, Q=7.0
2026-06-04 20:25:18,974 INFO: Plan 1: ḡ=1, γE[v]=2.5, Q=3.5
  [17/93] flask.app seed=42: {'cov_qvalue_calib': 183}
2026-06-04 20:25:19,341 INFO: Plan 0: ḡ=1, γE[v]=2.5, Q=3.5
2026-06-04 20:25:28,265 INFO: Plan 0: ḡ=0, γE[v]=2.0, Q=2.0
2026-06-04 20:25:28,350 INFO: Plan 1: ḡ=2, γE[v]=3.0, Q=5.0
2026-06-04 20:25:31,135 INFO: Plan 0: ḡ=2, γE[v]=5.0, Q=7.0
2026-06-04 20:25:35,093 INFO: Plan 0: ḡ=2, γE[v]=5.0, Q=7.0
2026-06-04 20:25:35,431 INFO: Plan 0: ḡ=0, γE[v]=0.0, Q=0.0
2026-06-04 20:25:35,602 INFO: Plan 1: ḡ=12, γE[v]=9.0, Q=21.0
2026-06-04 20:25:43,887 INFO: Plan 0: ḡ=1, γE[v]=1.5, Q=2.5
  [18/93] flask.helpers seed=42: {'cov_qvalue_calib': 10}
2026-06-04 20:25:45,494 INFO: Plan 0: ḡ=2, γE[v]=5.0, Q=7.0
2026-06-04 20:25:49,509 INFO: Plan 0: ḡ=0, γE[v]=1.0, Q=1.0
2026-06-04 20:25:50,902 INFO: Plan 0: ḡ=1, γE[v]=7.5, Q=8.5
  [19/93] flask.ctx seed=42: {'cov_qvalue_calib': 60}
2026-06-04 20:25:53,011 INFO: Plan 1: ḡ=0, γE[v]=0.0, Q=0.0
2026-06-04 20:25:53,407 INFO: Plan 0: ḡ=0, γE[v]=0.0, Q=0.0
2026-06-04 20:25:53,408 INFO: Plan 2: ḡ=0, γE[v]=0.0, Q=0.0
  [20/93] flask.sessions seed=42: {'cov_qvalue_calib': 4}
2026-06-04 20:25:57,972 INFO: Plan 0: ḡ=2, γE[v]=2.0, Q=4.0
2026-06-04 20:25:58,316 INFO: Plan 0: ḡ=3, γE[v]=10.0, Q=13.0
2026-06-04 20:26:02,607 INFO: Plan 1: ḡ=12, γE[v]=19.0, Q=31.0
2026-06-04 20:26:03,278 INFO: Plan 0: ḡ=0, γE[v]=0.0, Q=0.0
2026-06-04 20:26:08,397 INFO: Plan 0: ḡ=5, γE[v]=5.0, Q=10.0
2026-06-04 20:26:08,722 INFO: Plan 1: ḡ=0, γE[v]=2.5, Q=2.5
2026-06-04 20:26:12,698 INFO: Plan 2: ḡ=1, γE[v]=2.5, Q=3.5
2026-06-04 20:26:12,723 INFO: Plan 0: ḡ=12, γE[v]=22.5, Q=34.5
2026-06-04 20:26:12,875 INFO: Plan 1: ḡ=3, γE[v]=23.5, Q=26.5
  [21/93] flask.json.tag seed=42: {'cov_qvalue_calib': 23}
2026-06-04 20:26:20,117 INFO: Plan 0: ḡ=5, γE[v]=7.5, Q=12.5
2026-06-04 20:26:26,744 INFO: Plan 0: ḡ=1, γE[v]=2.5, Q=3.5
2026-06-04 20:26:28,755 INFO: Plan 0: ḡ=2, γE[v]=5.0, Q=7.0
2026-06-04 20:26:28,908 INFO: Plan 0: ḡ=15, γE[v]=17.5, Q=32.5
2026-06-04 20:26:29,895 INFO: Plan 0: ḡ=2, γE[v]=2.5, Q=4.5
2026-06-04 20:26:33,952 INFO: Plan 1: ḡ=2, γE[v]=5.0, Q=7.0
2026-06-04 20:26:34,068 INFO: Plan 0: ḡ=2, γE[v]=5.0, Q=7.0
2026-06-04 20:26:34,348 INFO: Plan 0: ḡ=5, γE[v]=7.5, Q=12.5
2026-06-04 20:26:37,867 INFO: Plan 0: ḡ=12, γE[v]=22.5, Q=34.5
2026-06-04 20:26:38,114 INFO: Plan 1: ḡ=32, γE[v]=21.0, Q=53.0
2026-06-04 20:26:38,346 INFO: Plan 0: ḡ=2, γE[v]=6.0, Q=8.0
2026-06-04 20:26:40,549 INFO: Plan 0: ḡ=1, γE[v]=1.5, Q=2.5
2026-06-04 20:26:42,926 INFO: Plan 0: ḡ=1, γE[v]=1.0, Q=2.0
2026-06-04 20:26:43,405 INFO: Plan 0: ḡ=2, γE[v]=2.5, Q=4.5
2026-06-04 20:26:48,323 INFO: Plan 0: ḡ=12, γE[v]=17.5, Q=29.5
2026-06-04 20:26:48,560 INFO: Plan 0: ḡ=2, γE[v]=6.0, Q=8.0
2026-06-04 20:26:55,499 INFO: Plan 0: ḡ=1, γE[v]=2.5, Q=3.5
2026-06-04 20:26:55,654 INFO: Plan 1: ḡ=2, γE[v]=2.0, Q=4.0
2026-06-04 20:26:55,992 INFO: Plan 0: ḡ=2, γE[v]=2.5, Q=4.5
2026-06-04 20:26:56,080 INFO: Plan 1: ḡ=1, γE[v]=2.0, Q=3.0
2026-06-04 20:27:03,907 INFO: Plan 0: ḡ=12, γE[v]=14.0, Q=26.0
2026-06-04 20:27:04,554 INFO: Plan 0: ḡ=18, γE[v]=16.0, Q=34.0
2026-06-04 20:27:04,567 INFO: Plan 1: ḡ=10, γE[v]=15.0, Q=25.0
2026-06-04 20:27:04,740 INFO: Plan 0: ḡ=2, γE[v]=24.0, Q=26.0
2026-06-04 20:27:05,938 INFO: Plan 0: ḡ=12, γE[v]=15.0, Q=27.0
2026-06-04 20:27:10,434 INFO: Plan 0: ḡ=2, γE[v]=5.0, Q=7.0
2026-06-04 20:27:13,228 INFO: Plan 0: ḡ=2, γE[v]=25.0, Q=27.0
  [22/93] flask.config seed=42: {'cov_qvalue_calib': 57}
  [23/93] flask.testing seed=42: {'cov_qvalue_calib': 9}
2026-06-04 20:27:15,724 INFO: Plan 0: ḡ=1, γE[v]=2.5, Q=3.5
  [24/93] flask.cli seed=42: {'cov_qvalue_calib': 78}
2026-06-04 20:27:20,658 INFO: Plan 0: ḡ=0, γE[v]=0.0, Q=0.0
2026-06-04 20:27:23,876 INFO: Plan 0: ḡ=12, γE[v]=19.0, Q=31.0
2026-06-04 20:27:24,021 INFO: Plan 0: ḡ=2, γE[v]=24.0, Q=26.0
2026-06-04 20:27:24,447 INFO: Plan 1: ḡ=12, γE[v]=19.0, Q=31.0
2026-06-04 20:27:24,925 INFO: Plan 0: ḡ=12, γE[v]=17.5, Q=29.5
2026-06-04 20:27:25,353 INFO: Plan 2: ḡ=12, γE[v]=9.0, Q=21.0
2026-06-04 20:27:25,354 INFO: Plan 1: ḡ=12, γE[v]=17.5, Q=29.5
2026-06-04 20:27:30,885 INFO: Plan 0: ḡ=18, γE[v]=16.0, Q=34.0
2026-06-04 20:27:39,912 INFO: Plan 0: ḡ=12, γE[v]=17.5, Q=29.5
2026-06-04 20:27:40,986 INFO: Plan 0: ḡ=2, γE[v]=25.0, Q=27.0
2026-06-04 20:27:41,314 INFO: Plan 0: ḡ=1, γE[v]=1.0, Q=2.0
2026-06-04 20:27:43,977 INFO: Plan 1: ḡ=25, γE[v]=17.5, Q=42.5
2026-06-04 20:27:44,393 INFO: Plan 0: ḡ=28, γE[v]=21.0, Q=49.0
2026-06-04 20:27:44,893 INFO: Plan 0: ḡ=0, γE[v]=0.0, Q=0.0
2026-06-04 20:27:45,508 INFO: Plan 1: ḡ=5, γE[v]=12.5, Q=17.5
2026-06-04 20:27:53,017 INFO: Plan 0: ḡ=2, γE[v]=4.0, Q=6.0
2026-06-04 20:27:54,706 INFO: Plan 0: ḡ=5, γE[v]=7.5, Q=12.5
2026-06-04 20:27:54,840 INFO: Plan 1: ḡ=0, γE[v]=5.0, Q=5.0
2026-06-04 20:27:57,556 INFO: Plan 0: ḡ=2, γE[v]=5.0, Q=7.0
2026-06-04 20:28:02,576 INFO: Plan 0: ḡ=0, γE[v]=10.0, Q=10.0
2026-06-04 20:28:06,913 INFO: Plan 0: ḡ=1, γE[v]=0.0, Q=1.0
2026-06-04 20:28:09,215 INFO: Plan 0: ḡ=12, γE[v]=17.5, Q=29.5
2026-06-04 20:28:11,046 INFO: Plan 0: ḡ=18, γE[v]=16.0, Q=34.0
2026-06-04 20:28:11,581 INFO: Plan 1: ḡ=12, γE[v]=17.5, Q=29.5
2026-06-04 20:28:12,313 INFO: Plan 0: ḡ=0, γE[v]=2.5, Q=2.5
2026-06-04 20:28:12,524 INFO: Plan 0: ḡ=12, γE[v]=17.5, Q=29.5
2026-06-04 20:28:12,773 INFO: Plan 0: ḡ=28, γE[v]=17.5, Q=45.5
2026-06-04 20:28:12,789 INFO: Plan 1: ḡ=18, γE[v]=16.0, Q=34.0
2026-06-04 20:28:12,799 INFO: Plan 2: ḡ=12, γE[v]=17.5, Q=29.5
2026-06-04 20:28:15,775 INFO: Plan 0: ḡ=0, γE[v]=0.0, Q=0.0
2026-06-04 20:28:16,107 INFO: Plan 1: ḡ=2, γE[v]=6.0, Q=8.0
2026-06-04 20:28:19,700 INFO: Plan 0: ḡ=0, γE[v]=0.0, Q=0.0
2026-06-04 20:28:26,349 INFO: Plan 0: ḡ=0, γE[v]=5.0, Q=5.0
2026-06-04 20:28:27,174 INFO: Plan 0: ḡ=5, γE[v]=22.5, Q=27.5
2026-06-04 20:28:29,701 INFO: Plan 0: ḡ=2, γE[v]=5.0, Q=7.0
2026-06-04 20:28:29,837 INFO: Plan 1: ḡ=5, γE[v]=15.0, Q=20.0
2026-06-04 20:28:32,645 INFO: Plan 0: ḡ=0, γE[v]=0.0, Q=0.0
2026-06-04 20:28:35,983 INFO: Plan 0: ḡ=12, γE[v]=17.5, Q=29.5
2026-06-04 20:28:41,148 INFO: Plan 0: ḡ=12, γE[v]=17.5, Q=29.5
2026-06-04 20:28:42,186 INFO: Plan 0: ḡ=2, γE[v]=5.0, Q=7.0
2026-06-04 20:28:42,830 INFO: Plan 1: ḡ=10, γE[v]=10.0, Q=20.0
2026-06-04 20:28:42,879 INFO: Plan 0: ḡ=8, γE[v]=11.0, Q=19.0
2026-06-04 20:28:46,271 INFO: Plan 0: ḡ=2, γE[v]=24.0, Q=26.0
2026-06-04 20:28:46,750 INFO: Plan 1: ḡ=10, γE[v]=12.5, Q=22.5
2026-06-04 20:28:46,860 INFO: Plan 0: ḡ=12, γE[v]=14.0, Q=26.0
2026-06-04 20:28:50,256 INFO: Plan 1: ḡ=5, γE[v]=7.5, Q=12.5
2026-06-04 20:28:50,603 INFO: Plan 0: ḡ=12, γE[v]=14.0, Q=26.0
2026-06-04 20:28:51,142 INFO: Plan 0: ḡ=12, γE[v]=9.0, Q=21.0
2026-06-04 20:28:55,782 INFO: Plan 0: ḡ=12, γE[v]=17.5, Q=29.5
2026-06-04 20:29:00,387 INFO: Plan 1: ḡ=2, γE[v]=24.0, Q=26.0
2026-06-04 20:29:00,425 INFO: Plan 0: ḡ=8, γE[v]=16.0, Q=24.0
2026-06-04 20:29:05,208 INFO: Plan 0: ḡ=12, γE[v]=17.5, Q=29.5
2026-06-04 20:29:08,502 INFO: Plan 0: ḡ=12, γE[v]=14.0, Q=26.0
2026-06-04 20:29:12,399 INFO: Plan 1: ḡ=8, γE[v]=12.5, Q=20.5
2026-06-04 20:29:12,470 INFO: Plan 0: ḡ=18, γE[v]=17.5, Q=35.5
2026-06-04 20:29:13,750 INFO: Plan 0: ḡ=1, γE[v]=2.5, Q=3.5
2026-06-04 20:29:14,950 INFO: Plan 0: ḡ=18, γE[v]=16.0, Q=34.0
2026-06-04 20:29:23,653 INFO: Plan 0: ḡ=22, γE[v]=17.5, Q=39.5
2026-06-04 20:29:24,393 INFO: Plan 0: ḡ=5, γE[v]=5.0, Q=10.0
2026-06-04 20:29:25,239 INFO: Plan 0: ḡ=4, γE[v]=5.0, Q=9.0
2026-06-04 20:29:26,722 INFO: Plan 0: ḡ=12, γE[v]=17.5, Q=29.5
2026-06-04 20:29:26,981 INFO: Plan 1: ḡ=12, γE[v]=19.0, Q=31.0
2026-06-04 20:29:27,825 INFO: Plan 0: ḡ=2, γE[v]=4.0, Q=6.0
2026-06-04 20:29:28,016 INFO: Plan 0: ḡ=5, γE[v]=17.5, Q=22.5
  [25/93] flask.json.provider seed=42: {'cov_qvalue_calib': 46}
2026-06-04 20:29:39,765 INFO: Plan 0: ḡ=18, γE[v]=16.0, Q=34.0
2026-06-04 20:29:39,924 INFO: Plan 1: ḡ=2, γE[v]=5.0, Q=7.0
2026-06-04 20:29:44,450 INFO: Plan 0: ḡ=0, γE[v]=5.0, Q=5.0
2026-06-04 20:29:45,348 INFO: Plan 1: ḡ=5, γE[v]=7.5, Q=12.5
2026-06-04 20:29:45,372 INFO: Plan 0: ḡ=2, γE[v]=5.0, Q=7.0
2026-06-04 20:29:46,064 INFO: Plan 0: ḡ=2, γE[v]=4.0, Q=6.0
2026-06-04 20:29:46,866 INFO: Plan 0: ḡ=12, γE[v]=17.5, Q=29.5
2026-06-04 20:29:47,136 INFO: Plan 1: ḡ=12, γE[v]=17.5, Q=29.5
2026-06-04 20:29:48,246 INFO: Plan 1: ḡ=12, γE[v]=14.0, Q=26.0
2026-06-04 20:29:48,625 INFO: Plan 0: ḡ=12, γE[v]=17.5, Q=29.5
2026-06-04 20:29:52,749 INFO: Plan 0: ḡ=12, γE[v]=19.0, Q=31.0
  [26/93] flask.templating seed=42: {'cov_qvalue_calib': 50}
2026-06-04 20:30:02,777 INFO: Plan 0: ḡ=5, γE[v]=7.5, Q=12.5
2026-06-04 20:30:03,540 INFO: Plan 1: ḡ=2, γE[v]=24.0, Q=26.0
2026-06-04 20:30:03,676 INFO: Plan 0: ḡ=2, γE[v]=24.0, Q=26.0
2026-06-04 20:30:09,184 INFO: Plan 0: ḡ=12, γE[v]=14.0, Q=26.0
2026-06-04 20:30:12,213 INFO: Plan 1: ḡ=12, γE[v]=19.0, Q=31.0
2026-06-04 20:30:12,291 INFO: Plan 0: ḡ=5, γE[v]=17.5, Q=22.5
2026-06-04 20:30:14,813 INFO: Plan 0: ḡ=5, γE[v]=7.5, Q=12.5
2026-06-04 20:30:16,944 INFO: Plan 0: ḡ=12, γE[v]=17.5, Q=29.5
2026-06-04 20:30:19,322 INFO: Plan 0: ḡ=18, γE[v]=16.0, Q=34.0
2026-06-04 20:30:19,333 INFO: Plan 1: ḡ=20, γE[v]=20.0, Q=40.0
2026-06-04 20:30:27,355 INFO: Plan 0: ḡ=0, γE[v]=0.0, Q=0.0
2026-06-04 20:30:28,753 INFO: Plan 0: ḡ=18, γE[v]=16.0, Q=34.0
2026-06-04 20:30:30,377 INFO: Plan 0: ḡ=6, γE[v]=7.5, Q=13.5
2026-06-04 20:30:30,704 INFO: Plan 0: ḡ=1, γE[v]=5.0, Q=6.0
2026-06-04 20:30:35,340 INFO: Plan 0: ḡ=0, γE[v]=25.0, Q=25.0
  [27/93] rich.progress seed=42: {'cov_qvalue_calib': 181}
  [28/93] rich.console seed=42: {'cov_qvalue_calib': 301}
2026-06-04 20:30:38,063 INFO: Plan 0: ḡ=5, γE[v]=20.0, Q=25.0
2026-06-04 20:30:38,545 INFO: Plan 1: ḡ=12, γE[v]=17.5, Q=29.5
  [29/93] rich.text seed=42: {'cov_qvalue_calib': 84}
2026-06-04 20:30:45,395 INFO: Plan 1: ḡ=2, γE[v]=24.0, Q=26.0
2026-06-04 20:30:45,471 INFO: Plan 1: ḡ=2, γE[v]=24.0, Q=26.0
2026-06-04 20:30:45,570 INFO: Plan 2: ḡ=12, γE[v]=19.0, Q=31.0
2026-06-04 20:30:45,609 INFO: Plan 0: ḡ=0, γE[v]=5.0, Q=5.0
2026-06-04 20:30:45,682 INFO: Plan 0: ḡ=12, γE[v]=19.0, Q=31.0
2026-06-04 20:30:46,369 INFO: Plan 0: ḡ=12, γE[v]=17.5, Q=29.5
2026-06-04 20:30:47,767 INFO: Plan 0: ḡ=12, γE[v]=17.5, Q=29.5
2026-06-04 20:30:47,981 INFO: Plan 1: ḡ=12, γE[v]=17.5, Q=29.5
2026-06-04 20:30:53,331 INFO: Plan 1: ḡ=1, γE[v]=17.5, Q=18.5
2026-06-04 20:30:53,489 INFO: Plan 0: ḡ=5, γE[v]=17.5, Q=22.5
2026-06-04 20:30:55,220 INFO: Plan 0: ḡ=18, γE[v]=17.5, Q=35.5
2026-06-04 20:30:56,063 INFO: Plan 0: ḡ=18, γE[v]=16.0, Q=34.0
2026-06-04 20:30:56,399 INFO: Plan 1: ḡ=18, γE[v]=11.0, Q=29.0
2026-06-04 20:31:06,784 INFO: Plan 0: ḡ=12, γE[v]=0.0, Q=12.0
2026-06-04 20:31:09,994 INFO: Plan 0: ḡ=2, γE[v]=5.0, Q=7.0
2026-06-04 20:31:10,225 INFO: Plan 0: ḡ=5, γE[v]=7.5, Q=12.5
2026-06-04 20:31:10,355 INFO: Plan 1: ḡ=0, γE[v]=0.0, Q=0.0
2026-06-04 20:31:13,031 INFO: Plan 0: ḡ=2, γE[v]=7.5, Q=9.5
2026-06-04 20:31:13,939 INFO: Plan 0: ḡ=28, γE[v]=17.5, Q=45.5
  [30/93] rich.pretty seed=42: {'cov_qvalue_calib': 102}
2026-06-04 20:31:14,914 INFO: Plan 0: ḡ=28, γE[v]=11.0, Q=39.0
2026-06-04 20:31:20,945 INFO: Plan 0: ḡ=5, γE[v]=17.5, Q=22.5
2026-06-04 20:31:21,181 INFO: Plan 1: ḡ=12, γE[v]=17.5, Q=29.5
2026-06-04 20:31:22,926 INFO: Plan 1: ḡ=18, γE[v]=16.0, Q=34.0
2026-06-04 20:31:23,090 INFO: Plan 0: ḡ=12, γE[v]=10.0, Q=22.0
2026-06-04 20:31:27,134 INFO: Plan 0: ḡ=2, γE[v]=24.0, Q=26.0
2026-06-04 20:31:28,180 INFO: Plan 0: ḡ=18, γE[v]=16.0, Q=34.0
2026-06-04 20:31:28,820 INFO: Plan 1: ḡ=12, γE[v]=19.0, Q=31.0
2026-06-04 20:31:32,995 INFO: Plan 0: ḡ=12, γE[v]=17.5, Q=29.5
2026-06-04 20:31:37,689 INFO: Plan 0: ḡ=28, γE[v]=17.5, Q=45.5
2026-06-04 20:31:38,618 INFO: Plan 1: ḡ=0, γE[v]=0.0, Q=0.0
2026-06-04 20:31:38,881 INFO: Plan 0: ḡ=12, γE[v]=17.5, Q=29.5
2026-06-04 20:31:40,727 INFO: Plan 0: ḡ=2, γE[v]=24.0, Q=26.0
  [31/93] rich.syntax seed=42: {'cov_qvalue_calib': 97}
  [32/93] rich.table seed=42: {'cov_qvalue_calib': 175}
2026-06-04 20:31:48,792 INFO: Plan 1: ḡ=12, γE[v]=15.0, Q=27.0
2026-06-04 20:31:48,969 INFO: Plan 2: ḡ=12, γE[v]=17.5, Q=29.5
2026-06-04 20:31:49,237 INFO: Plan 0: ḡ=0, γE[v]=0.0, Q=0.0
2026-06-04 20:31:53,401 INFO: Plan 0: ḡ=0, γE[v]=0.0, Q=0.0
2026-06-04 20:32:01,037 INFO: Plan 0: ḡ=12, γE[v]=19.0, Q=31.0
2026-06-04 20:32:02,074 INFO: Plan 0: ḡ=0, γE[v]=0.0, Q=0.0
2026-06-04 20:32:04,534 INFO: Plan 0: ḡ=2, γE[v]=6.0, Q=8.0
2026-06-04 20:32:08,637 INFO: Plan 0: ḡ=12, γE[v]=17.5, Q=29.5
2026-06-04 20:32:10,712 INFO: Plan 0: ḡ=5, γE[v]=7.5, Q=12.5
2026-06-04 20:32:10,856 INFO: Plan 0: ḡ=12, γE[v]=14.0, Q=26.0
2026-06-04 20:32:15,808 INFO: Plan 0: ḡ=4, γE[v]=10.0, Q=14.0
2026-06-04 20:32:15,991 INFO: Plan 0: ḡ=12, γE[v]=19.0, Q=31.0
2026-06-04 20:32:24,217 INFO: Plan 0: ḡ=28, γE[v]=17.5, Q=45.5
2026-06-04 20:32:25,626 INFO: Plan 0: ḡ=5, γE[v]=7.5, Q=12.5
2026-06-04 20:32:25,836 INFO: Plan 1: ḡ=10, γE[v]=10.0, Q=20.0
2026-06-04 20:32:28,315 INFO: Plan 0: ḡ=12, γE[v]=17.5, Q=29.5
2026-06-04 20:32:28,398 INFO: Plan 0: ḡ=5, γE[v]=7.5, Q=12.5
2026-06-04 20:32:39,223 INFO: Plan 0: ḡ=0, γE[v]=5.0, Q=5.0
2026-06-04 20:32:39,397 INFO: Plan 1: ḡ=12, γE[v]=15.0, Q=27.0
2026-06-04 20:32:39,650 INFO: Plan 0: ḡ=12, γE[v]=15.0, Q=27.0
2026-06-04 20:32:43,880 INFO: Plan 0: ḡ=18, γE[v]=12.5, Q=30.5
2026-06-04 20:32:48,550 INFO: Plan 0: ḡ=12, γE[v]=9.0, Q=21.0
2026-06-04 20:32:51,667 INFO: Plan 0: ḡ=0, γE[v]=7.5, Q=7.5
2026-06-04 20:32:55,036 INFO: Plan 0: ḡ=1, γE[v]=5.0, Q=6.0
2026-06-04 20:33:06,996 INFO: Plan 0: ḡ=18, γE[v]=16.0, Q=34.0
2026-06-04 20:33:09,367 INFO: Plan 0: ḡ=18, γE[v]=11.0, Q=29.0
2026-06-04 20:33:10,602 INFO: Plan 0: ḡ=12, γE[v]=19.0, Q=31.0
2026-06-04 20:33:10,935 INFO: Plan 1: ḡ=12, γE[v]=17.5, Q=29.5
2026-06-04 20:33:10,958 INFO: Plan 0: ḡ=12, γE[v]=17.5, Q=29.5
2026-06-04 20:33:14,774 INFO: Plan 0: ḡ=12, γE[v]=17.5, Q=29.5
2026-06-04 20:33:16,731 INFO: Plan 0: ḡ=12, γE[v]=17.5, Q=29.5
2026-06-04 20:33:22,962 INFO: Plan 0: ḡ=12, γE[v]=17.5, Q=29.5
2026-06-04 20:33:26,226 INFO: Plan 0: ḡ=12, γE[v]=17.5, Q=29.5
2026-06-04 20:33:29,179 INFO: Plan 0: ḡ=12, γE[v]=19.0, Q=31.0
  [33/93] rich.markdown seed=42: {'cov_qvalue_calib': 97}
2026-06-04 20:33:40,211 INFO: Plan 0: ḡ=4, γE[v]=7.5, Q=11.5
2026-06-04 20:33:40,721 INFO: Plan 2: ḡ=1, γE[v]=10.0, Q=11.0
2026-06-04 20:33:40,947 INFO: Plan 1: ḡ=0, γE[v]=0.0, Q=0.0
2026-06-04 20:33:41,051 INFO: Plan 0: ḡ=12, γE[v]=19.0, Q=31.0
2026-06-04 20:33:41,586 INFO: Plan 1: ḡ=12, γE[v]=19.0, Q=31.0
2026-06-04 20:33:41,852 INFO: Plan 0: ḡ=12, γE[v]=17.5, Q=29.5
2026-06-04 20:33:45,136 INFO: Plan 0: ḡ=5, γE[v]=10.0, Q=15.0
2026-06-04 20:33:46,413 INFO: Plan 0: ḡ=12, γE[v]=17.5, Q=29.5
2026-06-04 20:33:47,832 INFO: Plan 0: ḡ=0, γE[v]=2.5, Q=2.5
2026-06-04 20:34:00,486 INFO: Plan 0: ḡ=4, γE[v]=6.0, Q=10.0
2026-06-04 20:34:01,138 INFO: Plan 1: ḡ=12, γE[v]=17.5, Q=29.5
2026-06-04 20:34:01,690 INFO: Plan 0: ḡ=1, γE[v]=20.0, Q=21.0
2026-06-04 20:34:04,050 INFO: Plan 1: ḡ=5, γE[v]=17.5, Q=22.5
  [34/93] rich.style seed=42: {'cov_qvalue_calib': 89}
2026-06-04 20:34:04,384 INFO: Plan 0: ḡ=12, γE[v]=14.0, Q=26.0
2026-06-04 20:34:10,996 INFO: Plan 0: ḡ=18, γE[v]=22.5, Q=40.5
2026-06-04 20:34:11,216 INFO: Plan 0: ḡ=18, γE[v]=17.5, Q=35.5
2026-06-04 20:34:12,234 INFO: Plan 0: ḡ=1, γE[v]=2.5, Q=3.5
2026-06-04 20:34:12,983 INFO: Plan 0: ḡ=12, γE[v]=17.5, Q=29.5
2026-06-04 20:34:13,240 INFO: Plan 0: ḡ=2, γE[v]=5.0, Q=7.0
2026-06-04 20:34:13,653 INFO: Plan 2: ḡ=2, γE[v]=4.0, Q=6.0
2026-06-04 20:34:13,820 INFO: Plan 1: ḡ=2, γE[v]=5.0, Q=7.0
2026-06-04 20:34:17,698 INFO: Plan 0: ḡ=2, γE[v]=24.0, Q=26.0
2026-06-04 20:34:26,207 INFO: Plan 0: ḡ=12, γE[v]=17.5, Q=29.5
2026-06-04 20:34:27,580 INFO: Plan 0: ḡ=0, γE[v]=0.0, Q=0.0
2026-06-04 20:34:31,164 INFO: Plan 0: ḡ=0, γE[v]=0.0, Q=0.0
2026-06-04 20:34:31,242 INFO: Plan 1: ḡ=12, γE[v]=17.5, Q=29.5
2026-06-04 20:34:32,084 INFO: Plan 0: ḡ=2, γE[v]=20.0, Q=22.0
2026-06-04 20:34:32,254 INFO: Plan 1: ḡ=12, γE[v]=17.5, Q=29.5
2026-06-04 20:34:33,102 INFO: Plan 0: ḡ=4, γE[v]=10.0, Q=14.0
2026-06-04 20:34:35,646 INFO: Plan 0: ḡ=18, γE[v]=17.5, Q=35.5
2026-06-04 20:34:35,649 INFO: Plan 1: ḡ=12, γE[v]=17.5, Q=29.5
2026-06-04 20:34:36,238 INFO: Plan 1: ḡ=12, γE[v]=10.0, Q=22.0
2026-06-04 20:34:36,369 INFO: Plan 0: ḡ=12, γE[v]=17.5, Q=29.5
2026-06-04 20:34:36,483 INFO: Plan 2: ḡ=0, γE[v]=0.0, Q=0.0
2026-06-04 20:34:39,066 INFO: Plan 2: ḡ=2, γE[v]=5.0, Q=7.0
2026-06-04 20:34:39,551 INFO: Plan 1: ḡ=0, γE[v]=0.0, Q=0.0
2026-06-04 20:34:39,757 INFO: Plan 0: ḡ=4, γE[v]=5.0, Q=9.0
2026-06-04 20:34:41,428 INFO: Plan 0: ḡ=12, γE[v]=17.5, Q=29.5
  [35/93] rich.segment seed=42: {'cov_qvalue_calib': 60}
2026-06-04 20:34:49,099 INFO: Plan 0: ḡ=5, γE[v]=17.5, Q=22.5
2026-06-04 20:34:49,386 INFO: Plan 1: ḡ=4, γE[v]=17.5, Q=21.5
2026-06-04 20:34:55,300 INFO: Plan 1: ḡ=1, γE[v]=24.5, Q=25.5
2026-06-04 20:34:55,442 INFO: Plan 0: ḡ=2, γE[v]=5.0, Q=7.0
2026-06-04 20:34:55,737 INFO: Plan 0: ḡ=12, γE[v]=17.5, Q=29.5
2026-06-04 20:34:56,692 INFO: Plan 0: ḡ=5, γE[v]=22.5, Q=27.5
2026-06-04 20:34:58,707 INFO: Plan 0: ḡ=12, γE[v]=17.5, Q=29.5
  [36/93] rich.traceback seed=42: {'cov_qvalue_calib': 80}
2026-06-04 20:35:06,886 INFO: Plan 0: ḡ=12, γE[v]=17.5, Q=29.5
2026-06-04 20:35:10,068 INFO: Plan 0: ḡ=5, γE[v]=10.0, Q=15.0
2026-06-04 20:35:10,113 INFO: Plan 1: ḡ=2, γE[v]=5.0, Q=7.0
  [37/93] rich.color seed=42: {'cov_qvalue_calib': 61}
2026-06-04 20:35:12,882 INFO: Plan 0: ḡ=12, γE[v]=12.5, Q=24.5
2026-06-04 20:35:13,874 INFO: Plan 0: ḡ=2, γE[v]=24.0, Q=26.0
2026-06-04 20:35:13,894 INFO: Plan 1: ḡ=1, γE[v]=24.5, Q=25.5
2026-06-04 20:35:13,999 INFO: Plan 2: ḡ=1, γE[v]=5.0, Q=6.0
2026-06-04 20:35:14,378 INFO: Plan 0: ḡ=2, γE[v]=29.0, Q=31.0
2026-06-04 20:35:15,145 INFO: Plan 0: ḡ=12, γE[v]=17.5, Q=29.5
2026-06-04 20:35:21,118 INFO: Plan 0: ḡ=0, γE[v]=0.0, Q=0.0
  [38/93] jinja2.filters seed=42: {'cov_qvalue_calib': 139}
2026-06-04 20:35:24,382 INFO: Plan 1: ḡ=12, γE[v]=17.5, Q=29.5
2026-06-04 20:35:24,698 INFO: Plan 0: ḡ=12, γE[v]=17.5, Q=29.5
2026-06-04 20:35:34,786 INFO: Plan 0: ḡ=2, γE[v]=1.5, Q=3.5
2026-06-04 20:35:34,804 INFO: Plan 1: ḡ=2, γE[v]=2.5, Q=4.5
2026-06-04 20:35:35,177 INFO: Plan 0: ḡ=5, γE[v]=20.0, Q=25.0
2026-06-04 20:35:35,558 INFO: Plan 0: ḡ=12, γE[v]=17.5, Q=29.5
  [39/93] rich.layout seed=42: {'cov_qvalue_calib': 60}
2026-06-04 20:35:40,721 INFO: Plan 0: ḡ=12, γE[v]=14.0, Q=26.0
2026-06-04 20:35:45,066 INFO: Plan 1: ḡ=1, γE[v]=20.0, Q=21.0
2026-06-04 20:35:45,348 INFO: Plan 0: ḡ=0, γE[v]=0.0, Q=0.0
2026-06-04 20:35:47,862 INFO: Plan 0: ḡ=0, γE[v]=5.0, Q=5.0
2026-06-04 20:35:47,900 INFO: Plan 1: ḡ=0, γE[v]=25.0, Q=25.0
2026-06-04 20:35:47,954 INFO: Plan 2: ḡ=1, γE[v]=5.0, Q=6.0
2026-06-04 20:35:49,931 INFO: Plan 0: ḡ=12, γE[v]=17.5, Q=29.5
2026-06-04 20:35:50,344 INFO: Plan 1: ḡ=12, γE[v]=17.5, Q=29.5
2026-06-04 20:35:51,241 INFO: Plan 0: ḡ=0, γE[v]=0.0, Q=0.0
  [40/93] jinja2.compiler seed=42: {'cov_qvalue_calib': 108}
2026-06-04 20:35:54,581 INFO: Plan 1: ḡ=1, γE[v]=0.0, Q=1.0
2026-06-04 20:35:54,616 INFO: Plan 0: ḡ=2, γE[v]=7.5, Q=9.5
2026-06-04 20:36:03,174 INFO: Plan 0: ḡ=4, γE[v]=5.0, Q=9.0
2026-06-04 20:36:03,943 INFO: Plan 0: ḡ=0, γE[v]=20.0, Q=20.0
2026-06-04 20:36:04,016 INFO: Plan 0: ḡ=0, γE[v]=22.5, Q=22.5
2026-06-04 20:36:09,618 INFO: Plan 0: ḡ=25, γE[v]=10.0, Q=35.0
2026-06-04 20:36:18,687 INFO: Plan 1: ḡ=2, γE[v]=2.5, Q=4.5
2026-06-04 20:36:18,700 INFO: Plan 0: ḡ=2, γE[v]=5.0, Q=7.0
2026-06-04 20:36:30,223 INFO: Plan 0: ḡ=2, γE[v]=24.0, Q=26.0
2026-06-04 20:36:35,795 INFO: Plan 0: ḡ=0, γE[v]=2.5, Q=2.5
2026-06-04 20:36:36,522 INFO: Plan 1: ḡ=2, γE[v]=2.5, Q=4.5
2026-06-04 20:36:36,559 INFO: Plan 0: ḡ=4, γE[v]=15.0, Q=19.0
2026-06-04 20:36:38,072 INFO: Plan 0: ḡ=3, γE[v]=6.0, Q=9.0
2026-06-04 20:36:44,903 INFO: Plan 0: ḡ=2, γE[v]=6.0, Q=8.0
2026-06-04 20:36:45,720 INFO: Plan 0: ḡ=18, γE[v]=16.0, Q=34.0
2026-06-04 20:36:45,984 INFO: Plan 0: ḡ=12, γE[v]=17.5, Q=29.5
2026-06-04 20:36:52,046 INFO: Plan 0: ḡ=0, γE[v]=15.0, Q=15.0
2026-06-04 20:36:54,925 INFO: Plan 0: ḡ=2, γE[v]=5.0, Q=7.0
2026-06-04 20:36:54,979 INFO: Plan 1: ḡ=2, γE[v]=2.5, Q=4.5
2026-06-04 20:36:55,476 INFO: Plan 2: ḡ=2, γE[v]=5.0, Q=7.0
2026-06-04 20:37:00,129 INFO: Plan 0: ḡ=0, γE[v]=5.0, Q=5.0
2026-06-04 20:37:04,730 INFO: Plan 1: ḡ=5, γE[v]=7.5, Q=12.5
2026-06-04 20:37:04,799 INFO: Plan 0: ḡ=12, γE[v]=14.0, Q=26.0
2026-06-04 20:37:05,145 INFO: Plan 0: ḡ=1, γE[v]=5.0, Q=6.0
2026-06-04 20:37:05,161 INFO: Plan 1: ḡ=0, γE[v]=25.0, Q=25.0
2026-06-04 20:37:08,756 INFO: Plan 0: ḡ=18, γE[v]=16.0, Q=34.0
2026-06-04 20:37:08,831 INFO: Plan 1: ḡ=2, γE[v]=9.0, Q=11.0
2026-06-04 20:37:14,518 INFO: Plan 0: ḡ=0, γE[v]=25.0, Q=25.0
  [41/93] jinja2.environment seed=42: {'cov_qvalue_calib': 91}
2026-06-04 20:37:21,394 INFO: Plan 1: ḡ=2, γE[v]=5.0, Q=7.0
2026-06-04 20:37:21,558 INFO: Plan 0: ḡ=2, γE[v]=5.0, Q=7.0
2026-06-04 20:37:23,486 INFO: Plan 0: ḡ=18, γE[v]=11.0, Q=29.0
2026-06-04 20:37:23,751 INFO: Plan 0: ḡ=2, γE[v]=5.0, Q=7.0
2026-06-04 20:37:30,075 INFO: Plan 0: ḡ=0, γE[v]=0.0, Q=0.0
2026-06-04 20:37:30,718 INFO: Plan 0: ḡ=10, γE[v]=15.0, Q=25.0
2026-06-04 20:37:36,729 INFO: Plan 0: ḡ=1, γE[v]=2.5, Q=3.5
2026-06-04 20:37:36,844 INFO: Plan 1: ḡ=2, γE[v]=2.5, Q=4.5
2026-06-04 20:37:38,299 INFO: Plan 0: ḡ=12, γE[v]=9.0, Q=21.0
2026-06-04 20:37:38,483 INFO: Plan 1: ḡ=3, γE[v]=7.5, Q=10.5
2026-06-04 20:37:38,965 INFO: Plan 0: ḡ=3, γE[v]=7.5, Q=10.5
2026-06-04 20:37:44,378 INFO: Plan 0: ḡ=1, γE[v]=5.0, Q=6.0
2026-06-04 20:37:45,002 INFO: Plan 0: ḡ=18, γE[v]=16.0, Q=34.0
2026-06-04 20:37:46,118 INFO: Plan 0: ḡ=0, γE[v]=1.0, Q=1.0
2026-06-04 20:37:46,786 INFO: Plan 1: ḡ=0, γE[v]=5.0, Q=5.0
2026-06-04 20:37:52,898 INFO: Plan 1: ḡ=2, γE[v]=5.0, Q=7.0
2026-06-04 20:37:53,162 INFO: Plan 0: ḡ=2, γE[v]=4.0, Q=6.0
2026-06-04 20:37:58,782 INFO: Plan 1: ḡ=12, γE[v]=9.0, Q=21.0
2026-06-04 20:37:59,238 INFO: Plan 0: ḡ=18, γE[v]=16.0, Q=34.0
2026-06-04 20:38:01,077 INFO: Plan 0: ḡ=2, γE[v]=0.0, Q=2.0
2026-06-04 20:38:04,390 INFO: Plan 1: ḡ=9, γE[v]=0.0, Q=9.0
2026-06-04 20:38:04,736 INFO: Plan 0: ḡ=5, γE[v]=7.5, Q=12.5
2026-06-04 20:38:16,404 INFO: Plan 2: ḡ=1, γE[v]=7.5, Q=8.5
2026-06-04 20:38:16,506 INFO: Plan 0: ḡ=5, γE[v]=22.5, Q=27.5
2026-06-04 20:38:16,547 INFO: Plan 1: ḡ=0, γE[v]=5.0, Q=5.0
2026-06-04 20:38:16,907 INFO: Plan 0: ḡ=2, γE[v]=2.5, Q=4.5
  [42/93] jinja2.runtime seed=42: {'cov_qvalue_calib': 66}
2026-06-04 20:38:22,818 INFO: Plan 0: ḡ=12, γE[v]=17.5, Q=29.5
2026-06-04 20:38:23,465 INFO: Plan 0: ḡ=5, γE[v]=7.5, Q=12.5
2026-06-04 20:38:25,577 INFO: Plan 0: ḡ=12, γE[v]=0.0, Q=12.0
2026-06-04 20:38:26,068 INFO: Plan 1: ḡ=12, γE[v]=19.0, Q=31.0
2026-06-04 20:38:27,851 INFO: Plan 1: ḡ=0, γE[v]=0.0, Q=0.0
2026-06-04 20:38:28,087 INFO: Plan 0: ḡ=0, γE[v]=0.0, Q=0.0
2026-06-04 20:38:30,770 INFO: Plan 0: ḡ=1, γE[v]=1.0, Q=2.0
2026-06-04 20:38:42,255 INFO: Plan 0: ḡ=0, γE[v]=0.0, Q=0.0
2026-06-04 20:38:44,300 INFO: Plan 0: ḡ=0, γE[v]=1.0, Q=1.0
2026-06-04 20:38:46,904 INFO: Plan 0: ḡ=2, γE[v]=5.0, Q=7.0
2026-06-04 20:38:51,123 INFO: Plan 0: ḡ=12, γE[v]=15.0, Q=27.0
2026-06-04 20:38:52,308 INFO: Plan 0: ḡ=10, γE[v]=15.0, Q=25.0
2026-06-04 20:38:52,364 INFO: Plan 1: ḡ=2, γE[v]=4.0, Q=6.0
2026-06-04 20:38:57,325 INFO: Plan 0: ḡ=12, γE[v]=17.5, Q=29.5
2026-06-04 20:38:57,442 INFO: Plan 0: ḡ=4, γE[v]=6.0, Q=10.0
2026-06-04 20:39:03,963 INFO: Plan 0: ḡ=2, γE[v]=2.5, Q=4.5
2026-06-04 20:39:04,151 INFO: Plan 0: ḡ=12, γE[v]=10.0, Q=22.0
  [43/93] jinja2.nodes seed=42: {'cov_qvalue_calib': 11}
2026-06-04 20:39:09,966 INFO: Plan 0: ḡ=12, γE[v]=14.0, Q=26.0
2026-06-04 20:39:11,467 INFO: Plan 0: ḡ=1, γE[v]=12.5, Q=13.5
2026-06-04 20:39:12,467 INFO: Plan 0: ḡ=12, γE[v]=17.5, Q=29.5
2026-06-04 20:39:13,513 INFO: Plan 0: ḡ=12, γE[v]=17.5, Q=29.5
2026-06-04 20:39:17,035 INFO: Plan 0: ḡ=1, γE[v]=2.5, Q=3.5
  [44/93] jinja2.parser seed=42: {'cov_qvalue_calib': 32}
  [45/93] jinja2.ext seed=42: {'cov_qvalue_calib': 70}
2026-06-04 20:39:27,969 INFO: Plan 1: ḡ=12, γE[v]=19.0, Q=31.0
2026-06-04 20:39:28,448 INFO: Plan 0: ḡ=5, γE[v]=22.5, Q=27.5
2026-06-04 20:39:28,777 INFO: Plan 0: ḡ=12, γE[v]=19.0, Q=31.0
  [46/93] jinja2.loaders seed=42: {'cov_qvalue_calib': 53}
2026-06-04 20:39:32,996 INFO: Plan 1: ḡ=0, γE[v]=0.0, Q=0.0
2026-06-04 20:39:33,215 INFO: Plan 2: ḡ=3, γE[v]=23.5, Q=26.5
2026-06-04 20:39:33,352 INFO: Plan 0: ḡ=3, γE[v]=5.0, Q=8.0
2026-06-04 20:39:37,305 INFO: Plan 0: ḡ=12, γE[v]=14.0, Q=26.0
2026-06-04 20:39:37,624 INFO: Plan 1: ḡ=2, γE[v]=24.0, Q=26.0
  [47/93] jinja2.utils seed=42: {'cov_qvalue_calib': 11}
2026-06-04 20:39:39,108 INFO: Plan 0: ḡ=12, γE[v]=17.5, Q=29.5
2026-06-04 20:39:44,504 INFO: Plan 1: ḡ=2, γE[v]=5.0, Q=7.0
2026-06-04 20:39:44,595 INFO: Plan 0: ḡ=12, γE[v]=17.5, Q=29.5
2026-06-04 20:39:45,880 INFO: Plan 0: ḡ=0, γE[v]=2.5, Q=2.5
2026-06-04 20:39:58,140 INFO: Plan 0: ḡ=12, γE[v]=17.5, Q=29.5
2026-06-04 20:40:02,229 INFO: Plan 1: ḡ=18, γE[v]=16.0, Q=34.0
2026-06-04 20:40:02,416 INFO: Plan 0: ḡ=12, γE[v]=17.5, Q=29.5
2026-06-04 20:40:03,943 INFO: Plan 0: ḡ=2, γE[v]=5.0, Q=7.0
2026-06-04 20:40:07,996 INFO: Plan 0: ḡ=2, γE[v]=24.0, Q=26.0
  [48/93] jinja2.lexer seed=42: {'cov_qvalue_calib': 108}
2026-06-04 20:40:10,832 INFO: Plan 0: ḡ=0, γE[v]=0.0, Q=0.0
2026-06-04 20:40:14,507 INFO: Plan 0: ḡ=5, γE[v]=7.5, Q=12.5
2026-06-04 20:40:17,324 INFO: Plan 0: ḡ=12, γE[v]=19.0, Q=31.0
2026-06-04 20:40:24,093 INFO: Plan 0: ḡ=12, γE[v]=9.0, Q=21.0
2026-06-04 20:40:24,217 INFO: Plan 1: ḡ=12, γE[v]=19.0, Q=31.0
2026-06-04 20:40:28,146 INFO: Plan 0: ḡ=18, γE[v]=11.0, Q=29.0
2026-06-04 20:40:28,244 INFO: Plan 1: ḡ=5, γE[v]=5.0, Q=10.0
2026-06-04 20:40:30,230 INFO: Plan 0: ḡ=0, γE[v]=0.0, Q=0.0
2026-06-04 20:40:31,281 INFO: Plan 0: ḡ=1, γE[v]=5.0, Q=6.0
2026-06-04 20:40:31,952 INFO: Plan 1: ḡ=12, γE[v]=17.5, Q=29.5
2026-06-04 20:40:32,819 INFO: Plan 0: ḡ=0, γE[v]=0.0, Q=0.0
2026-06-04 20:40:37,967 INFO: Plan 0: ḡ=8, γE[v]=6.0, Q=14.0
2026-06-04 20:40:42,064 INFO: Plan 0: ḡ=12, γE[v]=17.5, Q=29.5
2026-06-04 20:40:45,492 INFO: Plan 0: ḡ=12, γE[v]=17.5, Q=29.5
2026-06-04 20:40:46,291 INFO: Plan 0: ḡ=5, γE[v]=7.5, Q=12.5
2026-06-04 20:40:56,129 INFO: Plan 0: ḡ=2, γE[v]=5.0, Q=7.0
2026-06-04 20:40:58,746 INFO: Plan 0: ḡ=12, γE[v]=19.0, Q=31.0
2026-06-04 20:41:01,053 INFO: Plan 0: ḡ=5, γE[v]=5.0, Q=10.0
2026-06-04 20:41:05,678 INFO: Plan 0: ḡ=2, γE[v]=20.0, Q=22.0
2026-06-04 20:41:11,236 INFO: Plan 0: ḡ=4, γE[v]=6.0, Q=10.0
  [49/93] jinja2.sandbox seed=42: {'cov_qvalue_calib': 85}
2026-06-04 20:41:26,892 INFO: Plan 0: ḡ=12, γE[v]=17.5, Q=29.5
2026-06-04 20:41:27,747 INFO: Plan 0: ḡ=2, γE[v]=5.0, Q=7.0
2026-06-04 20:41:28,556 INFO: Plan 0: ḡ=18, γE[v]=16.0, Q=34.0
2026-06-04 20:41:29,788 INFO: Plan 0: ḡ=0, γE[v]=5.0, Q=5.0
2026-06-04 20:41:35,629 INFO: Plan 0: ḡ=4, γE[v]=6.0, Q=10.0
2026-06-04 20:41:42,370 INFO: Plan 0: ḡ=12, γE[v]=15.0, Q=27.0
2026-06-04 20:41:46,637 INFO: Plan 0: ḡ=1, γE[v]=2.5, Q=3.5
2026-06-04 20:41:47,110 INFO: Plan 0: ḡ=12, γE[v]=15.0, Q=27.0
2026-06-04 20:41:51,373 INFO: Plan 1: ḡ=2, γE[v]=5.0, Q=7.0
2026-06-04 20:41:51,427 INFO: Plan 0: ḡ=0, γE[v]=3.0, Q=3.0
2026-06-04 20:41:51,453 INFO: Plan 2: ḡ=4, γE[v]=7.0, Q=11.0
2026-06-04 20:41:52,078 INFO: Plan 0: ḡ=5, γE[v]=10.0, Q=15.0
2026-06-04 20:41:52,881 INFO: Plan 0: ḡ=12, γE[v]=17.5, Q=29.5
2026-06-04 20:41:58,814 INFO: Plan 0: ḡ=2, γE[v]=5.0, Q=7.0
  [50/93] jinja2.bccache seed=42: {'cov_qvalue_calib': 5}
2026-06-04 20:42:06,604 INFO: Plan 0: ḡ=10, γE[v]=10.0, Q=20.0
2026-06-04 20:42:07,866 INFO: Plan 0: ḡ=3, γE[v]=7.5, Q=10.5
2026-06-04 20:42:08,036 INFO: Plan 0: ḡ=12, γE[v]=17.5, Q=29.5
2026-06-04 20:42:15,531 INFO: Plan 0: ḡ=1, γE[v]=5.0, Q=6.0
2026-06-04 20:42:18,723 INFO: Plan 0: ḡ=2, γE[v]=5.0, Q=7.0
2026-06-04 20:42:30,413 INFO: Plan 0: ḡ=12, γE[v]=10.0, Q=22.0
2026-06-04 20:42:30,526 INFO: Plan 1: ḡ=12, γE[v]=10.0, Q=22.0
2026-06-04 20:42:30,815 INFO: Plan 0: ḡ=4, γE[v]=7.0, Q=11.0
2026-06-04 20:42:30,853 INFO: Plan 0: ḡ=12, γE[v]=17.5, Q=29.5
2026-06-04 20:42:30,928 INFO: Plan 1: ḡ=0, γE[v]=20.0, Q=20.0
2026-06-04 20:42:31,336 INFO: Plan 0: ḡ=10, γE[v]=7.5, Q=17.5
2026-06-04 20:42:33,145 INFO: Plan 0: ḡ=8, γE[v]=17.5, Q=25.5
2026-06-04 20:42:33,188 INFO: Plan 1: ḡ=4, γE[v]=17.5, Q=21.5
2026-06-04 20:42:35,424 INFO: Plan 0: ḡ=28, γE[v]=17.5, Q=45.5
2026-06-04 20:42:37,518 INFO: Plan 1: ḡ=2, γE[v]=4.0, Q=6.0
2026-06-04 20:42:37,580 INFO: Plan 0: ḡ=2, γE[v]=6.0, Q=8.0
2026-06-04 20:42:46,762 INFO: Plan 0: ḡ=2, γE[v]=4.0, Q=6.0
2026-06-04 20:42:49,681 INFO: Plan 0: ḡ=1, γE[v]=5.0, Q=6.0
2026-06-04 20:42:52,959 INFO: Plan 0: ḡ=2, γE[v]=0.0, Q=2.0
2026-06-04 20:42:54,608 INFO: Plan 0: ḡ=12, γE[v]=15.0, Q=27.0
2026-06-04 20:43:04,598 INFO: Plan 0: ḡ=12, γE[v]=9.0, Q=21.0
2026-06-04 20:43:04,627 INFO: Plan 1: ḡ=5, γE[v]=5.0, Q=10.0
2026-06-04 20:43:07,055 INFO: Plan 0: ḡ=4, γE[v]=6.0, Q=10.0
2026-06-04 20:43:09,254 INFO: Plan 1: ḡ=4, γE[v]=6.0, Q=10.0
2026-06-04 20:43:09,377 INFO: Plan 0: ḡ=6, γE[v]=6.0, Q=12.0
2026-06-04 20:43:11,115 INFO: Plan 0: ḡ=5, γE[v]=7.5, Q=12.5
2026-06-04 20:43:13,071 INFO: Plan 0: ḡ=2, γE[v]=5.0, Q=7.0
2026-06-04 20:43:15,910 INFO: Plan 1: ḡ=12, γE[v]=17.5, Q=29.5
2026-06-04 20:43:15,925 INFO: Plan 0: ḡ=12, γE[v]=17.5, Q=29.5
2026-06-04 20:43:16,949 INFO: Plan 0: ḡ=12, γE[v]=17.5, Q=29.5
2026-06-04 20:43:21,802 INFO: Plan 0: ḡ=1, γE[v]=0.0, Q=1.0
2026-06-04 20:43:26,645 INFO: Plan 0: ḡ=5, γE[v]=5.0, Q=10.0
2026-06-04 20:43:33,917 INFO: Plan 0: ḡ=12, γE[v]=17.5, Q=29.5
2026-06-04 20:43:34,831 INFO: Plan 0: ḡ=2, γE[v]=4.0, Q=6.0
2026-06-04 20:43:35,619 INFO: Plan 1: ḡ=2, γE[v]=4.0, Q=6.0
2026-06-04 20:43:40,500 INFO: Plan 0: ḡ=12, γE[v]=17.5, Q=29.5
2026-06-04 20:43:40,808 INFO: Plan 2: ḡ=8, γE[v]=17.5, Q=25.5
2026-06-04 20:43:40,809 INFO: Plan 1: ḡ=1, γE[v]=0.0, Q=1.0
2026-06-04 20:43:41,645 INFO: Plan 0: ḡ=4, γE[v]=9.0, Q=13.0
2026-06-04 20:43:41,743 INFO: Plan 1: ḡ=5, γE[v]=5.0, Q=10.0
  [51/93] httpx._models seed=42: {'cov_qvalue_calib': 185}
  [52/93] httpx._urlparse seed=42: {'cov_qvalue_calib': 62}
2026-06-04 20:43:51,727 INFO: Plan 0: ḡ=0, γE[v]=0.0, Q=0.0
  [53/93] httpx._main seed=42: {'cov_qvalue_calib': 79}
  [54/93] httpx._client seed=42: {'cov_qvalue_calib': 124}
2026-06-04 20:44:00,093 INFO: Plan 0: ḡ=1, γE[v]=2.5, Q=3.5
2026-06-04 20:44:00,548 INFO: Plan 0: ḡ=0, γE[v]=10.0, Q=10.0
2026-06-04 20:44:01,949 INFO: Plan 0: ḡ=12, γE[v]=19.0, Q=31.0
2026-06-04 20:44:02,057 INFO: Plan 1: ḡ=10, γE[v]=17.5, Q=27.5
2026-06-04 20:44:02,059 INFO: Plan 0: ḡ=0, γE[v]=25.0, Q=25.0
2026-06-04 20:44:02,085 INFO: Plan 1: ḡ=12, γE[v]=24.0, Q=36.0
  [55/93] httpx._urls seed=42: {'cov_qvalue_calib': 67}
2026-06-04 20:44:15,571 INFO: Plan 0: ḡ=2, γE[v]=5.0, Q=7.0
2026-06-04 20:44:17,359 INFO: Plan 0: ḡ=18, γE[v]=17.5, Q=35.5
2026-06-04 20:44:17,630 INFO: Plan 1: ḡ=12, γE[v]=19.0, Q=31.0
2026-06-04 20:44:22,968 INFO: Plan 0: ḡ=2, γE[v]=5.0, Q=7.0
  [56/93] httpx._api seed=42: {'cov_qvalue_calib': 11}
2026-06-04 20:44:26,656 INFO: Plan 0: ḡ=18, γE[v]=16.0, Q=34.0
2026-06-04 20:44:26,892 INFO: Plan 1: ḡ=10, γE[v]=20.0, Q=30.0
2026-06-04 20:44:26,907 INFO: Plan 0: ḡ=2, γE[v]=5.0, Q=7.0
2026-06-04 20:44:33,270 INFO: Plan 0: ḡ=2, γE[v]=5.0, Q=7.0
2026-06-04 20:44:36,135 INFO: Plan 2: ḡ=12, γE[v]=19.0, Q=31.0
2026-06-04 20:44:36,264 INFO: Plan 0: ḡ=5, γE[v]=22.5, Q=27.5
2026-06-04 20:44:36,832 INFO: Plan 1: ḡ=1, γE[v]=7.5, Q=8.5
2026-06-04 20:44:39,465 INFO: Plan 0: ḡ=10, γE[v]=20.0, Q=30.0
2026-06-04 20:44:42,356 INFO: Plan 0: ḡ=2, γE[v]=5.0, Q=7.0
2026-06-04 20:44:42,387 INFO: Plan 0: ḡ=5, γE[v]=5.0, Q=10.0
2026-06-04 20:44:45,842 INFO: Plan 0: ḡ=12, γE[v]=14.0, Q=26.0
2026-06-04 20:44:48,102 INFO: Plan 0: ḡ=10, γE[v]=20.0, Q=30.0
2026-06-04 20:44:52,498 INFO: Plan 0: ḡ=12, γE[v]=17.5, Q=29.5
2026-06-04 20:44:56,602 INFO: Plan 0: ḡ=4, γE[v]=7.5, Q=11.5
2026-06-04 20:44:57,674 INFO: Plan 0: ḡ=2, γE[v]=5.0, Q=7.0
2026-06-04 20:44:58,017 INFO: Plan 0: ḡ=2, γE[v]=5.0, Q=7.0
  [57/93] httpx._utils seed=42: {'cov_qvalue_calib': 23}
2026-06-04 20:45:02,843 INFO: Plan 0: ḡ=15, γE[v]=17.5, Q=32.5
2026-06-04 20:45:03,016 INFO: Plan 0: ḡ=10, γE[v]=17.5, Q=27.5
2026-06-04 20:45:03,423 INFO: Plan 1: ḡ=10, γE[v]=10.0, Q=20.0
2026-06-04 20:45:03,671 INFO: Plan 1: ḡ=12, γE[v]=17.5, Q=29.5
2026-06-04 20:45:04,026 INFO: Plan 1: ḡ=0, γE[v]=0.0, Q=0.0
2026-06-04 20:45:04,123 INFO: Plan 2: ḡ=0, γE[v]=5.0, Q=5.0
2026-06-04 20:45:04,198 INFO: Plan 0: ḡ=12, γE[v]=17.5, Q=29.5
2026-06-04 20:45:11,209 INFO: Plan 0: ḡ=0, γE[v]=2.5, Q=2.5
2026-06-04 20:45:11,234 INFO: Plan 1: ḡ=2, γE[v]=2.5, Q=4.5
2026-06-04 20:45:17,030 INFO: Plan 0: ḡ=1, γE[v]=5.0, Q=6.0
2026-06-04 20:45:21,175 INFO: Plan 0: ḡ=1024, γE[v]=0.0, Q=1024.0
2026-06-04 20:45:21,580 INFO: Plan 0: ḡ=25, γE[v]=7.5, Q=32.5
2026-06-04 20:45:26,137 INFO: Plan 1: ḡ=18, γE[v]=16.0, Q=34.0
2026-06-04 20:45:26,158 INFO: Plan 0: ḡ=18, γE[v]=16.0, Q=34.0
2026-06-04 20:45:29,383 INFO: Plan 1: ḡ=2, γE[v]=5.0, Q=7.0
2026-06-04 20:45:29,898 INFO: Plan 0: ḡ=0, γE[v]=0.0, Q=0.0
2026-06-04 20:45:34,981 INFO: Plan 0: ḡ=0, γE[v]=0.0, Q=0.0
2026-06-04 20:45:36,952 INFO: Plan 0: ḡ=2, γE[v]=2.5, Q=4.5
2026-06-04 20:45:37,627 INFO: Plan 1: ḡ=1, γE[v]=1.0, Q=2.0
2026-06-04 20:45:41,229 INFO: Plan 2: ḡ=18, γE[v]=17.5, Q=35.5
2026-06-04 20:45:41,358 INFO: Plan 0: ḡ=5, γE[v]=17.5, Q=22.5
2026-06-04 20:45:41,448 INFO: Plan 1: ḡ=10, γE[v]=15.0, Q=25.0
2026-06-04 20:45:46,922 INFO: Plan 0: ḡ=12, γE[v]=17.5, Q=29.5
2026-06-04 20:45:46,983 INFO: Plan 0: ḡ=4, γE[v]=7.5, Q=11.5
2026-06-04 20:45:49,582 INFO: Plan 0: ḡ=0, γE[v]=0.0, Q=0.0
2026-06-04 20:45:50,146 INFO: Plan 0: ḡ=12, γE[v]=17.5, Q=29.5
2026-06-04 20:46:01,370 INFO: Plan 0: ḡ=12, γE[v]=14.0, Q=26.0
2026-06-04 20:46:01,560 INFO: Plan 1: ḡ=0, γE[v]=0.0, Q=0.0
2026-06-04 20:46:02,740 INFO: Plan 0: ḡ=4, γE[v]=7.5, Q=11.5
2026-06-04 20:46:04,535 INFO: Plan 0: ḡ=0, γE[v]=1.0, Q=1.0
2026-06-04 20:46:04,671 INFO: Plan 0: ḡ=1, γE[v]=0.0, Q=1.0
  [58/93] httpx._transports.default seed=42: {'cov_qvalue_calib': 19}
2026-06-04 20:46:11,462 INFO: Plan 0: ḡ=2, γE[v]=5.0, Q=7.0
2026-06-04 20:46:12,999 INFO: Plan 1: ḡ=12, γE[v]=17.5, Q=29.5
2026-06-04 20:46:13,117 INFO: Plan 0: ḡ=2, γE[v]=20.0, Q=22.0
2026-06-04 20:46:15,874 INFO: Plan 0: ḡ=4, γE[v]=6.0, Q=10.0
2026-06-04 20:46:17,165 INFO: Plan 0: ḡ=1, γE[v]=5.0, Q=6.0
2026-06-04 20:46:17,482 INFO: Plan 1: ḡ=1, γE[v]=5.0, Q=6.0
2026-06-04 20:46:18,712 INFO: Plan 0: ḡ=12, γE[v]=17.5, Q=29.5
2026-06-04 20:46:24,375 INFO: Plan 0: ḡ=28, γE[v]=21.0, Q=49.0
2026-06-04 20:46:26,499 INFO: Plan 0: ḡ=0, γE[v]=1.0, Q=1.0
2026-06-04 20:46:27,416 INFO: Plan 0: ḡ=12, γE[v]=17.5, Q=29.5
2026-06-04 20:46:35,603 INFO: Plan 0: ḡ=2, γE[v]=5.0, Q=7.0
2026-06-04 20:46:37,083 INFO: Plan 0: ḡ=12, γE[v]=14.0, Q=26.0
2026-06-04 20:46:37,176 INFO: Plan 1: ḡ=18, γE[v]=16.0, Q=34.0
2026-06-04 20:46:38,734 INFO: Plan 0: ḡ=1, γE[v]=7.5, Q=8.5
2026-06-04 20:46:42,281 INFO: Plan 0: ḡ=2, γE[v]=16.0, Q=18.0
2026-06-04 20:46:47,797 INFO: Plan 0: ḡ=10, γE[v]=10.0, Q=20.0
2026-06-04 20:46:49,191 INFO: Plan 0: ḡ=0, γE[v]=0.0, Q=0.0
2026-06-04 20:46:54,543 INFO: Plan 0: ḡ=12, γE[v]=14.0, Q=26.0
2026-06-04 20:47:02,282 INFO: Plan 0: ḡ=5, γE[v]=7.5, Q=12.5
2026-06-04 20:47:02,496 INFO: Plan 1: ḡ=10, γE[v]=15.0, Q=25.0
2026-06-04 20:47:04,029 INFO: Plan 2: ḡ=5, γE[v]=7.5, Q=12.5
2026-06-04 20:47:04,156 INFO: Plan 0: ḡ=1, γE[v]=1.0, Q=2.0
2026-06-04 20:47:04,165 INFO: Plan 0: ḡ=12, γE[v]=19.0, Q=31.0
2026-06-04 20:47:13,210 INFO: Plan 0: ḡ=2, γE[v]=5.0, Q=7.0
2026-06-04 20:47:13,222 INFO: Plan 1: ḡ=2, γE[v]=5.0, Q=7.0
2026-06-04 20:47:13,439 INFO: Plan 0: ḡ=18, γE[v]=17.5, Q=35.5
2026-06-04 20:47:18,004 INFO: Plan 1: ḡ=18, γE[v]=12.5, Q=30.5
2026-06-04 20:47:18,653 INFO: Plan 0: ḡ=5, γE[v]=7.5, Q=12.5
2026-06-04 20:47:23,920 INFO: Plan 0: ḡ=5, γE[v]=20.0, Q=25.0
2026-06-04 20:47:29,623 INFO: Plan 0: ḡ=2, γE[v]=5.0, Q=7.0
2026-06-04 20:47:33,401 INFO: Plan 0: ḡ=12, γE[v]=17.5, Q=29.5
2026-06-04 20:47:43,761 INFO: Plan 0: ḡ=0, γE[v]=5.0, Q=5.0
2026-06-04 20:47:45,323 INFO: Plan 1: ḡ=12, γE[v]=17.5, Q=29.5
2026-06-04 20:47:45,557 INFO: Plan 0: ḡ=12, γE[v]=9.0, Q=21.0
  [59/93] pydantic.types seed=42: {'cov_qvalue_calib': 133}
2026-06-04 20:47:47,829 INFO: Plan 1: ḡ=0, γE[v]=0.0, Q=0.0
2026-06-04 20:47:48,008 INFO: Plan 0: ḡ=2, γE[v]=4.0, Q=6.0
  [60/93] httpx._auth seed=42: {'cov_qvalue_calib': 6}
2026-06-04 20:47:56,761 INFO: Plan 0: ḡ=12, γE[v]=15.0, Q=27.0
2026-06-04 20:47:57,899 INFO: Plan 0: ḡ=1, γE[v]=5.0, Q=6.0
2026-06-04 20:47:58,014 INFO: Plan 1: ḡ=12, γE[v]=19.0, Q=31.0
2026-06-04 20:47:59,386 INFO: Plan 0: ḡ=2, γE[v]=5.0, Q=7.0
2026-06-04 20:47:59,941 INFO: Plan 1: ḡ=1, γE[v]=50.0, Q=51.0
2026-06-04 20:48:05,345 INFO: Plan 0: ḡ=18, γE[v]=17.5, Q=35.5
2026-06-04 20:48:09,020 INFO: Plan 0: ḡ=2, γE[v]=5.0, Q=7.0
2026-06-04 20:48:11,288 INFO: Plan 0: ḡ=12, γE[v]=17.5, Q=29.5
2026-06-04 20:48:11,653 INFO: Plan 0: ḡ=0, γE[v]=0.0, Q=0.0
2026-06-04 20:48:11,922 INFO: Plan 1: ḡ=2, γE[v]=5.0, Q=7.0
2026-06-04 20:48:11,924 INFO: Plan 2: ḡ=0, γE[v]=0.0, Q=0.0
  [61/93] pydantic.json_schema seed=42: {'cov_qvalue_calib': 267}
  [62/93] pydantic.fields seed=42: {'cov_qvalue_calib': 82}
2026-06-04 20:48:16,530 INFO: Plan 0: ḡ=12, γE[v]=12.5, Q=24.5
2026-06-04 20:48:22,883 INFO: Plan 0: ḡ=1, γE[v]=22.5, Q=23.5
2026-06-04 20:48:22,942 INFO: Plan 1: ḡ=0, γE[v]=0.0, Q=0.0
2026-06-04 20:48:24,421 INFO: Plan 0: ḡ=18, γE[v]=17.5, Q=35.5
2026-06-04 20:48:25,613 INFO: Plan 0: ḡ=8, γE[v]=6.0, Q=14.0
2026-06-04 20:48:25,937 INFO: Plan 0: ḡ=0, γE[v]=2.5, Q=2.5
2026-06-04 20:48:26,227 INFO: Plan 2: ḡ=0, γE[v]=10.0, Q=10.0
2026-06-04 20:48:26,514 INFO: Plan 1: ḡ=2, γE[v]=4.0, Q=6.0
2026-06-04 20:48:30,699 INFO: Plan 0: ḡ=12, γE[v]=10.0, Q=22.0
2026-06-04 20:48:32,270 INFO: Plan 0: ḡ=0, γE[v]=1.0, Q=1.0
  [63/93] httpx._config seed=42: {'cov_qvalue_calib': 25}
2026-06-04 20:48:38,769 INFO: Plan 0: ḡ=12, γE[v]=17.5, Q=29.5
2026-06-04 20:48:38,972 INFO: Plan 0: ḡ=12, γE[v]=10.0, Q=22.0
2026-06-04 20:48:39,810 INFO: Plan 1: ḡ=2, γE[v]=6.0, Q=8.0
2026-06-04 20:48:39,861 INFO: Plan 0: ḡ=12, γE[v]=15.0, Q=27.0
2026-06-04 20:48:44,106 INFO: Plan 1: ḡ=2, γE[v]=5.0, Q=7.0
2026-06-04 20:48:44,454 INFO: Plan 0: ḡ=12, γE[v]=17.5, Q=29.5
2026-06-04 20:48:44,466 INFO: Plan 2: ḡ=18, γE[v]=16.0, Q=34.0
2026-06-04 20:48:48,293 INFO: Plan 1: ḡ=12, γE[v]=5.0, Q=17.0
2026-06-04 20:48:48,295 INFO: Plan 0: ḡ=6, γE[v]=6.0, Q=12.0
2026-06-04 20:48:50,779 INFO: Plan 0: ḡ=2, γE[v]=9.0, Q=11.0
2026-06-04 20:48:52,187 INFO: Plan 0: ḡ=4, γE[v]=7.5, Q=11.5
2026-06-04 20:48:52,834 INFO: Plan 0: ḡ=2, γE[v]=5.0, Q=7.0
  [64/93] pydantic.config seed=42: {'cov_qvalue_calib': 1}
  [65/93] pydantic.main seed=42: {'cov_qvalue_calib': 203}
2026-06-04 20:48:59,795 INFO: Plan 0: ḡ=1, γE[v]=15.0, Q=16.0
2026-06-04 20:49:06,729 INFO: Plan 0: ḡ=2, γE[v]=24.0, Q=26.0
2026-06-04 20:49:07,520 INFO: Plan 0: ḡ=12, γE[v]=19.0, Q=31.0
2026-06-04 20:49:08,097 INFO: Plan 0: ḡ=10, γE[v]=10.0, Q=20.0
2026-06-04 20:49:15,827 INFO: Plan 0: ḡ=10, γE[v]=10.0, Q=20.0
2026-06-04 20:49:17,281 INFO: Plan 0: ḡ=6, γE[v]=10.0, Q=16.0
2026-06-04 20:49:17,682 INFO: Plan 0: ḡ=2, γE[v]=5.0, Q=7.0
2026-06-04 20:49:17,790 INFO: Plan 1: ḡ=4, γE[v]=6.0, Q=10.0
2026-06-04 20:49:17,864 INFO: Plan 2: ḡ=5, γE[v]=7.5, Q=12.5
2026-06-04 20:49:21,791 INFO: Plan 0: ḡ=15, γE[v]=5.0, Q=20.0
2026-06-04 20:49:24,961 INFO: Plan 0: ḡ=2, γE[v]=17.5, Q=19.5
2026-06-04 20:49:26,240 INFO: Plan 0: ḡ=10, γE[v]=7.5, Q=17.5
2026-06-04 20:49:26,276 INFO: Plan 1: ḡ=2, γE[v]=5.0, Q=7.0
2026-06-04 20:49:26,392 INFO: Plan 0: ḡ=2, γE[v]=5.0, Q=7.0
2026-06-04 20:49:26,451 INFO: Plan 1: ḡ=2, γE[v]=4.0, Q=6.0
2026-06-04 20:49:37,862 INFO: Plan 0: ḡ=4, γE[v]=6.0, Q=10.0
2026-06-04 20:49:38,288 INFO: Plan 1: ḡ=12, γE[v]=14.0, Q=26.0
2026-06-04 20:49:41,993 INFO: Plan 0: ḡ=5, γE[v]=10.0, Q=15.0
2026-06-04 20:49:42,004 INFO: Plan 0: ḡ=1, γE[v]=7.5, Q=8.5
2026-06-04 20:49:44,811 INFO: Plan 2: ḡ=1, γE[v]=6.0, Q=7.0
2026-06-04 20:49:44,884 INFO: Plan 1: ḡ=12, γE[v]=14.0, Q=26.0
2026-06-04 20:49:45,058 INFO: Plan 0: ḡ=12, γE[v]=14.0, Q=26.0
2026-06-04 20:49:46,089 INFO: Plan 0: ḡ=1, γE[v]=5.0, Q=6.0
2026-06-04 20:49:47,611 INFO: Plan 0: ḡ=0, γE[v]=5.0, Q=5.0
2026-06-04 20:49:52,222 INFO: Plan 0: ḡ=1, γE[v]=7.5, Q=8.5
2026-06-04 20:49:56,221 INFO: Plan 0: ḡ=2, γE[v]=5.0, Q=7.0
2026-06-04 20:50:01,831 INFO: Plan 0: ḡ=18, γE[v]=12.0, Q=30.0
2026-06-04 20:50:06,358 INFO: Plan 0: ḡ=2, γE[v]=5.0, Q=7.0
2026-06-04 20:50:06,648 INFO: Plan 1: ḡ=2, γE[v]=5.0, Q=7.0
2026-06-04 20:50:07,037 INFO: Plan 0: ḡ=1, γE[v]=2.5, Q=3.5
2026-06-04 20:50:09,033 INFO: Plan 0: ḡ=12, γE[v]=15.0, Q=27.0
2026-06-04 20:50:16,259 INFO: Plan 0: ḡ=2, γE[v]=5.0, Q=7.0
2026-06-04 20:50:18,258 INFO: Plan 0: ḡ=1, γE[v]=2.5, Q=3.5
2026-06-04 20:50:18,437 INFO: Plan 0: ḡ=12, γE[v]=14.0, Q=26.0
2026-06-04 20:50:24,037 INFO: Plan 0: ḡ=5, γE[v]=7.5, Q=12.5
2026-06-04 20:50:28,967 INFO: Plan 1: ḡ=0, γE[v]=5.0, Q=5.0
2026-06-04 20:50:29,027 INFO: Plan 0: ḡ=2, γE[v]=5.0, Q=7.0
2026-06-04 20:50:31,253 INFO: Plan 0: ḡ=8, γE[v]=6.0, Q=14.0
2026-06-04 20:50:32,140 INFO: Plan 0: ḡ=2, γE[v]=5.0, Q=7.0
2026-06-04 20:50:32,313 INFO: Plan 0: ḡ=5, γE[v]=7.5, Q=12.5
  [66/93] pydantic.networks seed=42: {'cov_qvalue_calib': 35}
2026-06-04 20:50:38,528 INFO: Plan 0: ḡ=18, γE[v]=6.0, Q=24.0
2026-06-04 20:50:45,729 INFO: Plan 0: ḡ=2, γE[v]=5.0, Q=7.0
2026-06-04 20:50:46,085 INFO: Plan 0: ḡ=12, γE[v]=14.0, Q=26.0
2026-06-04 20:50:46,121 INFO: Plan 1: ḡ=0, γE[v]=7.5, Q=7.5
2026-06-04 20:50:48,778 INFO: Plan 1: ḡ=1, γE[v]=20.0, Q=21.0
2026-06-04 20:50:48,850 INFO: Plan 0: ḡ=18, γE[v]=16.0, Q=34.0
2026-06-04 20:50:51,371 INFO: Plan 0: ḡ=1, γE[v]=5.0, Q=6.0
2026-06-04 20:50:55,765 INFO: Plan 0: ḡ=12, γE[v]=17.5, Q=29.5
2026-06-04 20:51:00,189 INFO: Plan 0: ḡ=6, γE[v]=6.0, Q=12.0
2026-06-04 20:51:00,286 INFO: Plan 0: ḡ=12, γE[v]=10.0, Q=22.0
2026-06-04 20:51:00,387 INFO: Plan 0: ḡ=2, γE[v]=5.0, Q=7.0
2026-06-04 20:51:04,172 INFO: Plan 0: ḡ=2, γE[v]=5.0, Q=7.0
2026-06-04 20:51:04,277 INFO: Plan 1: ḡ=2, γE[v]=5.0, Q=7.0
2026-06-04 20:51:10,065 INFO: Plan 0: ḡ=2, γE[v]=5.0, Q=7.0
  [67/93] pydantic.functional_validators seed=42: {'cov_qvalue_calib': 36}
2026-06-04 20:51:10,672 INFO: Plan 0: ḡ=2, γE[v]=4.0, Q=6.0
2026-06-04 20:51:12,740 INFO: Plan 1: ḡ=12, γE[v]=15.0, Q=27.0
2026-06-04 20:51:13,125 INFO: Plan 2: ḡ=0, γE[v]=0.0, Q=0.0
2026-06-04 20:51:13,125 INFO: Plan 0: ḡ=0, γE[v]=20.0, Q=20.0
2026-06-04 20:51:14,743 INFO: Plan 0: ḡ=12, γE[v]=17.5, Q=29.5
2026-06-04 20:51:19,900 INFO: Plan 0: ḡ=0, γE[v]=0.0, Q=0.0
2026-06-04 20:51:22,837 INFO: Plan 0: ḡ=2, γE[v]=5.0, Q=7.0
2026-06-04 20:51:22,982 INFO: Plan 2: ḡ=12, γE[v]=15.0, Q=27.0
2026-06-04 20:51:23,238 INFO: Plan 1: ḡ=0, γE[v]=2.5, Q=2.5
2026-06-04 20:51:23,930 INFO: Plan 1: ḡ=2, γE[v]=5.0, Q=7.0
2026-06-04 20:51:24,238 INFO: Plan 0: ḡ=2, γE[v]=2.5, Q=4.5
2026-06-04 20:51:28,562 INFO: Plan 0: ḡ=12, γE[v]=10.0, Q=22.0
2026-06-04 20:51:32,815 INFO: Plan 1: ḡ=0, γE[v]=0.0, Q=0.0
2026-06-04 20:51:32,817 INFO: Plan 0: ḡ=1, γE[v]=6.0, Q=7.0
2026-06-04 20:51:34,252 INFO: Plan 0: ḡ=0, γE[v]=0.0, Q=0.0
2026-06-04 20:51:39,178 INFO: Plan 0: ḡ=12, γE[v]=15.0, Q=27.0
2026-06-04 20:51:40,581 INFO: Plan 1: ḡ=1, γE[v]=2.5, Q=3.5
2026-06-04 20:51:40,713 INFO: Plan 0: ḡ=1, γE[v]=0.0, Q=1.0
2026-06-04 20:51:42,205 INFO: Plan 0: ḡ=5, γE[v]=7.5, Q=12.5
2026-06-04 20:51:48,756 INFO: Plan 0: ḡ=12, γE[v]=10.0, Q=22.0
2026-06-04 20:51:48,882 INFO: Plan 1: ḡ=12, γE[v]=15.0, Q=27.0
2026-06-04 20:51:49,114 INFO: Plan 0: ḡ=0, γE[v]=0.0, Q=0.0
  [68/93] pydantic.color seed=42: {'cov_qvalue_calib': 88}
2026-06-04 20:51:55,357 INFO: Plan 0: ḡ=2, γE[v]=2.5, Q=4.5
2026-06-04 20:51:56,411 INFO: Plan 0: ḡ=1, γE[v]=5.0, Q=6.0
2026-06-04 20:52:00,597 INFO: Plan 0: ḡ=12, γE[v]=17.5, Q=29.5
2026-06-04 20:52:04,965 INFO: Plan 1: ḡ=12, γE[v]=19.0, Q=31.0
2026-06-04 20:52:05,035 INFO: Plan 0: ḡ=2, γE[v]=20.0, Q=22.0
2026-06-04 20:52:08,159 INFO: Plan 0: ḡ=4, γE[v]=6.0, Q=10.0
2026-06-04 20:52:09,079 INFO: Plan 0: ḡ=2, γE[v]=5.0, Q=7.0
2026-06-04 20:52:10,994 INFO: Plan 1: ḡ=2, γE[v]=6.0, Q=8.0
2026-06-04 20:52:11,167 INFO: Plan 0: ḡ=0, γE[v]=2.5, Q=2.5
2026-06-04 20:52:18,557 INFO: Plan 0: ḡ=12, γE[v]=10.0, Q=22.0
2026-06-04 20:52:25,440 INFO: Plan 0: ḡ=0, γE[v]=0.0, Q=0.0
2026-06-04 20:52:25,530 INFO: Plan 1: ḡ=5, γE[v]=5.0, Q=10.0
  [69/93] pydantic.type_adapter seed=42: {'cov_qvalue_calib': 18}
2026-06-04 20:52:27,290 INFO: Plan 0: ḡ=0, γE[v]=0.0, Q=0.0
2026-06-04 20:52:27,506 INFO: Plan 0: ḡ=1, γE[v]=7.5, Q=8.5
  [70/93] werkzeug.http seed=42: {'cov_qvalue_calib': 89}
2026-06-04 20:52:35,639 INFO: Plan 0: ḡ=2, γE[v]=24.0, Q=26.0
2026-06-04 20:52:35,778 INFO: Plan 1: ḡ=2, γE[v]=24.0, Q=26.0
2026-06-04 20:52:37,685 INFO: Plan 0: ḡ=0, γE[v]=5.0, Q=5.0
2026-06-04 20:52:41,482 INFO: Plan 0: ḡ=2, γE[v]=6.0, Q=8.0
2026-06-04 20:52:42,280 INFO: Plan 0: ḡ=0, γE[v]=2.5, Q=2.5
2026-06-04 20:52:43,336 INFO: Plan 0: ḡ=12, γE[v]=17.5, Q=29.5
2026-06-04 20:52:43,679 INFO: Plan 1: ḡ=5, γE[v]=7.5, Q=12.5
2026-06-04 20:52:43,767 INFO: Plan 2: ḡ=0, γE[v]=0.0, Q=0.0
2026-06-04 20:52:45,431 INFO: Plan 1: ḡ=12, γE[v]=17.5, Q=29.5
  [71/93] werkzeug.serving seed=42: {'cov_qvalue_calib': 9}
2026-06-04 20:52:45,739 INFO: Plan 0: ḡ=0, γE[v]=5.0, Q=5.0
  [72/93] pydantic.functional_serializers seed=42: {'cov_qvalue_calib': 22}
2026-06-04 20:52:50,073 INFO: Plan 0: ḡ=2, γE[v]=6.0, Q=8.0
2026-06-04 20:52:55,220 INFO: Plan 1: ḡ=1, γE[v]=20.0, Q=21.0
2026-06-04 20:52:55,420 INFO: Plan 2: ḡ=2, γE[v]=24.0, Q=26.0
2026-06-04 20:52:55,579 INFO: Plan 0: ḡ=12, γE[v]=17.5, Q=29.5
2026-06-04 20:52:55,623 INFO: Plan 1: ḡ=12, γE[v]=17.5, Q=29.5
2026-06-04 20:52:55,808 INFO: Plan 0: ḡ=2, γE[v]=5.0, Q=7.0
2026-06-04 20:52:55,907 INFO: Plan 0: ḡ=12, γE[v]=14.0, Q=26.0
2026-06-04 20:53:00,985 INFO: Plan 0: ḡ=2, γE[v]=5.0, Q=7.0
2026-06-04 20:53:03,736 INFO: Plan 0: ḡ=3, γE[v]=17.5, Q=20.5
2026-06-04 20:53:04,092 INFO: Plan 1: ḡ=5, γE[v]=15.0, Q=20.0
2026-06-04 20:53:10,173 INFO: Plan 0: ḡ=0, γE[v]=7.5, Q=7.5
2026-06-04 20:53:10,434 INFO: Plan 0: ḡ=2, γE[v]=5.0, Q=7.0
  [73/93] werkzeug.datastructures.structures seed=42: {'cov_qvalue_calib': 25}
2026-06-04 20:53:19,172 INFO: Plan 0: ḡ=4, γE[v]=6.0, Q=10.0
2026-06-04 20:53:19,741 INFO: Plan 0: ḡ=2, γE[v]=20.0, Q=22.0
2026-06-04 20:53:20,643 INFO: Plan 0: ḡ=12, γE[v]=14.0, Q=26.0
2026-06-04 20:53:27,597 INFO: Plan 0: ḡ=12, γE[v]=10.0, Q=22.0
2026-06-04 20:53:30,731 INFO: Plan 0: ḡ=1, γE[v]=25.0, Q=26.0
2026-06-04 20:53:31,924 INFO: Plan 0: ḡ=12, γE[v]=19.0, Q=31.0
2026-06-04 20:53:34,403 INFO: Plan 0: ḡ=5, γE[v]=15.0, Q=20.0
2026-06-04 20:53:46,134 INFO: Plan 0: ḡ=12, γE[v]=14.0, Q=26.0
2026-06-04 20:53:47,124 INFO: Plan 0: ḡ=5, γE[v]=17.5, Q=22.5
2026-06-04 20:53:47,950 INFO: Plan 0: ḡ=12, γE[v]=17.5, Q=29.5
2026-06-04 20:53:56,537 INFO: Plan 0: ḡ=10, γE[v]=15.0, Q=25.0
2026-06-04 20:53:59,570 INFO: Plan 0: ḡ=0, γE[v]=0.0, Q=0.0
2026-06-04 20:54:01,548 INFO: Plan 0: ḡ=12, γE[v]=17.5, Q=29.5
2026-06-04 20:54:01,673 INFO: Plan 0: ḡ=5, γE[v]=7.5, Q=12.5
2026-06-04 20:54:06,944 INFO: Plan 0: ḡ=2, γE[v]=5.0, Q=7.0
2026-06-04 20:54:06,996 INFO: Plan 1: ḡ=12, γE[v]=17.5, Q=29.5
2026-06-04 20:54:07,182 INFO: Plan 0: ḡ=12, γE[v]=17.5, Q=29.5
2026-06-04 20:54:07,486 INFO: Plan 1: ḡ=12, γE[v]=17.5, Q=29.5
2026-06-04 20:54:10,366 INFO: Plan 0: ḡ=1, γE[v]=7.5, Q=8.5
2026-06-04 20:54:12,803 INFO: Plan 0: ḡ=7, γE[v]=8.0, Q=15.0
2026-06-04 20:54:19,880 INFO: Plan 0: ḡ=0, γE[v]=0.0, Q=0.0
2026-06-04 20:54:21,163 INFO: Plan 0: ḡ=5, γE[v]=17.5, Q=22.5
2026-06-04 20:54:21,778 INFO: Plan 0: ḡ=4, γE[v]=6.0, Q=10.0
2026-06-04 20:54:32,012 INFO: Plan 1: ḡ=2, γE[v]=5.0, Q=7.0
2026-06-04 20:54:32,414 INFO: Plan 0: ḡ=4, γE[v]=10.0, Q=14.0
2026-06-04 20:54:33,960 INFO: Plan 0: ḡ=12, γE[v]=17.5, Q=29.5
2026-06-04 20:54:34,140 INFO: Plan 0: ḡ=1, γE[v]=1.0, Q=2.0
2026-06-04 20:54:34,165 INFO: Plan 1: ḡ=6, γE[v]=12.5, Q=18.5
2026-06-04 20:54:34,789 INFO: Plan 1: ḡ=2, γE[v]=7.5, Q=9.5
2026-06-04 20:54:35,328 INFO: Plan 0: ḡ=12, γE[v]=14.0, Q=26.0
2026-06-04 20:54:42,628 INFO: Plan 0: ḡ=12, γE[v]=14.0, Q=26.0
2026-06-04 20:54:48,371 INFO: Plan 0: ḡ=2, γE[v]=5.0, Q=7.0
  [74/93] werkzeug.routing.rules seed=42: {'cov_qvalue_calib': 16}
2026-06-04 20:54:50,643 INFO: Plan 0: ḡ=12, γE[v]=9.0, Q=21.0
2026-06-04 20:54:51,328 INFO: Plan 1: ḡ=0, γE[v]=25.0, Q=25.0
2026-06-04 20:54:56,244 INFO: Plan 0: ḡ=4, γE[v]=6.0, Q=10.0
2026-06-04 20:54:57,981 INFO: Plan 0: ḡ=12, γE[v]=17.5, Q=29.5
2026-06-04 20:54:59,172 INFO: Plan 0: ḡ=2, γE[v]=14.0, Q=16.0
2026-06-04 20:54:59,263 INFO: Plan 1: ḡ=1, γE[v]=7.5, Q=8.5
2026-06-04 20:55:00,041 INFO: Plan 0: ḡ=0, γE[v]=5.0, Q=5.0
2026-06-04 20:55:00,661 INFO: Plan 0: ḡ=2, γE[v]=6.0, Q=8.0
2026-06-04 20:55:00,859 INFO: Plan 0: ḡ=0, γE[v]=0.0, Q=0.0
2026-06-04 20:55:10,306 INFO: Plan 0: ḡ=12, γE[v]=15.0, Q=27.0
2026-06-04 20:55:12,049 INFO: Plan 0: ḡ=2, γE[v]=5.0, Q=7.0
  [75/93] werkzeug.routing.map seed=42: {'cov_qvalue_calib': 100}
2026-06-04 20:55:15,775 INFO: Plan 0: ḡ=12, γE[v]=17.5, Q=29.5
2026-06-04 20:55:16,227 INFO: Plan 0: ḡ=12, γE[v]=17.5, Q=29.5
2026-06-04 20:55:23,388 INFO: Plan 0: ḡ=2, γE[v]=5.0, Q=7.0
2026-06-04 20:55:24,142 INFO: Plan 0: ḡ=0, γE[v]=25.0, Q=25.0
2026-06-04 20:55:26,421 INFO: Plan 1: ḡ=2, γE[v]=22.5, Q=24.5
2026-06-04 20:55:26,740 INFO: Plan 0: ḡ=12, γE[v]=17.5, Q=29.5
2026-06-04 20:55:30,436 INFO: Plan 0: ḡ=5, γE[v]=10.0, Q=15.0
2026-06-04 20:55:33,250 INFO: Plan 0: ḡ=4, γE[v]=0.5, Q=4.5
2026-06-04 20:55:37,327 INFO: Plan 0: ḡ=4, γE[v]=5.0, Q=9.0
2026-06-04 20:55:37,581 INFO: Plan 0: ḡ=5, γE[v]=7.5, Q=12.5
2026-06-04 20:55:44,999 INFO: Plan 0: ḡ=0, γE[v]=20.0, Q=20.0
2026-06-04 20:55:46,821 INFO: Plan 0: ḡ=2, γE[v]=5.0, Q=7.0
2026-06-04 20:55:47,056 INFO: Plan 0: ḡ=6, γE[v]=10.0, Q=16.0
2026-06-04 20:55:47,410 INFO: Plan 0: ḡ=2, γE[v]=5.0, Q=7.0
2026-06-04 20:55:50,055 INFO: Plan 0: ḡ=1, γE[v]=10.0, Q=11.0
2026-06-04 20:55:50,110 INFO: Plan 1: ḡ=2, γE[v]=22.5, Q=24.5
2026-06-04 20:55:50,951 INFO: Plan 0: ḡ=12, γE[v]=17.5, Q=29.5
2026-06-04 20:55:58,746 INFO: Plan 0: ḡ=2, γE[v]=5.0, Q=7.0
2026-06-04 20:56:00,606 INFO: Plan 0: ḡ=12, γE[v]=17.5, Q=29.5
  [76/93] werkzeug.sansio.response seed=42: {'cov_qvalue_calib': 68}
2026-06-04 20:56:05,556 INFO: Plan 0: ḡ=2, γE[v]=22.5, Q=24.5
2026-06-04 20:56:10,363 INFO: Plan 0: ḡ=2, γE[v]=19.0, Q=21.0
2026-06-04 20:56:12,040 INFO: Plan 0: ḡ=2, γE[v]=5.0, Q=7.0
2026-06-04 20:56:12,305 INFO: Plan 1: ḡ=2, γE[v]=5.0, Q=7.0
2026-06-04 20:56:13,896 INFO: Plan 0: ḡ=12, γE[v]=14.0, Q=26.0
2026-06-04 20:56:20,607 INFO: Plan 0: ḡ=1, γE[v]=5.0, Q=6.0
2026-06-04 20:56:23,482 INFO: Plan 0: ḡ=2, γE[v]=5.0, Q=7.0
2026-06-04 20:56:25,241 INFO: Plan 1: ḡ=0, γE[v]=2.5, Q=2.5
2026-06-04 20:56:25,629 INFO: Plan 0: ḡ=2, γE[v]=5.0, Q=7.0
2026-06-04 20:56:27,646 INFO: Plan 0: ḡ=0, γE[v]=0.0, Q=0.0
2026-06-04 20:56:31,197 INFO: Plan 0: ḡ=12, γE[v]=10.0, Q=22.0
  [77/93] werkzeug.utils seed=42: {'cov_qvalue_calib': 16}
  [78/93] werkzeug.exceptions seed=42: {'cov_qvalue_calib': 32}
2026-06-04 20:56:35,811 INFO: Plan 0: ḡ=12, γE[v]=14.0, Q=26.0
2026-06-04 20:56:37,083 INFO: Plan 0: ḡ=12, γE[v]=17.5, Q=29.5
2026-06-04 20:56:37,301 INFO: Plan 1: ḡ=6, γE[v]=15.0, Q=21.0
2026-06-04 20:56:41,034 INFO: Plan 0: ḡ=2, γE[v]=2.5, Q=4.5
  [79/93] werkzeug.wrappers.request seed=42: {'cov_qvalue_calib': 62}
2026-06-04 20:56:47,922 INFO: Plan 0: ḡ=1, γE[v]=5.0, Q=6.0
2026-06-04 20:56:48,430 INFO: Plan 0: ḡ=1, γE[v]=5.0, Q=6.0
2026-06-04 20:56:48,543 INFO: Plan 0: ḡ=2, γE[v]=5.0, Q=7.0
2026-06-04 20:56:48,764 INFO: Plan 0: ḡ=12, γE[v]=14.0, Q=26.0
2026-06-04 20:56:54,366 INFO: Plan 0: ḡ=12, γE[v]=16.0, Q=28.0
  [80/93] werkzeug.local seed=42: {'cov_qvalue_calib': 45}
2026-06-04 20:56:56,782 INFO: Plan 0: ḡ=10, γE[v]=15.0, Q=25.0
2026-06-04 20:56:57,193 INFO: Plan 1: ḡ=2, γE[v]=0.0, Q=2.0
  [81/93] werkzeug.wrappers.response seed=42: {'cov_qvalue_calib': 76}
2026-06-04 20:57:06,546 INFO: Plan 0: ḡ=1, γE[v]=5.0, Q=6.0
2026-06-04 20:57:08,394 INFO: Plan 0: ḡ=0, γE[v]=10.0, Q=10.0
2026-06-04 20:57:09,597 INFO: Plan 0: ḡ=0, γE[v]=0.0, Q=0.0
2026-06-04 20:57:10,937 INFO: Plan 0: ḡ=2, γE[v]=6.0, Q=8.0
2026-06-04 20:57:11,989 INFO: Plan 0: ḡ=2, γE[v]=5.0, Q=7.0
2026-06-04 20:57:19,795 INFO: Plan 1: ḡ=2, γE[v]=6.0, Q=8.0
2026-06-04 20:57:19,817 INFO: Plan 0: ḡ=0, γE[v]=0.0, Q=0.0
2026-06-04 20:57:22,699 INFO: Plan 0: ḡ=2, γE[v]=4.0, Q=6.0
2026-06-04 20:57:23,848 INFO: Plan 0: ḡ=5, γE[v]=10.0, Q=15.0
2026-06-04 20:57:25,908 INFO: Plan 0: ḡ=2, γE[v]=1.0, Q=3.0
2026-06-04 20:57:27,461 INFO: Plan 0: ḡ=2, γE[v]=5.0, Q=7.0
2026-06-04 20:57:27,607 INFO: Plan 1: ḡ=0, γE[v]=10.0, Q=10.0
2026-06-04 20:57:32,401 INFO: Plan 0: ḡ=2, γE[v]=6.0, Q=8.0
2026-06-04 20:57:33,370 INFO: Plan 0: ḡ=0, γE[v]=5.0, Q=5.0
2026-06-04 20:57:36,294 INFO: Plan 0: ḡ=1, γE[v]=5.0, Q=6.0
2026-06-04 20:57:40,529 INFO: Plan 0: ḡ=2, γE[v]=7.5, Q=9.5
2026-06-04 20:57:48,051 INFO: Plan 1: ḡ=10, γE[v]=15.0, Q=25.0
2026-06-04 20:57:48,253 INFO: Plan 0: ḡ=2, γE[v]=5.0, Q=7.0
2026-06-04 20:57:48,311 INFO: Plan 1: ḡ=2, γE[v]=5.0, Q=7.0
2026-06-04 20:57:48,488 INFO: Plan 0: ḡ=3, γE[v]=5.0, Q=8.0
2026-06-04 20:57:55,069 INFO: Plan 1: ḡ=1, γE[v]=5.0, Q=6.0
2026-06-04 20:57:55,209 INFO: Plan 0: ḡ=1, γE[v]=7.5, Q=8.5
2026-06-04 20:57:57,260 INFO: Plan 0: ḡ=0, γE[v]=0.0, Q=0.0
2026-06-04 20:57:57,372 INFO: Plan 0: ḡ=0, γE[v]=0.0, Q=0.0
2026-06-04 20:57:57,780 INFO: Plan 0: ḡ=2, γE[v]=5.5, Q=7.5
2026-06-04 20:58:02,198 INFO: Plan 0: ḡ=2, γE[v]=5.0, Q=7.0
2026-06-04 20:58:11,794 INFO: Plan 0: ḡ=1, γE[v]=7.5, Q=8.5
2026-06-04 20:58:12,234 INFO: Plan 0: ḡ=12, γE[v]=12.5, Q=24.5
2026-06-04 20:58:12,442 INFO: Plan 0: ḡ=10, γE[v]=10.0, Q=20.0
2026-06-04 20:58:12,472 INFO: Plan 1: ḡ=5, γE[v]=5.0, Q=10.0
2026-06-04 20:58:13,339 INFO: Plan 0: ḡ=2, γE[v]=25.0, Q=27.0
2026-06-04 20:58:20,125 INFO: Plan 0: ḡ=2, γE[v]=5.0, Q=7.0
2026-06-04 20:58:22,008 INFO: Plan 2: ḡ=2, γE[v]=5.0, Q=7.0
2026-06-04 20:58:22,018 INFO: Plan 0: ḡ=1, γE[v]=7.5, Q=8.5
2026-06-04 20:58:22,240 INFO: Plan 1: ḡ=1, γE[v]=1.0, Q=2.0
2026-06-04 20:58:34,927 INFO: Plan 0: ḡ=1, γE[v]=7.5, Q=8.5
2026-06-04 20:58:35,467 INFO: Plan 0: ḡ=2, γE[v]=20.0, Q=22.0
2026-06-04 20:58:39,788 INFO: Plan 0: ḡ=2, γE[v]=5.0, Q=7.0
  [82/93] werkzeug.wsgi seed=42: {'cov_qvalue_calib': 13}
2026-06-04 20:58:48,626 INFO: Plan 0: ḡ=0, γE[v]=5.0, Q=5.0
2026-06-04 20:58:48,808 INFO: Plan 0: ḡ=0, γE[v]=5.0, Q=5.0
2026-06-04 20:58:52,005 INFO: Plan 0: ḡ=0, γE[v]=10.0, Q=10.0
2026-06-04 20:58:52,082 INFO: Plan 1: ḡ=0, γE[v]=5.0, Q=5.0
2026-06-04 20:58:59,578 INFO: Plan 0: ḡ=2, γE[v]=2.5, Q=4.5
2026-06-04 20:59:01,868 INFO: Plan 0: ḡ=0, γE[v]=7.5, Q=7.5
2026-06-04 20:59:07,162 INFO: Plan 0: ḡ=0, γE[v]=0.0, Q=0.0
  [83/93] starlette.routing seed=42: {'cov_qvalue_calib': 6}
2026-06-04 20:59:13,095 INFO: Plan 1: ḡ=0, γE[v]=2.5, Q=2.5
2026-06-04 20:59:13,373 INFO: Plan 0: ḡ=0, γE[v]=2.5, Q=2.5
2026-06-04 20:59:13,817 INFO: Plan 0: ḡ=2, γE[v]=9.0, Q=11.0
2026-06-04 20:59:15,306 INFO: Plan 0: ḡ=2, γE[v]=5.0, Q=7.0
2026-06-04 20:59:15,445 INFO: Plan 1: ḡ=2, γE[v]=5.0, Q=7.0
2026-06-04 20:59:17,621 INFO: Plan 2: ḡ=1, γE[v]=5.0, Q=6.0
2026-06-04 20:59:17,767 INFO: Plan 1: ḡ=1, γE[v]=10.0, Q=11.0
2026-06-04 20:59:18,020 INFO: Plan 0: ḡ=12, γE[v]=15.0, Q=27.0
2026-06-04 20:59:19,743 INFO: Plan 0: ḡ=0, γE[v]=5.0, Q=5.0
2026-06-04 20:59:19,791 INFO: Plan 1: ḡ=2, γE[v]=5.0, Q=7.0
2026-06-04 20:59:29,604 INFO: Plan 0: ḡ=0, γE[v]=0.0, Q=0.0
2026-06-04 20:59:31,473 INFO: Plan 0: ḡ=5, γE[v]=5.0, Q=10.0
2026-06-04 20:59:31,539 INFO: Plan 1: ḡ=2, γE[v]=17.5, Q=19.5
2026-06-04 20:59:32,315 INFO: Plan 0: ḡ=6, γE[v]=0.0, Q=6.0
2026-06-04 20:59:33,991 INFO: Plan 1: ḡ=1, γE[v]=5.0, Q=6.0
2026-06-04 20:59:34,065 INFO: Plan 0: ḡ=2, γE[v]=23.0, Q=25.0
2026-06-04 20:59:38,148 INFO: Plan 0: ḡ=2, γE[v]=5.0, Q=7.0
2026-06-04 20:59:44,500 INFO: Plan 1: ḡ=2, γE[v]=5.0, Q=7.0
2026-06-04 20:59:44,769 INFO: Plan 0: ḡ=0, γE[v]=2.5, Q=2.5
2026-06-04 20:59:46,719 INFO: Plan 1: ḡ=2, γE[v]=6.0, Q=8.0
2026-06-04 20:59:46,905 INFO: Plan 2: ḡ=1, γE[v]=25.0, Q=26.0
2026-06-04 20:59:47,031 INFO: Plan 0: ḡ=0, γE[v]=5.0, Q=5.0
2026-06-04 20:59:47,034 INFO: Plan 0: ḡ=1, γE[v]=5.0, Q=6.0
2026-06-04 20:59:49,763 INFO: Plan 0: ḡ=2, γE[v]=19.0, Q=21.0
  [84/93] starlette.testclient seed=42: {'cov_qvalue_calib': 4}
2026-06-04 20:59:52,033 INFO: Plan 0: ḡ=10, γE[v]=12.5, Q=22.5
2026-06-04 21:00:04,120 INFO: Plan 1: ḡ=2, γE[v]=4.0, Q=6.0
2026-06-04 21:00:04,157 INFO: Plan 0: ḡ=0, γE[v]=0.0, Q=0.0
2026-06-04 21:00:04,465 INFO: Plan 0: ḡ=5, γE[v]=15.0, Q=20.0
2026-06-04 21:00:04,479 INFO: Plan 1: ḡ=0, γE[v]=5.0, Q=5.0
  [85/93] starlette.datastructures seed=42: {'cov_qvalue_calib': 49}
2026-06-04 21:00:08,427 INFO: Plan 0: ḡ=0, γE[v]=0.0, Q=0.0
  [86/93] starlette.responses seed=42: {'cov_qvalue_calib': 25}
2026-06-04 21:00:12,919 INFO: Plan 0: ḡ=4, γE[v]=6.0, Q=10.0
2026-06-04 21:00:13,604 INFO: Plan 0: ḡ=10, γE[v]=10.0, Q=20.0
2026-06-04 21:00:20,791 INFO: Plan 0: ḡ=0, γE[v]=5.0, Q=5.0
2026-06-04 21:00:22,035 INFO: Plan 0: ḡ=2, γE[v]=5.0, Q=7.0
2026-06-04 21:00:22,371 INFO: Plan 1: ḡ=1, γE[v]=5.0, Q=6.0
2026-06-04 21:00:25,730 INFO: Plan 0: ḡ=2, γE[v]=5.0, Q=7.0
2026-06-04 21:00:27,202 INFO: Plan 0: ḡ=0, γE[v]=10.0, Q=10.0
2026-06-04 21:00:34,675 INFO: Plan 1: ḡ=0, γE[v]=5.0, Q=5.0
2026-06-04 21:00:34,922 INFO: Plan 0: ḡ=1, γE[v]=5.0, Q=6.0
2026-06-04 21:00:37,401 INFO: Plan 0: ḡ=1, γE[v]=1.5, Q=2.5
2026-06-04 21:00:38,292 INFO: Plan 0: ḡ=1, γE[v]=20.0, Q=21.0
2026-06-04 21:00:40,517 INFO: Plan 0: ḡ=2, γE[v]=5.0, Q=7.0
2026-06-04 21:00:44,525 INFO: Plan 0: ḡ=5, γE[v]=10.0, Q=15.0
2026-06-04 21:00:50,456 INFO: Plan 0: ḡ=2, γE[v]=5.0, Q=7.0
2026-06-04 21:00:54,581 INFO: Plan 0: ḡ=4, γE[v]=5.0, Q=9.0
2026-06-04 21:00:57,910 INFO: Plan 0: ḡ=2, γE[v]=5.0, Q=7.0
  [87/93] starlette.requests seed=42: {'cov_qvalue_calib': 41}
2026-06-04 21:01:00,840 INFO: Plan 0: ḡ=2, γE[v]=5.0, Q=7.0
2026-06-04 21:01:03,733 INFO: Plan 0: ḡ=2, γE[v]=5.0, Q=7.0
2026-06-04 21:01:04,784 INFO: Plan 0: ḡ=0, γE[v]=0.0, Q=0.0
  [88/93] starlette.formparsers seed=42: {'cov_qvalue_calib': 2}
2026-06-04 21:01:12,183 INFO: Plan 0: ḡ=0, γE[v]=15.0, Q=15.0
2026-06-04 21:01:12,382 INFO: Plan 1: ḡ=0, γE[v]=0.0, Q=0.0
2026-06-04 21:01:14,365 INFO: Plan 0: ḡ=2, γE[v]=2.5, Q=4.5
2026-06-04 21:01:26,519 INFO: Plan 0: ḡ=2, γE[v]=6.0, Q=8.0
2026-06-04 21:01:27,107 INFO: Plan 0: ḡ=0, γE[v]=0.0, Q=0.0
2026-06-04 21:01:27,875 INFO: Plan 0: ḡ=2, γE[v]=4.0, Q=6.0
2026-06-04 21:01:28,451 INFO: Plan 1: ḡ=5, γE[v]=5.0, Q=10.0
2026-06-04 21:01:30,365 INFO: Plan 0: ḡ=0, γE[v]=7.5, Q=7.5
2026-06-04 21:01:33,876 INFO: Plan 0: ḡ=0, γE[v]=0.0, Q=0.0
2026-06-04 21:01:41,154 INFO: Plan 0: ḡ=2, γE[v]=4.0, Q=6.0
2026-06-04 21:01:44,461 INFO: Plan 0: ḡ=2, γE[v]=5.0, Q=7.0
2026-06-04 21:01:45,073 INFO: Plan 0: ḡ=0, γE[v]=25.0, Q=25.0
2026-06-04 21:01:47,798 INFO: Plan 0: ḡ=2, γE[v]=6.0, Q=8.0
2026-06-04 21:01:48,111 INFO: Plan 1: ḡ=12, γE[v]=14.0, Q=26.0
  [89/93] starlette.applications seed=42: {'cov_qvalue_calib': 6}
2026-06-04 21:01:54,268 INFO: Plan 0: ḡ=8, γE[v]=6.0, Q=14.0
2026-06-04 21:01:59,277 INFO: Plan 0: ḡ=0, γE[v]=5.0, Q=5.0
2026-06-04 21:01:59,440 INFO: Plan 1: ḡ=1, γE[v]=5.0, Q=6.0
2026-06-04 21:01:59,463 INFO: Plan 2: ḡ=2, γE[v]=9.0, Q=11.0
2026-06-04 21:02:09,981 INFO: Plan 0: ḡ=1, γE[v]=5.0, Q=6.0
2026-06-04 21:02:15,782 INFO: Plan 0: ḡ=5, γE[v]=5.0, Q=10.0
2026-06-04 21:02:28,533 INFO: Plan 0: ḡ=0, γE[v]=0.0, Q=0.0
2026-06-04 21:02:34,962 INFO: Plan 0: ḡ=5, γE[v]=5.0, Q=10.0
2026-06-04 21:02:41,128 INFO: Plan 0: ḡ=0, γE[v]=7.5, Q=7.5
2026-06-04 21:02:44,970 INFO: Plan 1: ḡ=2, γE[v]=5.0, Q=7.0
2026-06-04 21:02:45,341 INFO: Plan 0: ḡ=2, γE[v]=5.0, Q=7.0
2026-06-04 21:02:48,090 INFO: Plan 0: ḡ=2, γE[v]=2.0, Q=4.0
2026-06-04 21:02:52,721 INFO: Plan 0: ḡ=0, γE[v]=25.0, Q=25.0
2026-06-04 21:03:01,769 INFO: Plan 1: ḡ=6, γE[v]=6.0, Q=12.0
2026-06-04 21:03:01,858 INFO: Plan 0: ḡ=2, γE[v]=2.5, Q=4.5
2026-06-04 21:03:03,279 INFO: Plan 0: ḡ=0, γE[v]=7.5, Q=7.5
2026-06-04 21:03:03,343 INFO: Plan 1: ḡ=0, γE[v]=7.5, Q=7.5
2026-06-04 21:03:05,284 INFO: Plan 0: ḡ=12, γE[v]=9.0, Q=21.0
  [90/93] starlette.staticfiles seed=42: {'cov_qvalue_calib': 49}
2026-06-04 21:03:19,939 INFO: Plan 0: ḡ=12, γE[v]=15.0, Q=27.0
  [91/93] starlette.middleware.base seed=42: {'cov_qvalue_calib': 5}
2026-06-04 21:03:38,245 INFO: Plan 0: ḡ=5, γE[v]=7.5, Q=12.5
2026-06-04 21:03:38,671 INFO: Plan 1: ḡ=2, γE[v]=4.0, Q=6.0
2026-06-04 21:03:41,286 INFO: Plan 1: ḡ=0, γE[v]=0.0, Q=0.0
2026-06-04 21:03:41,446 INFO: Plan 0: ḡ=0, γE[v]=5.0, Q=5.0
  [92/93] starlette.templating seed=42: {'cov_qvalue_calib': 25}
  [93/93] starlette.middleware.errors seed=42: {'cov_qvalue_calib': 44}

======================================================================
RESULTS
======================================================================

Module                              seed  cov_qvalue_
-----------------------------------------------------
click.types                           42           10
click.termui                          42           23
click.shell_completion                42           12
click.parser                          42           22
click.core                            42          247
click.testing                         42           37
click.decorators                      42           38
click.utils                           42           20
click.exceptions                      42           15
requests.utils                        42           62
requests.models                       42          127
requests.auth                         42           48
click.formatting                      42           46
requests.cookies                      42            8
requests.sessions                     42           28
requests.adapters                     42           10
flask.app                             42          183
flask.helpers                         42           10
flask.ctx                             42           60
flask.sessions                        42            4
flask.json.tag                        42           23
flask.config                          42           57
flask.testing                         42            9
flask.cli                             42           78
flask.json.provider                   42           46
flask.templating                      42           50
rich.progress                         42          181
rich.console                          42          301
rich.text                             42           84
rich.pretty                           42          102
rich.syntax                           42           97
rich.table                            42          175
rich.markdown                         42           97
rich.style                            42           89
rich.segment                          42           60
rich.traceback                        42           80
rich.color                            42           61
jinja2.filters                        42          139
rich.layout                           42           60
jinja2.compiler                       42          108
jinja2.environment                    42           91
jinja2.runtime                        42           66
jinja2.nodes                          42           11
jinja2.parser                         42           32
jinja2.ext                            42           70
jinja2.loaders                        42           53
jinja2.utils                          42           11
jinja2.lexer                          42          108
jinja2.sandbox                        42           85
jinja2.bccache                        42            5
httpx._models                         42          185
httpx._urlparse                       42           62
httpx._main                           42           79
httpx._client                         42          124
httpx._urls                           42           67
httpx._api                            42           11
httpx._utils                          42           23
httpx._transports.default             42           19
pydantic.types                        42          133
httpx._auth                           42            6
pydantic.json_schema                  42          267
pydantic.fields                       42           82
httpx._config                         42           25
pydantic.config                       42            1
pydantic.main                         42          203
pydantic.networks                     42           35
pydantic.functional_validators        42           36
pydantic.color                        42           88
pydantic.type_adapter                 42           18
werkzeug.http                         42           89
werkzeug.serving                      42            9
pydantic.functional_serializers       42           22
werkzeug.datastructures.structures    42           25
werkzeug.routing.rules                42           16
werkzeug.routing.map                  42          100
werkzeug.sansio.response              42           68
werkzeug.utils                        42           16
werkzeug.exceptions                   42           32
werkzeug.wrappers.request             42           62
werkzeug.local                        42           45
werkzeug.wrappers.response            42           76
werkzeug.wsgi                         42           13
starlette.routing                     42            6
starlette.testclient                  42            4
starlette.datastructures              42           49
starlette.responses                   42           25
starlette.requests                    42           41
starlette.formparsers                 42            2
starlette.applications                42            6
starlette.staticfiles                 42           49
starlette.middleware.base             42            5
starlette.templating                  42           25
starlette.middleware.errors           42           44

======================================================================
STATISTICS
======================================================================

Per-strategy means (n=93):
  cov_qvalue_calib     branches=  61.6 ± 6.3  lines=175.4  pass_rate=78%

Per-repo means:

  click (10 runs):
    cov_qvalue_calib     mean=47.0

  flask (10 runs):
    cov_qvalue_calib     mean=52.0

  httpx (10 runs):
    cov_qvalue_calib     mean=60.1

  jinja2 (12 runs):
    cov_qvalue_calib     mean=64.9

  pydantic (10 runs):
    cov_qvalue_calib     mean=88.5

  requests (6 runs):
    cov_qvalue_calib     mean=47.2

  rich (12 runs):
    cov_qvalue_calib     mean=115.6

  starlette (11 runs):
    cov_qvalue_calib     mean=23.3

  werkzeug (12 runs):
    cov_qvalue_calib     mean=45.9

Cost: $5.8169 | Time: 2994s (49.9m)
Saved to /share/edc/home/aamayuelasfernandez/qcurious-tester/results/repo_explore_bench/exp7_full_gemini.json
