2026-06-04 17:31:27,038 INFO: RepoExploreBench: 93 targets across 9 repos
======================================================================
RepoExploreBench v2.0
  Targets: 93 files across 9 repos
  Strategies: ['cov_qvalue_calib']
  Seeds: [42]
  Exec budget: 24 per run
  Map mode: stats
  Total runs: 93
======================================================================
  Connectivity: OK

  Fetching source code...
    click.core: 114085 chars
    click.types: 36390 chars
    click.termui: 28323 chars
    click.utils: 20295 chars
    click.shell_completion: 18459 chars
    click.decorators: 18718 chars
    click.parser: 19066 chars
    click.testing: 16083 chars
    click.formatting: 9705 chars
    click.exceptions: 9272 chars
    requests.utils: 33447 chars
    requests.models: 35222 chars
    requests.sessions: 30372 chars
    requests.cookies: 18559 chars
    requests.adapters: 19552 chars
    requests.auth: 10186 chars
    flask.app: 59200 chars
    flask.cli: 33820 chars
    flask.helpers: 22991 chars
    flask.ctx: 14840 chars
    flask.sessions: 14168 chars
    flask.config: 12855 chars
    flask.json.tag: 8870 chars
    flask.testing: 10016 chars
    flask.templating: 7537 chars
    flask.json.provider: 7639 chars
    rich.console: 99096 chars
    rich.progress: 59691 chars
    rich.text: 47302 chars
    rich.table: 39643 chars
    rich.pretty: 35811 chars
    rich.syntax: 35364 chars
    rich.markdown: 26159 chars
    rich.style: 27072 chars
    rich.traceback: 29466 chars
    rich.segment: 24209 chars
    rich.color: 18220 chars
    rich.layout: 13939 chars
    jinja2.compiler: 72198 chars
    jinja2.filters: 53861 chars
    jinja2.environment: 61252 chars
    jinja2.nodes: 34549 chars
    jinja2.runtime: 33405 chars
    jinja2.parser: 39735 chars
    jinja2.ext: 31843 chars
    jinja2.lexer: 29725 chars
    jinja2.utils: 23932 chars
    jinja2.loaders: 23084 chars
    jinja2.sandbox: 14583 chars
    jinja2.bccache: 14060 chars
    httpx._client: 67489 chars
    httpx._models: 42302 chars
    httpx._urls: 21747 chars
    httpx._main: 15634 chars
    httpx._urlparse: 17719 chars
    httpx._api: 12927 chars
    httpx._utils: 13857 chars
    httpx._transports.default: 13289 chars
    httpx._config: 12203 chars
    httpx._auth: 11829 chars
    pydantic.types: 89470 chars
    pydantic.json_schema: 102806 chars
    pydantic.main: 65891 chars
    pydantic.fields: 45929 chars
    pydantic.config: 29138 chars
    pydantic.networks: 21214 chars
    pydantic.functional_validators: 23599 chars
    pydantic.color: 21492 chars
    pydantic.type_adapter: 18033 chars
    pydantic.functional_serializers: 14619 chars
    werkzeug.http: 43362 chars
    werkzeug.serving: 39331 chars
    werkzeug.datastructures.structures: 31760 chars
    werkzeug.routing.map: 36349 chars
    werkzeug.routing.rules: 31894 chars
    werkzeug.exceptions: 26061 chars
    werkzeug.wrappers.response: 32586 chars
    werkzeug.sansio.response: 27646 chars
    werkzeug.utils: 24653 chars
    werkzeug.wrappers.request: 24619 chars
    werkzeug.local: 22002 chars
    werkzeug.wsgi: 20893 chars
    starlette.routing: 35752 chars
    starlette.testclient: 29843 chars
    starlette.datastructures: 23348 chars
    starlette.responses: 12650 chars
    starlette.requests: 11196 chars
    starlette.formparsers: 10433 chars
    starlette.applications: 10922 chars
    starlette.middleware.errors: 7937 chars
    starlette.staticfiles: 8723 chars
    starlette.templating: 8984 chars
    starlette.middleware.base: 8794 chars
  Fetched 93/93 modules

Running 93 targets with 8 workers...
2026-06-04 17:32:45,069 INFO: Plan 0: ḡ=1, γE[v]=25.0, Q=26.0
2026-06-04 17:32:45,281 INFO: Plan 0: ḡ=2, γE[v]=5.0, Q=7.0
2026-06-04 17:32:45,487 INFO: Plan 1: ḡ=0, γE[v]=5.0, Q=5.0
2026-06-04 17:32:45,504 INFO: Plan 0: ḡ=0, γE[v]=5.0, Q=5.0
2026-06-04 17:32:45,566 INFO: Plan 2: ḡ=1, γE[v]=2.0, Q=3.0
2026-06-04 17:32:45,646 INFO: Plan 1: ḡ=2, γE[v]=5.0, Q=7.0
2026-06-04 17:32:46,567 INFO: Plan 1: ḡ=2, γE[v]=6.0, Q=8.0
2026-06-04 17:32:46,951 INFO: Plan 0: ḡ=1, γE[v]=1.0, Q=2.0
2026-06-04 17:32:47,092 INFO: Plan 0: ḡ=0, γE[v]=0.0, Q=0.0
2026-06-04 17:32:52,640 INFO: Plan 0: ḡ=12, γE[v]=19.0, Q=31.0
2026-06-04 17:32:52,732 INFO: Plan 1: ḡ=1, γE[v]=2.5, Q=3.5
2026-06-04 17:32:53,213 INFO: Plan 0: ḡ=6, γE[v]=7.5, Q=13.5
2026-06-04 17:32:55,258 INFO: Plan 0: ḡ=2, γE[v]=24.0, Q=26.0
2026-06-04 17:33:03,452 INFO: Plan 0: ḡ=2, γE[v]=5.0, Q=7.0
2026-06-04 17:33:03,468 INFO: Plan 1: ḡ=2, γE[v]=4.0, Q=6.0
2026-06-04 17:33:06,454 INFO: Plan 1: ḡ=5, γE[v]=7.5, Q=12.5
2026-06-04 17:33:06,849 INFO: Plan 0: ḡ=0, γE[v]=0.0, Q=0.0
2026-06-04 17:33:09,204 INFO: Plan 0: ḡ=12, γE[v]=10.0, Q=22.0
2026-06-04 17:33:14,709 INFO: Plan 0: ḡ=3, γE[v]=5.0, Q=8.0
2026-06-04 17:33:14,922 INFO: Plan 1: ḡ=2, γE[v]=2.5, Q=4.5
2026-06-04 17:33:20,161 INFO: Plan 2: ḡ=2, γE[v]=5.0, Q=7.0
2026-06-04 17:33:20,174 INFO: Plan 1: ḡ=3, γE[v]=6.0, Q=9.0
2026-06-04 17:33:20,258 INFO: Plan 0: ḡ=6, γE[v]=6.0, Q=12.0
2026-06-04 17:33:22,508 INFO: Plan 1: ḡ=12, γE[v]=9.0, Q=21.0
2026-06-04 17:33:22,667 INFO: Plan 0: ḡ=5, γE[v]=10.0, Q=15.0
2026-06-04 17:33:23,307 INFO: Plan 0: ḡ=10, γE[v]=15.0, Q=25.0
2026-06-04 17:33:27,256 INFO: Plan 0: ḡ=12, γE[v]=17.5, Q=29.5
2026-06-04 17:33:27,460 INFO: Plan 0: ḡ=12, γE[v]=19.0, Q=31.0
2026-06-04 17:33:37,188 INFO: Plan 0: ḡ=2, γE[v]=5.0, Q=7.0
2026-06-04 17:33:38,068 INFO: Plan 0: ḡ=2, γE[v]=4.0, Q=6.0
2026-06-04 17:33:41,309 INFO: Plan 0: ḡ=2, γE[v]=5.0, Q=7.0
2026-06-04 17:33:41,560 INFO: Plan 0: ḡ=3, γE[v]=7.5, Q=10.5
2026-06-04 17:33:41,765 INFO: Plan 1: ḡ=10, γE[v]=10.0, Q=20.0
2026-06-04 17:33:50,268 INFO: Plan 0: ḡ=12, γE[v]=14.0, Q=26.0
2026-06-04 17:33:50,555 INFO: Plan 1: ḡ=2, γE[v]=6.0, Q=8.0
2026-06-04 17:33:51,298 INFO: Plan 0: ḡ=1, γE[v]=5.0, Q=6.0
2026-06-04 17:33:51,788 INFO: Plan 0: ḡ=18, γE[v]=16.0, Q=34.0
2026-06-04 17:33:54,274 INFO: Plan 0: ḡ=2, γE[v]=4.0, Q=6.0
2026-06-04 17:33:56,174 INFO: Plan 0: ḡ=0, γE[v]=2.5, Q=2.5
2026-06-04 17:33:58,100 INFO: Plan 0: ḡ=18, γE[v]=16.0, Q=34.0
2026-06-04 17:34:08,674 INFO: Plan 0: ḡ=10, γE[v]=17.5, Q=27.5
2026-06-04 17:34:17,280 INFO: Plan 2: ḡ=12, γE[v]=17.5, Q=29.5
2026-06-04 17:34:17,393 INFO: Plan 1: ḡ=12, γE[v]=17.5, Q=29.5
2026-06-04 17:34:17,941 INFO: Plan 0: ḡ=12, γE[v]=17.5, Q=29.5
2026-06-04 17:34:19,929 INFO: Plan 0: ḡ=1, γE[v]=1.5, Q=2.5
2026-06-04 17:34:21,728 INFO: Plan 0: ḡ=5, γE[v]=10.0, Q=15.0
2026-06-04 17:34:24,133 INFO: Plan 0: ḡ=1, γE[v]=0.0, Q=1.0
2026-06-04 17:34:26,002 INFO: Plan 0: ḡ=2, γE[v]=3.0, Q=5.0
2026-06-04 17:34:32,959 INFO: Plan 0: ḡ=0, γE[v]=5.0, Q=5.0
2026-06-04 17:34:35,375 INFO: Plan 0: ḡ=1, γE[v]=15.0, Q=16.0
2026-06-04 17:34:39,759 INFO: Plan 0: ḡ=1, γE[v]=5.0, Q=6.0
2026-06-04 17:34:40,506 INFO: Plan 0: ḡ=12, γE[v]=17.5, Q=29.5
2026-06-04 17:34:41,871 INFO: Plan 0: ḡ=6, γE[v]=6.0, Q=12.0
2026-06-04 17:34:45,452 INFO: Plan 0: ḡ=0, γE[v]=5.0, Q=5.0
2026-06-04 17:34:45,676 INFO: Plan 1: ḡ=0, γE[v]=25.0, Q=25.0
2026-06-04 17:34:45,824 INFO: Plan 2: ḡ=0, γE[v]=5.0, Q=5.0
2026-06-04 17:34:52,086 INFO: Plan 0: ḡ=2, γE[v]=2.5, Q=4.5
2026-06-04 17:34:52,198 INFO: Plan 0: ḡ=2, γE[v]=5.0, Q=7.0
2026-06-04 17:34:52,634 INFO: Plan 1: ḡ=4, γE[v]=5.0, Q=9.0
2026-06-04 17:34:52,957 INFO: Plan 0: ḡ=2, γE[v]=24.0, Q=26.0
2026-06-04 17:34:55,836 INFO: Plan 1: ḡ=1, γE[v]=5.0, Q=6.0
2026-06-04 17:34:55,837 INFO: Plan 0: ḡ=0, γE[v]=5.0, Q=5.0
2026-06-04 17:34:57,813 INFO: Plan 0: ḡ=12, γE[v]=17.5, Q=29.5
2026-06-04 17:34:58,019 INFO: Plan 1: ḡ=0, γE[v]=5.0, Q=5.0
2026-06-04 17:35:06,395 INFO: Plan 1: ḡ=6, γE[v]=7.5, Q=13.5
2026-06-04 17:35:06,488 INFO: Plan 0: ḡ=10, γE[v]=15.0, Q=25.0
2026-06-04 17:35:07,261 INFO: Plan 0: ḡ=4, γE[v]=5.0, Q=9.0
2026-06-04 17:35:07,311 INFO: Plan 1: ḡ=2, γE[v]=5.0, Q=7.0
2026-06-04 17:35:11,139 INFO: Plan 0: ḡ=12, γE[v]=9.0, Q=21.0
2026-06-04 17:35:13,289 INFO: Plan 0: ḡ=10, γE[v]=10.0, Q=20.0
2026-06-04 17:35:17,833 INFO: Plan 0: ḡ=4, γE[v]=6.0, Q=10.0
2026-06-04 17:35:18,198 INFO: Plan 1: ḡ=10, γE[v]=10.0, Q=20.0
2026-06-04 17:35:18,668 INFO: Plan 0: ḡ=1, γE[v]=2.5, Q=3.5
2026-06-04 17:35:19,139 INFO: Plan 1: ḡ=5, γE[v]=17.5, Q=22.5
2026-06-04 17:35:19,205 INFO: Plan 0: ḡ=7, γE[v]=7.5, Q=14.5
2026-06-04 17:35:22,782 INFO: Plan 0: ḡ=2, γE[v]=5.0, Q=7.0
2026-06-04 17:35:37,257 INFO: Plan 0: ḡ=1, γE[v]=20.0, Q=21.0
2026-06-04 17:35:37,294 INFO: Plan 1: ḡ=5, γE[v]=7.5, Q=12.5
2026-06-04 17:35:38,802 INFO: Plan 0: ḡ=2, γE[v]=5.0, Q=7.0
2026-06-04 17:35:39,950 INFO: Plan 0: ḡ=20, γE[v]=12.5, Q=32.5
2026-06-04 17:35:42,458 INFO: Plan 0: ḡ=0, γE[v]=5.0, Q=5.0
2026-06-04 17:35:47,801 INFO: Plan 0: ḡ=5, γE[v]=22.5, Q=27.5
2026-06-04 17:35:49,851 INFO: Plan 0: ḡ=12, γE[v]=12.5, Q=24.5
2026-06-04 17:35:58,098 INFO: Plan 1: ḡ=4, γE[v]=6.0, Q=10.0
2026-06-04 17:35:58,131 INFO: Plan 0: ḡ=22, γE[v]=1.0, Q=23.0
2026-06-04 17:36:01,007 INFO: Plan 0: ḡ=2, γE[v]=5.0, Q=7.0
2026-06-04 17:36:02,140 INFO: Plan 0: ḡ=2, γE[v]=7.5, Q=9.5
2026-06-04 17:36:02,946 INFO: Plan 0: ḡ=12, γE[v]=12.5, Q=24.5
2026-06-04 17:36:03,787 INFO: Plan 0: ḡ=1, γE[v]=5.0, Q=6.0
2026-06-04 17:36:09,114 INFO: Plan 0: ḡ=2, γE[v]=4.0, Q=6.0
2026-06-04 17:36:09,615 INFO: Plan 1: ḡ=0, γE[v]=0.0, Q=0.0
2026-06-04 17:36:10,690 INFO: Plan 0: ḡ=5, γE[v]=7.5, Q=12.5
2026-06-04 17:36:10,724 INFO: Plan 1: ḡ=2, γE[v]=4.0, Q=6.0
  [1/93] click.types seed=42: {'cov_qvalue_calib': 9}
2026-06-04 17:36:11,059 INFO: Plan 2: ḡ=12, γE[v]=14.0, Q=26.0
2026-06-04 17:36:15,435 INFO: Plan 0: ḡ=2, γE[v]=5.0, Q=7.0
2026-06-04 17:36:17,209 INFO: Plan 0: ḡ=2, γE[v]=5.0, Q=7.0
2026-06-04 17:36:20,358 INFO: Plan 0: ḡ=0, γE[v]=2.5, Q=2.5
2026-06-04 17:36:21,367 INFO: Plan 0: ḡ=1, γE[v]=5.0, Q=6.0
2026-06-04 17:36:21,504 INFO: Plan 1: ḡ=1, γE[v]=24.5, Q=25.5
2026-06-04 17:36:25,561 INFO: Plan 1: ḡ=12, γE[v]=15.0, Q=27.0
2026-06-04 17:36:25,630 INFO: Plan 0: ḡ=0, γE[v]=0.0, Q=0.0
2026-06-04 17:36:29,246 INFO: Plan 0: ḡ=2, γE[v]=5.0, Q=7.0
2026-06-04 17:36:30,897 INFO: Plan 0: ḡ=1, γE[v]=0.0, Q=1.0
2026-06-04 17:36:31,194 INFO: Plan 1: ḡ=12, γE[v]=15.0, Q=27.0
  [2/93] click.shell_completion seed=42: {'cov_qvalue_calib': 35}
  [3/93] click.parser seed=42: {'cov_qvalue_calib': 50}
  [4/93] click.testing seed=42: {'cov_qvalue_calib': 37}
2026-06-04 17:36:35,050 INFO: Plan 0: ḡ=10, γE[v]=20.0, Q=30.0
2026-06-04 17:36:39,627 INFO: Plan 0: ḡ=2, γE[v]=5.0, Q=7.0
2026-06-04 17:36:40,366 INFO: Plan 1: ḡ=2, γE[v]=5.0, Q=7.0
2026-06-04 17:36:40,432 INFO: Plan 0: ḡ=3, γE[v]=7.5, Q=10.5
2026-06-04 17:36:40,510 INFO: Plan 0: ḡ=4, γE[v]=5.0, Q=9.0
2026-06-04 17:36:40,752 INFO: Plan 1: ḡ=2, γE[v]=5.0, Q=7.0
  [5/93] click.decorators seed=42: {'cov_qvalue_calib': 36}
2026-06-04 17:36:44,136 INFO: Plan 1: ḡ=0, γE[v]=0.0, Q=0.0
2026-06-04 17:36:44,397 INFO: Plan 0: ḡ=4, γE[v]=23.0, Q=27.0
2026-06-04 17:36:48,825 INFO: Plan 0: ḡ=2, γE[v]=5.0, Q=7.0
2026-06-04 17:36:49,223 INFO: Plan 1: ḡ=5, γE[v]=5.0, Q=10.0
2026-06-04 17:36:49,532 INFO: Plan 0: ḡ=2, γE[v]=5.0, Q=7.0
2026-06-04 17:36:50,699 INFO: Plan 0: ḡ=5, γE[v]=7.5, Q=12.5
2026-06-04 17:36:53,026 INFO: Plan 1: ḡ=2, γE[v]=5.0, Q=7.0
2026-06-04 17:36:53,074 INFO: Plan 0: ḡ=2, γE[v]=5.0, Q=7.0
2026-06-04 17:36:53,625 INFO: Plan 2: ḡ=1, γE[v]=25.0, Q=26.0
2026-06-04 17:36:53,754 INFO: Plan 1: ḡ=0, γE[v]=25.0, Q=25.0
  [6/93] click.core seed=42: {'cov_qvalue_calib': 315}
2026-06-04 17:36:54,141 INFO: Plan 0: ḡ=2, γE[v]=24.0, Q=26.0
2026-06-04 17:36:55,168 INFO: Plan 1: ḡ=10, γE[v]=15.0, Q=25.0
2026-06-04 17:36:55,641 INFO: Plan 0: ḡ=2, γE[v]=5.0, Q=7.0
  [7/93] click.termui seed=42: {'cov_qvalue_calib': 23}
2026-06-04 17:37:01,441 INFO: Plan 1: ḡ=2, γE[v]=5.0, Q=7.0
2026-06-04 17:37:01,659 INFO: Plan 0: ḡ=12, γE[v]=14.0, Q=26.0
2026-06-04 17:37:01,708 INFO: Plan 2: ḡ=12, γE[v]=9.0, Q=21.0
2026-06-04 17:37:02,192 INFO: Plan 1: ḡ=2, γE[v]=1.0, Q=3.0
2026-06-04 17:37:02,437 INFO: Plan 0: ḡ=2, γE[v]=2.5, Q=4.5
  [8/93] click.utils seed=42: {'cov_qvalue_calib': 18}
2026-06-04 17:37:07,288 INFO: Plan 1: ḡ=12, γE[v]=19.0, Q=31.0
2026-06-04 17:37:07,353 INFO: Plan 0: ḡ=12, γE[v]=17.5, Q=29.5
2026-06-04 17:37:10,838 INFO: Plan 0: ḡ=2, γE[v]=24.0, Q=26.0
2026-06-04 17:37:16,487 INFO: Plan 0: ḡ=2, γE[v]=5.0, Q=7.0
2026-06-04 17:37:16,537 INFO: Plan 2: ḡ=1, γE[v]=7.5, Q=8.5
2026-06-04 17:37:16,766 INFO: Plan 1: ḡ=2, γE[v]=5.0, Q=7.0
2026-06-04 17:37:22,231 INFO: Plan 0: ḡ=2, γE[v]=3.0, Q=5.0
2026-06-04 17:37:24,128 INFO: Plan 0: ḡ=10, γE[v]=20.0, Q=30.0
2026-06-04 17:37:26,602 INFO: Plan 0: ḡ=18, γE[v]=16.0, Q=34.0
2026-06-04 17:37:28,818 INFO: Plan 0: ḡ=2, γE[v]=5.0, Q=7.0
2026-06-04 17:37:34,170 INFO: Plan 0: ḡ=10, γE[v]=10.0, Q=20.0
2026-06-04 17:37:41,597 INFO: Plan 1: ḡ=2, γE[v]=9.0, Q=11.0
2026-06-04 17:37:41,756 INFO: Plan 0: ḡ=5, γE[v]=17.5, Q=22.5
2026-06-04 17:37:42,612 INFO: Plan 0: ḡ=2, γE[v]=2.5, Q=4.5
2026-06-04 17:37:43,124 INFO: Plan 0: ḡ=1, γE[v]=5.0, Q=6.0
2026-06-04 17:37:45,088 INFO: Plan 0: ḡ=5, γE[v]=7.5, Q=12.5
2026-06-04 17:37:45,108 INFO: Plan 1: ḡ=2, γE[v]=7.5, Q=9.5
2026-06-04 17:37:50,417 INFO: Plan 0: ḡ=2, γE[v]=15.0, Q=17.0
2026-06-04 17:37:50,904 INFO: Plan 0: ḡ=4, γE[v]=7.5, Q=11.5
2026-06-04 17:37:51,605 INFO: Plan 0: ḡ=12, γE[v]=19.0, Q=31.0
2026-06-04 17:37:52,586 INFO: Plan 0: ḡ=2, γE[v]=22.5, Q=24.5
2026-06-04 17:37:57,723 INFO: Plan 0: ḡ=4, γE[v]=10.0, Q=14.0
2026-06-04 17:38:01,178 INFO: Plan 0: ḡ=12, γE[v]=12.5, Q=24.5
2026-06-04 17:38:02,895 INFO: Plan 0: ḡ=0, γE[v]=0.0, Q=0.0
2026-06-04 17:38:06,792 INFO: Plan 0: ḡ=5, γE[v]=22.5, Q=27.5
2026-06-04 17:38:10,722 INFO: Plan 0: ḡ=2, γE[v]=5.0, Q=7.0
2026-06-04 17:38:12,775 INFO: Plan 0: ḡ=1, γE[v]=20.0, Q=21.0
2026-06-04 17:38:17,662 INFO: Plan 0: ḡ=5, γE[v]=15.0, Q=20.0
2026-06-04 17:38:21,605 INFO: Plan 0: ḡ=2, γE[v]=5.0, Q=7.0
2026-06-04 17:38:23,421 INFO: Plan 0: ḡ=18, γE[v]=14.0, Q=32.0
2026-06-04 17:38:23,455 INFO: Plan 2: ḡ=5, γE[v]=20.5, Q=25.5
2026-06-04 17:38:23,626 INFO: Plan 1: ḡ=4, γE[v]=21.0, Q=25.0
2026-06-04 17:38:24,521 INFO: Plan 0: ḡ=12, γE[v]=19.0, Q=31.0
2026-06-04 17:38:27,626 INFO: Plan 0: ḡ=4, γE[v]=6.0, Q=10.0
2026-06-04 17:38:29,713 INFO: Plan 0: ḡ=0, γE[v]=0.0, Q=0.0
2026-06-04 17:38:43,706 INFO: Plan 0: ḡ=2, γE[v]=5.0, Q=7.0
2026-06-04 17:38:45,745 INFO: Plan 0: ḡ=4, γE[v]=15.0, Q=19.0
2026-06-04 17:38:46,211 INFO: Plan 0: ḡ=18, γE[v]=16.0, Q=34.0
2026-06-04 17:38:48,946 INFO: Plan 0: ḡ=4, γE[v]=5.0, Q=9.0
2026-06-04 17:38:50,376 INFO: Plan 1: ḡ=12, γE[v]=17.5, Q=29.5
2026-06-04 17:38:50,725 INFO: Plan 0: ḡ=12, γE[v]=17.5, Q=29.5
2026-06-04 17:38:52,465 INFO: Plan 2: ḡ=5, γE[v]=22.5, Q=27.5
2026-06-04 17:38:52,744 INFO: Plan 0: ḡ=12, γE[v]=17.5, Q=29.5
2026-06-04 17:38:52,952 INFO: Plan 1: ḡ=12, γE[v]=19.0, Q=31.0
2026-06-04 17:38:53,486 INFO: Plan 0: ḡ=2, γE[v]=5.0, Q=7.0
2026-06-04 17:38:57,958 INFO: Plan 0: ḡ=2, γE[v]=15.0, Q=17.0
2026-06-04 17:38:59,368 INFO: Plan 0: ḡ=2, γE[v]=5.0, Q=7.0
2026-06-04 17:39:06,775 INFO: Plan 0: ḡ=2, γE[v]=6.0, Q=8.0
2026-06-04 17:39:07,158 INFO: Plan 0: ḡ=2, γE[v]=20.0, Q=22.0
2026-06-04 17:39:11,095 INFO: Plan 1: ḡ=12, γE[v]=17.5, Q=29.5
2026-06-04 17:39:11,303 INFO: Plan 0: ḡ=12, γE[v]=14.0, Q=26.0
2026-06-04 17:39:14,051 INFO: Plan 0: ḡ=12, γE[v]=15.0, Q=27.0
2026-06-04 17:39:22,121 INFO: Plan 0: ḡ=2, γE[v]=6.0, Q=8.0
2026-06-04 17:39:22,972 INFO: Plan 1: ḡ=2, γE[v]=5.0, Q=7.0
2026-06-04 17:39:23,115 INFO: Plan 0: ḡ=0, γE[v]=0.0, Q=0.0
2026-06-04 17:39:29,111 INFO: Plan 0: ḡ=12, γE[v]=20.0, Q=32.0
2026-06-04 17:39:29,795 INFO: Plan 0: ḡ=1, γE[v]=5.0, Q=6.0
2026-06-04 17:39:34,278 INFO: Plan 0: ḡ=5, γE[v]=7.5, Q=12.5
2026-06-04 17:39:34,484 INFO: Plan 1: ḡ=12, γE[v]=10.0, Q=22.0
2026-06-04 17:39:36,848 INFO: Plan 1: ḡ=2, γE[v]=7.5, Q=9.5
2026-06-04 17:39:37,553 INFO: Plan 0: ḡ=4, γE[v]=20.0, Q=24.0
2026-06-04 17:39:38,133 INFO: Plan 0: ḡ=2, γE[v]=5.0, Q=7.0
2026-06-04 17:39:38,167 INFO: Plan 2: ḡ=2, γE[v]=6.0, Q=8.0
2026-06-04 17:39:38,293 INFO: Plan 1: ḡ=20, γE[v]=15.0, Q=35.0
2026-06-04 17:39:38,341 INFO: Plan 0: ḡ=12, γE[v]=17.5, Q=29.5
2026-06-04 17:39:43,069 INFO: Plan 0: ḡ=2, γE[v]=4.0, Q=6.0
2026-06-04 17:39:43,502 INFO: Plan 0: ḡ=12, γE[v]=19.0, Q=31.0
2026-06-04 17:39:52,455 INFO: Plan 0: ḡ=10, γE[v]=10.0, Q=20.0
2026-06-04 17:39:56,375 INFO: Plan 1: ḡ=12, γE[v]=19.0, Q=31.0
2026-06-04 17:39:56,494 INFO: Plan 0: ḡ=6, γE[v]=20.0, Q=26.0
2026-06-04 17:39:58,724 INFO: Plan 0: ḡ=8, γE[v]=17.5, Q=25.5
2026-06-04 17:40:09,461 INFO: Plan 0: ḡ=4, γE[v]=6.0, Q=10.0
2026-06-04 17:40:12,983 INFO: Plan 1: ḡ=12, γE[v]=17.5, Q=29.5
2026-06-04 17:40:13,652 INFO: Plan 0: ḡ=8, γE[v]=16.0, Q=24.0
  [9/93] click.formatting seed=42: {'cov_qvalue_calib': 47}
2026-06-04 17:40:14,603 INFO: Plan 0: ḡ=4, γE[v]=5.0, Q=9.0
2026-06-04 17:40:15,000 INFO: Plan 1: ḡ=8, γE[v]=7.5, Q=15.5
2026-06-04 17:40:17,552 INFO: Plan 0: ḡ=12, γE[v]=17.5, Q=29.5
2026-06-04 17:40:18,344 INFO: Plan 0: ḡ=4, γE[v]=20.0, Q=24.0
2026-06-04 17:40:19,652 INFO: Plan 1: ḡ=4, γE[v]=22.0, Q=26.0
2026-06-04 17:40:20,149 INFO: Plan 0: ḡ=4, γE[v]=22.0, Q=26.0
2026-06-04 17:40:20,774 INFO: Plan 0: ḡ=2, γE[v]=5.0, Q=7.0
2026-06-04 17:40:27,366 INFO: Plan 0: ḡ=2, γE[v]=20.0, Q=22.0
  [10/93] requests.cookies seed=42: {'cov_qvalue_calib': 8}
  [11/93] click.exceptions seed=42: {'cov_qvalue_calib': 14}
2026-06-04 17:40:34,735 INFO: Plan 0: ḡ=0, γE[v]=0.0, Q=0.0
2026-06-04 17:40:40,267 INFO: Plan 0: ḡ=2, γE[v]=10.5, Q=12.5
2026-06-04 17:40:40,282 INFO: Plan 0: ḡ=10, γE[v]=20.0, Q=30.0
2026-06-04 17:40:40,349 INFO: Plan 2: ḡ=0, γE[v]=0.0, Q=0.0
2026-06-04 17:40:40,412 INFO: Plan 1: ḡ=2, γE[v]=24.0, Q=26.0
2026-06-04 17:40:42,357 INFO: Plan 1: ḡ=0, γE[v]=20.0, Q=20.0
2026-06-04 17:40:42,684 INFO: Plan 0: ḡ=0, γE[v]=5.0, Q=5.0
2026-06-04 17:40:43,217 INFO: Plan 0: ḡ=1, γE[v]=5.0, Q=6.0
2026-06-04 17:40:43,250 INFO: Plan 1: ḡ=2, γE[v]=4.0, Q=6.0
2026-06-04 17:40:43,404 INFO: Plan 2: ḡ=1, γE[v]=0.0, Q=1.0
2026-06-04 17:40:45,121 INFO: Plan 0: ḡ=12, γE[v]=18.5, Q=30.5
2026-06-04 17:40:48,080 INFO: Plan 0: ḡ=2, γE[v]=20.0, Q=22.0
2026-06-04 17:40:48,413 INFO: Plan 1: ḡ=12, γE[v]=17.5, Q=29.5
2026-06-04 17:40:52,034 INFO: Plan 0: ḡ=4, γE[v]=5.0, Q=9.0
2026-06-04 17:40:52,785 INFO: Plan 0: ḡ=12, γE[v]=17.5, Q=29.5
  [12/93] requests.auth seed=42: {'cov_qvalue_calib': 50}
2026-06-04 17:41:02,994 INFO: Plan 0: ḡ=1, γE[v]=5.0, Q=6.0
2026-06-04 17:41:03,369 INFO: Plan 1: ḡ=5, γE[v]=7.5, Q=12.5
2026-06-04 17:41:03,414 INFO: Plan 0: ḡ=5, γE[v]=7.5, Q=12.5
2026-06-04 17:41:03,463 INFO: Plan 2: ḡ=5, γE[v]=5.0, Q=10.0
2026-06-04 17:41:07,519 INFO: Plan 0: ḡ=2, γE[v]=24.0, Q=26.0
2026-06-04 17:41:07,949 INFO: Plan 0: ḡ=2, γE[v]=4.0, Q=6.0
  [13/93] requests.utils seed=42: {'cov_qvalue_calib': 87}
2026-06-04 17:41:08,869 INFO: Plan 0: ḡ=12, γE[v]=14.0, Q=26.0
2026-06-04 17:41:13,199 INFO: Plan 0: ḡ=2, γE[v]=20.0, Q=22.0
2026-06-04 17:41:13,590 INFO: Plan 1: ḡ=12, γE[v]=17.5, Q=29.5
  [14/93] requests.models seed=42: {'cov_qvalue_calib': 138}
2026-06-04 17:41:17,675 INFO: Plan 1: ḡ=2, γE[v]=6.0, Q=8.0
2026-06-04 17:41:17,709 INFO: Plan 0: ḡ=2, γE[v]=5.0, Q=7.0
2026-06-04 17:41:20,066 INFO: Plan 0: ḡ=2, γE[v]=6.0, Q=8.0
2026-06-04 17:41:20,237 INFO: Plan 1: ḡ=2, γE[v]=3.5, Q=5.5
  [15/93] requests.adapters seed=42: {'cov_qvalue_calib': 70}
2026-06-04 17:41:24,492 INFO: Plan 0: ḡ=1, γE[v]=1.0, Q=2.0
2026-06-04 17:41:24,811 INFO: Plan 1: ḡ=12, γE[v]=19.0, Q=31.0
2026-06-04 17:41:25,383 INFO: Plan 1: ḡ=1, γE[v]=5.0, Q=6.0
2026-06-04 17:41:25,578 INFO: Plan 0: ḡ=1, γE[v]=2.0, Q=3.0
  [16/93] requests.sessions seed=42: {'cov_qvalue_calib': 23}
2026-06-04 17:41:30,311 INFO: Plan 0: ḡ=0, γE[v]=5.0, Q=5.0
2026-06-04 17:41:31,188 INFO: Plan 0: ḡ=5, γE[v]=22.5, Q=27.5
2026-06-04 17:41:35,785 INFO: Plan 0: ḡ=6, γE[v]=7.5, Q=13.5
2026-06-04 17:41:36,965 INFO: Plan 0: ḡ=1, γE[v]=0.0, Q=1.0
2026-06-04 17:41:44,960 INFO: Plan 0: ḡ=12, γE[v]=10.0, Q=22.0
2026-06-04 17:41:45,974 INFO: Plan 0: ḡ=10, γE[v]=10.0, Q=20.0
2026-06-04 17:41:48,679 INFO: Plan 0: ḡ=12, γE[v]=10.0, Q=22.0
2026-06-04 17:41:51,511 INFO: Plan 0: ḡ=2, γE[v]=24.0, Q=26.0
2026-06-04 17:41:58,877 INFO: Plan 0: ḡ=0, γE[v]=0.0, Q=0.0
2026-06-04 17:41:59,829 INFO: Plan 0: ḡ=0, γE[v]=20.0, Q=20.0
2026-06-04 17:42:03,416 INFO: Plan 0: ḡ=12, γE[v]=0.0, Q=12.0
2026-06-04 17:42:06,541 INFO: Plan 0: ḡ=2, γE[v]=5.0, Q=7.0
2026-06-04 17:42:06,843 INFO: Plan 1: ḡ=2, γE[v]=4.0, Q=6.0
2026-06-04 17:42:06,853 INFO: Plan 0: ḡ=1, γE[v]=2.5, Q=3.5
2026-06-04 17:42:14,356 INFO: Plan 0: ḡ=12, γE[v]=10.0, Q=22.0
2026-06-04 17:42:16,247 INFO: Plan 0: ḡ=8, γE[v]=16.0, Q=24.0
2026-06-04 17:42:21,139 INFO: Plan 0: ḡ=2, γE[v]=10.0, Q=12.0
2026-06-04 17:42:27,099 INFO: Plan 0: ḡ=2, γE[v]=3.5, Q=5.5
2026-06-04 17:42:28,375 INFO: Plan 0: ḡ=12, γE[v]=17.5, Q=29.5
2026-06-04 17:42:29,572 INFO: Plan 0: ḡ=2, γE[v]=9.0, Q=11.0
2026-06-04 17:42:30,666 INFO: Plan 0: ḡ=12, γE[v]=0.0, Q=12.0
2026-06-04 17:42:30,870 INFO: Plan 0: ḡ=2, γE[v]=4.0, Q=6.0
2026-06-04 17:42:34,766 INFO: Plan 0: ḡ=0, γE[v]=0.0, Q=0.0
2026-06-04 17:42:35,022 INFO: Plan 1: ḡ=1, γE[v]=0.0, Q=1.0
2026-06-04 17:42:43,349 INFO: Plan 1: ḡ=4, γE[v]=6.0, Q=10.0
2026-06-04 17:42:43,882 INFO: Plan 0: ḡ=5, γE[v]=22.5, Q=27.5
2026-06-04 17:42:44,151 INFO: Plan 0: ḡ=12, γE[v]=9.0, Q=21.0
2026-06-04 17:42:50,687 INFO: Plan 0: ḡ=1, γE[v]=2.5, Q=3.5
2026-06-04 17:42:52,471 INFO: Plan 0: ḡ=5, γE[v]=7.5, Q=12.5
2026-06-04 17:42:52,567 INFO: Plan 1: ḡ=1, γE[v]=1.0, Q=2.0
2026-06-04 17:42:52,583 INFO: Plan 2: ḡ=2, γE[v]=6.0, Q=8.0
2026-06-04 17:42:58,675 INFO: Plan 0: ḡ=2, γE[v]=9.0, Q=11.0
2026-06-04 17:43:00,643 INFO: Plan 0: ḡ=1, γE[v]=5.0, Q=6.0
2026-06-04 17:43:05,154 INFO: Plan 0: ḡ=1, γE[v]=2.5, Q=3.5
2026-06-04 17:43:13,795 INFO: Plan 1: ḡ=1, γE[v]=2.0, Q=3.0
2026-06-04 17:43:14,091 INFO: Plan 0: ḡ=12, γE[v]=17.5, Q=29.5
2026-06-04 17:43:14,458 INFO: Plan 0: ḡ=12, γE[v]=17.5, Q=29.5
2026-06-04 17:43:14,677 INFO: Plan 2: ḡ=0, γE[v]=0.0, Q=0.0
2026-06-04 17:43:14,710 INFO: Plan 1: ḡ=0, γE[v]=0.0, Q=0.0
2026-06-04 17:43:15,085 INFO: Plan 0: ḡ=1, γE[v]=7.5, Q=8.5
2026-06-04 17:43:21,000 INFO: Plan 0: ḡ=12, γE[v]=14.0, Q=26.0
2026-06-04 17:43:21,158 INFO: Plan 1: ḡ=8, γE[v]=7.5, Q=15.5
2026-06-04 17:43:29,238 INFO: Plan 0: ḡ=2, γE[v]=24.0, Q=26.0
2026-06-04 17:43:35,030 INFO: Plan 1: ḡ=10, γE[v]=20.0, Q=30.0
2026-06-04 17:43:35,045 INFO: Plan 0: ḡ=0, γE[v]=28.0, Q=28.0
2026-06-04 17:43:36,878 INFO: Plan 0: ḡ=12, γE[v]=17.5, Q=29.5
2026-06-04 17:43:38,084 INFO: Plan 0: ḡ=12, γE[v]=14.0, Q=26.0
2026-06-04 17:43:38,177 INFO: Plan 0: ḡ=12, γE[v]=9.0, Q=21.0
2026-06-04 17:43:43,253 INFO: Plan 0: ḡ=0, γE[v]=25.0, Q=25.0
2026-06-04 17:43:57,482 INFO: Plan 0: ḡ=12, γE[v]=17.5, Q=29.5
2026-06-04 17:43:58,826 INFO: Plan 0: ḡ=12, γE[v]=15.0, Q=27.0
2026-06-04 17:43:58,989 INFO: Plan 1: ḡ=2, γE[v]=5.0, Q=7.0
2026-06-04 17:44:00,043 INFO: Plan 1: ḡ=2, γE[v]=4.0, Q=6.0
2026-06-04 17:44:00,459 INFO: Plan 0: ḡ=2, γE[v]=6.0, Q=8.0
2026-06-04 17:44:00,704 INFO: Plan 0: ḡ=12, γE[v]=9.0, Q=21.0
2026-06-04 17:44:00,943 INFO: Plan 0: ḡ=2, γE[v]=5.0, Q=7.0
  [17/93] flask.helpers seed=42: {'cov_qvalue_calib': 9}
2026-06-04 17:44:14,998 INFO: Plan 1: ḡ=4, γE[v]=6.0, Q=10.0
2026-06-04 17:44:15,032 INFO: Plan 0: ḡ=4, γE[v]=10.0, Q=14.0
2026-06-04 17:44:16,790 INFO: Plan 0: ḡ=2, γE[v]=5.0, Q=7.0
2026-06-04 17:44:19,182 INFO: Plan 0: ḡ=0, γE[v]=3.0, Q=3.0
  [18/93] flask.app seed=42: {'cov_qvalue_calib': 79}
2026-06-04 17:44:30,302 INFO: Plan 0: ḡ=0, γE[v]=0.0, Q=0.0
2026-06-04 17:44:30,705 INFO: Plan 0: ḡ=2, γE[v]=2.0, Q=4.0
2026-06-04 17:44:33,147 INFO: Plan 0: ḡ=1, γE[v]=2.5, Q=3.5
  [19/93] flask.cli seed=42: {'cov_qvalue_calib': 78}
  [20/93] flask.ctx seed=42: {'cov_qvalue_calib': 59}
2026-06-04 17:44:39,823 INFO: Plan 2: ḡ=0, γE[v]=1.0, Q=1.0
2026-06-04 17:44:39,917 INFO: Plan 0: ḡ=0, γE[v]=0.0, Q=0.0
2026-06-04 17:44:40,064 INFO: Plan 1: ḡ=0, γE[v]=0.0, Q=0.0
2026-06-04 17:44:43,532 INFO: Plan 1: ḡ=2, γE[v]=24.0, Q=26.0
2026-06-04 17:44:43,723 INFO: Plan 0: ḡ=12, γE[v]=24.0, Q=36.0
2026-06-04 17:44:44,446 INFO: Plan 0: ḡ=5, γE[v]=7.5, Q=12.5
2026-06-04 17:44:45,236 INFO: Plan 0: ḡ=0, γE[v]=2.5, Q=2.5
2026-06-04 17:44:46,546 INFO: Plan 0: ḡ=4, γE[v]=6.0, Q=10.0
2026-06-04 17:44:53,796 INFO: Plan 0: ḡ=12, γE[v]=17.5, Q=29.5
2026-06-04 17:44:54,768 INFO: Plan 0: ḡ=0, γE[v]=1.0, Q=1.0
2026-06-04 17:44:58,217 INFO: Plan 0: ḡ=1, γE[v]=7.5, Q=8.5
2026-06-04 17:45:04,919 INFO: Plan 0: ḡ=2, γE[v]=6.0, Q=8.0
  [21/93] flask.testing seed=42: {'cov_qvalue_calib': 23}
2026-06-04 17:45:07,420 INFO: Plan 0: ḡ=12, γE[v]=19.0, Q=31.0
2026-06-04 17:45:08,428 INFO: Plan 0: ḡ=12, γE[v]=19.5, Q=31.5
2026-06-04 17:45:12,322 INFO: Plan 0: ḡ=0, γE[v]=7.5, Q=7.5
2026-06-04 17:45:15,557 INFO: Plan 0: ḡ=4, γE[v]=50.0, Q=54.0
2026-06-04 17:45:15,603 INFO: Plan 1: ḡ=0, γE[v]=0.0, Q=0.0
  [22/93] flask.sessions seed=42: {'cov_qvalue_calib': 4}
2026-06-04 17:45:15,830 INFO: Plan 0: ḡ=2, γE[v]=9.0, Q=11.0
2026-06-04 17:45:18,683 INFO: Plan 0: ḡ=4, γE[v]=5.0, Q=9.0
2026-06-04 17:45:25,678 INFO: Plan 1: ḡ=12, γE[v]=19.0, Q=31.0
2026-06-04 17:45:25,710 INFO: Plan 0: ḡ=12, γE[v]=19.0, Q=31.0
2026-06-04 17:45:25,901 INFO: Plan 2: ḡ=12, γE[v]=24.0, Q=36.0
2026-06-04 17:45:30,435 INFO: Plan 1: ḡ=18, γE[v]=16.0, Q=34.0
2026-06-04 17:45:30,450 INFO: Plan 0: ḡ=18, γE[v]=17.5, Q=35.5
2026-06-04 17:45:34,095 INFO: Plan 0: ḡ=12, γE[v]=17.5, Q=29.5
2026-06-04 17:45:34,262 INFO: Plan 1: ḡ=1, γE[v]=7.5, Q=8.5
2026-06-04 17:45:36,335 INFO: Plan 0: ḡ=18, γE[v]=16.0, Q=34.0
2026-06-04 17:45:39,254 INFO: Plan 0: ḡ=0, γE[v]=10.0, Q=10.0
2026-06-04 17:45:42,100 INFO: Plan 0: ḡ=2, γE[v]=24.0, Q=26.0
2026-06-04 17:45:43,693 INFO: Plan 0: ḡ=2, γE[v]=6.5, Q=8.5
  [23/93] flask.config seed=42: {'cov_qvalue_calib': 57}
2026-06-04 17:45:47,894 INFO: Plan 0: ḡ=6, γE[v]=9.0, Q=15.0
2026-06-04 17:45:48,599 INFO: Plan 0: ḡ=0, γE[v]=25.0, Q=25.0
2026-06-04 17:45:48,789 INFO: Plan 1: ḡ=10, γE[v]=20.0, Q=30.0
2026-06-04 17:45:54,255 INFO: Plan 0: ḡ=2, γE[v]=20.0, Q=22.0
2026-06-04 17:45:54,411 INFO: Plan 1: ḡ=12, γE[v]=22.5, Q=34.5
2026-06-04 17:45:54,637 INFO: Plan 1: ḡ=0, γE[v]=25.0, Q=25.0
2026-06-04 17:45:54,887 INFO: Plan 0: ḡ=18, γE[v]=17.5, Q=35.5
2026-06-04 17:45:58,204 INFO: Plan 0: ḡ=2, γE[v]=7.5, Q=9.5
2026-06-04 17:46:02,416 INFO: Plan 0: ḡ=12, γE[v]=0.0, Q=12.0
2026-06-04 17:46:04,093 INFO: Plan 0: ḡ=5, γE[v]=22.5, Q=27.5
2026-06-04 17:46:04,123 INFO: Plan 1: ḡ=5, γE[v]=22.5, Q=27.5
2026-06-04 17:46:04,367 INFO: Plan 2: ḡ=18, γE[v]=21.0, Q=39.0
2026-06-04 17:46:04,865 INFO: Plan 0: ḡ=1, γE[v]=7.5, Q=8.5
2026-06-04 17:46:05,040 INFO: Plan 0: ḡ=10, γE[v]=7.5, Q=17.5
  [24/93] flask.json.tag seed=42: {'cov_qvalue_calib': 24}
2026-06-04 17:46:12,915 INFO: Plan 0: ḡ=5, γE[v]=22.5, Q=27.5
2026-06-04 17:46:15,769 INFO: Plan 0: ḡ=12, γE[v]=22.5, Q=34.5
2026-06-04 17:46:17,150 INFO: Plan 0: ḡ=1, γE[v]=5.0, Q=6.0
2026-06-04 17:46:19,519 INFO: Plan 1: ḡ=0, γE[v]=25.0, Q=25.0
2026-06-04 17:46:19,552 INFO: Plan 0: ḡ=12, γE[v]=17.5, Q=29.5
2026-06-04 17:46:19,615 INFO: Plan 2: ḡ=22, γE[v]=14.0, Q=36.0
2026-06-04 17:46:22,519 INFO: Plan 0: ḡ=0, γE[v]=0.0, Q=0.0
2026-06-04 17:46:25,515 INFO: Plan 0: ḡ=28, γE[v]=21.0, Q=49.0
2026-06-04 17:46:25,835 INFO: Plan 2: ḡ=28, γE[v]=21.0, Q=49.0
2026-06-04 17:46:26,154 INFO: Plan 1: ḡ=12, γE[v]=22.5, Q=34.5
2026-06-04 17:46:35,348 INFO: Plan 0: ḡ=2, γE[v]=5.0, Q=7.0
2026-06-04 17:46:36,538 INFO: Plan 0: ḡ=2, γE[v]=5.0, Q=7.0
2026-06-04 17:46:36,961 INFO: Plan 1: ḡ=2, γE[v]=6.0, Q=8.0
2026-06-04 17:46:37,038 INFO: Plan 0: ḡ=28, γE[v]=21.0, Q=49.0
2026-06-04 17:46:38,127 INFO: Plan 0: ḡ=2, γE[v]=5.0, Q=7.0
2026-06-04 17:46:39,538 INFO: Plan 0: ḡ=2, γE[v]=4.0, Q=6.0
2026-06-04 17:46:47,580 INFO: Plan 0: ḡ=1, γE[v]=12.5, Q=13.5
2026-06-04 17:46:48,771 INFO: Plan 0: ḡ=1, γE[v]=0.0, Q=1.0
2026-06-04 17:46:56,809 INFO: Plan 1: ḡ=18, γE[v]=16.0, Q=34.0
2026-06-04 17:46:57,708 INFO: Plan 0: ḡ=12, γE[v]=19.0, Q=31.0
2026-06-04 17:47:00,241 INFO: Plan 0: ḡ=1, γE[v]=1.0, Q=2.0
2026-06-04 17:47:00,431 INFO: Plan 0: ḡ=5, γE[v]=17.5, Q=22.5
2026-06-04 17:47:01,707 INFO: Plan 0: ḡ=12, γE[v]=17.5, Q=29.5
2026-06-04 17:47:02,200 INFO: Plan 0: ḡ=5, γE[v]=20.0, Q=25.0
2026-06-04 17:47:02,201 INFO: Plan 1: ḡ=5, γE[v]=20.0, Q=25.0
2026-06-04 17:47:14,691 INFO: Plan 1: ḡ=1, γE[v]=5.0, Q=6.0
2026-06-04 17:47:14,751 INFO: Plan 0: ḡ=5, γE[v]=5.0, Q=10.0
2026-06-04 17:47:15,100 INFO: Plan 1: ḡ=2, γE[v]=5.0, Q=7.0
2026-06-04 17:47:15,343 INFO: Plan 0: ḡ=5, γE[v]=17.5, Q=22.5
2026-06-04 17:47:17,136 INFO: Plan 1: ḡ=12, γE[v]=17.5, Q=29.5
2026-06-04 17:47:17,538 INFO: Plan 0: ḡ=5, γE[v]=22.5, Q=27.5
2026-06-04 17:47:17,649 INFO: Plan 2: ḡ=12, γE[v]=17.5, Q=29.5
2026-06-04 17:47:20,911 INFO: Plan 0: ḡ=1, γE[v]=5.0, Q=6.0
2026-06-04 17:47:24,197 INFO: Plan 1: ḡ=2, γE[v]=5.0, Q=7.0
2026-06-04 17:47:24,274 INFO: Plan 0: ḡ=0, γE[v]=5.0, Q=5.0
2026-06-04 17:47:24,519 INFO: Plan 2: ḡ=0, γE[v]=5.0, Q=5.0
2026-06-04 17:47:24,594 INFO: Plan 1: ḡ=12, γE[v]=14.0, Q=26.0
2026-06-04 17:47:25,011 INFO: Plan 0: ḡ=18, γE[v]=21.0, Q=39.0
2026-06-04 17:47:27,187 INFO: Plan 0: ḡ=12, γE[v]=19.0, Q=31.0
2026-06-04 17:47:27,791 INFO: Plan 0: ḡ=18, γE[v]=17.5, Q=35.5
2026-06-04 17:47:27,934 INFO: Plan 1: ḡ=3, γE[v]=20.0, Q=23.0
2026-06-04 17:47:31,592 INFO: Plan 0: ḡ=12, γE[v]=17.5, Q=29.5
2026-06-04 17:47:31,778 INFO: Plan 1: ḡ=0, γE[v]=0.0, Q=0.0
2026-06-04 17:47:34,464 INFO: Plan 0: ḡ=12, γE[v]=17.5, Q=29.5
2026-06-04 17:47:39,250 INFO: Plan 0: ḡ=2, γE[v]=2.0, Q=4.0
2026-06-04 17:47:39,887 INFO: Plan 0: ḡ=12, γE[v]=17.5, Q=29.5
2026-06-04 17:47:39,967 INFO: Plan 0: ḡ=2, γE[v]=5.0, Q=7.0
2026-06-04 17:47:53,028 INFO: Plan 0: ḡ=10, γE[v]=20.0, Q=30.0
2026-06-04 17:47:55,183 INFO: Plan 0: ḡ=1, γE[v]=7.5, Q=8.5
2026-06-04 17:47:55,695 INFO: Plan 0: ḡ=2, γE[v]=5.0, Q=7.0
2026-06-04 17:47:55,966 INFO: Plan 0: ḡ=12, γE[v]=17.5, Q=29.5
2026-06-04 17:47:55,997 INFO: Plan 0: ḡ=5, γE[v]=22.5, Q=27.5
2026-06-04 17:48:02,476 INFO: Plan 0: ḡ=12, γE[v]=14.0, Q=26.0
2026-06-04 17:48:07,135 INFO: Plan 2: ḡ=12, γE[v]=17.5, Q=29.5
2026-06-04 17:48:07,183 INFO: Plan 1: ḡ=10, γE[v]=15.0, Q=25.0
2026-06-04 17:48:07,183 INFO: Plan 0: ḡ=18, γE[v]=17.5, Q=35.5
2026-06-04 17:48:08,876 INFO: Plan 1: ḡ=2, γE[v]=4.0, Q=6.0
2026-06-04 17:48:09,122 INFO: Plan 0: ḡ=2, γE[v]=4.0, Q=6.0
2026-06-04 17:48:11,110 INFO: Plan 1: ḡ=12, γE[v]=14.0, Q=26.0
2026-06-04 17:48:11,390 INFO: Plan 0: ḡ=2, γE[v]=6.0, Q=8.0
2026-06-04 17:48:14,370 INFO: Plan 0: ḡ=2, γE[v]=0.0, Q=2.0
2026-06-04 17:48:16,688 INFO: Plan 0: ḡ=5, γE[v]=5.0, Q=10.0
2026-06-04 17:48:19,011 INFO: Plan 0: ḡ=12, γE[v]=19.0, Q=31.0
  [25/93] flask.templating seed=42: {'cov_qvalue_calib': 15}
2026-06-04 17:48:29,495 INFO: Plan 0: ḡ=0, γE[v]=0.0, Q=0.0
2026-06-04 17:48:31,925 INFO: Plan 0: ḡ=0, γE[v]=20.0, Q=20.0
2026-06-04 17:48:34,422 INFO: Plan 0: ḡ=0, γE[v]=10.0, Q=10.0
2026-06-04 17:48:34,926 INFO: Plan 0: ḡ=12, γE[v]=17.5, Q=29.5
2026-06-04 17:48:36,877 INFO: Plan 0: ḡ=2, γE[v]=5.0, Q=7.0
2026-06-04 17:48:37,882 INFO: Plan 0: ḡ=2, γE[v]=22.5, Q=24.5
2026-06-04 17:48:41,371 INFO: Plan 0: ḡ=0, γE[v]=50.0, Q=50.0
2026-06-04 17:48:43,354 INFO: Plan 0: ḡ=12, γE[v]=17.5, Q=29.5
2026-06-04 17:48:44,877 INFO: Plan 0: ḡ=0, γE[v]=20.0, Q=20.0
2026-06-04 17:48:45,052 INFO: Plan 1: ḡ=20, γE[v]=22.5, Q=42.5
  [26/93] flask.json.provider seed=42: {'cov_qvalue_calib': 44}
2026-06-04 17:48:52,610 INFO: Plan 0: ḡ=12, γE[v]=17.5, Q=29.5
2026-06-04 17:48:52,672 INFO: Plan 2: ḡ=12, γE[v]=17.5, Q=29.5
2026-06-04 17:48:53,047 INFO: Plan 1: ḡ=0, γE[v]=0.0, Q=0.0
2026-06-04 17:48:54,763 INFO: Plan 0: ḡ=0, γE[v]=0.0, Q=0.0
2026-06-04 17:48:56,090 INFO: Plan 0: ḡ=12, γE[v]=19.0, Q=31.0
  [27/93] rich.text seed=42: {'cov_qvalue_calib': 93}
2026-06-04 17:48:58,591 INFO: Plan 0: ḡ=12, γE[v]=19.0, Q=31.0
2026-06-04 17:48:58,668 INFO: Plan 1: ḡ=0, γE[v]=0.0, Q=0.0
2026-06-04 17:48:58,698 INFO: Plan 0: ḡ=12, γE[v]=17.5, Q=29.5
2026-06-04 17:49:01,072 INFO: Plan 2: ḡ=12, γE[v]=17.5, Q=29.5
2026-06-04 17:49:01,103 INFO: Plan 0: ḡ=12, γE[v]=17.5, Q=29.5
2026-06-04 17:49:01,494 INFO: Plan 1: ḡ=12, γE[v]=17.5, Q=29.5
  [28/93] rich.progress seed=42: {'cov_qvalue_calib': 172}
  [29/93] rich.console seed=42: {'cov_qvalue_calib': 272}
2026-06-04 17:49:08,249 INFO: Plan 0: ḡ=12, γE[v]=17.5, Q=29.5
2026-06-04 17:49:13,168 INFO: Plan 0: ḡ=5, γE[v]=15.0, Q=20.0
2026-06-04 17:49:15,494 INFO: Plan 2: ḡ=0, γE[v]=5.0, Q=5.0
2026-06-04 17:49:15,634 INFO: Plan 1: ḡ=1, γE[v]=2.5, Q=3.5
2026-06-04 17:49:15,844 INFO: Plan 0: ḡ=2, γE[v]=24.0, Q=26.0
2026-06-04 17:49:16,627 INFO: Plan 0: ḡ=0, γE[v]=0.0, Q=0.0
  [30/93] rich.pretty seed=42: {'cov_qvalue_calib': 88}
2026-06-04 17:49:23,456 INFO: Plan 0: ḡ=5, γE[v]=22.5, Q=27.5
2026-06-04 17:49:23,741 INFO: Plan 1: ḡ=10, γE[v]=20.0, Q=30.0
2026-06-04 17:49:27,053 INFO: Plan 0: ḡ=12, γE[v]=19.0, Q=31.0
2026-06-04 17:49:27,920 INFO: Plan 0: ḡ=0, γE[v]=0.0, Q=0.0
2026-06-04 17:49:28,060 INFO: Plan 1: ḡ=0, γE[v]=10.0, Q=10.0
2026-06-04 17:49:30,180 INFO: Plan 1: ḡ=0, γE[v]=20.0, Q=20.0
2026-06-04 17:49:30,398 INFO: Plan 0: ḡ=0, γE[v]=0.0, Q=0.0
2026-06-04 17:49:30,567 INFO: Plan 0: ḡ=12, γE[v]=14.0, Q=26.0
2026-06-04 17:49:32,544 INFO: Plan 0: ḡ=1, γE[v]=5.0, Q=6.0
  [31/93] rich.table seed=42: {'cov_qvalue_calib': 210}
2026-06-04 17:49:38,279 INFO: Plan 0: ḡ=1, γE[v]=22.5, Q=23.5
2026-06-04 17:49:38,502 INFO: Plan 0: ḡ=0, γE[v]=7.5, Q=7.5
2026-06-04 17:49:43,754 INFO: Plan 0: ḡ=12, γE[v]=19.0, Q=31.0
2026-06-04 17:49:45,634 INFO: Plan 1: ḡ=5, γE[v]=22.5, Q=27.5
2026-06-04 17:49:45,695 INFO: Plan 0: ḡ=1, γE[v]=0.0, Q=1.0
2026-06-04 17:49:47,270 INFO: Plan 0: ḡ=18, γE[v]=17.5, Q=35.5
2026-06-04 17:49:47,283 INFO: Plan 1: ḡ=12, γE[v]=19.0, Q=31.0
2026-06-04 17:49:49,156 INFO: Plan 0: ḡ=5, γE[v]=20.0, Q=25.0
2026-06-04 17:49:52,853 INFO: Plan 0: ḡ=123456, γE[v]=0.0, Q=123456.0
2026-06-04 17:49:53,608 INFO: Plan 0: ḡ=2, γE[v]=5.0, Q=7.0
2026-06-04 17:49:58,618 INFO: Plan 0: ḡ=12, γE[v]=19.0, Q=31.0
2026-06-04 17:49:58,866 INFO: Plan 1: ḡ=0, γE[v]=5.0, Q=5.0
2026-06-04 17:50:06,423 INFO: Plan 0: ḡ=12, γE[v]=17.5, Q=29.5
2026-06-04 17:50:08,596 INFO: Plan 0: ḡ=3, γE[v]=20.0, Q=23.0
2026-06-04 17:50:09,880 INFO: Plan 0: ḡ=0, γE[v]=0.0, Q=0.0
2026-06-04 17:50:16,781 INFO: Plan 0: ḡ=18, γE[v]=15.0, Q=33.0
2026-06-04 17:50:16,980 INFO: Plan 1: ḡ=12, γE[v]=10.0, Q=22.0
2026-06-04 17:50:19,765 INFO: Plan 0: ḡ=12, γE[v]=14.0, Q=26.0
2026-06-04 17:50:21,035 INFO: Plan 0: ḡ=0, γE[v]=10.0, Q=10.0
2026-06-04 17:50:22,255 INFO: Plan 0: ḡ=5, γE[v]=15.0, Q=20.0
2026-06-04 17:50:22,401 INFO: Plan 0: ḡ=12, γE[v]=17.5, Q=29.5
2026-06-04 17:50:22,528 INFO: Plan 0: ḡ=10, γE[v]=20.0, Q=30.0
2026-06-04 17:50:24,124 INFO: Plan 0: ḡ=12, γE[v]=17.5, Q=29.5
2026-06-04 17:50:24,284 INFO: Plan 1: ḡ=12, γE[v]=17.5, Q=29.5
2026-06-04 17:50:24,381 INFO: Plan 0: ḡ=10, γE[v]=15.0, Q=25.0
2026-06-04 17:50:24,401 INFO: Plan 1: ḡ=6, γE[v]=20.0, Q=26.0
2026-06-04 17:50:24,620 INFO: Plan 2: ḡ=12, γE[v]=17.5, Q=29.5
  [32/93] rich.syntax seed=42: {'cov_qvalue_calib': 102}
2026-06-04 17:50:37,722 INFO: Plan 0: ḡ=0, γE[v]=0.0, Q=0.0
2026-06-04 17:50:41,279 INFO: Plan 0: ḡ=12, γE[v]=17.5, Q=29.5
2026-06-04 17:50:43,275 INFO: Plan 0: ḡ=2, γE[v]=24.0, Q=26.0
2026-06-04 17:50:45,061 INFO: Plan 1: ḡ=0, γE[v]=7.5, Q=7.5
2026-06-04 17:50:45,108 INFO: Plan 2: ḡ=12, γE[v]=14.0, Q=26.0
2026-06-04 17:50:45,248 INFO: Plan 0: ḡ=12, γE[v]=17.5, Q=29.5
2026-06-04 17:50:45,813 INFO: Plan 0: ḡ=8, γE[v]=7.5, Q=15.5
2026-06-04 17:50:51,252 INFO: Plan 0: ḡ=18, γE[v]=17.5, Q=35.5
2026-06-04 17:50:51,357 INFO: Plan 1: ḡ=2, γE[v]=6.0, Q=8.0
2026-06-04 17:50:54,661 INFO: Plan 1: ḡ=5, γE[v]=15.0, Q=20.0
2026-06-04 17:50:54,764 INFO: Plan 0: ḡ=5, γE[v]=22.5, Q=27.5
2026-06-04 17:51:00,192 INFO: Plan 0: ḡ=12, γE[v]=14.0, Q=26.0
2026-06-04 17:51:00,532 INFO: Plan 0: ḡ=5, γE[v]=7.5, Q=12.5
2026-06-04 17:51:01,332 INFO: Plan 0: ḡ=0, γE[v]=2.5, Q=2.5
2026-06-04 17:51:02,143 INFO: Plan 1: ḡ=1, γE[v]=20.0, Q=21.0
2026-06-04 17:51:02,442 INFO: Plan 0: ḡ=1, γE[v]=20.0, Q=21.0
2026-06-04 17:51:04,162 INFO: Plan 0: ḡ=12, γE[v]=14.0, Q=26.0
2026-06-04 17:51:06,114 INFO: Plan 0: ḡ=10, γE[v]=17.5, Q=27.5
2026-06-04 17:51:06,440 INFO: Plan 1: ḡ=12, γE[v]=17.5, Q=29.5
2026-06-04 17:51:15,884 INFO: Plan 0: ḡ=0, γE[v]=0.0, Q=0.0
2026-06-04 17:51:16,050 INFO: Plan 0: ḡ=12, γE[v]=17.5, Q=29.5
2026-06-04 17:51:19,511 INFO: Plan 0: ḡ=12, γE[v]=17.5, Q=29.5
2026-06-04 17:51:19,808 INFO: Plan 0: ḡ=2, γE[v]=24.0, Q=26.0
2026-06-04 17:51:26,550 INFO: Plan 0: ḡ=0, γE[v]=5.0, Q=5.0
2026-06-04 17:51:27,072 INFO: Plan 0: ḡ=28, γE[v]=17.5, Q=45.5
2026-06-04 17:51:29,933 INFO: Plan 0: ḡ=10, γE[v]=22.5, Q=32.5
2026-06-04 17:51:33,479 INFO: Plan 0: ḡ=5, γE[v]=20.0, Q=25.0
2026-06-04 17:51:35,923 INFO: Plan 0: ḡ=18, γE[v]=16.0, Q=34.0
2026-06-04 17:51:35,973 INFO: Plan 2: ḡ=12, γE[v]=17.0, Q=29.0
2026-06-04 17:51:36,096 INFO: Plan 1: ḡ=12, γE[v]=19.0, Q=31.0
2026-06-04 17:51:38,396 INFO: Plan 0: ḡ=18, γE[v]=16.0, Q=34.0
2026-06-04 17:51:41,213 INFO: Plan 0: ḡ=12, γE[v]=17.5, Q=29.5
2026-06-04 17:51:47,991 INFO: Plan 0: ḡ=12, γE[v]=17.5, Q=29.5
2026-06-04 17:51:48,236 INFO: Plan 1: ḡ=17, γE[v]=17.5, Q=34.5
2026-06-04 17:51:48,425 INFO: Plan 1: ḡ=12, γE[v]=17.5, Q=29.5
2026-06-04 17:51:48,843 INFO: Plan 0: ḡ=12, γE[v]=17.5, Q=29.5
2026-06-04 17:51:48,943 INFO: Plan 0: ḡ=0, γE[v]=0.0, Q=0.0
2026-06-04 17:52:02,226 INFO: Plan 0: ḡ=12, γE[v]=15.0, Q=27.0
2026-06-04 17:52:05,808 INFO: Plan 0: ḡ=0, γE[v]=22.5, Q=22.5
2026-06-04 17:52:05,842 INFO: Plan 1: ḡ=2, γE[v]=6.0, Q=8.0
2026-06-04 17:52:06,113 INFO: Plan 2: ḡ=18, γE[v]=16.0, Q=34.0
2026-06-04 17:52:07,147 INFO: Plan 0: ḡ=1, γE[v]=0.0, Q=1.0
2026-06-04 17:52:07,712 INFO: Plan 1: ḡ=12, γE[v]=17.5, Q=29.5
2026-06-04 17:52:09,384 INFO: Plan 0: ḡ=12, γE[v]=17.5, Q=29.5
2026-06-04 17:52:09,454 INFO: Plan 0: ḡ=4, γE[v]=15.0, Q=19.0
2026-06-04 17:52:16,746 INFO: Plan 0: ḡ=7, γE[v]=17.5, Q=24.5
2026-06-04 17:52:18,482 INFO: Plan 0: ḡ=18, γE[v]=6.0, Q=24.0
  [33/93] rich.markdown seed=42: {'cov_qvalue_calib': 96}
2026-06-04 17:52:21,266 INFO: Plan 0: ḡ=2, γE[v]=24.0, Q=26.0
2026-06-04 17:52:25,153 INFO: Plan 0: ḡ=12, γE[v]=17.5, Q=29.5
2026-06-04 17:52:25,155 INFO: Plan 1: ḡ=5, γE[v]=15.0, Q=20.0
2026-06-04 17:52:29,300 INFO: Plan 0: ḡ=18, γE[v]=17.5, Q=35.5
2026-06-04 17:52:30,812 INFO: Plan 0: ḡ=12, γE[v]=19.0, Q=31.0
2026-06-04 17:52:31,053 INFO: Plan 1: ḡ=0, γE[v]=0.0, Q=0.0
2026-06-04 17:52:32,036 INFO: Plan 0: ḡ=12, γE[v]=17.5, Q=29.5
2026-06-04 17:52:32,695 INFO: Plan 1: ḡ=12, γE[v]=17.5, Q=29.5
2026-06-04 17:52:32,823 INFO: Plan 0: ḡ=12, γE[v]=17.5, Q=29.5
  [34/93] rich.color seed=42: {'cov_qvalue_calib': 61}
2026-06-04 17:52:39,059 INFO: Plan 0: ḡ=0, γE[v]=0.0, Q=0.0
2026-06-04 17:52:39,176 INFO: Plan 0: ḡ=2, γE[v]=9.0, Q=11.0
2026-06-04 17:52:46,623 INFO: Plan 1: ḡ=12, γE[v]=14.0, Q=26.0
2026-06-04 17:52:46,808 INFO: Plan 2: ḡ=5, γE[v]=17.5, Q=22.5
2026-06-04 17:52:46,986 INFO: Plan 0: ḡ=12, γE[v]=17.5, Q=29.5
2026-06-04 17:52:47,990 INFO: Plan 1: ḡ=2, γE[v]=24.0, Q=26.0
2026-06-04 17:52:48,189 INFO: Plan 0: ḡ=2, γE[v]=5.0, Q=7.0
2026-06-04 17:52:50,543 INFO: Plan 0: ḡ=5, γE[v]=20.0, Q=25.0
2026-06-04 17:52:52,736 INFO: Plan 1: ḡ=12, γE[v]=17.5, Q=29.5
2026-06-04 17:52:52,773 INFO: Plan 0: ḡ=5, γE[v]=22.5, Q=27.5
2026-06-04 17:52:53,315 INFO: Plan 1: ḡ=2, γE[v]=20.0, Q=22.0
2026-06-04 17:52:53,702 INFO: Plan 0: ḡ=10, γE[v]=20.0, Q=30.0
2026-06-04 17:52:53,751 INFO: Plan 1: ḡ=1, γE[v]=5.0, Q=6.0
2026-06-04 17:52:53,752 INFO: Plan 0: ḡ=12, γE[v]=17.5, Q=29.5
  [35/93] rich.style seed=42: {'cov_qvalue_calib': 128}
2026-06-04 17:53:02,569 INFO: Plan 0: ḡ=12, γE[v]=0.0, Q=12.0
2026-06-04 17:53:02,734 INFO: Plan 1: ḡ=18, γE[v]=16.0, Q=34.0
2026-06-04 17:53:05,658 INFO: Plan 0: ḡ=0, γE[v]=0.0, Q=0.0
2026-06-04 17:53:08,025 INFO: Plan 1: ḡ=2, γE[v]=5.0, Q=7.0
2026-06-04 17:53:08,472 INFO: Plan 2: ḡ=2, γE[v]=5.0, Q=7.0
2026-06-04 17:53:08,532 INFO: Plan 0: ḡ=2, γE[v]=5.0, Q=7.0
2026-06-04 17:53:09,595 INFO: Plan 0: ḡ=12, γE[v]=17.5, Q=29.5
2026-06-04 17:53:09,724 INFO: Plan 0: ḡ=1, γE[v]=7.5, Q=8.5
2026-06-04 17:53:11,008 INFO: Plan 0: ḡ=0, γE[v]=0.0, Q=0.0
2026-06-04 17:53:13,775 INFO: Plan 0: ḡ=5, γE[v]=20.0, Q=25.0
2026-06-04 17:53:18,048 INFO: Plan 0: ḡ=2, γE[v]=7.5, Q=9.5
  [36/93] rich.segment seed=42: {'cov_qvalue_calib': 69}
2026-06-04 17:53:24,389 INFO: Plan 0: ḡ=12, γE[v]=17.5, Q=29.5
2026-06-04 17:53:24,951 INFO: Plan 0: ḡ=0, γE[v]=0.0, Q=0.0
2026-06-04 17:53:25,129 INFO: Plan 0: ḡ=0, γE[v]=0.0, Q=0.0
2026-06-04 17:53:27,439 INFO: Plan 1: ḡ=5, γE[v]=7.5, Q=12.5
2026-06-04 17:53:27,523 INFO: Plan 1: ḡ=2, γE[v]=5.0, Q=7.0
2026-06-04 17:53:27,636 INFO: Plan 0: ḡ=12, γE[v]=17.5, Q=29.5
2026-06-04 17:53:27,737 INFO: Plan 0: ḡ=5, γE[v]=22.5, Q=27.5
2026-06-04 17:53:30,837 INFO: Plan 1: ḡ=0, γE[v]=0.0, Q=0.0
2026-06-04 17:53:30,880 INFO: Plan 2: ḡ=1, γE[v]=24.5, Q=25.5
2026-06-04 17:53:31,043 INFO: Plan 0: ḡ=2, γE[v]=24.0, Q=26.0
  [37/93] jinja2.compiler seed=42: {'cov_qvalue_calib': 80}
2026-06-04 17:53:40,012 INFO: Plan 0: ḡ=12, γE[v]=1.5, Q=13.5
2026-06-04 17:53:43,445 INFO: Plan 0: ḡ=4, γE[v]=5.0, Q=9.0
2026-06-04 17:53:44,930 INFO: Plan 1: ḡ=2, γE[v]=24.0, Q=26.0
2026-06-04 17:53:45,039 INFO: Plan 0: ḡ=3, γE[v]=7.5, Q=10.5
2026-06-04 17:53:45,347 INFO: Plan 0: ḡ=5, γE[v]=17.5, Q=22.5
  [38/93] rich.layout seed=42: {'cov_qvalue_calib': 64}
2026-06-04 17:53:54,182 INFO: Plan 0: ḡ=12, γE[v]=17.5, Q=29.5
2026-06-04 17:53:55,585 INFO: Plan 0: ḡ=0, γE[v]=10.0, Q=10.0
  [39/93] rich.traceback seed=42: {'cov_qvalue_calib': 79}
2026-06-04 17:54:00,584 INFO: Plan 0: ḡ=0, γE[v]=0.0, Q=0.0
2026-06-04 17:54:01,057 INFO: Plan 0: ḡ=2, γE[v]=24.0, Q=26.0
2026-06-04 17:54:01,122 INFO: Plan 1: ḡ=12, γE[v]=19.0, Q=31.0
2026-06-04 17:54:01,427 INFO: Plan 1: ḡ=0, γE[v]=0.0, Q=0.0
2026-06-04 17:54:01,697 INFO: Plan 2: ḡ=12, γE[v]=19.0, Q=31.0
2026-06-04 17:54:01,890 INFO: Plan 0: ḡ=2, γE[v]=24.0, Q=26.0
2026-06-04 17:54:05,065 INFO: Plan 0: ḡ=2, γE[v]=4.0, Q=6.0
2026-06-04 17:54:06,208 INFO: Plan 0: ḡ=0, γE[v]=0.0, Q=0.0
2026-06-04 17:54:06,544 INFO: Plan 1: ḡ=2, γE[v]=4.0, Q=6.0
2026-06-04 17:54:06,689 INFO: Plan 2: ḡ=0, γE[v]=0.0, Q=0.0
2026-06-04 17:54:09,656 INFO: Plan 0: ḡ=18, γE[v]=16.0, Q=34.0
  [40/93] jinja2.filters seed=42: {'cov_qvalue_calib': 143}
2026-06-04 17:54:21,294 INFO: Plan 0: ḡ=10, γE[v]=17.5, Q=27.5
2026-06-04 17:54:22,330 INFO: Plan 1: ḡ=1, γE[v]=5.0, Q=6.0
2026-06-04 17:54:22,599 INFO: Plan 0: ḡ=0, γE[v]=5.0, Q=5.0
2026-06-04 17:54:24,495 INFO: Plan 1: ḡ=0, γE[v]=0.0, Q=0.0
2026-06-04 17:54:24,556 INFO: Plan 0: ḡ=2, γE[v]=2.5, Q=4.5
2026-06-04 17:54:24,622 INFO: Plan 2: ḡ=2, γE[v]=4.0, Q=6.0
2026-06-04 17:54:25,094 INFO: Plan 1: ḡ=28, γE[v]=0.0, Q=28.0
2026-06-04 17:54:25,143 INFO: Plan 0: ḡ=12, γE[v]=19.0, Q=31.0
2026-06-04 17:54:28,364 INFO: Plan 0: ḡ=1, γE[v]=24.5, Q=25.5
2026-06-04 17:54:28,923 INFO: Plan 1: ḡ=12, γE[v]=19.0, Q=31.0
2026-06-04 17:54:30,405 INFO: Plan 0: ḡ=5, γE[v]=7.5, Q=12.5
2026-06-04 17:54:31,701 INFO: Plan 0: ḡ=2, γE[v]=5.0, Q=7.0
2026-06-04 17:54:32,296 INFO: Plan 1: ḡ=2, γE[v]=5.0, Q=7.0
2026-06-04 17:54:43,939 INFO: Plan 0: ḡ=10, γE[v]=17.5, Q=27.5
2026-06-04 17:54:43,985 INFO: Plan 1: ḡ=10, γE[v]=15.0, Q=25.0
2026-06-04 17:54:49,245 INFO: Plan 0: ḡ=2, γE[v]=4.0, Q=6.0
2026-06-04 17:54:49,580 INFO: Plan 0: ḡ=12, γE[v]=19.0, Q=31.0
2026-06-04 17:54:51,365 INFO: Plan 0: ḡ=18, γE[v]=0.0, Q=18.0
2026-06-04 17:54:51,857 INFO: Plan 0: ḡ=0, γE[v]=0.0, Q=0.0
2026-06-04 17:54:56,176 INFO: Plan 0: ḡ=1, γE[v]=5.0, Q=6.0
2026-06-04 17:55:01,298 INFO: Plan 1: ḡ=12, γE[v]=15.0, Q=27.0
2026-06-04 17:55:01,537 INFO: Plan 0: ḡ=18, γE[v]=11.0, Q=29.0
2026-06-04 17:55:02,499 INFO: Plan 0: ḡ=4, γE[v]=5.0, Q=9.0
2026-06-04 17:55:02,517 INFO: Plan 1: ḡ=2, γE[v]=4.0, Q=6.0
2026-06-04 17:55:06,620 INFO: Plan 0: ḡ=18, γE[v]=16.0, Q=34.0
2026-06-04 17:55:06,874 INFO: Plan 0: ḡ=12, γE[v]=19.0, Q=31.0
2026-06-04 17:55:07,272 INFO: Plan 0: ḡ=18, γE[v]=16.0, Q=34.0
2026-06-04 17:55:08,910 INFO: Plan 1: ḡ=6, γE[v]=20.0, Q=26.0
2026-06-04 17:55:09,006 INFO: Plan 0: ḡ=5, γE[v]=6.0, Q=11.0
2026-06-04 17:55:10,371 INFO: Plan 0: ḡ=12, γE[v]=17.5, Q=29.5
2026-06-04 17:55:24,508 INFO: Plan 1: ḡ=5, γE[v]=22.5, Q=27.5
2026-06-04 17:55:24,752 INFO: Plan 0: ḡ=2, γE[v]=0.0, Q=2.0
2026-06-04 17:55:25,032 INFO: Plan 0: ḡ=1, γE[v]=0.0, Q=1.0
2026-06-04 17:55:28,482 INFO: Plan 1: ḡ=4, γE[v]=23.0, Q=27.0
2026-06-04 17:55:28,856 INFO: Plan 0: ḡ=28, γE[v]=22.5, Q=50.5
2026-06-04 17:55:30,669 INFO: Plan 0: ḡ=0, γE[v]=0.0, Q=0.0
2026-06-04 17:55:32,113 INFO: Plan 0: ḡ=12, γE[v]=17.5, Q=29.5
2026-06-04 17:55:32,523 INFO: Plan 1: ḡ=12, γE[v]=17.5, Q=29.5
2026-06-04 17:55:32,972 INFO: Plan 0: ḡ=0, γE[v]=25.0, Q=25.0
2026-06-04 17:55:32,993 INFO: Plan 0: ḡ=12, γE[v]=19.0, Q=31.0
2026-06-04 17:55:39,831 INFO: Plan 0: ḡ=1, γE[v]=500.0, Q=501.0
2026-06-04 17:55:45,914 INFO: Plan 0: ḡ=18, γE[v]=16.0, Q=34.0
2026-06-04 17:55:46,208 INFO: Plan 1: ḡ=12, γE[v]=19.0, Q=31.0
2026-06-04 17:55:50,543 INFO: Plan 1: ḡ=2, γE[v]=4.0, Q=6.0
2026-06-04 17:55:50,694 INFO: Plan 0: ḡ=4, γE[v]=3.0, Q=7.0
2026-06-04 17:55:51,897 INFO: Plan 1: ḡ=2, γE[v]=5.0, Q=7.0
2026-06-04 17:55:52,169 INFO: Plan 0: ḡ=4, γE[v]=6.0, Q=10.0
2026-06-04 17:55:54,347 INFO: Plan 0: ḡ=0, γE[v]=22.5, Q=22.5
2026-06-04 17:55:54,877 INFO: Plan 1: ḡ=0, γE[v]=0.0, Q=0.0
2026-06-04 17:55:55,228 INFO: Plan 0: ḡ=22, γE[v]=17.5, Q=39.5
2026-06-04 17:55:59,210 INFO: Plan 0: ḡ=18, γE[v]=16.0, Q=34.0
2026-06-04 17:56:05,219 INFO: Plan 0: ḡ=10, γE[v]=18.0, Q=28.0
2026-06-04 17:56:09,105 INFO: Plan 0: ḡ=2, γE[v]=24.0, Q=26.0
2026-06-04 17:56:09,136 INFO: Plan 1: ḡ=12, γE[v]=17.5, Q=29.5
2026-06-04 17:56:11,827 INFO: Plan 1: ḡ=4, γE[v]=5.0, Q=9.0
2026-06-04 17:56:11,968 INFO: Plan 0: ḡ=1, γE[v]=5.0, Q=6.0
2026-06-04 17:56:22,169 INFO: Plan 0: ḡ=2, γE[v]=5.0, Q=7.0
  [41/93] jinja2.runtime seed=42: {'cov_qvalue_calib': 68}
  [42/93] jinja2.environment seed=42: {'cov_qvalue_calib': 92}
2026-06-04 17:56:30,736 INFO: Plan 0: ḡ=0, γE[v]=0.0, Q=0.0
2026-06-04 17:56:33,359 INFO: Plan 0: ḡ=12, γE[v]=1.5, Q=13.5
2026-06-04 17:56:36,376 INFO: Plan 0: ḡ=12, γE[v]=17.5, Q=29.5
  [43/93] jinja2.nodes seed=42: {'cov_qvalue_calib': 10}
2026-06-04 17:56:38,690 INFO: Plan 0: ḡ=12, γE[v]=17.5, Q=29.5
2026-06-04 17:56:39,750 INFO: Plan 1: ḡ=0, γE[v]=5.0, Q=5.0
2026-06-04 17:56:39,924 INFO: Plan 2: ḡ=2, γE[v]=4.0, Q=6.0
2026-06-04 17:56:39,971 INFO: Plan 0: ḡ=5, γE[v]=7.5, Q=12.5
2026-06-04 17:56:40,255 INFO: Plan 1: ḡ=0, γE[v]=0.0, Q=0.0
2026-06-04 17:56:40,322 INFO: Plan 0: ḡ=1, γE[v]=24.5, Q=25.5
2026-06-04 17:56:40,691 INFO: Plan 0: ḡ=0, γE[v]=2.5, Q=2.5
2026-06-04 17:56:43,916 INFO: Plan 0: ḡ=2, γE[v]=22.0, Q=24.0
2026-06-04 17:56:47,786 INFO: Plan 0: ḡ=0, γE[v]=22.5, Q=22.5
2026-06-04 17:56:47,930 INFO: Plan 1: ḡ=12, γE[v]=17.5, Q=29.5
2026-06-04 17:56:51,126 INFO: Plan 0: ḡ=28, γE[v]=21.0, Q=49.0
2026-06-04 17:56:58,415 INFO: Plan 0: ḡ=5, γE[v]=22.5, Q=27.5
2026-06-04 17:57:06,194 INFO: Plan 0: ḡ=0, γE[v]=0.0, Q=0.0
2026-06-04 17:57:12,317 INFO: Plan 1: ḡ=2, γE[v]=7.5, Q=9.5
2026-06-04 17:57:12,338 INFO: Plan 0: ḡ=12, γE[v]=17.5, Q=29.5
2026-06-04 17:57:12,856 INFO: Plan 0: ḡ=18, γE[v]=16.0, Q=34.0
2026-06-04 17:57:12,919 INFO: Plan 0: ḡ=12, γE[v]=19.0, Q=31.0
2026-06-04 17:57:13,021 INFO: Plan 1: ḡ=0, γE[v]=0.0, Q=0.0
2026-06-04 17:57:13,730 INFO: Plan 0: ḡ=4, γE[v]=6.0, Q=10.0
2026-06-04 17:57:18,090 INFO: Plan 0: ḡ=1, γE[v]=7.5, Q=8.5
2026-06-04 17:57:20,266 INFO: Plan 0: ḡ=4, γE[v]=23.0, Q=27.0
2026-06-04 17:57:27,133 INFO: Plan 0: ḡ=2, γE[v]=4.0, Q=6.0
2026-06-04 17:57:32,580 INFO: Plan 0: ḡ=0, γE[v]=5.0, Q=5.0
2026-06-04 17:57:34,329 INFO: Plan 0: ḡ=0, γE[v]=0.0, Q=0.0
2026-06-04 17:57:35,291 INFO: Plan 0: ḡ=12, γE[v]=17.5, Q=29.5
2026-06-04 17:57:35,323 INFO: Plan 1: ḡ=18, γE[v]=21.0, Q=39.0
2026-06-04 17:57:35,741 INFO: Plan 0: ḡ=2, γE[v]=5.0, Q=7.0
2026-06-04 17:57:42,585 INFO: Plan 0: ḡ=0, γE[v]=0.0, Q=0.0
2026-06-04 17:57:42,826 INFO: Plan 1: ḡ=0, γE[v]=0.0, Q=0.0
2026-06-04 17:57:43,936 INFO: Plan 0: ḡ=0, γE[v]=25.0, Q=25.0
  [44/93] jinja2.parser seed=42: {'cov_qvalue_calib': 187}
2026-06-04 17:57:46,211 INFO: Plan 0: ḡ=4, γE[v]=6.0, Q=10.0
2026-06-04 17:57:48,271 INFO: Plan 1: ḡ=1, γE[v]=5.0, Q=6.0
2026-06-04 17:57:48,467 INFO: Plan 0: ḡ=2, γE[v]=5.0, Q=7.0
2026-06-04 17:57:48,675 INFO: Plan 0: ḡ=12, γE[v]=17.5, Q=29.5
  [45/93] jinja2.lexer seed=42: {'cov_qvalue_calib': 105}
2026-06-04 17:57:54,908 INFO: Plan 0: ḡ=2, γE[v]=24.0, Q=26.0
2026-06-04 17:57:54,942 INFO: Plan 0: ḡ=2, γE[v]=6.0, Q=8.0
2026-06-04 17:57:57,378 INFO: Plan 0: ḡ=0, γE[v]=2.5, Q=2.5
2026-06-04 17:57:57,407 INFO: Plan 0: ḡ=12, γE[v]=17.0, Q=29.0
2026-06-04 17:58:00,146 INFO: Plan 1: ḡ=2, γE[v]=5.0, Q=7.0
2026-06-04 17:58:00,428 INFO: Plan 0: ḡ=40, γE[v]=10.0, Q=50.0
2026-06-04 17:58:03,566 INFO: Plan 0: ḡ=7, γE[v]=17.5, Q=24.5
2026-06-04 17:58:09,418 INFO: Plan 0: ḡ=18, γE[v]=16.0, Q=34.0
2026-06-04 17:58:10,409 INFO: Plan 2: ḡ=2, γE[v]=50.0, Q=52.0
2026-06-04 17:58:10,627 INFO: Plan 0: ḡ=12, γE[v]=17.5, Q=29.5
2026-06-04 17:58:10,691 INFO: Plan 1: ḡ=0, γE[v]=0.0, Q=0.0
2026-06-04 17:58:11,773 INFO: Plan 1: ḡ=0, γE[v]=2.5, Q=2.5
2026-06-04 17:58:12,045 INFO: Plan 0: ḡ=2, γE[v]=4.0, Q=6.0
  [46/93] jinja2.ext seed=42: {'cov_qvalue_calib': 79}
2026-06-04 17:58:18,535 INFO: Plan 0: ḡ=18, γE[v]=21.0, Q=39.0
2026-06-04 17:58:18,617 INFO: Plan 1: ḡ=12, γE[v]=17.5, Q=29.5
2026-06-04 17:58:19,984 INFO: Plan 0: ḡ=12, γE[v]=15.0, Q=27.0
  [47/93] jinja2.utils seed=42: {'cov_qvalue_calib': 11}
  [48/93] jinja2.loaders seed=42: {'cov_qvalue_calib': 52}
2026-06-04 17:58:26,252 INFO: Plan 0: ḡ=12, γE[v]=17.5, Q=29.5
2026-06-04 17:58:26,658 INFO: Plan 1: ḡ=2, γE[v]=19.0, Q=21.0
2026-06-04 17:58:31,937 INFO: Plan 0: ḡ=0, γE[v]=0.0, Q=0.0
2026-06-04 17:58:34,071 INFO: Plan 0: ḡ=1, γE[v]=5.0, Q=6.0
2026-06-04 17:58:34,306 INFO: Plan 0: ḡ=1, γE[v]=5.0, Q=6.0
2026-06-04 17:58:35,938 INFO: Plan 0: ḡ=12, γE[v]=19.0, Q=31.0
2026-06-04 17:58:41,081 INFO: Plan 0: ḡ=12, γE[v]=19.0, Q=31.0
2026-06-04 17:58:46,732 INFO: Plan 0: ḡ=4, γE[v]=6.0, Q=10.0
2026-06-04 17:58:46,877 INFO: Plan 1: ḡ=1, γE[v]=5.0, Q=6.0
2026-06-04 17:58:47,055 INFO: Plan 0: ḡ=2, γE[v]=24.0, Q=26.0
2026-06-04 17:58:49,467 INFO: Plan 0: ḡ=1, γE[v]=5.0, Q=6.0
2026-06-04 17:58:56,243 INFO: Plan 0: ḡ=12, γE[v]=17.5, Q=29.5
2026-06-04 17:59:02,143 INFO: Plan 0: ḡ=0, γE[v]=0.0, Q=0.0
2026-06-04 17:59:03,634 INFO: Plan 0: ḡ=12, γE[v]=17.5, Q=29.5
2026-06-04 17:59:04,342 INFO: Plan 0: ḡ=0, γE[v]=0.0, Q=0.0
2026-06-04 17:59:08,383 INFO: Plan 1: ḡ=12, γE[v]=17.5, Q=29.5
2026-06-04 17:59:08,562 INFO: Plan 0: ḡ=18, γE[v]=16.0, Q=34.0
2026-06-04 17:59:10,810 INFO: Plan 0: ḡ=5, γE[v]=10.0, Q=15.0
2026-06-04 17:59:12,487 INFO: Plan 0: ḡ=2, γE[v]=5.0, Q=7.0
2026-06-04 17:59:18,424 INFO: Plan 0: ḡ=12, γE[v]=17.5, Q=29.5
2026-06-04 17:59:25,396 INFO: Plan 2: ḡ=0, γE[v]=0.0, Q=0.0
2026-06-04 17:59:25,651 INFO: Plan 0: ḡ=2, γE[v]=7.5, Q=9.5
2026-06-04 17:59:25,686 INFO: Plan 1: ḡ=12, γE[v]=17.5, Q=29.5
2026-06-04 17:59:29,371 INFO: Plan 0: ḡ=0, γE[v]=2.5, Q=2.5
2026-06-04 17:59:31,063 INFO: Plan 0: ḡ=5, γE[v]=22.5, Q=27.5
2026-06-04 17:59:31,359 INFO: Plan 1: ḡ=12, γE[v]=17.5, Q=29.5
2026-06-04 17:59:31,470 INFO: Plan 0: ḡ=0, γE[v]=0.0, Q=0.0
2026-06-04 17:59:32,690 INFO: Plan 0: ḡ=12, γE[v]=17.5, Q=29.5
2026-06-04 17:59:36,853 INFO: Plan 0: ḡ=0, γE[v]=0.0, Q=0.0
2026-06-04 17:59:46,626 INFO: Plan 0: ḡ=5, γE[v]=22.5, Q=27.5
2026-06-04 17:59:53,938 INFO: Plan 0: ḡ=12, γE[v]=19.0, Q=31.0
2026-06-04 17:59:56,395 INFO: Plan 0: ḡ=0, γE[v]=2.5, Q=2.5
2026-06-04 18:00:00,567 INFO: Plan 0: ḡ=10, γE[v]=15.0, Q=25.0
  [49/93] jinja2.sandbox seed=42: {'cov_qvalue_calib': 7}
2026-06-04 18:00:04,927 INFO: Plan 0: ḡ=12, γE[v]=14.0, Q=26.0
2026-06-04 18:00:09,874 INFO: Plan 1: ḡ=2, γE[v]=5.0, Q=7.0
2026-06-04 18:00:10,214 INFO: Plan 0: ḡ=5, γE[v]=7.5, Q=12.5
2026-06-04 18:00:11,007 INFO: Plan 0: ḡ=12, γE[v]=17.5, Q=29.5
  [50/93] jinja2.bccache seed=42: {'cov_qvalue_calib': 5}
2026-06-04 18:00:16,381 INFO: Plan 0: ḡ=2, γE[v]=5.0, Q=7.0
2026-06-04 18:00:20,332 INFO: Plan 0: ḡ=6, γE[v]=10.0, Q=16.0
2026-06-04 18:00:23,382 INFO: Plan 0: ḡ=2, γE[v]=17.5, Q=19.5
2026-06-04 18:00:24,276 INFO: Plan 0: ḡ=0, γE[v]=0.0, Q=0.0
2026-06-04 18:00:28,181 INFO: Plan 1: ḡ=12, γE[v]=14.0, Q=26.0
2026-06-04 18:00:28,753 INFO: Plan 0: ḡ=18, γE[v]=16.0, Q=34.0
2026-06-04 18:00:30,916 INFO: Plan 0: ḡ=2, γE[v]=5.0, Q=7.0
2026-06-04 18:00:33,342 INFO: Plan 0: ḡ=2, γE[v]=5.0, Q=7.0
2026-06-04 18:00:39,284 INFO: Plan 0: ḡ=7, γE[v]=5.0, Q=12.0
2026-06-04 18:00:42,607 INFO: Plan 0: ḡ=12, γE[v]=17.5, Q=29.5
2026-06-04 18:00:43,335 INFO: Plan 0: ḡ=12, γE[v]=17.5, Q=29.5
2026-06-04 18:00:48,430 INFO: Plan 0: ḡ=10, γE[v]=15.0, Q=25.0
2026-06-04 18:00:53,380 INFO: Plan 0: ḡ=12, γE[v]=12.5, Q=24.5
2026-06-04 18:00:53,725 INFO: Plan 1: ḡ=2, γE[v]=5.0, Q=7.0
2026-06-04 18:00:54,796 INFO: Plan 0: ḡ=2, γE[v]=5.0, Q=7.0
2026-06-04 18:00:54,873 INFO: Plan 1: ḡ=2, γE[v]=5.0, Q=7.0
2026-06-04 18:00:59,708 INFO: Plan 0: ḡ=8, γE[v]=7.5, Q=15.5
2026-06-04 18:01:02,983 INFO: Plan 0: ḡ=5, γE[v]=5.0, Q=10.0
2026-06-04 18:01:03,141 INFO: Plan 1: ḡ=12, γE[v]=9.0, Q=21.0
2026-06-04 18:01:11,491 INFO: Plan 0: ḡ=2, γE[v]=5.0, Q=7.0
2026-06-04 18:01:13,686 INFO: Plan 0: ḡ=0, γE[v]=0.0, Q=0.0
2026-06-04 18:01:13,731 INFO: Plan 0: ḡ=6, γE[v]=7.5, Q=13.5
2026-06-04 18:01:16,792 INFO: Plan 0: ḡ=12, γE[v]=20.0, Q=32.0
2026-06-04 18:01:19,575 INFO: Plan 0: ḡ=0, γE[v]=0.0, Q=0.0
2026-06-04 18:01:21,810 INFO: Plan 0: ḡ=0, γE[v]=5.0, Q=5.0
2026-06-04 18:01:30,275 INFO: Plan 0: ḡ=2, γE[v]=5.0, Q=7.0
2026-06-04 18:01:31,663 INFO: Plan 0: ḡ=8, γE[v]=10.0, Q=18.0
2026-06-04 18:01:32,915 INFO: Plan 0: ḡ=2, γE[v]=6.0, Q=8.0
2026-06-04 18:01:41,244 INFO: Plan 1: ḡ=0, γE[v]=10.0, Q=10.0
2026-06-04 18:01:41,672 INFO: Plan 0: ḡ=0, γE[v]=7.5, Q=7.5
2026-06-04 18:01:46,715 INFO: Plan 0: ḡ=20, γE[v]=15.0, Q=35.0
2026-06-04 18:01:46,855 INFO: Plan 0: ḡ=0, γE[v]=0.0, Q=0.0
2026-06-04 18:01:47,524 INFO: Plan 0: ḡ=1, γE[v]=5.0, Q=6.0
  [51/93] httpx._client seed=42: {'cov_qvalue_calib': 151}
  [52/93] httpx._urls seed=42: {'cov_qvalue_calib': 67}
2026-06-04 18:01:56,787 INFO: Plan 0: ḡ=4, γE[v]=6.0, Q=10.0
2026-06-04 18:01:57,975 INFO: Plan 0: ḡ=0, γE[v]=0.0, Q=0.0
2026-06-04 18:02:01,814 INFO: Plan 0: ḡ=12, γE[v]=17.5, Q=29.5
2026-06-04 18:02:01,980 INFO: Plan 1: ḡ=12, γE[v]=9.0, Q=21.0
2026-06-04 18:02:05,545 INFO: Plan 0: ḡ=5, γE[v]=10.0, Q=15.0
2026-06-04 18:02:06,968 INFO: Plan 0: ḡ=2, γE[v]=5.0, Q=7.0
  [53/93] httpx._models seed=42: {'cov_qvalue_calib': 112}
2026-06-04 18:02:11,901 INFO: Plan 0: ḡ=0, γE[v]=5.0, Q=5.0
2026-06-04 18:02:12,198 INFO: Plan 1: ḡ=2, γE[v]=5.0, Q=7.0
2026-06-04 18:02:12,217 INFO: Plan 0: ḡ=2, γE[v]=5.0, Q=7.0
2026-06-04 18:02:17,565 INFO: Plan 1: ḡ=0, γE[v]=25.0, Q=25.0
2026-06-04 18:02:17,811 INFO: Plan 0: ḡ=12, γE[v]=19.0, Q=31.0
2026-06-04 18:02:26,008 INFO: Plan 0: ḡ=1, γE[v]=1.5, Q=2.5
2026-06-04 18:02:30,027 INFO: Plan 0: ḡ=0, γE[v]=25.0, Q=25.0
2026-06-04 18:02:30,096 INFO: Plan 1: ḡ=2, γE[v]=7.5, Q=9.5
2026-06-04 18:02:33,514 INFO: Plan 0: ḡ=12, γE[v]=17.5, Q=29.5
  [54/93] httpx._api seed=42: {'cov_qvalue_calib': 11}
  [55/93] httpx._main seed=42: {'cov_qvalue_calib': 87}
2026-06-04 18:02:39,146 INFO: Plan 1: ḡ=4, γE[v]=6.0, Q=10.0
2026-06-04 18:02:39,516 INFO: Plan 0: ḡ=1, γE[v]=6.0, Q=7.0
  [56/93] httpx._urlparse seed=42: {'cov_qvalue_calib': 4}
2026-06-04 18:02:44,808 INFO: Plan 0: ḡ=0, γE[v]=0.0, Q=0.0
2026-06-04 18:02:45,050 INFO: Plan 1: ḡ=7, γE[v]=15.0, Q=22.0
2026-06-04 18:02:45,507 INFO: Plan 2: ḡ=12, γE[v]=17.5, Q=29.5
2026-06-04 18:02:45,602 INFO: Plan 1: ḡ=2, γE[v]=24.0, Q=26.0
2026-06-04 18:02:45,779 INFO: Plan 0: ḡ=12, γE[v]=19.0, Q=31.0
2026-06-04 18:02:46,027 INFO: Plan 0: ḡ=12, γE[v]=22.5, Q=34.5
2026-06-04 18:02:46,270 INFO: Plan 1: ḡ=10, γE[v]=10.0, Q=20.0
2026-06-04 18:02:48,075 INFO: Plan 0: ḡ=12, γE[v]=17.5, Q=29.5
2026-06-04 18:02:48,234 INFO: Plan 1: ḡ=0, γE[v]=0.0, Q=0.0
2026-06-04 18:02:48,267 INFO: Plan 2: ḡ=18, γE[v]=17.5, Q=35.5
2026-06-04 18:02:54,153 INFO: Plan 0: ḡ=12, γE[v]=19.0, Q=31.0
2026-06-04 18:02:54,470 INFO: Plan 1: ḡ=5, γE[v]=22.5, Q=27.5
2026-06-04 18:03:00,708 INFO: Plan 1: ḡ=10, γE[v]=7.5, Q=17.5
2026-06-04 18:03:00,904 INFO: Plan 0: ḡ=2, γE[v]=6.0, Q=8.0
2026-06-04 18:03:07,119 INFO: Plan 0: ḡ=3, γE[v]=0.0, Q=3.0
2026-06-04 18:03:07,153 INFO: Plan 0: ḡ=12, γE[v]=17.5, Q=29.5
2026-06-04 18:03:13,125 INFO: Plan 1: ḡ=12, γE[v]=17.5, Q=29.5
2026-06-04 18:03:13,477 INFO: Plan 2: ḡ=12, γE[v]=19.0, Q=31.0
2026-06-04 18:03:13,524 INFO: Plan 0: ḡ=0, γE[v]=0.0, Q=0.0
2026-06-04 18:03:13,991 INFO: Plan 0: ḡ=6, γE[v]=9.5, Q=15.5
2026-06-04 18:03:18,410 INFO: Plan 1: ḡ=12, γE[v]=17.5, Q=29.5
2026-06-04 18:03:18,949 INFO: Plan 0: ḡ=12, γE[v]=17.5, Q=29.5
2026-06-04 18:03:19,954 INFO: Plan 0: ḡ=18, γE[v]=17.5, Q=35.5
2026-06-04 18:03:22,051 INFO: Plan 0: ḡ=2, γE[v]=4.0, Q=6.0
2026-06-04 18:03:23,377 INFO: Plan 1: ḡ=18, γE[v]=21.0, Q=39.0
2026-06-04 18:03:23,505 INFO: Plan 0: ḡ=12, γE[v]=22.5, Q=34.5
2026-06-04 18:03:23,604 INFO: Plan 2: ḡ=12, γE[v]=17.5, Q=29.5
2026-06-04 18:03:24,250 INFO: Plan 0: ḡ=0, γE[v]=0.0, Q=0.0
2026-06-04 18:03:26,510 INFO: Plan 0: ḡ=1, γE[v]=24.0, Q=25.0
2026-06-04 18:03:28,026 INFO: Plan 0: ḡ=4, γE[v]=10.0, Q=14.0
2026-06-04 18:03:42,700 INFO: Plan 0: ḡ=12, γE[v]=17.5, Q=29.5
2026-06-04 18:03:45,447 INFO: Plan 1: ḡ=0, γE[v]=5.0, Q=5.0
2026-06-04 18:03:45,675 INFO: Plan 0: ḡ=28, γE[v]=21.0, Q=49.0
2026-06-04 18:03:45,917 INFO: Plan 0: ḡ=4, γE[v]=6.0, Q=10.0
2026-06-04 18:03:47,454 INFO: Plan 1: ḡ=5, γE[v]=20.0, Q=25.0
2026-06-04 18:03:47,776 INFO: Plan 0: ḡ=10, γE[v]=10.0, Q=20.0
2026-06-04 18:03:47,860 INFO: Plan 0: ḡ=12, γE[v]=17.5, Q=29.5
2026-06-04 18:03:49,774 INFO: Plan 0: ḡ=12, γE[v]=15.0, Q=27.0
2026-06-04 18:03:51,642 INFO: Plan 0: ḡ=1, γE[v]=0.0, Q=1.0
2026-06-04 18:03:51,893 INFO: Plan 1: ḡ=0, γE[v]=2.5, Q=2.5
2026-06-04 18:03:52,865 INFO: Plan 0: ḡ=18, γE[v]=16.0, Q=34.0
2026-06-04 18:03:56,003 INFO: Plan 0: ḡ=12, γE[v]=17.5, Q=29.5
  [57/93] httpx._utils seed=42: {'cov_qvalue_calib': 25}
  [58/93] httpx._transports.default seed=42: {'cov_qvalue_calib': 11}
2026-06-04 18:04:09,466 INFO: Plan 0: ḡ=1, γE[v]=20.0, Q=21.0
2026-06-04 18:04:10,590 INFO: Plan 2: ḡ=0, γE[v]=0.0, Q=0.0
2026-06-04 18:04:10,732 INFO: Plan 0: ḡ=2, γE[v]=5.0, Q=7.0
2026-06-04 18:04:10,745 INFO: Plan 1: ḡ=0, γE[v]=0.0, Q=0.0
2026-06-04 18:04:11,096 INFO: Plan 0: ḡ=0, γE[v]=0.0, Q=0.0
2026-06-04 18:04:12,177 INFO: Plan 0: ḡ=18, γE[v]=16.0, Q=34.0
2026-06-04 18:04:14,534 INFO: Plan 0: ḡ=18, γE[v]=16.0, Q=34.0
2026-06-04 18:04:18,346 INFO: Plan 0: ḡ=10, γE[v]=17.5, Q=27.5
2026-06-04 18:04:19,462 INFO: Plan 0: ḡ=12, γE[v]=17.5, Q=29.5
2026-06-04 18:04:19,583 INFO: Plan 1: ḡ=2, γE[v]=7.5, Q=9.5
2026-06-04 18:04:24,415 INFO: Plan 0: ḡ=0, γE[v]=0.0, Q=0.0
2026-06-04 18:04:25,034 INFO: Plan 0: ḡ=10, γE[v]=20.0, Q=30.0
2026-06-04 18:04:32,478 INFO: Plan 1: ḡ=1, γE[v]=5.0, Q=6.0
2026-06-04 18:04:32,820 INFO: Plan 0: ḡ=12, γE[v]=17.5, Q=29.5
2026-06-04 18:04:33,511 INFO: Plan 0: ḡ=0, γE[v]=0.0, Q=0.0
2026-06-04 18:04:38,140 INFO: Plan 1: ḡ=18, γE[v]=16.0, Q=34.0
2026-06-04 18:04:38,189 INFO: Plan 0: ḡ=5, γE[v]=22.5, Q=27.5
2026-06-04 18:04:38,222 INFO: Plan 2: ḡ=18, γE[v]=17.5, Q=35.5
2026-06-04 18:04:39,606 INFO: Plan 0: ḡ=12, γE[v]=17.5, Q=29.5
2026-06-04 18:04:39,848 INFO: Plan 0: ḡ=5, γE[v]=5.0, Q=10.0
2026-06-04 18:04:39,848 INFO: Plan 1: ḡ=2, γE[v]=4.0, Q=6.0
2026-06-04 18:04:42,088 INFO: Plan 0: ḡ=8, γE[v]=11.0, Q=19.0
2026-06-04 18:04:42,211 INFO: Plan 1: ḡ=0, γE[v]=0.0, Q=0.0
2026-06-04 18:04:43,200 INFO: Plan 0: ḡ=12, γE[v]=14.0, Q=26.0
2026-06-04 18:04:46,694 INFO: Plan 1: ḡ=2, γE[v]=1.5, Q=3.5
2026-06-04 18:04:46,893 INFO: Plan 0: ḡ=1, γE[v]=2.5, Q=3.5
2026-06-04 18:05:00,852 INFO: Plan 0: ḡ=12, γE[v]=17.5, Q=29.5
2026-06-04 18:05:03,731 INFO: Plan 0: ḡ=2, γE[v]=5.0, Q=7.0
2026-06-04 18:05:06,988 INFO: Plan 0: ḡ=10, γE[v]=15.0, Q=25.0
2026-06-04 18:05:07,546 INFO: Plan 0: ḡ=18, γE[v]=17.5, Q=35.5
2026-06-04 18:05:09,349 INFO: Plan 1: ḡ=2, γE[v]=5.0, Q=7.0
2026-06-04 18:05:09,622 INFO: Plan 0: ḡ=2, γE[v]=4.0, Q=6.0
2026-06-04 18:05:14,943 INFO: Plan 0: ḡ=5, γE[v]=20.0, Q=25.0
2026-06-04 18:05:15,644 INFO: Plan 0: ḡ=0, γE[v]=0.0, Q=0.0
2026-06-04 18:05:17,651 INFO: Plan 0: ḡ=6, γE[v]=6.0, Q=12.0
2026-06-04 18:05:17,718 INFO: Plan 1: ḡ=5, γE[v]=7.5, Q=12.5
2026-06-04 18:05:20,540 INFO: Plan 0: ḡ=1, γE[v]=2.5, Q=3.5
2026-06-04 18:05:21,191 INFO: Plan 0: ḡ=2, γE[v]=5.0, Q=7.0
2026-06-04 18:05:28,807 INFO: Plan 0: ḡ=2, γE[v]=5.0, Q=7.0
2026-06-04 18:05:29,526 INFO: Plan 0: ḡ=5, γE[v]=7.5, Q=12.5
2026-06-04 18:05:29,860 INFO: Plan 1: ḡ=5, γE[v]=7.5, Q=12.5
2026-06-04 18:05:30,343 INFO: Plan 0: ḡ=18, γE[v]=16.0, Q=34.0
2026-06-04 18:05:34,450 INFO: Plan 0: ḡ=12, γE[v]=17.5, Q=29.5
2026-06-04 18:05:35,564 INFO: Plan 0: ḡ=12, γE[v]=14.0, Q=26.0
2026-06-04 18:05:43,663 INFO: Plan 0: ḡ=2, γE[v]=5.0, Q=7.0
2026-06-04 18:05:44,035 INFO: Plan 1: ḡ=0, γE[v]=25.0, Q=25.0
2026-06-04 18:05:44,554 INFO: Plan 0: ḡ=12, γE[v]=17.5, Q=29.5
2026-06-04 18:05:48,166 INFO: Plan 0: ḡ=0, γE[v]=1.0, Q=1.0
  [59/93] pydantic.types seed=42: {'cov_qvalue_calib': 156}
2026-06-04 18:05:51,536 INFO: Plan 0: ḡ=0, γE[v]=0.0, Q=0.0
2026-06-04 18:05:52,191 INFO: Plan 0: ḡ=12, γE[v]=17.5, Q=29.5
2026-06-04 18:05:56,993 INFO: Plan 0: ḡ=12, γE[v]=20.0, Q=32.0
  [60/93] httpx._auth seed=42: {'cov_qvalue_calib': 74}
2026-06-04 18:05:59,365 INFO: Plan 0: ḡ=12, γE[v]=14.0, Q=26.0
2026-06-04 18:06:05,022 INFO: Plan 0: ḡ=12, γE[v]=17.5, Q=29.5
2026-06-04 18:06:05,260 INFO: Plan 1: ḡ=5, γE[v]=7.5, Q=12.5
2026-06-04 18:06:06,172 INFO: Plan 0: ḡ=8, γE[v]=7.5, Q=15.5
2026-06-04 18:06:06,825 INFO: Plan 0: ḡ=2, γE[v]=5.0, Q=7.0
2026-06-04 18:06:08,159 INFO: Plan 0: ḡ=2, γE[v]=5.0, Q=7.0
2026-06-04 18:06:09,312 INFO: Plan 1: ḡ=18, γE[v]=16.0, Q=34.0
2026-06-04 18:06:09,359 INFO: Plan 0: ḡ=8, γE[v]=21.0, Q=29.0
2026-06-04 18:06:11,267 INFO: Plan 1: ḡ=12, γE[v]=19.0, Q=31.0
2026-06-04 18:06:11,391 INFO: Plan 2: ḡ=18, γE[v]=16.0, Q=34.0
2026-06-04 18:06:11,407 INFO: Plan 0: ḡ=12, γE[v]=17.5, Q=29.5
2026-06-04 18:06:17,948 INFO: Plan 0: ḡ=12, γE[v]=17.5, Q=29.5
2026-06-04 18:06:20,393 INFO: Plan 0: ḡ=12, γE[v]=9.0, Q=21.0
2026-06-04 18:06:27,092 INFO: Plan 0: ḡ=18, γE[v]=11.0, Q=29.0
2026-06-04 18:06:34,753 INFO: Plan 0: ḡ=22, γE[v]=16.0, Q=38.0
2026-06-04 18:06:35,035 INFO: Plan 2: ḡ=0, γE[v]=0.0, Q=0.0
2026-06-04 18:06:35,050 INFO: Plan 1: ḡ=18, γE[v]=10.0, Q=28.0
2026-06-04 18:06:36,381 INFO: Plan 0: ḡ=0, γE[v]=0.0, Q=0.0
2026-06-04 18:06:38,256 INFO: Plan 0: ḡ=1, γE[v]=5.0, Q=6.0
2026-06-04 18:06:40,271 INFO: Plan 1: ḡ=12, γE[v]=10.0, Q=22.0
  [61/93] pydantic.main seed=42: {'cov_qvalue_calib': 204}
2026-06-04 18:06:40,667 INFO: Plan 0: ḡ=12, γE[v]=17.5, Q=29.5
2026-06-04 18:06:41,271 INFO: Plan 0: ḡ=12, γE[v]=14.0, Q=26.0
2026-06-04 18:06:42,491 INFO: Plan 0: ḡ=2, γE[v]=2.5, Q=4.5
  [62/93] httpx._config seed=42: {'cov_qvalue_calib': 27}
2026-06-04 18:06:49,271 INFO: Plan 0: ḡ=2, γE[v]=5.0, Q=7.0
2026-06-04 18:06:50,210 INFO: Plan 0: ḡ=12, γE[v]=9.0, Q=21.0
2026-06-04 18:06:51,081 INFO: Plan 0: ḡ=12, γE[v]=17.5, Q=29.5
2026-06-04 18:06:51,275 INFO: Plan 1: ḡ=1, γE[v]=0.5, Q=1.5
2026-06-04 18:06:51,526 INFO: Plan 2: ḡ=10, γE[v]=20.0, Q=30.0
2026-06-04 18:06:52,658 INFO: Plan 0: ḡ=2, γE[v]=4.0, Q=6.0
2026-06-04 18:06:52,704 INFO: Plan 1: ḡ=0, γE[v]=5.0, Q=5.0
2026-06-04 18:06:52,937 INFO: Plan 2: ḡ=2, γE[v]=4.0, Q=6.0
  [63/93] pydantic.fields seed=42: {'cov_qvalue_calib': 66}
2026-06-04 18:06:59,288 INFO: Plan 0: ḡ=5, γE[v]=20.0, Q=25.0
2026-06-04 18:06:59,915 INFO: Plan 0: ḡ=2, γE[v]=5.0, Q=7.0
2026-06-04 18:07:00,884 INFO: Plan 0: ḡ=0, γE[v]=0.0, Q=0.0
2026-06-04 18:07:03,586 INFO: Plan 1: ḡ=0, γE[v]=25.0, Q=25.0
2026-06-04 18:07:03,681 INFO: Plan 0: ḡ=10, γE[v]=15.0, Q=25.0
2026-06-04 18:07:11,897 INFO: Plan 0: ḡ=7, γE[v]=17.0, Q=24.0
2026-06-04 18:07:15,193 INFO: Plan 0: ḡ=14, γE[v]=16.0, Q=30.0
2026-06-04 18:07:15,654 INFO: Plan 0: ḡ=0, γE[v]=0.0, Q=0.0
2026-06-04 18:07:16,211 INFO: Plan 1: ḡ=0, γE[v]=0.0, Q=0.0
2026-06-04 18:07:16,419 INFO: Plan 0: ḡ=2, γE[v]=9.0, Q=11.0
  [64/93] pydantic.json_schema seed=42: {'cov_qvalue_calib': 276}
2026-06-04 18:07:23,424 INFO: Plan 0: ḡ=0, γE[v]=15.0, Q=15.0
2026-06-04 18:07:28,231 INFO: Plan 0: ḡ=12, γE[v]=9.0, Q=21.0
2026-06-04 18:07:28,500 INFO: Plan 1: ḡ=5, γE[v]=5.0, Q=10.0
2026-06-04 18:07:30,413 INFO: Plan 1: ḡ=12, γE[v]=14.0, Q=26.0
2026-06-04 18:07:30,446 INFO: Plan 0: ḡ=0, γE[v]=0.0, Q=0.0
2026-06-04 18:07:30,494 INFO: Plan 0: ḡ=0, γE[v]=15.0, Q=15.0
2026-06-04 18:07:30,904 INFO: Plan 0: ḡ=0, γE[v]=0.0, Q=0.0
2026-06-04 18:07:36,648 INFO: Plan 0: ḡ=4, γE[v]=6.0, Q=10.0
2026-06-04 18:07:36,757 INFO: Plan 0: ḡ=3, γE[v]=20.0, Q=23.0
2026-06-04 18:07:41,060 INFO: Plan 0: ḡ=12, γE[v]=20.0, Q=32.0
2026-06-04 18:07:44,958 INFO: Plan 0: ḡ=12, γE[v]=1.5, Q=13.5
2026-06-04 18:07:49,396 INFO: Plan 0: ḡ=0, γE[v]=0.0, Q=0.0
2026-06-04 18:07:49,740 INFO: Plan 0: ḡ=2, γE[v]=5.0, Q=7.0
2026-06-04 18:07:54,510 INFO: Plan 0: ḡ=2, γE[v]=4.0, Q=6.0
2026-06-04 18:07:55,287 INFO: Plan 0: ḡ=12, γE[v]=17.5, Q=29.5
2026-06-04 18:07:55,638 INFO: Plan 1: ḡ=12, γE[v]=12.5, Q=24.5
2026-06-04 18:07:55,830 INFO: Plan 0: ḡ=12, γE[v]=15.0, Q=27.0
2026-06-04 18:07:55,867 INFO: Plan 1: ḡ=0, γE[v]=15.0, Q=15.0
  [65/93] pydantic.config seed=42: {'cov_qvalue_calib': 1}
2026-06-04 18:08:07,528 INFO: Plan 1: ḡ=12, γE[v]=14.0, Q=26.0
2026-06-04 18:08:07,562 INFO: Plan 0: ḡ=12, γE[v]=14.0, Q=26.0
2026-06-04 18:08:10,128 INFO: Plan 0: ḡ=28, γE[v]=17.5, Q=45.5
2026-06-04 18:08:10,641 INFO: Plan 0: ḡ=2, γE[v]=5.0, Q=7.0
2026-06-04 18:08:10,911 INFO: Plan 1: ḡ=6, γE[v]=7.5, Q=13.5
2026-06-04 18:08:11,184 INFO: Plan 0: ḡ=12, γE[v]=10.0, Q=22.0
2026-06-04 18:08:16,330 INFO: Plan 0: ḡ=0, γE[v]=2.5, Q=2.5
2026-06-04 18:08:16,875 INFO: Plan 0: ḡ=12, γE[v]=9.0, Q=21.0
2026-06-04 18:08:18,963 INFO: Plan 0: ḡ=4, γE[v]=6.0, Q=10.0
  [66/93] pydantic.networks seed=42: {'cov_qvalue_calib': 34}
2026-06-04 18:08:22,554 INFO: Plan 0: ḡ=5, γE[v]=17.5, Q=22.5
2026-06-04 18:08:22,949 INFO: Plan 1: ḡ=10, γE[v]=19.0, Q=29.0
2026-06-04 18:08:27,027 INFO: Plan 0: ḡ=12, γE[v]=17.5, Q=29.5
2026-06-04 18:08:28,467 INFO: Plan 0: ḡ=12, γE[v]=9.0, Q=21.0
2026-06-04 18:08:29,672 INFO: Plan 0: ḡ=12, γE[v]=19.0, Q=31.0
2026-06-04 18:08:29,910 INFO: Plan 1: ḡ=0, γE[v]=0.0, Q=0.0
2026-06-04 18:08:32,076 INFO: Plan 0: ḡ=0, γE[v]=0.0, Q=0.0
2026-06-04 18:08:39,367 INFO: Plan 0: ḡ=12, γE[v]=15.0, Q=27.0
2026-06-04 18:08:39,592 INFO: Plan 1: ḡ=5, γE[v]=7.5, Q=12.5
2026-06-04 18:08:40,004 INFO: Plan 0: ḡ=12, γE[v]=10.0, Q=22.0
2026-06-04 18:08:41,379 INFO: Plan 0: ḡ=12, γE[v]=10.0, Q=22.0
2026-06-04 18:08:42,472 INFO: Plan 0: ḡ=12, γE[v]=9.0, Q=21.0
2026-06-04 18:08:45,148 INFO: Plan 0: ḡ=12, γE[v]=20.0, Q=32.0
2026-06-04 18:08:50,251 INFO: Plan 0: ḡ=0, γE[v]=0.0, Q=0.0
2026-06-04 18:08:54,032 INFO: Plan 0: ḡ=12, γE[v]=15.0, Q=27.0
2026-06-04 18:08:59,872 INFO: Plan 0: ḡ=28, γE[v]=17.5, Q=45.5
2026-06-04 18:09:03,701 INFO: Plan 0: ḡ=5, γE[v]=7.5, Q=12.5
2026-06-04 18:09:03,780 INFO: Plan 0: ḡ=12, γE[v]=10.0, Q=22.0
2026-06-04 18:09:10,822 INFO: Plan 0: ḡ=1, γE[v]=5.0, Q=6.0
2026-06-04 18:09:12,137 INFO: Plan 0: ḡ=12, γE[v]=17.5, Q=29.5
2026-06-04 18:09:17,999 INFO: Plan 1: ḡ=12, γE[v]=14.0, Q=26.0
2026-06-04 18:09:18,188 INFO: Plan 0: ḡ=6, γE[v]=12.5, Q=18.5
2026-06-04 18:09:20,383 INFO: Plan 0: ḡ=0, γE[v]=2.5, Q=2.5
  [67/93] pydantic.functional_validators seed=42: {'cov_qvalue_calib': 49}
2026-06-04 18:09:27,207 INFO: Plan 0: ḡ=8, γE[v]=20.0, Q=28.0
2026-06-04 18:09:33,359 INFO: Plan 1: ḡ=0, γE[v]=7.5, Q=7.5
2026-06-04 18:09:33,426 INFO: Plan 0: ḡ=8, γE[v]=17.5, Q=25.5
2026-06-04 18:09:34,435 INFO: Plan 0: ḡ=1, γE[v]=5.0, Q=6.0
2026-06-04 18:09:34,568 INFO: Plan 1: ḡ=0, γE[v]=5.0, Q=5.0
2026-06-04 18:09:42,531 INFO: Plan 2: ḡ=3, γE[v]=0.0, Q=3.0
2026-06-04 18:09:42,707 INFO: Plan 1: ḡ=2, γE[v]=5.0, Q=7.0
2026-06-04 18:09:42,772 INFO: Plan 0: ḡ=12, γE[v]=14.0, Q=26.0
2026-06-04 18:09:49,204 INFO: Plan 0: ḡ=12, γE[v]=0.0, Q=12.0
2026-06-04 18:09:50,304 INFO: Plan 0: ḡ=18, γE[v]=17.5, Q=35.5
2026-06-04 18:09:52,213 INFO: Plan 0: ḡ=4, γE[v]=6.0, Q=10.0
2026-06-04 18:09:54,816 INFO: Plan 0: ḡ=0, γE[v]=0.0, Q=0.0
2026-06-04 18:09:58,690 INFO: Plan 0: ḡ=2, γE[v]=5.0, Q=7.0
  [68/93] pydantic.color seed=42: {'cov_qvalue_calib': 92}
2026-06-04 18:10:01,073 INFO: Plan 1: ḡ=12, γE[v]=17.5, Q=29.5
2026-06-04 18:10:01,297 INFO: Plan 0: ḡ=0, γE[v]=5.0, Q=5.0
2026-06-04 18:10:11,905 INFO: Plan 0: ḡ=2, γE[v]=24.0, Q=26.0
2026-06-04 18:10:12,894 INFO: Plan 0: ḡ=2, γE[v]=5.0, Q=7.0
2026-06-04 18:10:13,552 INFO: Plan 0: ḡ=2, γE[v]=4.0, Q=6.0
2026-06-04 18:10:15,471 INFO: Plan 0: ḡ=1, γE[v]=7.5, Q=8.5
2026-06-04 18:10:20,719 INFO: Plan 1: ḡ=0, γE[v]=0.0, Q=0.0
2026-06-04 18:10:20,752 INFO: Plan 0: ḡ=12, γE[v]=17.5, Q=29.5
2026-06-04 18:10:25,979 INFO: Plan 0: ḡ=5, γE[v]=10.0, Q=15.0
2026-06-04 18:10:27,553 INFO: Plan 0: ḡ=2, γE[v]=6.0, Q=8.0
2026-06-04 18:10:29,383 INFO: Plan 0: ḡ=2, γE[v]=4.0, Q=6.0
2026-06-04 18:10:30,002 INFO: Plan 0: ḡ=10, γE[v]=20.0, Q=30.0
2026-06-04 18:10:30,157 INFO: Plan 1: ḡ=5, γE[v]=20.0, Q=25.0
2026-06-04 18:10:31,923 INFO: Plan 0: ḡ=2, γE[v]=5.0, Q=7.0
  [69/93] pydantic.functional_serializers seed=42: {'cov_qvalue_calib': 23}
2026-06-04 18:10:37,664 INFO: Plan 0: ḡ=4, γE[v]=5.0, Q=9.0
2026-06-04 18:10:42,133 INFO: Plan 0: ḡ=1, γE[v]=5.0, Q=6.0
2026-06-04 18:10:42,825 INFO: Plan 0: ḡ=12, γE[v]=14.0, Q=26.0
2026-06-04 18:10:45,507 INFO: Plan 0: ḡ=2, γE[v]=5.0, Q=7.0
2026-06-04 18:10:45,508 INFO: Plan 1: ḡ=4, γE[v]=6.0, Q=10.0
  [70/93] werkzeug.http seed=42: {'cov_qvalue_calib': 79}
2026-06-04 18:10:50,178 INFO: Plan 1: ḡ=0, γE[v]=7.5, Q=7.5
2026-06-04 18:10:50,682 INFO: Plan 0: ḡ=12, γE[v]=14.0, Q=26.0
2026-06-04 18:10:51,291 INFO: Plan 0: ḡ=2, γE[v]=5.0, Q=7.0
2026-06-04 18:10:51,546 INFO: Plan 1: ḡ=10, γE[v]=7.5, Q=17.5
  [71/93] pydantic.type_adapter seed=42: {'cov_qvalue_calib': 18}
2026-06-04 18:10:55,176 INFO: Plan 0: ḡ=12, γE[v]=17.5, Q=29.5
2026-06-04 18:10:55,421 INFO: Plan 1: ḡ=10, γE[v]=20.0, Q=30.0
2026-06-04 18:10:56,442 INFO: Plan 0: ḡ=5, γE[v]=15.0, Q=20.0
2026-06-04 18:10:58,745 INFO: Plan 0: ḡ=1, γE[v]=5.0, Q=6.0
2026-06-04 18:11:01,747 INFO: Plan 0: ḡ=0, γE[v]=2.5, Q=2.5
2026-06-04 18:11:03,056 INFO: Plan 0: ḡ=10, γE[v]=15.0, Q=25.0
2026-06-04 18:11:03,294 INFO: Plan 1: ḡ=0, γE[v]=0.0, Q=0.0
  [72/93] werkzeug.serving seed=42: {'cov_qvalue_calib': 21}
2026-06-04 18:11:11,996 INFO: Plan 0: ḡ=5, γE[v]=7.5, Q=12.5
2026-06-04 18:11:12,111 INFO: Plan 1: ḡ=2, γE[v]=6.0, Q=8.0
2026-06-04 18:11:13,409 INFO: Plan 0: ḡ=10, γE[v]=15.0, Q=25.0
2026-06-04 18:11:14,973 INFO: Plan 0: ḡ=5, γE[v]=17.5, Q=22.5
2026-06-04 18:11:16,446 INFO: Plan 0: ḡ=12, γE[v]=17.5, Q=29.5
2026-06-04 18:11:24,071 INFO: Plan 1: ḡ=2, γE[v]=24.0, Q=26.0
2026-06-04 18:11:24,582 INFO: Plan 0: ḡ=10, γE[v]=17.5, Q=27.5
2026-06-04 18:11:26,226 INFO: Plan 0: ḡ=0, γE[v]=25.0, Q=25.0
2026-06-04 18:11:30,459 INFO: Plan 0: ḡ=12, γE[v]=14.0, Q=26.0
2026-06-04 18:11:30,601 INFO: Plan 0: ḡ=4, γE[v]=10.0, Q=14.0
2026-06-04 18:11:30,806 INFO: Plan 0: ḡ=5, γE[v]=7.5, Q=12.5
2026-06-04 18:11:31,218 INFO: Plan 1: ḡ=2, γE[v]=5.0, Q=7.0
2026-06-04 18:11:32,762 INFO: Plan 0: ḡ=0, γE[v]=0.0, Q=0.0
2026-06-04 18:11:35,573 INFO: Plan 0: ḡ=18, γE[v]=16.0, Q=34.0
2026-06-04 18:11:36,020 INFO: Plan 1: ḡ=5, γE[v]=20.0, Q=25.0
2026-06-04 18:11:39,519 INFO: Plan 0: ḡ=1, γE[v]=5.0, Q=6.0
2026-06-04 18:11:41,186 INFO: Plan 0: ḡ=0, γE[v]=20.0, Q=20.0
2026-06-04 18:11:46,484 INFO: Plan 0: ḡ=10, γE[v]=10.0, Q=20.0
2026-06-04 18:11:46,845 INFO: Plan 0: ḡ=1, γE[v]=0.0, Q=1.0
2026-06-04 18:11:47,451 INFO: Plan 1: ḡ=10, γE[v]=17.5, Q=27.5
2026-06-04 18:11:48,391 INFO: Plan 0: ḡ=1, γE[v]=7.5, Q=8.5
2026-06-04 18:11:50,751 INFO: Plan 0: ḡ=12, γE[v]=17.5, Q=29.5
  [73/93] werkzeug.datastructures.structures seed=42: {'cov_qvalue_calib': 22}
2026-06-04 18:11:52,660 INFO: Plan 0: ḡ=10, γE[v]=20.0, Q=30.0
2026-06-04 18:11:56,067 INFO: Plan 0: ḡ=5, γE[v]=10.0, Q=15.0
2026-06-04 18:11:56,082 INFO: Plan 0: ḡ=12, γE[v]=17.5, Q=29.5
2026-06-04 18:12:07,372 INFO: Plan 0: ḡ=2, γE[v]=24.0, Q=26.0
2026-06-04 18:12:07,745 INFO: Plan 0: ḡ=12, γE[v]=17.5, Q=29.5
2026-06-04 18:12:08,932 INFO: Plan 1: ḡ=12, γE[v]=19.0, Q=31.0
2026-06-04 18:12:09,203 INFO: Plan 0: ḡ=5, γE[v]=20.0, Q=25.0
2026-06-04 18:12:10,394 INFO: Plan 0: ḡ=1, γE[v]=0.0, Q=1.0
2026-06-04 18:12:10,799 INFO: Plan 1: ḡ=0, γE[v]=5.0, Q=5.0
2026-06-04 18:12:10,965 INFO: Plan 0: ḡ=12, γE[v]=17.5, Q=29.5
2026-06-04 18:12:18,046 INFO: Plan 0: ḡ=5, γE[v]=10.0, Q=15.0
2026-06-04 18:12:18,279 INFO: Plan 1: ḡ=5, γE[v]=10.0, Q=15.0
2026-06-04 18:12:18,382 INFO: Plan 0: ḡ=0, γE[v]=0.0, Q=0.0
2026-06-04 18:12:19,579 INFO: Plan 0: ḡ=1, γE[v]=2.5, Q=3.5
2026-06-04 18:12:21,308 INFO: Plan 0: ḡ=2, γE[v]=24.0, Q=26.0
2026-06-04 18:12:21,551 INFO: Plan 1: ḡ=2, γE[v]=5.0, Q=7.0
  [74/93] werkzeug.routing.map seed=42: {'cov_qvalue_calib': 103}
2026-06-04 18:12:24,021 INFO: Plan 0: ḡ=0, γE[v]=0.0, Q=0.0
2026-06-04 18:12:31,767 INFO: Plan 0: ḡ=1, γE[v]=0.0, Q=1.0
2026-06-04 18:12:31,901 INFO: Plan 1: ḡ=0, γE[v]=0.0, Q=0.0
2026-06-04 18:12:37,165 INFO: Plan 0: ḡ=2, γE[v]=24.0, Q=26.0
2026-06-04 18:12:37,270 INFO: Plan 1: ḡ=2, γE[v]=20.0, Q=22.0
2026-06-04 18:12:37,573 INFO: Plan 1: ḡ=2, γE[v]=5.0, Q=7.0
2026-06-04 18:12:38,216 INFO: Plan 0: ḡ=12, γE[v]=12.5, Q=24.5
2026-06-04 18:12:41,687 INFO: Plan 0: ḡ=0, γE[v]=0.0, Q=0.0
2026-06-04 18:12:41,688 INFO: Plan 1: ḡ=8, γE[v]=7.5, Q=15.5
2026-06-04 18:12:41,958 INFO: Plan 0: ḡ=1, γE[v]=7.5, Q=8.5
2026-06-04 18:12:48,638 INFO: Plan 0: ḡ=12, γE[v]=14.0, Q=26.0
2026-06-04 18:12:48,774 INFO: Plan 1: ḡ=2, γE[v]=5.0, Q=7.0
2026-06-04 18:12:51,468 INFO: Plan 0: ḡ=2, γE[v]=6.0, Q=8.0
2026-06-04 18:12:52,485 INFO: Plan 0: ḡ=12, γE[v]=20.0, Q=32.0
2026-06-04 18:12:54,544 INFO: Plan 0: ḡ=3, γE[v]=22.5, Q=25.5
2026-06-04 18:12:58,083 INFO: Plan 0: ḡ=2, γE[v]=0.0, Q=2.0
2026-06-04 18:13:04,414 INFO: Plan 0: ḡ=12, γE[v]=17.5, Q=29.5
2026-06-04 18:13:04,682 INFO: Plan 1: ḡ=12, γE[v]=17.5, Q=29.5
2026-06-04 18:13:06,313 INFO: Plan 0: ḡ=12, γE[v]=5.0, Q=17.0
2026-06-04 18:13:10,873 INFO: Plan 0: ḡ=0, γE[v]=5.0, Q=5.0
2026-06-04 18:13:10,996 INFO: Plan 1: ḡ=11, γE[v]=12.0, Q=23.0
2026-06-04 18:13:20,075 INFO: Plan 0: ḡ=1, γE[v]=20.0, Q=21.0
2026-06-04 18:13:20,108 INFO: Plan 0: ḡ=18, γE[v]=11.0, Q=29.0
2026-06-04 18:13:27,305 INFO: Plan 1: ḡ=12, γE[v]=15.0, Q=27.0
2026-06-04 18:13:27,370 INFO: Plan 0: ḡ=2, γE[v]=5.0, Q=7.0
2026-06-04 18:13:32,171 INFO: Plan 1: ḡ=1, γE[v]=6.0, Q=7.0
2026-06-04 18:13:32,590 INFO: Plan 0: ḡ=0, γE[v]=5.0, Q=5.0
2026-06-04 18:13:32,756 INFO: Plan 0: ḡ=0, γE[v]=0.0, Q=0.0
2026-06-04 18:13:33,923 INFO: Plan 0: ḡ=1, γE[v]=22.5, Q=23.5
2026-06-04 18:13:35,261 INFO: Plan 0: ḡ=12, γE[v]=9.0, Q=21.0
2026-06-04 18:13:40,311 INFO: Plan 0: ḡ=1, γE[v]=5.0, Q=6.0
2026-06-04 18:13:41,542 INFO: Plan 0: ḡ=12, γE[v]=19.0, Q=31.0
2026-06-04 18:13:45,978 INFO: Plan 0: ḡ=2, γE[v]=9.0, Q=11.0
2026-06-04 18:13:47,786 INFO: Plan 0: ḡ=12, γE[v]=14.0, Q=26.0
  [75/93] werkzeug.routing.rules seed=42: {'cov_qvalue_calib': 16}
2026-06-04 18:13:57,923 INFO: Plan 0: ḡ=2, γE[v]=5.0, Q=7.0
2026-06-04 18:14:06,668 INFO: Plan 0: ḡ=4, γE[v]=10.0, Q=14.0
2026-06-04 18:14:07,562 INFO: Plan 0: ḡ=2, γE[v]=5.0, Q=7.0
2026-06-04 18:14:08,694 INFO: Plan 0: ḡ=0, γE[v]=50.0, Q=50.0
2026-06-04 18:14:09,232 INFO: Plan 1: ḡ=0, γE[v]=0.0, Q=0.0
2026-06-04 18:14:11,197 INFO: Plan 0: ḡ=5, γE[v]=22.5, Q=27.5
2026-06-04 18:14:11,335 INFO: Plan 0: ḡ=0, γE[v]=0.0, Q=0.0
2026-06-04 18:14:21,130 INFO: Plan 0: ḡ=0, γE[v]=20.0, Q=20.0
  [76/93] werkzeug.exceptions seed=42: {'cov_qvalue_calib': 34}
2026-06-04 18:14:25,643 INFO: Plan 0: ḡ=0, γE[v]=2.0, Q=2.0
2026-06-04 18:14:26,080 INFO: Plan 0: ḡ=12, γE[v]=14.0, Q=26.0
2026-06-04 18:14:34,812 INFO: Plan 0: ḡ=5, γE[v]=22.5, Q=27.5
  [77/93] werkzeug.wrappers.response seed=42: {'cov_qvalue_calib': 78}
2026-06-04 18:14:35,000 INFO: Plan 1: ḡ=5, γE[v]=10.0, Q=15.0
2026-06-04 18:14:38,331 INFO: Plan 0: ḡ=2, γE[v]=6.0, Q=8.0
2026-06-04 18:14:38,647 INFO: Plan 0: ḡ=2, γE[v]=5.0, Q=7.0
  [78/93] werkzeug.sansio.response seed=42: {'cov_qvalue_calib': 68}
2026-06-04 18:14:45,845 INFO: Plan 0: ḡ=18, γE[v]=7.0, Q=25.0
2026-06-04 18:14:50,344 INFO: Plan 0: ḡ=2, γE[v]=5.0, Q=7.0
  [79/93] werkzeug.utils seed=42: {'cov_qvalue_calib': 16}
2026-06-04 18:14:51,726 INFO: Plan 0: ḡ=4, γE[v]=5.0, Q=9.0
2026-06-04 18:14:51,850 INFO: Plan 0: ḡ=2, γE[v]=5.0, Q=7.0
2026-06-04 18:14:52,088 INFO: Plan 1: ḡ=2, γE[v]=2.5, Q=4.5
2026-06-04 18:14:52,178 INFO: Plan 2: ḡ=1, γE[v]=5.0, Q=6.0
2026-06-04 18:14:57,411 INFO: Plan 0: ḡ=2, γE[v]=5.0, Q=7.0
2026-06-04 18:15:00,406 INFO: Plan 1: ḡ=4, γE[v]=5.0, Q=9.0
2026-06-04 18:15:00,437 INFO: Plan 0: ḡ=4, γE[v]=5.0, Q=9.0
2026-06-04 18:15:00,778 INFO: Plan 2: ḡ=2, γE[v]=20.0, Q=22.0
2026-06-04 18:15:08,126 INFO: Plan 0: ḡ=2, γE[v]=5.0, Q=7.0
2026-06-04 18:15:13,087 INFO: Plan 0: ḡ=5, γE[v]=10.0, Q=15.0
2026-06-04 18:15:15,658 INFO: Plan 0: ḡ=6, γE[v]=9.0, Q=15.0
  [80/93] werkzeug.wrappers.request seed=42: {'cov_qvalue_calib': 64}
2026-06-04 18:15:17,005 INFO: Plan 0: ḡ=0, γE[v]=0.0, Q=0.0
2026-06-04 18:15:23,800 INFO: Plan 0: ḡ=2, γE[v]=20.5, Q=22.5
  [81/93] werkzeug.local seed=42: {'cov_qvalue_calib': 43}
2026-06-04 18:15:27,434 INFO: Plan 2: ḡ=2, γE[v]=5.0, Q=7.0
2026-06-04 18:15:27,449 INFO: Plan 1: ḡ=2, γE[v]=5.0, Q=7.0
2026-06-04 18:15:27,872 INFO: Plan 0: ḡ=2, γE[v]=5.0, Q=7.0
2026-06-04 18:15:37,757 INFO: Plan 0: ḡ=0, γE[v]=5.0, Q=5.0
2026-06-04 18:15:41,800 INFO: Plan 0: ḡ=12, γE[v]=15.0, Q=27.0
2026-06-04 18:15:46,816 INFO: Plan 1: ḡ=2, γE[v]=5.0, Q=7.0
2026-06-04 18:15:46,940 INFO: Plan 0: ḡ=2, γE[v]=5.0, Q=7.0
2026-06-04 18:15:50,754 INFO: Plan 0: ḡ=12, γE[v]=13.5, Q=25.5
2026-06-04 18:15:54,634 INFO: Plan 0: ḡ=1, γE[v]=5.0, Q=6.0
2026-06-04 18:15:54,778 INFO: Plan 1: ḡ=0, γE[v]=25.0, Q=25.0
  [82/93] werkzeug.wsgi seed=42: {'cov_qvalue_calib': 13}
2026-06-04 18:16:02,818 INFO: Plan 0: ḡ=1, γE[v]=2.5, Q=3.5
2026-06-04 18:16:03,059 INFO: Plan 1: ḡ=2, γE[v]=5.0, Q=7.0
2026-06-04 18:16:04,801 INFO: Plan 0: ḡ=12, γE[v]=14.0, Q=26.0
2026-06-04 18:16:10,253 INFO: Plan 0: ḡ=2, γE[v]=24.0, Q=26.0
2026-06-04 18:16:10,476 INFO: Plan 0: ḡ=0, γE[v]=5.0, Q=5.0
2026-06-04 18:16:21,091 INFO: Plan 0: ḡ=0, γE[v]=0.0, Q=0.0
2026-06-04 18:16:22,123 INFO: Plan 1: ḡ=2, γE[v]=5.0, Q=7.0
2026-06-04 18:16:22,151 INFO: Plan 0: ḡ=2, γE[v]=0.0, Q=2.0
2026-06-04 18:16:25,157 INFO: Plan 0: ḡ=0, γE[v]=20.0, Q=20.0
2026-06-04 18:16:25,414 INFO: Plan 0: ḡ=2, γE[v]=5.0, Q=7.0
2026-06-04 18:16:28,899 INFO: Plan 0: ḡ=1, γE[v]=2.5, Q=3.5
2026-06-04 18:16:31,202 INFO: Plan 0: ḡ=1, γE[v]=4.0, Q=5.0
2026-06-04 18:16:35,151 INFO: Plan 1: ḡ=1, γE[v]=5.0, Q=6.0
2026-06-04 18:16:35,294 INFO: Plan 0: ḡ=2, γE[v]=2.0, Q=4.0
2026-06-04 18:16:37,502 INFO: Plan 0: ḡ=2, γE[v]=5.0, Q=7.0
2026-06-04 18:16:38,580 INFO: Plan 0: ḡ=0, γE[v]=5.0, Q=5.0
2026-06-04 18:16:43,027 INFO: Plan 0: ḡ=2, γE[v]=12.5, Q=14.5
2026-06-04 18:16:48,286 INFO: Plan 0: ḡ=0, γE[v]=0.0, Q=0.0
2026-06-04 18:16:48,571 INFO: Plan 0: ḡ=2, γE[v]=4.0, Q=6.0
2026-06-04 18:16:52,655 INFO: Plan 1: ḡ=12, γE[v]=14.0, Q=26.0
2026-06-04 18:16:52,731 INFO: Plan 0: ḡ=0, γE[v]=5.0, Q=5.0
2026-06-04 18:16:56,549 INFO: Plan 0: ḡ=2, γE[v]=10.0, Q=12.0
2026-06-04 18:17:02,514 INFO: Plan 0: ḡ=2, γE[v]=5.0, Q=7.0
2026-06-04 18:17:03,161 INFO: Plan 0: ḡ=4, γE[v]=5.0, Q=9.0
2026-06-04 18:17:04,836 INFO: Plan 1: ḡ=5, γE[v]=7.5, Q=12.5
2026-06-04 18:17:05,181 INFO: Plan 0: ḡ=2, γE[v]=6.0, Q=8.0
2026-06-04 18:17:09,664 INFO: Plan 0: ḡ=1, γE[v]=20.0, Q=21.0
2026-06-04 18:17:09,784 INFO: Plan 0: ḡ=12, γE[v]=9.0, Q=21.0
2026-06-04 18:17:18,013 INFO: Plan 0: ḡ=5, γE[v]=15.0, Q=20.0
2026-06-04 18:17:20,742 INFO: Plan 0: ḡ=0, γE[v]=25.0, Q=25.0
2026-06-04 18:17:20,870 INFO: Plan 1: ḡ=2, γE[v]=4.0, Q=6.0
2026-06-04 18:17:24,409 INFO: Plan 0: ḡ=0, γE[v]=0.0, Q=0.0
2026-06-04 18:17:35,382 INFO: Plan 0: ḡ=2, γE[v]=6.0, Q=8.0
2026-06-04 18:17:37,345 INFO: Plan 0: ḡ=2, γE[v]=5.0, Q=7.0
2026-06-04 18:17:37,695 INFO: Plan 1: ḡ=2, γE[v]=4.0, Q=6.0
  [83/93] starlette.routing seed=42: {'cov_qvalue_calib': 6}
2026-06-04 18:17:41,694 INFO: Plan 0: ḡ=0, γE[v]=10.0, Q=10.0
2026-06-04 18:17:46,707 INFO: Plan 0: ḡ=5, γE[v]=15.0, Q=20.0
2026-06-04 18:17:46,975 INFO: Plan 1: ḡ=5, γE[v]=7.5, Q=12.5
2026-06-04 18:17:48,984 INFO: Plan 0: ḡ=10, γE[v]=20.0, Q=30.0
2026-06-04 18:17:49,029 INFO: Plan 2: ḡ=0, γE[v]=0.0, Q=0.0
2026-06-04 18:17:49,361 INFO: Plan 1: ḡ=1, γE[v]=7.5, Q=8.5
  [84/93] starlette.testclient seed=42: {'cov_qvalue_calib': 4}
2026-06-04 18:17:56,260 INFO: Plan 0: ḡ=2, γE[v]=6.0, Q=8.0
2026-06-04 18:17:56,768 INFO: Plan 1: ḡ=0, γE[v]=7.5, Q=7.5
2026-06-04 18:17:56,814 INFO: Plan 0: ḡ=2, γE[v]=6.0, Q=8.0
2026-06-04 18:17:57,746 INFO: Plan 0: ḡ=2, γE[v]=5.0, Q=7.0
2026-06-04 18:17:57,967 INFO: Plan 1: ḡ=2, γE[v]=5.0, Q=7.0
2026-06-04 18:17:57,999 INFO: Plan 2: ḡ=8, γE[v]=0.0, Q=8.0
2026-06-04 18:18:02,623 INFO: Plan 0: ḡ=12, γE[v]=12.0, Q=24.0
2026-06-04 18:18:06,501 INFO: Plan 0: ḡ=2, γE[v]=2.0, Q=4.0
  [85/93] starlette.datastructures seed=42: {'cov_qvalue_calib': 49}
2026-06-04 18:18:15,105 INFO: Plan 0: ḡ=0, γE[v]=2.5, Q=2.5
2026-06-04 18:18:15,529 INFO: Plan 1: ḡ=0, γE[v]=5.0, Q=5.0
2026-06-04 18:18:16,866 INFO: Plan 0: ḡ=0, γE[v]=0.0, Q=0.0
2026-06-04 18:18:16,974 INFO: Plan 1: ḡ=12, γE[v]=12.0, Q=24.0
2026-06-04 18:18:17,071 INFO: Plan 0: ḡ=4, γE[v]=6.0, Q=10.0
2026-06-04 18:18:22,500 INFO: Plan 0: ḡ=2, γE[v]=4.0, Q=6.0
2026-06-04 18:18:22,534 INFO: Plan 1: ḡ=1, γE[v]=5.0, Q=6.0
2026-06-04 18:18:24,082 INFO: Plan 0: ḡ=10, γE[v]=7.5, Q=17.5
2026-06-04 18:18:24,124 INFO: Plan 1: ḡ=1, γE[v]=6.0, Q=7.0
2026-06-04 18:18:28,081 INFO: Plan 0: ḡ=2, γE[v]=20.0, Q=22.0
2026-06-04 18:18:32,240 INFO: Plan 0: ḡ=0, γE[v]=5.0, Q=5.0
2026-06-04 18:18:36,220 INFO: Plan 0: ḡ=1, γE[v]=22.0, Q=23.0
2026-06-04 18:18:38,968 INFO: Plan 0: ḡ=1, γE[v]=2.5, Q=3.5
2026-06-04 18:18:42,802 INFO: Plan 0: ḡ=2, γE[v]=2.5, Q=4.5
2026-06-04 18:18:45,808 INFO: Plan 1: ḡ=0, γE[v]=25.0, Q=25.0
2026-06-04 18:18:45,981 INFO: Plan 0: ḡ=0, γE[v]=0.0, Q=0.0
2026-06-04 18:18:46,143 INFO: Plan 0: ḡ=0, γE[v]=2.5, Q=2.5
2026-06-04 18:18:46,573 INFO: Plan 0: ḡ=12, γE[v]=6.0, Q=18.0
2026-06-04 18:18:47,201 INFO: Plan 0: ḡ=1, γE[v]=2.0, Q=3.0
  [86/93] starlette.responses seed=42: {'cov_qvalue_calib': 26}
2026-06-04 18:18:49,609 INFO: Plan 0: ḡ=2, γE[v]=5.0, Q=7.0
  [87/93] starlette.requests seed=42: {'cov_qvalue_calib': 35}
2026-06-04 18:18:51,235 INFO: Plan 0: ḡ=0, γE[v]=0.0, Q=0.0
2026-06-04 18:19:02,413 INFO: Plan 0: ḡ=0, γE[v]=2.5, Q=2.5
2026-06-04 18:19:03,317 INFO: Plan 0: ḡ=0, γE[v]=5.0, Q=5.0
2026-06-04 18:19:09,663 INFO: Plan 0: ḡ=10, γE[v]=7.5, Q=17.5
2026-06-04 18:19:10,099 INFO: Plan 1: ḡ=12, γE[v]=6.0, Q=18.0
2026-06-04 18:19:11,720 INFO: Plan 1: ḡ=1, γE[v]=5.0, Q=6.0
2026-06-04 18:19:12,037 INFO: Plan 0: ḡ=4, γE[v]=7.5, Q=11.5
2026-06-04 18:19:16,379 INFO: Plan 0: ḡ=0, γE[v]=5.0, Q=5.0
2026-06-04 18:19:17,131 INFO: Plan 0: ḡ=12, γE[v]=1.0, Q=13.0
  [88/93] starlette.formparsers seed=42: {'cov_qvalue_calib': 2}
2026-06-04 18:19:30,323 INFO: Plan 0: ḡ=0, γE[v]=7.5, Q=7.5
2026-06-04 18:19:30,466 INFO: Plan 0: ḡ=0, γE[v]=1.0, Q=1.0
2026-06-04 18:19:31,312 INFO: Plan 0: ḡ=1, γE[v]=7.5, Q=8.5
2026-06-04 18:19:41,660 INFO: Plan 0: ḡ=2, γE[v]=5.0, Q=7.0
2026-06-04 18:19:45,218 INFO: Plan 0: ḡ=2, γE[v]=5.0, Q=7.0
2026-06-04 18:19:45,329 INFO: Plan 1: ḡ=2, γE[v]=6.0, Q=8.0
2026-06-04 18:19:52,743 INFO: Plan 0: ḡ=1, γE[v]=5.0, Q=6.0
2026-06-04 18:19:52,938 INFO: Plan 0: ḡ=12, γE[v]=14.0, Q=26.0
2026-06-04 18:20:05,605 INFO: Plan 1: ḡ=1, γE[v]=5.0, Q=6.0
2026-06-04 18:20:05,681 INFO: Plan 0: ḡ=2, γE[v]=7.5, Q=9.5
2026-06-04 18:20:06,530 INFO: Plan 0: ḡ=0, γE[v]=25.0, Q=25.0
  [89/93] starlette.applications seed=42: {'cov_qvalue_calib': 8}
2026-06-04 18:20:12,059 INFO: Plan 0: ḡ=0, γE[v]=0.0, Q=0.0
2026-06-04 18:20:14,721 INFO: Plan 1: ḡ=0, γE[v]=23.5, Q=23.5
2026-06-04 18:20:14,880 INFO: Plan 0: ḡ=1, γE[v]=7.5, Q=8.5
2026-06-04 18:20:29,000 INFO: Plan 0: ḡ=1, γE[v]=7.5, Q=8.5
2026-06-04 18:20:29,333 INFO: Plan 0: ḡ=12, γE[v]=14.0, Q=26.0
  [90/93] starlette.middleware.errors seed=42: {'cov_qvalue_calib': 47}
2026-06-04 18:20:40,153 INFO: Plan 0: ḡ=5, γE[v]=15.0, Q=20.0
2026-06-04 18:20:54,744 INFO: Plan 0: ḡ=2, γE[v]=5.0, Q=7.0
2026-06-04 18:21:09,540 INFO: Plan 0: ḡ=12, γE[v]=12.5, Q=24.5
2026-06-04 18:21:15,096 INFO: Plan 0: ḡ=3, γE[v]=6.0, Q=9.0
  [91/93] starlette.staticfiles seed=42: {'cov_qvalue_calib': 37}
2026-06-04 18:21:25,309 INFO: Plan 0: ḡ=2, γE[v]=5.0, Q=7.0
2026-06-04 18:21:39,649 INFO: Plan 0: ḡ=6, γE[v]=6.0, Q=12.0
  [92/93] starlette.middleware.base seed=42: {'cov_qvalue_calib': 34}
2026-06-04 18:22:01,778 INFO: Plan 0: ḡ=12, γE[v]=5.0, Q=17.0
  [93/93] starlette.templating seed=42: {'cov_qvalue_calib': 25}

======================================================================
RESULTS
======================================================================

Module                              seed  cov_qvalue_
-----------------------------------------------------
click.types                           42            9
click.shell_completion                42           35
click.parser                          42           50
click.testing                         42           37
click.decorators                      42           36
click.core                            42          315
click.termui                          42           23
click.utils                           42           18
click.formatting                      42           47
requests.cookies                      42            8
click.exceptions                      42           14
requests.auth                         42           50
requests.utils                        42           87
requests.models                       42          138
requests.adapters                     42           70
requests.sessions                     42           23
flask.helpers                         42            9
flask.app                             42           79
flask.cli                             42           78
flask.ctx                             42           59
flask.testing                         42           23
flask.sessions                        42            4
flask.config                          42           57
flask.json.tag                        42           24
flask.templating                      42           15
flask.json.provider                   42           44
rich.text                             42           93
rich.progress                         42          172
rich.console                          42          272
rich.pretty                           42           88
rich.table                            42          210
rich.syntax                           42          102
rich.markdown                         42           96
rich.color                            42           61
rich.style                            42          128
rich.segment                          42           69
jinja2.compiler                       42           80
rich.layout                           42           64
rich.traceback                        42           79
jinja2.filters                        42          143
jinja2.runtime                        42           68
jinja2.environment                    42           92
jinja2.nodes                          42           10
jinja2.parser                         42          187
jinja2.lexer                          42          105
jinja2.ext                            42           79
jinja2.utils                          42           11
jinja2.loaders                        42           52
jinja2.sandbox                        42            7
jinja2.bccache                        42            5
httpx._client                         42          151
httpx._urls                           42           67
httpx._models                         42          112
httpx._api                            42           11
httpx._main                           42           87
httpx._urlparse                       42            4
httpx._utils                          42           25
httpx._transports.default             42           11
pydantic.types                        42          156
httpx._auth                           42           74
pydantic.main                         42          204
httpx._config                         42           27
pydantic.fields                       42           66
pydantic.json_schema                  42          276
pydantic.config                       42            1
pydantic.networks                     42           34
pydantic.functional_validators        42           49
pydantic.color                        42           92
pydantic.functional_serializers       42           23
werkzeug.http                         42           79
pydantic.type_adapter                 42           18
werkzeug.serving                      42           21
werkzeug.datastructures.structures    42           22
werkzeug.routing.map                  42          103
werkzeug.routing.rules                42           16
werkzeug.exceptions                   42           34
werkzeug.wrappers.response            42           78
werkzeug.sansio.response              42           68
werkzeug.utils                        42           16
werkzeug.wrappers.request             42           64
werkzeug.local                        42           43
werkzeug.wsgi                         42           13
starlette.routing                     42            6
starlette.testclient                  42            4
starlette.datastructures              42           49
starlette.responses                   42           26
starlette.requests                    42           35
starlette.formparsers                 42            2
starlette.applications                42            8
starlette.middleware.errors           42           47
starlette.staticfiles                 42           37
starlette.middleware.base             42           34
starlette.templating                  42           25

======================================================================
STATISTICS
======================================================================

Per-strategy means (n=93):
  cov_qvalue_calib     branches=  63.9 ± 6.5  lines=182.0  pass_rate=79%

Per-repo means:

  click (10 runs):
    cov_qvalue_calib     mean=58.4

  flask (10 runs):
    cov_qvalue_calib     mean=39.2

  httpx (10 runs):
    cov_qvalue_calib     mean=56.9

  jinja2 (12 runs):
    cov_qvalue_calib     mean=69.9

  pydantic (10 runs):
    cov_qvalue_calib     mean=91.9

  requests (6 runs):
    cov_qvalue_calib     mean=62.7

  rich (12 runs):
    cov_qvalue_calib     mean=119.5

  starlette (11 runs):
    cov_qvalue_calib     mean=24.8

  werkzeug (12 runs):
    cov_qvalue_calib     mean=46.4

Cost: $5.5313 | Time: 2969s (49.5m)
Saved to /share/edc/home/aamayuelasfernandez/qcurious-tester/results/repo_explore_bench/exp7_stats_gemini.json
