2026-09-22 20:49:38,258 INFO: RepoExploreBench: 93 targets across 9 repos
======================================================================
Exp 4 — external baseline: coverup
  Targets: 93  search-time: 60s  parallel: 4
======================================================================
  [1/93] click.termui                     branches=16   lines=61    3 passed in 0.04s
  [2/93] click.utils                      branches=0    lines=0     self._warn("No data was collected.", slug="no-data-collected")
  [3/93] click.types                      branches=23   lines=187   14 passed in 0.13s
  [4/93] click.core                       branches=58   lines=279   5 passed in 0.07s
  [5/93] click.shell_completion           branches=51   lines=196   74 passed in 0.38s
  [6/93] click.decorators                 branches=31   lines=74    3 passed in 0.03s
  [7/93] click.parser                     branches=5    lines=49    2 passed in 0.03s
  [8/93] click.testing                    branches=96   lines=318   74 passed in 0.42s
  [9/93] click.formatting                 branches=0    lines=0     self._warn("No data was collected.", slug="no-data-collected")
  [10/93] click.exceptions                 branches=1    lines=59    3 passed in 0.03s
  [11/93] requests.utils                   branches=196  lines=445   208 passed, 10 warnings in 1.03s
  [12/93] requests.models                  branches=173  lines=390   134 passed in 0.90s
  [13/93] requests.cookies                 branches=102  lines=222   108 passed in 0.76s
  [14/93] requests.sessions                branches=76   lines=204   72 passed in 0.56s
  [15/93] requests.auth                    branches=55   lines=177   42 passed in 0.69s
  [16/93] requests.adapters                branches=41   lines=138   44 passed in 0.40s
  [17/93] flask.app                        branches=134  lines=326   101 passed in 0.85s
  [18/93] flask.cli                        branches=163  lines=306   91 passed in 0.75s
  [19/93] flask.helpers                    branches=42   lines=116   58 passed in 0.48s
  [20/93] flask.ctx                        branches=32   lines=151   47 passed in 0.42s
  [21/93] flask.sessions                   branches=14   lines=108   47 passed in 0.49s
  [22/93] flask.config                     branches=39   lines=96    35 passed in 0.30s
  [23/93] flask.json.tag                   branches=25   lines=133   54 passed in 0.46s
  [24/93] flask.testing                    branches=25   lines=90    30 passed in 0.32s
  [25/93] flask.templating                 branches=26   lines=98    36 passed in 0.39s
  [26/93] flask.json.provider              branches=16   lines=69    33 passed in 0.29s
  [27/93] rich.table                       branches=27   lines=102   2 passed in 0.06s
  [28/93] rich.text                        branches=0    lines=0     self._warn("No data was collected.", slug="no-data-collected")
  [29/93] rich.console                     branches=89   lines=354   9 passed in 0.12s
  [30/93] rich.progress                    branches=0    lines=0     self._warn("No data was collected.", slug="no-data-collected")
  [31/93] rich.style                       branches=0    lines=0     self._warn("No data was collected.", slug="no-data-collected")
  [32/93] rich.markdown                    branches=77   lines=334   67 passed in 0.52s
  [33/93] rich.pretty                      branches=80   lines=263   69 passed in 0.43s
  [34/93] rich.syntax                      branches=18   lines=90    2 passed in 0.05s
  [35/93] rich.layout                      branches=70   lines=203   65 passed in 0.53s
  [36/93] rich.color                       branches=26   lines=73    4 passed in 0.05s
  [37/93] rich.traceback                   branches=67   lines=223   35 passed in 0.33s
  [38/93] rich.segment                     branches=59   lines=88    2 passed in 0.03s
  [39/93] jinja2.filters                   branches=126  lines=188   14 passed in 0.15s
  [40/93] jinja2.compiler                  branches=33   lines=217   5 passed in 0.08s
  [41/93] jinja2.nodes                     branches=24   lines=407   16 passed in 0.17s
  [42/93] jinja2.environment               branches=0    lines=0     self._warn("No data was collected.", slug="no-data-collected")
  [43/93] jinja2.lexer                     branches=9    lines=123   2 passed in 0.05s
  [44/93] jinja2.ext                       branches=74   lines=216   63 passed in 0.45s
  [45/93] jinja2.runtime                   branches=66   lines=191   4 passed in 0.09s
  [46/93] jinja2.parser                    branches=0    lines=0     self._warn("No data was collected.", slug="no-data-collected")
  [47/93] jinja2.utils                     branches=9    lines=112   5 passed in 0.10s
  [48/93] jinja2.sandbox                   branches=0    lines=0     self._warn("No data was collected.", slug="no-data-collected")
  [49/93] jinja2.bccache                   branches=0    lines=0     self._warn("No data was collected.", slug="no-data-collected")
  [50/93] jinja2.loaders                   branches=18   lines=71    2 passed in 0.05s
  [51/93] httpx._urls                      branches=0    lines=0     self._warn("No data was collected.", slug="no-data-collected")
  [52/93] httpx._client                    branches=0    lines=0     self._warn("No data was collected.", slug="no-data-collected")
  [53/93] httpx._models                    branches=0    lines=0     self._warn("No data was collected.", slug="no-data-collected")
  [54/93] httpx._main                      branches=0    lines=0     self._warn("No data was collected.", slug="no-data-collected")
  [55/93] httpx._urlparse                  branches=0    lines=0     self._warn("No data was collected.", slug="no-data-collected")
  [56/93] httpx._utils                     branches=0    lines=0     self._warn("No data was collected.", slug="no-data-collected")
  [57/93] httpx._api                       branches=0    lines=0     self._warn("No data was collected.", slug="no-data-collected")
  [58/93] httpx._transports.default        branches=2    lines=42    2 passed in 0.16s
  [59/93] httpx._config                    branches=7    lines=42    2 passed in 0.11s
  [60/93] httpx._auth                      branches=0    lines=0     self._warn("No data was collected.", slug="no-data-collected")
  [61/93] pydantic.types                   branches=109  lines=365   6 passed in 0.18s
  [62/93] pydantic.main                    branches=0    lines=0     self._warn("No data was collected.", slug="no-data-collected")
  [63/93] pydantic.fields                  branches=106  lines=277   6 passed in 0.15s
  [64/93] pydantic.config                  branches=0    lines=0     self._warn("No data was collected.", slug="no-data-collected")
  [65/93] pydantic.json_schema             branches=37   lines=205   3 passed in 0.09s
  [66/93] pydantic.functional_validators   branches=59   lines=134   3 passed in 0.14s
  [67/93] pydantic.networks                branches=0    lines=0     self._warn("No data was collected.", slug="no-data-collected")
  [68/93] pydantic.color                   branches=0    lines=0     self._warn("No data was collected.", slug="no-data-collected")
  [69/93] pydantic.type_adapter            branches=0    lines=0     self._warn("No data was collected.", slug="no-data-collected")
  [70/93] pydantic.functional_serializers  branches=0    lines=0     self._warn("No data was collected.", slug="no-data-collected")
  [71/93] werkzeug.http                    branches=194  lines=376   174 passed in 0.95s
  [72/93] werkzeug.datastructures.structures branches=197  lines=479   284 passed in 1.81s
  [73/93] werkzeug.serving                 branches=118  lines=335   9 failed, 67 passed in 1.56s
  [74/93] werkzeug.exceptions              branches=48   lines=268   149 passed in 0.79s
  [75/93] werkzeug.routing.map             branches=126  lines=272   78 passed in 0.56s
  [76/93] werkzeug.routing.rules           branches=159  lines=375   95 passed in 0.62s
  [77/93] werkzeug.wrappers.response       branches=118  lines=254   126 passed in 0.68s
  [78/93] werkzeug.wrappers.request        branches=78   lines=172   73 passed in 0.45s
  [79/93] werkzeug.sansio.response         branches=108  lines=238   87 passed in 0.49s
  [80/93] werkzeug.utils                   branches=51   lines=152   53 passed in 0.35s
  [81/93] werkzeug.local                   branches=60   lines=267   66 passed in 0.42s
  [82/93] werkzeug.wsgi                    branches=76   lines=213   93 passed in 0.53s
  [83/93] starlette.testclient             branches=63   lines=290   53 passed, 2 skipped, 4 warnings in 5.38s
  [84/93] starlette.routing                branches=25   lines=158   2 passed in 0.06s
  [85/93] starlette.datastructures         branches=30   lines=139   2 passed in 0.03s
  [86/93] starlette.responses              branches=10   lines=76    4 passed in 0.05s
  [87/93] starlette.requests               branches=29   lines=68    2 passed in 0.03s
  [88/93] starlette.applications           branches=0    lines=0     self._warn("No data was collected.", slug="no-data-collected")
  [89/93] starlette.formparsers            branches=2    lines=48    5 passed in 0.05s
  [90/93] starlette.middleware.errors      branches=0    lines=0     self._warn("No data was collected.", slug="no-data-collected")
  [91/93] starlette.staticfiles            branches=46   lines=122   47 passed in 0.34s
  [92/93] starlette.templating             branches=30   lines=89    25 passed, 2 warnings in 0.27s
  [93/93] starlette.middleware.base        branches=0    lines=0     self._warn("No data was collected.", slug="no-data-collected")

======================================================================
RESULTS (coverup)
======================================================================
  mean branches: 45.2  (n=93)
    click        mean=28.1 (n=10)
    flask        mean=51.6 (n=10)
    httpx        mean=0.9 (n=10)
    jinja2       mean=29.9 (n=12)
    pydantic     mean=31.1 (n=10)
    requests     mean=107.2 (n=6)
    rich         mean=42.8 (n=12)
    starlette    mean=21.4 (n=11)
    werkzeug     mean=111.1 (n=12)

  Time: 6843s (114.1m)
Saved to /share/edc/home/aamayuelasfernandez/qcurious-tester/results/repo_explore_bench/final_coverup_gemma.json
