2026-09-22 17:53:59,963 INFO: RepoExploreBench: 93 targets across 9 repos
======================================================================
Exp 4 — external baseline: pynguin
  Targets: 93  search-time: 60s  parallel: 6
======================================================================
  [1/93] click.shell_completion           branches=10   lines=106   8 passed, 8 xfailed in 0.30s
  [2/93] click.utils                      branches=50   lines=160   19 passed, 12 xfailed in 0.41s
  [3/93] click.types                      branches=0    lines=0     self._warn("No data was collected.", slug="no-data-collected")
  [4/93] click.decorators                 branches=64   lines=159   24 passed, 8 xfailed in 1.16s
  [5/93] click.termui                     branches=81   lines=170   16 passed, 27 xfailed, 1 warning in 2.43s
  [6/93] click.core                       branches=249  lines=681   11 passed, 19 xfailed in 3.78s
  [7/93] click.formatting                 branches=52   lines=112   15 passed, 10 xfailed in 0.51s
  [8/93] click.parser                     branches=43   lines=129   5 passed, 9 xfailed in 0.32s
  [9/93] click.exceptions                 branches=42   lines=143   23 passed, 11 xfailed in 0.51s
  [10/93] requests.utils                   branches=70   lines=231   37 passed, 12 xfailed, 1 warning in 0.69s
  [11/93] click.testing                    branches=53   lines=218   1 failed, 11 passed, 9 xfailed in 0.43s
  [12/93] requests.models                  branches=77   lines=238   13 passed, 23 xfailed in 1.26s
  [13/93] requests.adapters                branches=18   lines=104   8 passed, 11 xfailed in 0.44s
  [14/93] requests.auth                    branches=7    lines=75    1 passed, 7 xfailed, 6 warnings in 0.26s
  [15/93] requests.sessions                branches=37   lines=148   7 passed, 12 xfailed in 1.20s
  [16/93] requests.cookies                 branches=43   lines=156   19 passed, 10 xfailed in 0.54s
  [17/93] flask.app                        branches=20   lines=156   3 passed, 12 xfailed in 0.76s
  [18/93] flask.json.tag                   branches=25   lines=131   7 passed, 21 xfailed in 1.13s
  [19/93] flask.cli                        branches=106  lines=210   13 passed, 13 xfailed in 1.27s
  [20/93] flask.ctx                        branches=7    lines=84    7 passed, 10 xfailed in 0.40s
  [21/93] flask.sessions                   branches=5    lines=84    6 passed, 10 xfailed in 0.34s
  [22/93] flask.config                     branches=29   lines=80    18 passed, 9 xfailed in 0.41s
  [23/93] flask.helpers                    branches=13   lines=75    5 passed, 9 xfailed in 0.56s
  [24/93] rich.progress                    branches=0    lines=0     self._warn("No data was collected.", slug="no-data-collected")
  [25/93] flask.templating                 branches=1    lines=39    1 passed, 5 xfailed in 0.30s
  [26/93] rich.console                     branches=0    lines=0     self._warn("No data was collected.", slug="no-data-collected")
  [27/93] rich.text                        branches=0    lines=0     self._warn("No data was collected.", slug="no-data-collected")
  [28/93] flask.testing                    branches=11   lines=64    3 passed, 10 xfailed in 0.54s
  [29/93] flask.json.provider              branches=11   lines=59    1 passed, 10 xfailed in 0.40s
  [30/93] rich.markdown                    branches=0    lines=0     self._warn("No data was collected.", slug="no-data-collected")
  [31/93] rich.table                       branches=0    lines=0     self._warn("No data was collected.", slug="no-data-collected")
  [32/93] rich.style                       branches=0    lines=0     self._warn("No data was collected.", slug="no-data-collected")
  [33/93] rich.pretty                      branches=74   lines=262   17 passed, 4 xfailed, 1 warning in 0.47s
  [34/93] rich.syntax                      branches=42   lines=183   10 passed, 6 xfailed in 0.37s
  [35/93] rich.traceback                   branches=26   lines=113   5 passed, 3 xfailed in 0.24s
  [36/93] rich.segment                     branches=65   lines=101   3 passed, 1 xfailed in 0.09s
  [37/93] jinja2.filters                   branches=0    lines=0     self._warn("No data was collected.", slug="no-data-collected")
  [38/93] rich.color                       branches=26   lines=74    1 passed, 3 xfailed in 0.11s
  [39/93] jinja2.environment               branches=0    lines=0     self._warn("No data was collected.", slug="no-data-collected")
  [40/93] jinja2.runtime                   branches=0    lines=0     self._warn("No data was collected.", slug="no-data-collected")
  [41/93] jinja2.ext                       branches=0    lines=0     self._warn("No data was collected.", slug="no-data-collected")
  [42/93] rich.layout                      branches=32   lines=117   6 passed, 11 xfailed in 0.47s
  [43/93] jinja2.compiler                  branches=48   lines=274   14 passed, 10 xfailed in 1.08s
  [44/93] jinja2.loaders                   branches=0    lines=0     self._warn("No data was collected.", slug="no-data-collected")
  [45/93] jinja2.nodes                     branches=53   lines=466   11 passed, 15 xfailed in 0.80s
  [46/93] jinja2.parser                    branches=0    lines=0     self._warn("No data was collected.", slug="no-data-collected")
  [47/93] jinja2.lexer                     branches=25   lines=173   14 passed, 6 xfailed in 0.29s
  [48/93] httpx._client                    branches=0    lines=0     self._warn("No data was collected.", slug="no-data-collected")
  [49/93] jinja2.utils                     branches=92   lines=257   33 passed, 11 xfailed in 0.49s
  [50/93] httpx._models                    branches=0    lines=0     self._warn("No data was collected.", slug="no-data-collected")
  [51/93] jinja2.sandbox                   branches=20   lines=105   11 passed, 7 xfailed in 0.25s
  [52/93] jinja2.bccache                   branches=19   lines=120   5 passed, 11 xfailed in 0.40s
  [53/93] httpx._transports.default        branches=0    lines=0     self._warn("No data was collected.", slug="no-data-collected")
  [54/93] httpx._urls                      branches=80   lines=166   23 passed, 12 xfailed in 0.59s
  [55/93] httpx._api                       branches=6    lines=29    
  [56/93] httpx._urlparse                  branches=86   lines=147   15 passed, 10 xfailed in 0.45s
  [57/93] httpx._auth                      branches=0    lines=0     self._warn("No data was collected.", slug="no-data-collected")
  [58/93] httpx._utils                     branches=20   lines=65    14 passed, 12 xfailed in 0.47s
  [59/93] httpx._main                      branches=69   lines=114   5 passed, 8 xfailed in 0.55s
  [60/93] pydantic.main                    branches=0    lines=0     self._warn("No data was collected.", slug="no-data-collected")
  [61/93] httpx._config                    branches=14   lines=89    15 passed, 9 xfailed, 3 warnings in 0.49s
  [62/93] pydantic.config                  branches=15   lines=134   3 passed, 2 xfailed in 0.14s
  [63/93] pydantic.types                   branches=0    lines=0     self._warn("No data was collected.", slug="no-data-collected")
  [64/93] pydantic.json_schema             branches=77   lines=309   9 passed, 29 xfailed, 1 warning in 3.12s
  [65/93] pydantic.networks                branches=97   lines=262   
  [66/93] pydantic.fields                  branches=163  lines=392   1 failed, 22 passed, 3 xfailed in 0.48s
  [67/93] pydantic.functional_validators   branches=60   lines=131   3 failed, 4 passed in 0.16s
  [68/93] pydantic.color                   branches=96   lines=184   17 passed, 20 xfailed, 27 warnings in 1.03s
  [69/93] pydantic.functional_serializers  branches=30   lines=66    2 failed, 3 passed, 2 xfailed in 0.14s
  [70/93] werkzeug.serving                 branches=39   lines=153   7 passed, 16 xfailed in 1.14s
  [71/93] pydantic.type_adapter            branches=41   lines=137   3 failed, 7 passed, 11 xfailed in 3.38s
  [72/93] werkzeug.http                    branches=148  lines=293   50 passed, 14 xfailed in 0.90s
  [73/93] werkzeug.datastructures.structures branches=59   lines=285   37 passed, 14 xfailed in 1.10s
  [74/93] werkzeug.routing.map             branches=70   lines=190   17 passed, 20 xfailed in 1.05s
  [75/93] werkzeug.exceptions              branches=43   lines=263   24 passed, 6 xfailed in 0.36s
  [76/93] werkzeug.routing.rules           branches=25   lines=146   10 passed, 3 xfailed in 0.20s
  [77/93] werkzeug.wrappers.response       branches=80   lines=190   18 passed, 13 xfailed in 0.67s
  [78/93] werkzeug.sansio.response         branches=63   lines=151   10 passed, 5 xfailed in 0.39s
  [79/93] starlette.routing                branches=0    lines=0     self._warn("No data was collected.", slug="no-data-collected")
  [80/93] starlette.testclient             branches=0    lines=0     self._warn("No data was collected.", slug="no-data-collected")
  [81/93] werkzeug.utils                   branches=40   lines=133   2 failed, 2 passed, 14 xfailed, 1 warning in 0.52s
  [82/93] starlette.datastructures         branches=0    lines=0     self._warn("No data was collected.", slug="no-data-collected")
  [83/93] starlette.responses              branches=0    lines=0     self._warn("No data was collected.", slug="no-data-collected")
  [84/93] starlette.requests               branches=0    lines=0     self._warn("No data was collected.", slug="no-data-collected")
  [85/93] werkzeug.wrappers.request        branches=52   lines=109   6 passed, 10 xfailed in 0.64s
  [86/93] werkzeug.local                   branches=62   lines=261   1 failed, 15 passed, 15 xfailed in 0.61s
  [87/93] starlette.formparsers            branches=0    lines=0     self._warn("No data was collected.", slug="no-data-collected")
  [88/93] werkzeug.wsgi                    branches=50   lines=156   22 passed, 26 xfailed in 1.03s
  [89/93] starlette.applications           branches=0    lines=0     self._warn("No data was collected.", slug="no-data-collected")
  [90/93] starlette.middleware.errors      branches=0    lines=0     self._warn("No data was collected.", slug="no-data-collected")
  [91/93] starlette.staticfiles            branches=0    lines=0     self._warn("No data was collected.", slug="no-data-collected")
  [92/93] starlette.templating             branches=0    lines=0     self._warn("No data was collected.", slug="no-data-collected")
  [93/93] starlette.middleware.base        branches=0    lines=0     self._warn("No data was collected.", slug="no-data-collected")

======================================================================
RESULTS (pynguin)
======================================================================
  mean branches: 34.7  (n=93)
    click        mean=64.4 (n=10)
    flask        mean=22.8 (n=10)
    httpx        mean=27.5 (n=10)
    jinja2       mean=21.4 (n=12)
    pydantic     mean=57.9 (n=10)
    requests     mean=42.0 (n=6)
    rich         mean=22.1 (n=12)
    starlette    mean=0.0 (n=11)
    werkzeug     mean=60.9 (n=12)

  Time: 1273s (21.2m)
Saved to /share/edc/home/aamayuelasfernandez/qcurious-tester/results/repo_explore_bench/final_pynguin.json
