2026-09-21 17:35:02,409 INFO: RepoExploreBench: 93 targets across 9 repos
======================================================================
RepoExploreBench v2.0
  Targets: 27 files across 9 repos
  Strategies: ['cov_qvalue_tgt_calib']
  Seeds: [42]
  Exec budget: 24 per run
  Map mode: full
  Total runs: 27
======================================================================
  Connectivity: OK

  Fetching source code...
    click.core: 114085 chars
    click.types: 36390 chars
    click.termui: 28323 chars
    requests.utils: 33447 chars
    requests.models: 35222 chars
    requests.sessions: 30372 chars
    flask.app: 59200 chars
    flask.cli: 33820 chars
    flask.helpers: 22991 chars
    rich.console: 99096 chars
    rich.progress: 59691 chars
    rich.text: 47302 chars
    jinja2.compiler: 72198 chars
    jinja2.filters: 53861 chars
    jinja2.environment: 61252 chars
    httpx._client: 67489 chars
    httpx._models: 42302 chars
    httpx._urls: 21747 chars
    pydantic.types: 89470 chars
    pydantic.json_schema: 102806 chars
    pydantic.main: 65891 chars
    werkzeug.http: 43362 chars
    werkzeug.serving: 39331 chars
    werkzeug.datastructures.structures: 31760 chars
    starlette.routing: 35752 chars
    starlette.testclient: 29843 chars
    starlette.datastructures: 23348 chars
  Fetched 27/27 modules

Running 27 targets with 27 workers...
2026-09-21 17:36:00,396 INFO: Plan 2: ḡ=12, γE[v]=17.5, Q=29.5
2026-09-21 17:36:00,397 INFO: Plan 1: ḡ=10, γE[v]=20.0, Q=30.0
2026-09-21 17:36:00,398 INFO: Plan 0: ḡ=10, γE[v]=20.0, Q=30.0
2026-09-21 17:36:00,910 INFO: Plan 0: ḡ=0, γE[v]=0.0, Q=0.0
2026-09-21 17:36:00,911 INFO: Plan 0: ḡ=7, γE[v]=7.5, Q=14.5
2026-09-21 17:36:00,913 INFO: Plan 1: ḡ=0, γE[v]=0.0, Q=0.0
2026-09-21 17:36:00,967 INFO: Plan 2: ḡ=12, γE[v]=15.0, Q=27.0
2026-09-21 17:36:00,968 INFO: Plan 2: ḡ=12, γE[v]=17.5, Q=29.5
2026-09-21 17:36:00,969 INFO: Plan 1: ḡ=10, γE[v]=15.0, Q=25.0
2026-09-21 17:36:02,122 INFO: Plan 2: ḡ=0, γE[v]=0.0, Q=0.0
2026-09-21 17:36:02,122 INFO: Plan 1: ḡ=0, γE[v]=0.0, Q=0.0
2026-09-21 17:36:02,177 INFO: Plan 0: ḡ=10, γE[v]=7.5, Q=17.5
2026-09-21 17:36:02,179 INFO: Plan 0: ḡ=0, γE[v]=0.0, Q=0.0
2026-09-21 17:36:02,180 INFO: Plan 2: ḡ=0, γE[v]=0.0, Q=0.0
2026-09-21 17:36:02,230 INFO: Plan 1: ḡ=10, γE[v]=20.0, Q=30.0
2026-09-21 17:36:02,618 INFO: Plan 0: ḡ=0, γE[v]=0.0, Q=0.0
2026-09-21 17:36:02,619 INFO: Plan 1: ḡ=0, γE[v]=0.0, Q=0.0
2026-09-21 17:36:02,620 INFO: Plan 2: ḡ=0, γE[v]=0.0, Q=0.0
2026-09-21 17:36:03,812 INFO: Plan 2: ḡ=0, γE[v]=0.0, Q=0.0
2026-09-21 17:36:03,813 INFO: Plan 0: ḡ=0, γE[v]=0.0, Q=0.0
2026-09-21 17:36:03,985 INFO: Plan 2: ḡ=0, γE[v]=0.0, Q=0.0
2026-09-21 17:36:03,986 INFO: Plan 1: ḡ=0, γE[v]=0.0, Q=0.0
2026-09-21 17:36:03,987 INFO: Plan 1: ḡ=2, γE[v]=7.5, Q=9.5
2026-09-21 17:36:03,988 INFO: Plan 2: ḡ=0, γE[v]=0.0, Q=0.0
2026-09-21 17:36:04,009 INFO: Plan 0: ḡ=2, γE[v]=5.0, Q=7.0
2026-09-21 17:36:04,011 INFO: Plan 1: ḡ=10, γE[v]=20.0, Q=30.0
2026-09-21 17:36:04,011 INFO: Plan 0: ḡ=10, γE[v]=20.0, Q=30.0
2026-09-21 17:36:04,037 INFO: Plan 2: ḡ=0, γE[v]=0.0, Q=0.0
2026-09-21 17:36:04,039 INFO: Plan 1: ḡ=0, γE[v]=0.0, Q=0.0
2026-09-21 17:36:04,039 INFO: Plan 0: ḡ=0, γE[v]=0.0, Q=0.0
2026-09-21 17:36:04,088 INFO: Plan 2: ḡ=0, γE[v]=0.0, Q=0.0
2026-09-21 17:36:04,089 INFO: Plan 1: ḡ=0, γE[v]=0.0, Q=0.0
2026-09-21 17:36:04,090 INFO: Plan 0: ḡ=0, γE[v]=0.0, Q=0.0
2026-09-21 17:36:05,115 INFO: Plan 2: ḡ=0, γE[v]=0.0, Q=0.0
2026-09-21 17:36:05,145 INFO: Plan 1: ḡ=0, γE[v]=0.0, Q=0.0
2026-09-21 17:36:05,146 INFO: Plan 0: ḡ=0, γE[v]=0.0, Q=0.0
2026-09-21 17:36:05,468 INFO: Plan 0: ḡ=0, γE[v]=0.0, Q=0.0
2026-09-21 17:36:05,469 INFO: Plan 1: ḡ=0, γE[v]=0.0, Q=0.0
2026-09-21 17:36:05,470 INFO: Plan 2: ḡ=0, γE[v]=0.0, Q=0.0
2026-09-21 17:36:06,266 INFO: Plan 1: ḡ=0, γE[v]=0.0, Q=0.0
2026-09-21 17:36:06,267 INFO: Plan 2: ḡ=0, γE[v]=0.0, Q=0.0
2026-09-21 17:36:06,316 INFO: Plan 2: ḡ=0, γE[v]=0.0, Q=0.0
2026-09-21 17:36:06,319 INFO: Plan 1: ḡ=0, γE[v]=0.0, Q=0.0
2026-09-21 17:36:06,321 INFO: Plan 2: ḡ=0, γE[v]=0.0, Q=0.0
2026-09-21 17:36:06,322 INFO: Plan 2: ḡ=0, γE[v]=0.0, Q=0.0
2026-09-21 17:36:06,323 INFO: Plan 0: ḡ=0, γE[v]=0.0, Q=0.0
2026-09-21 17:36:06,324 INFO: Plan 0: ḡ=10, γE[v]=7.5, Q=17.5
2026-09-21 17:36:06,324 INFO: Plan 1: ḡ=0, γE[v]=0.0, Q=0.0
2026-09-21 17:36:06,336 INFO: Plan 0: ḡ=2, γE[v]=5.0, Q=7.0
2026-09-21 17:36:06,360 INFO: Plan 1: ḡ=10, γE[v]=15.0, Q=25.0
2026-09-21 17:36:06,361 INFO: Plan 0: ḡ=12, γE[v]=17.5, Q=29.5
2026-09-21 17:36:06,780 INFO: Plan 0: ḡ=6, γE[v]=0.0, Q=6.0
2026-09-21 17:36:06,781 INFO: Plan 2: ḡ=0, γE[v]=0.0, Q=0.0
2026-09-21 17:36:07,355 INFO: Plan 0: ḡ=4, γE[v]=7.5, Q=11.5
2026-09-21 17:36:07,356 INFO: Plan 1: ḡ=0, γE[v]=0.0, Q=0.0
2026-09-21 17:36:07,356 INFO: Plan 2: ḡ=0, γE[v]=0.0, Q=0.0
2026-09-21 17:36:08,181 INFO: Plan 1: ḡ=0, γE[v]=0.0, Q=0.0
2026-09-21 17:36:08,182 INFO: Plan 2: ḡ=0, γE[v]=0.0, Q=0.0
2026-09-21 17:36:08,342 INFO: Plan 0: ḡ=2, γE[v]=5.0, Q=7.0
2026-09-21 17:36:08,442 INFO: Plan 0: ḡ=2, γE[v]=5.0, Q=7.0
2026-09-21 17:36:08,463 INFO: Plan 1: ḡ=12, γE[v]=17.5, Q=29.5
2026-09-21 17:36:08,465 INFO: Plan 2: ḡ=10, γE[v]=20.0, Q=30.0
2026-09-21 17:36:09,048 INFO: Plan 0: ḡ=0, γE[v]=0.0, Q=0.0
2026-09-21 17:36:09,089 INFO: Plan 2: ḡ=10, γE[v]=15.0, Q=25.0
2026-09-21 17:36:09,089 INFO: Plan 1: ḡ=10, γE[v]=15.0, Q=25.0
2026-09-21 17:36:09,652 INFO: Plan 1: ḡ=0, γE[v]=0.0, Q=0.0
2026-09-21 17:36:09,652 INFO: Plan 0: ḡ=0, γE[v]=0.0, Q=0.0
2026-09-21 17:36:09,687 INFO: Plan 2: ḡ=10, γE[v]=20.0, Q=30.0
2026-09-21 17:36:09,727 INFO: Plan 1: ḡ=0, γE[v]=0.0, Q=0.0
2026-09-21 17:36:09,728 INFO: Plan 2: ḡ=0, γE[v]=0.0, Q=0.0
2026-09-21 17:36:09,764 INFO: Plan 0: ḡ=12, γE[v]=7.5, Q=19.5
2026-09-21 17:36:10,511 INFO: Plan 1: ḡ=0, γE[v]=0.0, Q=0.0
2026-09-21 17:36:10,513 INFO: Plan 2: ḡ=0, γE[v]=0.0, Q=0.0
2026-09-21 17:36:10,527 INFO: Plan 0: ḡ=11, γE[v]=2.0, Q=13.0
2026-09-21 17:36:10,823 INFO: Plan 2: ḡ=0, γE[v]=0.0, Q=0.0
2026-09-21 17:36:10,823 INFO: Plan 1: ḡ=0, γE[v]=0.0, Q=0.0
2026-09-21 17:36:10,840 INFO: Plan 0: ḡ=2, γE[v]=20.0, Q=22.0
2026-09-21 17:36:14,696 INFO: Plan 1: ḡ=1, γE[v]=1.0, Q=2.0
2026-09-21 17:36:24,909 INFO: Plan 2: ḡ=0, γE[v]=0.0, Q=0.0
2026-09-21 17:36:24,910 INFO: Plan 1: ḡ=0, γE[v]=0.0, Q=0.0
2026-09-21 17:36:24,946 INFO: Plan 0: ḡ=2, γE[v]=5.0, Q=7.0
2026-09-21 17:36:34,725 INFO: Plan 0: ḡ=5, γE[v]=7.5, Q=12.5
2026-09-21 17:36:34,763 INFO: Plan 1: ḡ=12, γE[v]=17.5, Q=29.5
2026-09-21 17:36:34,764 INFO: Plan 2: ḡ=12, γE[v]=17.5, Q=29.5
2026-09-21 17:36:36,522 INFO: Plan 2: ḡ=25, γE[v]=15.0, Q=40.0
2026-09-21 17:36:36,523 INFO: Plan 1: ḡ=25, γE[v]=7.5, Q=32.5
2026-09-21 17:36:36,524 INFO: Plan 0: ḡ=12, γE[v]=10.0, Q=22.0
2026-09-21 17:36:36,594 INFO: Plan 0: ḡ=6, γE[v]=20.0, Q=26.0
2026-09-21 17:36:36,630 INFO: Plan 1: ḡ=12, γE[v]=15.0, Q=27.0
2026-09-21 17:36:36,631 INFO: Plan 2: ḡ=12, γE[v]=15.0, Q=27.0
2026-09-21 17:36:37,350 INFO: Plan 2: ḡ=0, γE[v]=0.0, Q=0.0
2026-09-21 17:36:37,421 INFO: Plan 1: ḡ=10, γE[v]=7.5, Q=17.5
2026-09-21 17:36:37,422 INFO: Plan 0: ḡ=12, γE[v]=10.0, Q=22.0
2026-09-21 17:36:38,894 INFO: Plan 2: ḡ=12, γE[v]=4.0, Q=16.0
2026-09-21 17:36:38,924 INFO: Plan 0: ḡ=20, γE[v]=15.0, Q=35.0
2026-09-21 17:36:38,926 INFO: Plan 1: ḡ=15, γE[v]=15.0, Q=30.0
2026-09-21 17:36:40,272 INFO: Plan 0: ḡ=0, γE[v]=2.0, Q=2.0
2026-09-21 17:36:40,299 INFO: Plan 1: ḡ=0, γE[v]=5.0, Q=5.0
2026-09-21 17:36:40,300 INFO: Plan 2: ḡ=10, γE[v]=2.5, Q=12.5
2026-09-21 17:36:40,951 INFO: Plan 1: ḡ=25, γE[v]=7.5, Q=32.5
2026-09-21 17:36:40,953 INFO: Plan 2: ḡ=18, γE[v]=15.0, Q=33.0
2026-09-21 17:36:40,954 INFO: Plan 0: ḡ=18, γE[v]=16.0, Q=34.0
2026-09-21 17:36:42,089 INFO: Plan 2: ḡ=0, γE[v]=0.0, Q=0.0
2026-09-21 17:36:42,090 INFO: Plan 1: ḡ=0, γE[v]=0.0, Q=0.0
2026-09-21 17:36:42,091 INFO: Plan 0: ḡ=0, γE[v]=0.0, Q=0.0
2026-09-21 17:36:42,657 INFO: Plan 0: ḡ=25, γE[v]=10.0, Q=35.0
2026-09-21 17:36:42,684 INFO: Plan 2: ḡ=12, γE[v]=10.0, Q=22.0
2026-09-21 17:36:42,686 INFO: Plan 1: ḡ=25, γE[v]=7.5, Q=32.5
2026-09-21 17:36:42,794 INFO: Plan 0: ḡ=25, γE[v]=15.0, Q=40.0
2026-09-21 17:36:42,796 INFO: Plan 1: ḡ=35, γE[v]=10.0, Q=45.0
2026-09-21 17:36:42,822 INFO: Plan 2: ḡ=20, γE[v]=15.0, Q=35.0
2026-09-21 17:36:43,341 INFO: Plan 0: ḡ=35, γE[v]=20.0, Q=55.0
2026-09-21 17:36:43,342 INFO: Plan 1: ḡ=35, γE[v]=20.0, Q=55.0
2026-09-21 17:36:43,366 INFO: Plan 2: ḡ=25, γE[v]=15.0, Q=40.0
2026-09-21 17:36:43,864 INFO: Plan 1: ḡ=12, γE[v]=15.0, Q=27.0
2026-09-21 17:36:43,866 INFO: Plan 0: ḡ=12, γE[v]=15.0, Q=27.0
2026-09-21 17:36:43,867 INFO: Plan 2: ḡ=12, γE[v]=15.0, Q=27.0
2026-09-21 17:36:43,991 INFO: Plan 1: ḡ=22, γE[v]=9.0, Q=31.0
2026-09-21 17:36:44,017 INFO: Plan 0: ḡ=12, γE[v]=10.0, Q=22.0
2026-09-21 17:36:44,018 INFO: Plan 2: ḡ=12, γE[v]=15.0, Q=27.0
2026-09-21 17:36:44,921 INFO: Plan 0: ḡ=35, γE[v]=20.0, Q=55.0
2026-09-21 17:36:44,949 INFO: Plan 2: ḡ=20, γE[v]=15.0, Q=35.0
2026-09-21 17:36:44,950 INFO: Plan 1: ḡ=35, γE[v]=20.0, Q=55.0
2026-09-21 17:36:45,422 INFO: Plan 2: ḡ=25, γE[v]=15.0, Q=40.0
2026-09-21 17:36:45,423 INFO: Plan 0: ḡ=12, γE[v]=7.5, Q=19.5
2026-09-21 17:36:45,424 INFO: Plan 1: ḡ=12, γE[v]=7.5, Q=19.5
2026-09-21 17:36:45,798 INFO: Plan 1: ḡ=12, γE[v]=10.0, Q=22.0
2026-09-21 17:36:45,799 INFO: Plan 0: ḡ=12, γE[v]=15.0, Q=27.0
2026-09-21 17:36:45,799 INFO: Plan 2: ḡ=12, γE[v]=10.0, Q=22.0
2026-09-21 17:36:46,861 INFO: Plan 1: ḡ=12, γE[v]=17.5, Q=29.5
2026-09-21 17:36:46,862 INFO: Plan 2: ḡ=12, γE[v]=17.5, Q=29.5
2026-09-21 17:36:46,863 INFO: Plan 0: ḡ=12, γE[v]=10.0, Q=22.0
2026-09-21 17:36:46,940 INFO: Plan 0: ḡ=12, γE[v]=17.5, Q=29.5
2026-09-21 17:36:46,966 INFO: Plan 1: ḡ=12, γE[v]=17.5, Q=29.5
2026-09-21 17:36:46,966 INFO: Plan 2: ḡ=12, γE[v]=17.5, Q=29.5
2026-09-21 17:36:49,515 INFO: Plan 0: ḡ=35, γE[v]=7.5, Q=42.5
2026-09-21 17:36:49,542 INFO: Plan 2: ḡ=35, γE[v]=20.0, Q=55.0
2026-09-21 17:36:49,543 INFO: Plan 1: ḡ=12, γE[v]=10.0, Q=22.0
2026-09-21 17:36:50,950 INFO: Plan 0: ḡ=2, γE[v]=5.0, Q=7.0
2026-09-21 17:36:50,951 INFO: Plan 1: ḡ=2, γE[v]=5.0, Q=7.0
2026-09-21 17:36:50,978 INFO: Plan 2: ḡ=0, γE[v]=0.0, Q=0.0
2026-09-21 17:36:50,979 INFO: Plan 2: ḡ=12, γE[v]=7.5, Q=19.5
2026-09-21 17:36:50,981 INFO: Plan 1: ḡ=0, γE[v]=5.0, Q=5.0
2026-09-21 17:36:51,003 INFO: Plan 0: ḡ=0, γE[v]=7.5, Q=7.5
2026-09-21 17:36:57,356 INFO: Plan 0: ḡ=12, γE[v]=9.0, Q=21.0
2026-09-21 17:36:57,357 INFO: Plan 1: ḡ=30, γE[v]=10.0, Q=40.0
2026-09-21 17:36:57,358 INFO: Plan 2: ḡ=40, γE[v]=10.0, Q=50.0
2026-09-21 17:37:02,010 INFO: Plan 2: ḡ=12, γE[v]=17.5, Q=29.5
2026-09-21 17:37:02,011 INFO: Plan 1: ḡ=12, γE[v]=15.0, Q=27.0
2026-09-21 17:37:02,011 INFO: Plan 0: ḡ=25, γE[v]=15.0, Q=40.0
2026-09-21 17:37:07,441 INFO: Plan 0: ḡ=12, γE[v]=15.0, Q=27.0
2026-09-21 17:37:07,442 INFO: Plan 2: ḡ=35, γE[v]=10.0, Q=45.0
2026-09-21 17:37:07,443 INFO: Plan 1: ḡ=25, γE[v]=15.0, Q=40.0
2026-09-21 17:37:08,596 INFO: Plan 1: ḡ=0, γE[v]=0.0, Q=0.0
2026-09-21 17:37:08,597 INFO: Plan 2: ḡ=0, γE[v]=0.0, Q=0.0
2026-09-21 17:37:08,661 INFO: Plan 0: ḡ=10, γE[v]=15.0, Q=25.0
2026-09-21 17:37:09,057 INFO: Plan 0: ḡ=12, γE[v]=17.5, Q=29.5
2026-09-21 17:37:09,058 INFO: Plan 2: ḡ=12, γE[v]=17.5, Q=29.5
2026-09-21 17:37:09,059 INFO: Plan 1: ḡ=12, γE[v]=17.5, Q=29.5
2026-09-21 17:37:11,372 INFO: Plan 2: ḡ=25, γE[v]=15.0, Q=40.0
2026-09-21 17:37:11,373 INFO: Plan 1: ḡ=12, γE[v]=10.0, Q=22.0
2026-09-21 17:37:11,374 INFO: Plan 0: ḡ=12, γE[v]=10.0, Q=22.0
2026-09-21 17:37:11,928 INFO: Plan 2: ḡ=0, γE[v]=0.0, Q=0.0
2026-09-21 17:37:11,997 INFO: Plan 0: ḡ=12, γE[v]=7.5, Q=19.5
2026-09-21 17:37:11,997 INFO: Plan 1: ḡ=12, γE[v]=7.5, Q=19.5
2026-09-21 17:37:13,324 INFO: Plan 2: ḡ=0, γE[v]=0.0, Q=0.0
2026-09-21 17:37:13,325 INFO: Plan 1: ḡ=0, γE[v]=0.0, Q=0.0
2026-09-21 17:37:13,352 INFO: Plan 0: ḡ=0, γE[v]=0.0, Q=0.0
2026-09-21 17:37:14,139 INFO: Plan 0: ḡ=12, γE[v]=15.0, Q=27.0
2026-09-21 17:37:14,139 INFO: Plan 2: ḡ=25, γE[v]=15.0, Q=40.0
2026-09-21 17:37:14,140 INFO: Plan 1: ḡ=35, γE[v]=10.0, Q=45.0
2026-09-21 17:37:15,681 INFO: Plan 0: ḡ=18, γE[v]=11.0, Q=29.0
2026-09-21 17:37:15,683 INFO: Plan 1: ḡ=12, γE[v]=17.5, Q=29.5
2026-09-21 17:37:15,709 INFO: Plan 2: ḡ=12, γE[v]=12.5, Q=24.5
2026-09-21 17:37:15,798 INFO: Plan 0: ḡ=25, γE[v]=15.0, Q=40.0
2026-09-21 17:37:15,799 INFO: Plan 1: ḡ=25, γE[v]=15.0, Q=40.0
2026-09-21 17:37:15,800 INFO: Plan 2: ḡ=0, γE[v]=5.0, Q=5.0
2026-09-21 17:37:17,451 INFO: Plan 1: ḡ=12, γE[v]=17.5, Q=29.5
2026-09-21 17:37:17,452 INFO: Plan 2: ḡ=35, γE[v]=10.0, Q=45.0
2026-09-21 17:37:17,479 INFO: Plan 0: ḡ=12, γE[v]=17.5, Q=29.5
2026-09-21 17:37:19,147 INFO: Plan 1: ḡ=25, γE[v]=7.5, Q=32.5
2026-09-21 17:37:19,148 INFO: Plan 0: ḡ=18, γE[v]=6.0, Q=24.0
2026-09-21 17:37:19,149 INFO: Plan 2: ḡ=12, γE[v]=15.0, Q=27.0
2026-09-21 17:37:19,176 INFO: Plan 1: ḡ=0, γE[v]=5.0, Q=5.0
2026-09-21 17:37:19,203 INFO: Plan 0: ḡ=12, γE[v]=7.5, Q=19.5
2026-09-21 17:37:19,204 INFO: Plan 2: ḡ=12, γE[v]=7.5, Q=19.5
2026-09-21 17:37:20,146 INFO: Plan 0: ḡ=12, γE[v]=15.0, Q=27.0
2026-09-21 17:37:20,146 INFO: Plan 2: ḡ=12, γE[v]=15.0, Q=27.0
2026-09-21 17:37:20,147 INFO: Plan 1: ḡ=12, γE[v]=15.0, Q=27.0
2026-09-21 17:37:21,926 INFO: Plan 1: ḡ=12, γE[v]=7.5, Q=19.5
2026-09-21 17:37:21,927 INFO: Plan 0: ḡ=12, γE[v]=7.5, Q=19.5
2026-09-21 17:37:21,951 INFO: Plan 2: ḡ=12, γE[v]=7.5, Q=19.5
2026-09-21 17:37:22,701 INFO: Plan 2: ḡ=12, γE[v]=4.0, Q=16.0
2026-09-21 17:37:22,729 INFO: Plan 1: ḡ=12, γE[v]=7.5, Q=19.5
2026-09-21 17:37:22,730 INFO: Plan 0: ḡ=12, γE[v]=7.5, Q=19.5
2026-09-21 17:37:23,304 INFO: Plan 1: ḡ=35, γE[v]=10.0, Q=45.0
2026-09-21 17:37:23,305 INFO: Plan 0: ḡ=12, γE[v]=7.5, Q=19.5
2026-09-21 17:37:23,306 INFO: Plan 2: ḡ=12, γE[v]=10.0, Q=22.0
2026-09-21 17:37:24,202 INFO: Plan 1: ḡ=25, γE[v]=15.0, Q=40.0
2026-09-21 17:37:24,204 INFO: Plan 0: ḡ=15, γE[v]=15.0, Q=30.0
2026-09-21 17:37:24,205 INFO: Plan 2: ḡ=35, γE[v]=10.0, Q=45.0
2026-09-21 17:37:26,003 INFO: Plan 0: ḡ=15, γE[v]=15.0, Q=30.0
2026-09-21 17:37:26,004 INFO: Plan 1: ḡ=10, γE[v]=7.5, Q=17.5
2026-09-21 17:37:26,005 INFO: Plan 2: ḡ=20, γE[v]=15.0, Q=35.0
2026-09-21 17:37:27,453 INFO: Plan 2: ḡ=0, γE[v]=0.0, Q=0.0
2026-09-21 17:37:27,692 INFO: Plan 1: ḡ=0, γE[v]=20.0, Q=20.0
2026-09-21 17:37:27,715 INFO: Plan 0: ḡ=12, γE[v]=17.5, Q=29.5
2026-09-21 17:37:28,785 INFO: Plan 0: ḡ=12, γE[v]=10.0, Q=22.0
2026-09-21 17:37:28,786 INFO: Plan 1: ḡ=12, γE[v]=15.0, Q=27.0
2026-09-21 17:37:28,787 INFO: Plan 2: ḡ=12, γE[v]=15.0, Q=27.0
2026-09-21 17:37:30,304 INFO: Plan 1: ḡ=12, γE[v]=10.0, Q=22.0
2026-09-21 17:37:30,305 INFO: Plan 0: ḡ=12, γE[v]=10.0, Q=22.0
2026-09-21 17:37:30,306 INFO: Plan 2: ḡ=22, γE[v]=9.0, Q=31.0
2026-09-21 17:37:30,474 INFO: Plan 2: ḡ=20, γE[v]=15.0, Q=35.0
2026-09-21 17:37:30,475 INFO: Plan 1: ḡ=15, γE[v]=10.0, Q=25.0
2026-09-21 17:37:30,476 INFO: Plan 0: ḡ=12, γE[v]=7.5, Q=19.5
2026-09-21 17:37:30,671 INFO: Plan 1: ḡ=12, γE[v]=12.5, Q=24.5
2026-09-21 17:37:30,671 INFO: Plan 0: ḡ=12, γE[v]=17.5, Q=29.5
2026-09-21 17:37:30,696 INFO: Plan 2: ḡ=25, γE[v]=7.5, Q=32.5
2026-09-21 17:37:41,384 INFO: Plan 0: ḡ=2, γE[v]=5.0, Q=7.0
2026-09-21 17:37:41,422 INFO: Plan 2: ḡ=22, γE[v]=9.0, Q=31.0
2026-09-21 17:37:41,422 INFO: Plan 1: ḡ=12, γE[v]=15.0, Q=27.0
2026-09-21 17:37:43,868 INFO: Plan 2: ḡ=0, γE[v]=0.0, Q=0.0
2026-09-21 17:37:43,869 INFO: Plan 1: ḡ=0, γE[v]=0.0, Q=0.0
2026-09-21 17:37:43,870 INFO: Plan 0: ḡ=0, γE[v]=0.0, Q=0.0
2026-09-21 17:37:44,969 INFO: Plan 1: ḡ=35, γE[v]=10.0, Q=45.0
2026-09-21 17:37:44,970 INFO: Plan 0: ḡ=12, γE[v]=10.0, Q=22.0
2026-09-21 17:37:44,971 INFO: Plan 2: ḡ=40, γE[v]=15.0, Q=55.0
2026-09-21 17:37:45,916 INFO: Plan 2: ḡ=12, γE[v]=15.0, Q=27.0
2026-09-21 17:37:45,917 INFO: Plan 1: ḡ=12, γE[v]=17.5, Q=29.5
2026-09-21 17:37:45,918 INFO: Plan 0: ḡ=35, γE[v]=10.0, Q=45.0
2026-09-21 17:37:49,076 INFO: Plan 0: ḡ=12, γE[v]=17.5, Q=29.5
2026-09-21 17:37:49,077 INFO: Plan 1: ḡ=35, γE[v]=10.0, Q=45.0
2026-09-21 17:37:49,079 INFO: Plan 2: ḡ=25, γE[v]=15.0, Q=40.0
2026-09-21 17:37:49,492 INFO: Plan 2: ḡ=35, γE[v]=20.0, Q=55.0
2026-09-21 17:37:49,493 INFO: Plan 0: ḡ=25, γE[v]=15.0, Q=40.0
2026-09-21 17:37:49,494 INFO: Plan 1: ḡ=35, γE[v]=10.0, Q=45.0
2026-09-21 17:37:50,324 INFO: Plan 1: ḡ=12, γE[v]=15.0, Q=27.0
2026-09-21 17:37:50,324 INFO: Plan 0: ḡ=12, γE[v]=15.0, Q=27.0
2026-09-21 17:37:50,325 INFO: Plan 2: ḡ=12, γE[v]=15.0, Q=27.0
2026-09-21 17:37:51,325 INFO: Plan 2: ḡ=12, γE[v]=17.5, Q=29.5
2026-09-21 17:37:51,355 INFO: Plan 0: ḡ=12, γE[v]=70.0, Q=82.0
2026-09-21 17:37:51,357 INFO: Plan 1: ḡ=12, γE[v]=70.0, Q=82.0
2026-09-21 17:37:52,431 INFO: Plan 2: ḡ=0, γE[v]=2.5, Q=2.5
2026-09-21 17:37:52,432 INFO: Plan 1: ḡ=0, γE[v]=0.0, Q=0.0
2026-09-21 17:37:52,487 INFO: Plan 0: ḡ=12, γE[v]=15.0, Q=27.0
2026-09-21 17:37:53,093 INFO: Plan 1: ḡ=35, γE[v]=10.0, Q=45.0
2026-09-21 17:37:53,094 INFO: Plan 2: ḡ=25, γE[v]=15.0, Q=40.0
2026-09-21 17:37:53,096 INFO: Plan 0: ḡ=25, γE[v]=15.0, Q=40.0
2026-09-21 17:37:53,448 INFO: Plan 0: ḡ=12, γE[v]=17.5, Q=29.5
2026-09-21 17:37:53,449 INFO: Plan 1: ḡ=35, γE[v]=20.0, Q=55.0
2026-09-21 17:37:53,450 INFO: Plan 2: ḡ=25, γE[v]=15.0, Q=40.0
2026-09-21 17:37:57,401 INFO: Plan 2: ḡ=12, γE[v]=7.5, Q=19.5
2026-09-21 17:37:57,402 INFO: Plan 0: ḡ=12, γE[v]=7.5, Q=19.5
2026-09-21 17:37:57,429 INFO: Plan 1: ḡ=12, γE[v]=17.5, Q=29.5
2026-09-21 17:37:57,892 INFO: Plan 1: ḡ=0, γE[v]=0.0, Q=0.0
2026-09-21 17:37:57,948 INFO: Plan 0: ḡ=12, γE[v]=7.5, Q=19.5
2026-09-21 17:37:57,949 INFO: Plan 2: ḡ=12, γE[v]=7.5, Q=19.5
2026-09-21 17:37:58,632 INFO: Plan 1: ḡ=25, γE[v]=15.0, Q=40.0
2026-09-21 17:37:58,633 INFO: Plan 2: ḡ=25, γE[v]=15.0, Q=40.0
2026-09-21 17:37:58,634 INFO: Plan 0: ḡ=25, γE[v]=20.0, Q=45.0
2026-09-21 17:37:59,053 INFO: Plan 0: ḡ=12, γE[v]=15.0, Q=27.0
2026-09-21 17:37:59,053 INFO: Plan 2: ḡ=12, γE[v]=17.5, Q=29.5
2026-09-21 17:37:59,054 INFO: Plan 1: ḡ=10, γE[v]=15.0, Q=25.0
2026-09-21 17:38:00,257 INFO: Plan 1: ḡ=25, γE[v]=7.5, Q=32.5
2026-09-21 17:38:00,258 INFO: Plan 0: ḡ=25, γE[v]=7.5, Q=32.5
2026-09-21 17:38:00,260 INFO: Plan 2: ḡ=35, γE[v]=10.0, Q=45.0
2026-09-21 17:38:03,548 INFO: Plan 2: ḡ=5, γE[v]=10.0, Q=15.0
2026-09-21 17:38:03,580 INFO: Plan 1: ḡ=15, γE[v]=15.0, Q=30.0
2026-09-21 17:38:03,581 INFO: Plan 0: ḡ=12, γE[v]=15.0, Q=27.0
2026-09-21 17:38:04,004 INFO: Plan 0: ḡ=35, γE[v]=20.0, Q=55.0
2026-09-21 17:38:04,005 INFO: Plan 1: ḡ=30, γE[v]=10.0, Q=40.0
2026-09-21 17:38:04,032 INFO: Plan 2: ḡ=35, γE[v]=10.0, Q=45.0
2026-09-21 17:38:05,681 INFO: Plan 1: ḡ=12, γE[v]=10.0, Q=22.0
2026-09-21 17:38:05,682 INFO: Plan 0: ḡ=12, γE[v]=10.0, Q=22.0
2026-09-21 17:38:05,682 INFO: Plan 2: ḡ=12, γE[v]=15.0, Q=27.0
2026-09-21 17:38:05,766 INFO: Plan 1: ḡ=0, γE[v]=0.0, Q=0.0
2026-09-21 17:38:05,794 INFO: Plan 2: ḡ=6, γE[v]=6.0, Q=12.0
2026-09-21 17:38:05,823 INFO: Plan 0: ḡ=12, γE[v]=10.0, Q=22.0
2026-09-21 17:38:08,330 INFO: Plan 2: ḡ=22, γE[v]=9.0, Q=31.0
2026-09-21 17:38:08,331 INFO: Plan 0: ḡ=12, γE[v]=17.5, Q=29.5
2026-09-21 17:38:08,331 INFO: Plan 1: ḡ=12, γE[v]=17.5, Q=29.5
2026-09-21 17:38:09,341 INFO: Plan 1: ḡ=12, γE[v]=19.0, Q=31.0
2026-09-21 17:38:09,342 INFO: Plan 2: ḡ=12, γE[v]=17.5, Q=29.5
2026-09-21 17:38:09,343 INFO: Plan 0: ḡ=12, γE[v]=12.5, Q=24.5
2026-09-21 17:38:11,530 INFO: Plan 2: ḡ=25, γE[v]=15.0, Q=40.0
2026-09-21 17:38:11,531 INFO: Plan 0: ḡ=35, γE[v]=20.0, Q=55.0
2026-09-21 17:38:11,532 INFO: Plan 1: ḡ=35, γE[v]=20.0, Q=55.0
2026-09-21 17:38:11,675 INFO: Plan 1: ḡ=25, γE[v]=7.5, Q=32.5
2026-09-21 17:38:11,676 INFO: Plan 0: ḡ=25, γE[v]=7.5, Q=32.5
2026-09-21 17:38:11,677 INFO: Plan 2: ḡ=35, γE[v]=7.5, Q=42.5
2026-09-21 17:38:13,822 INFO: Plan 2: ḡ=12, γE[v]=15.0, Q=27.0
2026-09-21 17:38:13,823 INFO: Plan 0: ḡ=12, γE[v]=15.0, Q=27.0
2026-09-21 17:38:13,853 INFO: Plan 1: ḡ=12, γE[v]=15.0, Q=27.0
2026-09-21 17:38:14,816 INFO: Plan 0: ḡ=12, γE[v]=17.5, Q=29.5
2026-09-21 17:38:14,817 INFO: Plan 2: ḡ=12, γE[v]=17.5, Q=29.5
2026-09-21 17:38:14,818 INFO: Plan 1: ḡ=12, γE[v]=12.5, Q=24.5
2026-09-21 17:38:16,727 INFO: Plan 1: ḡ=0, γE[v]=0.0, Q=0.0
2026-09-21 17:38:16,728 INFO: Plan 2: ḡ=0, γE[v]=0.0, Q=0.0
2026-09-21 17:38:16,757 INFO: Plan 0: ḡ=0, γE[v]=20.0, Q=20.0
2026-09-21 17:38:20,137 INFO: Plan 1: ḡ=35, γE[v]=10.0, Q=45.0
2026-09-21 17:38:20,167 INFO: Plan 2: ḡ=25, γE[v]=20.0, Q=45.0
2026-09-21 17:38:20,168 INFO: Plan 0: ḡ=35, γE[v]=10.0, Q=45.0
2026-09-21 17:38:21,720 INFO: Plan 0: ḡ=12, γE[v]=15.0, Q=27.0
2026-09-21 17:38:21,755 INFO: Plan 1: ḡ=25, γE[v]=15.0, Q=40.0
2026-09-21 17:38:21,756 INFO: Plan 2: ḡ=25, γE[v]=7.5, Q=32.5
2026-09-21 17:38:23,084 INFO: Plan 1: ḡ=12, γE[v]=10.0, Q=22.0
2026-09-21 17:38:23,085 INFO: Plan 0: ḡ=25, γE[v]=15.0, Q=40.0
2026-09-21 17:38:23,116 INFO: Plan 2: ḡ=25, γE[v]=15.0, Q=40.0
2026-09-21 17:38:24,693 INFO: Plan 2: ḡ=12, γE[v]=15.0, Q=27.0
2026-09-21 17:38:24,727 INFO: Plan 0: ḡ=12, γE[v]=70.0, Q=82.0
2026-09-21 17:38:24,728 INFO: Plan 1: ḡ=12, γE[v]=70.0, Q=82.0
2026-09-21 17:38:27,085 INFO: Plan 2: ḡ=12, γE[v]=17.5, Q=29.5
2026-09-21 17:38:27,086 INFO: Plan 0: ḡ=15, γE[v]=10.0, Q=25.0
2026-09-21 17:38:27,087 INFO: Plan 1: ḡ=20, γE[v]=15.0, Q=35.0
2026-09-21 17:38:27,148 INFO: Plan 2: ḡ=12, γE[v]=15.0, Q=27.0
2026-09-21 17:38:27,148 INFO: Plan 1: ḡ=12, γE[v]=10.0, Q=22.0
2026-09-21 17:38:27,149 INFO: Plan 0: ḡ=12, γE[v]=10.0, Q=22.0
2026-09-21 17:38:28,902 INFO: Plan 2: ḡ=25, γE[v]=15.0, Q=40.0
2026-09-21 17:38:28,903 INFO: Plan 1: ḡ=12, γE[v]=10.0, Q=22.0
2026-09-21 17:38:28,904 INFO: Plan 0: ḡ=12, γE[v]=10.0, Q=22.0
2026-09-21 17:38:33,006 INFO: Plan 1: ḡ=35, γE[v]=10.0, Q=45.0
2026-09-21 17:38:33,007 INFO: Plan 2: ḡ=25, γE[v]=15.0, Q=40.0
2026-09-21 17:38:33,008 INFO: Plan 0: ḡ=25, γE[v]=7.5, Q=32.5
2026-09-21 17:38:34,018 INFO: Plan 0: ḡ=0, γE[v]=0.0, Q=0.0
2026-09-21 17:38:34,019 INFO: Plan 1: ḡ=0, γE[v]=0.0, Q=0.0
2026-09-21 17:38:34,078 INFO: Plan 2: ḡ=12, γE[v]=7.5, Q=19.5
2026-09-21 17:38:34,831 INFO: Plan 1: ḡ=35, γE[v]=10.0, Q=45.0
2026-09-21 17:38:34,832 INFO: Plan 0: ḡ=12, γE[v]=10.0, Q=22.0
2026-09-21 17:38:34,833 INFO: Plan 2: ḡ=25, γE[v]=15.0, Q=40.0
2026-09-21 17:38:34,948 INFO: Plan 2: ḡ=25, γE[v]=15.0, Q=40.0
2026-09-21 17:38:34,950 INFO: Plan 0: ḡ=12, γE[v]=17.5, Q=29.5
2026-09-21 17:38:34,951 INFO: Plan 1: ḡ=25, γE[v]=15.0, Q=40.0
2026-09-21 17:38:38,115 INFO: Plan 1: ḡ=12, γE[v]=15.0, Q=27.0
2026-09-21 17:38:38,116 INFO: Plan 2: ḡ=12, γE[v]=15.0, Q=27.0
2026-09-21 17:38:38,117 INFO: Plan 0: ḡ=12, γE[v]=12.5, Q=24.5
2026-09-21 17:38:38,203 INFO: Plan 2: ḡ=12, γE[v]=4.0, Q=16.0
2026-09-21 17:38:38,428 INFO: Plan 1: ḡ=12, γE[v]=7.5, Q=19.5
2026-09-21 17:38:38,429 INFO: Plan 2: ḡ=0, γE[v]=5.0, Q=5.0
2026-09-21 17:38:38,430 INFO: Plan 0: ḡ=12, γE[v]=5.0, Q=17.0
2026-09-21 17:38:38,452 INFO: Plan 1: ḡ=12, γE[v]=10.0, Q=22.0
2026-09-21 17:38:38,453 INFO: Plan 0: ḡ=10, γE[v]=10.0, Q=20.0
2026-09-21 17:38:40,570 INFO: Plan 2: ḡ=0, γE[v]=5.0, Q=5.0
2026-09-21 17:38:40,599 INFO: Plan 0: ḡ=12, γE[v]=7.5, Q=19.5
2026-09-21 17:38:40,600 INFO: Plan 1: ḡ=12, γE[v]=10.0, Q=22.0
2026-09-21 17:38:41,964 INFO: Plan 1: ḡ=0, γE[v]=0.0, Q=0.0
2026-09-21 17:38:41,965 INFO: Plan 0: ḡ=0, γE[v]=0.0, Q=0.0
2026-09-21 17:38:41,992 INFO: Plan 2: ḡ=4, γE[v]=6.0, Q=10.0
2026-09-21 17:38:44,246 INFO: Plan 1: ḡ=12, γE[v]=10.0, Q=22.0
2026-09-21 17:38:44,247 INFO: Plan 2: ḡ=10, γE[v]=10.0, Q=20.0
2026-09-21 17:38:44,248 INFO: Plan 0: ḡ=12, γE[v]=7.5, Q=19.5
2026-09-21 17:38:45,797 INFO: Plan 2: ḡ=25, γE[v]=15.0, Q=40.0
2026-09-21 17:38:45,827 INFO: Plan 1: ḡ=25, γE[v]=15.0, Q=40.0
2026-09-21 17:38:45,828 INFO: Plan 0: ḡ=35, γE[v]=20.0, Q=55.0
2026-09-21 17:38:48,260 INFO: Plan 2: ḡ=22, γE[v]=15.0, Q=37.0
2026-09-21 17:38:48,261 INFO: Plan 1: ḡ=12, γE[v]=17.5, Q=29.5
2026-09-21 17:38:48,263 INFO: Plan 0: ḡ=12, γE[v]=17.5, Q=29.5
2026-09-21 17:38:49,237 INFO: Plan 2: ḡ=25, γE[v]=7.5, Q=32.5
2026-09-21 17:38:49,238 INFO: Plan 0: ḡ=12, γE[v]=17.5, Q=29.5
2026-09-21 17:38:49,239 INFO: Plan 1: ḡ=22, γE[v]=17.5, Q=39.5
2026-09-21 17:38:50,449 INFO: Plan 1: ḡ=35, γE[v]=10.0, Q=45.0
2026-09-21 17:38:50,450 INFO: Plan 0: ḡ=25, γE[v]=7.5, Q=32.5
2026-09-21 17:38:50,451 INFO: Plan 2: ḡ=25, γE[v]=10.0, Q=35.0
2026-09-21 17:38:51,151 INFO: Plan 0: ḡ=12, γE[v]=10.0, Q=22.0
2026-09-21 17:38:51,152 INFO: Plan 1: ḡ=12, γE[v]=10.0, Q=22.0
2026-09-21 17:38:51,171 INFO: Plan 2: ḡ=12, γE[v]=10.0, Q=22.0
2026-09-21 17:38:52,865 INFO: Plan 0: ḡ=12, γE[v]=15.0, Q=27.0
2026-09-21 17:38:52,866 INFO: Plan 1: ḡ=12, γE[v]=12.5, Q=24.5
2026-09-21 17:38:52,867 INFO: Plan 2: ḡ=12, γE[v]=10.0, Q=22.0
2026-09-21 17:38:53,667 INFO: Plan 1: ḡ=0, γE[v]=0.0, Q=0.0
2026-09-21 17:38:53,668 INFO: Plan 2: ḡ=0, γE[v]=0.0, Q=0.0
2026-09-21 17:38:53,724 INFO: Plan 0: ḡ=12, γE[v]=17.5, Q=29.5
2026-09-21 17:38:57,311 INFO: Plan 0: ḡ=25, γE[v]=15.0, Q=40.0
2026-09-21 17:38:57,312 INFO: Plan 2: ḡ=35, γE[v]=10.0, Q=45.0
2026-09-21 17:38:57,313 INFO: Plan 1: ḡ=25, γE[v]=15.0, Q=40.0
2026-09-21 17:38:57,347 INFO: Plan 1: ḡ=12, γE[v]=15.0, Q=27.0
2026-09-21 17:38:57,348 INFO: Plan 2: ḡ=12, γE[v]=12.5, Q=24.5
2026-09-21 17:38:57,349 INFO: Plan 0: ḡ=12, γE[v]=17.5, Q=29.5
2026-09-21 17:38:59,875 INFO: Plan 0: ḡ=12, γE[v]=10.0, Q=22.0
2026-09-21 17:38:59,876 INFO: Plan 1: ḡ=12, γE[v]=7.5, Q=19.5
2026-09-21 17:38:59,876 INFO: Plan 2: ḡ=22, γE[v]=9.0, Q=31.0
2026-09-21 17:39:01,727 INFO: Plan 1: ḡ=5, γE[v]=7.5, Q=12.5
2026-09-21 17:39:01,761 INFO: Plan 2: ḡ=12, γE[v]=10.0, Q=22.0
2026-09-21 17:39:01,762 INFO: Plan 0: ḡ=12, γE[v]=10.0, Q=22.0
2026-09-21 17:39:03,394 INFO: Plan 1: ḡ=10, γE[v]=7.5, Q=17.5
2026-09-21 17:39:03,395 INFO: Plan 0: ḡ=12, γE[v]=17.5, Q=29.5
2026-09-21 17:39:03,396 INFO: Plan 2: ḡ=15, γE[v]=10.0, Q=25.0
2026-09-21 17:39:06,151 INFO: Plan 2: ḡ=0, γE[v]=0.0, Q=0.0
2026-09-21 17:39:06,180 INFO: Plan 0: ḡ=10, γE[v]=15.0, Q=25.0
2026-09-21 17:39:06,181 INFO: Plan 1: ḡ=12, γE[v]=15.0, Q=27.0
2026-09-21 17:39:07,212 INFO: Plan 0: ḡ=10, γE[v]=10.0, Q=20.0
2026-09-21 17:39:07,213 INFO: Plan 2: ḡ=10, γE[v]=15.0, Q=25.0
2026-09-21 17:39:07,240 INFO: Plan 1: ḡ=12, γE[v]=15.0, Q=27.0
2026-09-21 17:39:07,692 INFO: Plan 1: ḡ=0, γE[v]=2.5, Q=2.5
2026-09-21 17:39:07,720 INFO: Plan 2: ḡ=12, γE[v]=10.0, Q=22.0
2026-09-21 17:39:07,749 INFO: Plan 0: ḡ=12, γE[v]=7.5, Q=19.5
2026-09-21 17:39:08,773 INFO: Plan 2: ḡ=25, γE[v]=15.0, Q=40.0
2026-09-21 17:39:08,773 INFO: Plan 1: ḡ=25, γE[v]=15.0, Q=40.0
2026-09-21 17:39:08,774 INFO: Plan 0: ḡ=12, γE[v]=15.0, Q=27.0
2026-09-21 17:39:09,211 INFO: Plan 0: ḡ=25, γE[v]=7.5, Q=32.5
2026-09-21 17:39:09,212 INFO: Plan 2: ḡ=15, γE[v]=10.0, Q=25.0
2026-09-21 17:39:09,212 INFO: Plan 1: ḡ=35, γE[v]=10.0, Q=45.0
2026-09-21 17:39:09,702 INFO: Plan 1: ḡ=12, γE[v]=15.0, Q=27.0
2026-09-21 17:39:09,703 INFO: Plan 0: ḡ=12, γE[v]=15.0, Q=27.0
2026-09-21 17:39:09,704 INFO: Plan 2: ḡ=10, γE[v]=15.0, Q=25.0
2026-09-21 17:39:12,051 INFO: Plan 1: ḡ=0, γE[v]=7.5, Q=7.5
2026-09-21 17:39:12,080 INFO: Plan 2: ḡ=12, γE[v]=7.5, Q=19.5
2026-09-21 17:39:12,081 INFO: Plan 0: ḡ=12, γE[v]=7.5, Q=19.5
2026-09-21 17:39:13,059 INFO: Plan 2: ḡ=15, γE[v]=15.0, Q=30.0
2026-09-21 17:39:13,060 INFO: Plan 0: ḡ=35, γE[v]=10.0, Q=45.0
2026-09-21 17:39:13,061 INFO: Plan 1: ḡ=35, γE[v]=10.0, Q=45.0
2026-09-21 17:39:15,291 INFO: Plan 1: ḡ=0, γE[v]=0.0, Q=0.0
2026-09-21 17:39:15,319 INFO: Plan 2: ḡ=5, γE[v]=5.0, Q=10.0
2026-09-21 17:39:15,347 INFO: Plan 0: ḡ=12, γE[v]=10.0, Q=22.0
2026-09-21 17:39:16,433 INFO: Plan 2: ḡ=12, γE[v]=15.0, Q=27.0
2026-09-21 17:39:16,461 INFO: Plan 1: ḡ=12, γE[v]=15.0, Q=27.0
2026-09-21 17:39:16,462 INFO: Plan 0: ḡ=12, γE[v]=10.0, Q=22.0
2026-09-21 17:39:17,624 INFO: Plan 2: ḡ=0, γE[v]=0.0, Q=0.0
2026-09-21 17:39:17,685 INFO: Plan 0: ḡ=12, γE[v]=10.0, Q=22.0
2026-09-21 17:39:17,686 INFO: Plan 1: ḡ=12, γE[v]=7.5, Q=19.5
2026-09-21 17:39:17,740 INFO: Plan 0: ḡ=12, γE[v]=17.5, Q=29.5
2026-09-21 17:39:17,741 INFO: Plan 1: ḡ=12, γE[v]=10.0, Q=22.0
2026-09-21 17:39:17,741 INFO: Plan 2: ḡ=12, γE[v]=17.5, Q=29.5
2026-09-21 17:39:19,274 INFO: Plan 0: ḡ=0, γE[v]=0.0, Q=0.0
2026-09-21 17:39:19,274 INFO: Plan 1: ḡ=0, γE[v]=0.0, Q=0.0
2026-09-21 17:39:19,301 INFO: Plan 2: ḡ=6, γE[v]=6.0, Q=12.0
2026-09-21 17:39:19,789 INFO: Plan 0: ḡ=12, γE[v]=15.0, Q=27.0
2026-09-21 17:39:19,790 INFO: Plan 1: ḡ=12, γE[v]=17.5, Q=29.5
2026-09-21 17:39:19,791 INFO: Plan 2: ḡ=12, γE[v]=17.5, Q=29.5
2026-09-21 17:39:21,588 INFO: Plan 1: ḡ=2, γE[v]=60.0, Q=62.0
2026-09-21 17:39:21,589 INFO: Plan 0: ḡ=12, γE[v]=7.5, Q=19.5
2026-09-21 17:39:21,616 INFO: Plan 2: ḡ=12, γE[v]=7.5, Q=19.5
2026-09-21 17:39:25,489 INFO: Plan 2: ḡ=35, γE[v]=10.0, Q=45.0
2026-09-21 17:39:25,490 INFO: Plan 0: ḡ=12, γE[v]=10.0, Q=22.0
2026-09-21 17:39:25,491 INFO: Plan 1: ḡ=12, γE[v]=10.0, Q=22.0
2026-09-21 17:39:27,519 INFO: Plan 1: ḡ=25, γE[v]=15.0, Q=40.0
2026-09-21 17:39:27,520 INFO: Plan 2: ḡ=35, γE[v]=10.0, Q=45.0
2026-09-21 17:39:27,522 INFO: Plan 0: ḡ=35, γE[v]=20.0, Q=55.0
2026-09-21 17:39:32,106 INFO: Plan 2: ḡ=0, γE[v]=0.0, Q=0.0
2026-09-21 17:39:32,107 INFO: Plan 0: ḡ=0, γE[v]=0.0, Q=0.0
2026-09-21 17:39:32,108 INFO: Plan 1: ḡ=0, γE[v]=0.0, Q=0.0
2026-09-21 17:39:32,743 INFO: Plan 0: ḡ=12, γE[v]=10.0, Q=22.0
2026-09-21 17:39:32,744 INFO: Plan 2: ḡ=12, γE[v]=17.5, Q=29.5
2026-09-21 17:39:32,745 INFO: Plan 1: ḡ=35, γE[v]=20.0, Q=55.0
2026-09-21 17:39:32,817 INFO: Plan 1: ḡ=18, γE[v]=11.0, Q=29.0
2026-09-21 17:39:32,819 INFO: Plan 2: ḡ=18, γE[v]=16.0, Q=34.0
2026-09-21 17:39:32,819 INFO: Plan 0: ḡ=25, γE[v]=7.5, Q=32.5
2026-09-21 17:39:34,415 INFO: Plan 2: ḡ=0, γE[v]=0.0, Q=0.0
2026-09-21 17:39:34,482 INFO: Plan 0: ḡ=25, γE[v]=15.0, Q=40.0
2026-09-21 17:39:34,483 INFO: Plan 1: ḡ=12, γE[v]=17.5, Q=29.5
2026-09-21 17:39:39,047 INFO: Plan 1: ḡ=0, γE[v]=5.0, Q=5.0
2026-09-21 17:39:39,082 INFO: Plan 2: ḡ=12, γE[v]=10.0, Q=22.0
2026-09-21 17:39:39,083 INFO: Plan 0: ḡ=12, γE[v]=7.5, Q=19.5
2026-09-21 17:39:39,482 INFO: Plan 2: ḡ=0, γE[v]=5.0, Q=5.0
2026-09-21 17:39:39,516 INFO: Plan 0: ḡ=12, γE[v]=15.0, Q=27.0
2026-09-21 17:39:39,517 INFO: Plan 1: ḡ=10, γE[v]=15.0, Q=25.0
2026-09-21 17:39:41,000 INFO: Plan 0: ḡ=12, γE[v]=9.0, Q=21.0
2026-09-21 17:39:41,001 INFO: Plan 2: ḡ=12, γE[v]=10.0, Q=22.0
2026-09-21 17:39:41,002 INFO: Plan 1: ḡ=12, γE[v]=10.0, Q=22.0
2026-09-21 17:39:41,692 INFO: Plan 0: ḡ=5, γE[v]=7.5, Q=12.5
2026-09-21 17:39:41,722 INFO: Plan 2: ḡ=25, γE[v]=15.0, Q=40.0
2026-09-21 17:39:41,723 INFO: Plan 1: ḡ=12, γE[v]=17.5, Q=29.5
2026-09-21 17:39:42,815 INFO: Plan 0: ḡ=12, γE[v]=10.0, Q=22.0
2026-09-21 17:39:42,816 INFO: Plan 1: ḡ=12, γE[v]=10.0, Q=22.0
2026-09-21 17:39:42,816 INFO: Plan 2: ḡ=12, γE[v]=15.0, Q=27.0
2026-09-21 17:39:43,299 INFO: Plan 0: ḡ=0, γE[v]=2.5, Q=2.5
2026-09-21 17:39:43,300 INFO: Plan 1: ḡ=0, γE[v]=0.0, Q=0.0
2026-09-21 17:39:43,357 INFO: Plan 2: ḡ=12, γE[v]=7.5, Q=19.5
2026-09-21 17:39:45,397 INFO: Plan 0: ḡ=5, γE[v]=15.0, Q=20.0
2026-09-21 17:39:45,426 INFO: Plan 2: ḡ=12, γE[v]=7.5, Q=19.5
2026-09-21 17:39:45,427 INFO: Plan 1: ḡ=12, γE[v]=7.5, Q=19.5
2026-09-21 17:39:47,990 INFO: Plan 2: ḡ=0, γE[v]=0.0, Q=0.0
2026-09-21 17:39:48,017 INFO: Plan 0: ḡ=12, γE[v]=15.0, Q=27.0
2026-09-21 17:39:48,043 INFO: Plan 1: ḡ=12, γE[v]=75.0, Q=87.0
2026-09-21 17:39:48,392 INFO: Plan 1: ḡ=22, γE[v]=17.5, Q=39.5
2026-09-21 17:39:48,393 INFO: Plan 0: ḡ=12, γE[v]=17.5, Q=29.5
2026-09-21 17:39:48,394 INFO: Plan 2: ḡ=22, γE[v]=17.5, Q=39.5
2026-09-21 17:39:48,696 INFO: Plan 1: ḡ=0, γE[v]=2.5, Q=2.5
2026-09-21 17:39:48,697 INFO: Plan 2: ḡ=0, γE[v]=0.0, Q=0.0
2026-09-21 17:39:48,753 INFO: Plan 0: ḡ=12, γE[v]=7.5, Q=19.5
2026-09-21 17:39:49,478 INFO: Plan 0: ḡ=12, γE[v]=15.0, Q=27.0
2026-09-21 17:39:49,479 INFO: Plan 1: ḡ=12, γE[v]=15.0, Q=27.0
2026-09-21 17:39:49,480 INFO: Plan 2: ḡ=12, γE[v]=10.0, Q=22.0
2026-09-21 17:39:50,219 INFO: Plan 0: ḡ=25, γE[v]=15.0, Q=40.0
2026-09-21 17:39:50,220 INFO: Plan 1: ḡ=35, γE[v]=10.0, Q=45.0
2026-09-21 17:39:50,221 INFO: Plan 2: ḡ=35, γE[v]=10.0, Q=45.0
2026-09-21 17:39:52,803 INFO: Plan 0: ḡ=5, γE[v]=7.5, Q=12.5
2026-09-21 17:39:52,832 INFO: Plan 2: ḡ=12, γE[v]=15.0, Q=27.0
2026-09-21 17:39:52,833 INFO: Plan 1: ḡ=12, γE[v]=15.0, Q=27.0
2026-09-21 17:39:52,861 INFO: Plan 0: ḡ=35, γE[v]=10.0, Q=45.0
2026-09-21 17:39:52,862 INFO: Plan 1: ḡ=35, γE[v]=10.0, Q=45.0
2026-09-21 17:39:52,890 INFO: Plan 2: ḡ=12, γE[v]=10.0, Q=22.0
2026-09-21 17:39:55,190 INFO: Plan 1: ḡ=12, γE[v]=7.5, Q=19.5
2026-09-21 17:39:55,218 INFO: Plan 0: ḡ=12, γE[v]=5.0, Q=17.0
2026-09-21 17:39:55,219 INFO: Plan 2: ḡ=12, γE[v]=15.0, Q=27.0
  [1/27] click.types seed=42: {'cov_qvalue_tgt_calib': 79}
2026-09-21 17:39:56,851 INFO: Plan 0: ḡ=12, γE[v]=15.0, Q=27.0
2026-09-21 17:39:56,880 INFO: Plan 1: ḡ=35, γE[v]=10.0, Q=45.0
2026-09-21 17:39:56,881 INFO: Plan 2: ḡ=25, γE[v]=15.0, Q=40.0
2026-09-21 17:39:57,819 INFO: Plan 1: ḡ=0, γE[v]=0.0, Q=0.0
2026-09-21 17:39:57,820 INFO: Plan 0: ḡ=0, γE[v]=0.0, Q=0.0
2026-09-21 17:39:57,876 INFO: Plan 2: ḡ=10, γE[v]=7.5, Q=17.5
2026-09-21 17:39:58,745 INFO: Plan 0: ḡ=12, γE[v]=10.0, Q=22.0
2026-09-21 17:39:58,746 INFO: Plan 2: ḡ=12, γE[v]=7.5, Q=19.5
2026-09-21 17:39:58,747 INFO: Plan 1: ḡ=12, γE[v]=7.5, Q=19.5
2026-09-21 17:39:59,666 INFO: Plan 0: ḡ=12, γE[v]=17.5, Q=29.5
2026-09-21 17:39:59,668 INFO: Plan 2: ḡ=12, γE[v]=17.5, Q=29.5
2026-09-21 17:39:59,669 INFO: Plan 1: ḡ=10, γE[v]=20.0, Q=30.0
2026-09-21 17:40:00,431 INFO: Plan 2: ḡ=12, γE[v]=10.0, Q=22.0
2026-09-21 17:40:00,433 INFO: Plan 0: ḡ=12, γE[v]=10.0, Q=22.0
2026-09-21 17:40:00,434 INFO: Plan 1: ḡ=25, γE[v]=15.0, Q=40.0
2026-09-21 17:40:01,020 INFO: Plan 2: ḡ=25, γE[v]=7.5, Q=32.5
2026-09-21 17:40:01,021 INFO: Plan 0: ḡ=12, γE[v]=15.0, Q=27.0
2026-09-21 17:40:01,049 INFO: Plan 1: ḡ=25, γE[v]=7.5, Q=32.5
  [2/27] werkzeug.http seed=42: {'cov_qvalue_tgt_calib': 140}
  [3/27] rich.text seed=42: {'cov_qvalue_tgt_calib': 223}
2026-09-21 17:40:05,992 INFO: Plan 0: ḡ=0, γE[v]=0.0, Q=0.0
2026-09-21 17:40:05,993 INFO: Plan 1: ḡ=0, γE[v]=0.0, Q=0.0
2026-09-21 17:40:05,994 INFO: Plan 2: ḡ=0, γE[v]=0.0, Q=0.0
2026-09-21 17:40:06,238 INFO: Plan 2: ḡ=0, γE[v]=0.0, Q=0.0
2026-09-21 17:40:06,266 INFO: Plan 0: ḡ=5, γE[v]=15.0, Q=20.0
2026-09-21 17:40:06,293 INFO: Plan 1: ḡ=10, γE[v]=15.0, Q=25.0
2026-09-21 17:40:07,036 INFO: Plan 2: ḡ=0, γE[v]=0.0, Q=0.0
2026-09-21 17:40:07,036 INFO: Plan 1: ḡ=0, γE[v]=0.0, Q=0.0
2026-09-21 17:40:07,091 INFO: Plan 0: ḡ=12, γE[v]=7.5, Q=19.5
2026-09-21 17:40:08,245 INFO: Plan 0: ḡ=25, γE[v]=15.0, Q=40.0
2026-09-21 17:40:08,246 INFO: Plan 1: ḡ=12, γE[v]=15.0, Q=27.0
2026-09-21 17:40:08,246 INFO: Plan 2: ḡ=12, γE[v]=10.0, Q=22.0
2026-09-21 17:40:09,178 INFO: Plan 2: ḡ=35, γE[v]=10.0, Q=45.0
2026-09-21 17:40:09,179 INFO: Plan 0: ḡ=35, γE[v]=20.0, Q=55.0
2026-09-21 17:40:09,180 INFO: Plan 1: ḡ=35, γE[v]=10.0, Q=45.0
2026-09-21 17:40:09,808 INFO: Plan 1: ḡ=25, γE[v]=15.0, Q=40.0
2026-09-21 17:40:09,809 INFO: Plan 2: ḡ=18, γE[v]=17.5, Q=35.5
2026-09-21 17:40:09,810 INFO: Plan 0: ḡ=25, γE[v]=15.0, Q=40.0
2026-09-21 17:40:10,901 INFO: Plan 0: ḡ=5, γE[v]=7.5, Q=12.5
2026-09-21 17:40:10,959 INFO: Plan 2: ḡ=12, γE[v]=10.0, Q=22.0
2026-09-21 17:40:10,959 INFO: Plan 1: ḡ=12, γE[v]=15.0, Q=27.0
  [4/27] starlette.datastructures seed=42: {'cov_qvalue_tgt_calib': 103}
2026-09-21 17:40:16,357 INFO: Plan 0: ḡ=12, γE[v]=17.5, Q=29.5
2026-09-21 17:40:16,358 INFO: Plan 1: ḡ=25, γE[v]=15.0, Q=40.0
2026-09-21 17:40:16,384 INFO: Plan 2: ḡ=12, γE[v]=15.0, Q=27.0
2026-09-21 17:40:17,168 INFO: Plan 0: ḡ=5, γE[v]=7.5, Q=12.5
2026-09-21 17:40:17,196 INFO: Plan 1: ḡ=12, γE[v]=10.0, Q=22.0
2026-09-21 17:40:17,197 INFO: Plan 2: ḡ=12, γE[v]=15.0, Q=27.0
2026-09-21 17:40:17,254 INFO: Plan 0: ḡ=12, γE[v]=7.5, Q=19.5
2026-09-21 17:40:17,255 INFO: Plan 1: ḡ=12, γE[v]=17.5, Q=29.5
2026-09-21 17:40:17,256 INFO: Plan 2: ḡ=12, γE[v]=10.0, Q=22.0
  [5/27] rich.console seed=42: {'cov_qvalue_tgt_calib': 303}
  [6/27] httpx._urls seed=42: {'cov_qvalue_tgt_calib': 77}
2026-09-21 17:40:19,262 INFO: Plan 1: ḡ=12, γE[v]=17.5, Q=29.5
2026-09-21 17:40:19,263 INFO: Plan 0: ḡ=12, γE[v]=7.5, Q=19.5
2026-09-21 17:40:19,264 INFO: Plan 2: ḡ=12, γE[v]=10.0, Q=22.0
  [7/27] requests.models seed=42: {'cov_qvalue_tgt_calib': 111}
2026-09-21 17:40:20,267 INFO: Plan 0: ḡ=0, γE[v]=20.0, Q=20.0
2026-09-21 17:40:20,294 INFO: Plan 1: ḡ=12, γE[v]=10.0, Q=22.0
2026-09-21 17:40:20,295 INFO: Plan 2: ḡ=12, γE[v]=15.0, Q=27.0
2026-09-21 17:40:20,955 INFO: Plan 2: ḡ=12, γE[v]=17.5, Q=29.5
2026-09-21 17:40:20,956 INFO: Plan 0: ḡ=12, γE[v]=10.0, Q=22.0
2026-09-21 17:40:20,957 INFO: Plan 1: ḡ=25, γE[v]=15.0, Q=40.0
2026-09-21 17:40:21,872 INFO: Plan 0: ḡ=12, γE[v]=70.0, Q=82.0
2026-09-21 17:40:21,873 INFO: Plan 1: ḡ=12, γE[v]=70.0, Q=82.0
2026-09-21 17:40:21,873 INFO: Plan 2: ḡ=12, γE[v]=17.5, Q=29.5
2026-09-21 17:40:22,791 INFO: Plan 2: ḡ=35, γE[v]=10.0, Q=45.0
2026-09-21 17:40:22,792 INFO: Plan 0: ḡ=35, γE[v]=20.0, Q=55.0
2026-09-21 17:40:22,793 INFO: Plan 1: ḡ=35, γE[v]=20.0, Q=55.0
2026-09-21 17:40:23,224 INFO: Plan 1: ḡ=0, γE[v]=0.0, Q=0.0
2026-09-21 17:40:23,247 INFO: Plan 0: ḡ=12, γE[v]=10.0, Q=22.0
2026-09-21 17:40:23,271 INFO: Plan 2: ḡ=12, γE[v]=10.0, Q=22.0
2026-09-21 17:40:24,066 INFO: Plan 2: ḡ=12, γE[v]=15.0, Q=27.0
2026-09-21 17:40:24,067 INFO: Plan 0: ḡ=12, γE[v]=12.5, Q=24.5
2026-09-21 17:40:24,068 INFO: Plan 1: ḡ=12, γE[v]=15.0, Q=27.0
  [8/27] werkzeug.datastructures.structures seed=42: {'cov_qvalue_tgt_calib': 118}
2026-09-21 17:40:28,130 INFO: Plan 1: ḡ=12, γE[v]=10.0, Q=22.0
2026-09-21 17:40:28,131 INFO: Plan 0: ḡ=12, γE[v]=10.0, Q=22.0
2026-09-21 17:40:28,132 INFO: Plan 2: ḡ=12, γE[v]=7.5, Q=19.5
2026-09-21 17:40:29,740 INFO: Plan 0: ḡ=0, γE[v]=0.0, Q=0.0
2026-09-21 17:40:29,740 INFO: Plan 1: ḡ=0, γE[v]=0.0, Q=0.0
2026-09-21 17:40:29,764 INFO: Plan 2: ḡ=6, γE[v]=7.5, Q=13.5
  [9/27] pydantic.main seed=42: {'cov_qvalue_tgt_calib': 206}
2026-09-21 17:40:30,337 INFO: Plan 1: ḡ=12, γE[v]=4.0, Q=16.0
2026-09-21 17:40:30,361 INFO: Plan 0: ḡ=10, γE[v]=7.5, Q=17.5
2026-09-21 17:40:30,362 INFO: Plan 2: ḡ=12, γE[v]=7.5, Q=19.5
  [10/27] jinja2.filters seed=42: {'cov_qvalue_tgt_calib': 192}
2026-09-21 17:40:31,005 INFO: Plan 0: ḡ=12, γE[v]=17.5, Q=29.5
2026-09-21 17:40:31,029 INFO: Plan 1: ḡ=12, γE[v]=17.5, Q=29.5
2026-09-21 17:40:31,030 INFO: Plan 2: ḡ=12, γE[v]=17.5, Q=29.5
  [11/27] jinja2.environment seed=42: {'cov_qvalue_tgt_calib': 96}
2026-09-21 17:40:32,323 INFO: Plan 2: ḡ=0, γE[v]=0.0, Q=0.0
2026-09-21 17:40:32,324 INFO: Plan 1: ḡ=2, γE[v]=20.0, Q=22.0
2026-09-21 17:40:32,345 INFO: Plan 0: ḡ=12, γE[v]=7.5, Q=19.5
  [12/27] flask.helpers seed=42: {'cov_qvalue_tgt_calib': 23}
  [13/27] click.termui seed=42: {'cov_qvalue_tgt_calib': 49}
2026-09-21 17:40:39,263 INFO: Plan 1: ḡ=35, γE[v]=20.0, Q=55.0
2026-09-21 17:40:39,264 INFO: Plan 0: ḡ=25, γE[v]=15.0, Q=40.0
2026-09-21 17:40:39,265 INFO: Plan 2: ḡ=25, γE[v]=15.0, Q=40.0
2026-09-21 17:40:39,734 INFO: Plan 0: ḡ=25, γE[v]=15.0, Q=40.0
2026-09-21 17:40:39,759 INFO: Plan 1: ḡ=25, γE[v]=15.0, Q=40.0
2026-09-21 17:40:39,759 INFO: Plan 2: ḡ=12, γE[v]=10.0, Q=22.0
  [14/27] pydantic.types seed=42: {'cov_qvalue_tgt_calib': 154}
2026-09-21 17:40:45,385 INFO: Plan 2: ḡ=12, γE[v]=15.0, Q=27.0
2026-09-21 17:40:45,386 INFO: Plan 0: ḡ=12, γE[v]=15.0, Q=27.0
2026-09-21 17:40:45,387 INFO: Plan 1: ḡ=12, γE[v]=10.0, Q=22.0
2026-09-21 17:40:45,516 INFO: Plan 2: ḡ=25, γE[v]=15.0, Q=40.0
2026-09-21 17:40:45,517 INFO: Plan 0: ḡ=10, γE[v]=10.0, Q=20.0
2026-09-21 17:40:45,518 INFO: Plan 1: ḡ=25, γE[v]=15.0, Q=40.0
2026-09-21 17:40:47,843 INFO: Plan 0: ḡ=0, γE[v]=0.0, Q=0.0
2026-09-21 17:40:47,864 INFO: Plan 2: ḡ=12, γE[v]=7.5, Q=19.5
2026-09-21 17:40:47,885 INFO: Plan 1: ḡ=12, γE[v]=7.5, Q=19.5
  [15/27] requests.utils seed=42: {'cov_qvalue_tgt_calib': 75}
2026-09-21 17:40:49,302 INFO: Plan 1: ḡ=12, γE[v]=10.0, Q=22.0
2026-09-21 17:40:49,302 INFO: Plan 0: ḡ=12, γE[v]=7.5, Q=19.5
2026-09-21 17:40:49,321 INFO: Plan 2: ḡ=25, γE[v]=15.0, Q=40.0
  [16/27] pydantic.json_schema seed=42: {'cov_qvalue_tgt_calib': 280}
2026-09-21 17:40:51,635 INFO: Plan 0: ḡ=35, γE[v]=20.0, Q=55.0
2026-09-21 17:40:51,655 INFO: Plan 1: ḡ=25, γE[v]=7.5, Q=32.5
2026-09-21 17:40:51,656 INFO: Plan 2: ḡ=35, γE[v]=10.0, Q=45.0
2026-09-21 17:40:52,012 INFO: Plan 2: ḡ=0, γE[v]=5.0, Q=5.0
2026-09-21 17:40:52,031 INFO: Plan 0: ḡ=12, γE[v]=15.0, Q=27.0
2026-09-21 17:40:52,050 INFO: Plan 1: ḡ=12, γE[v]=15.0, Q=27.0
2026-09-21 17:40:53,137 INFO: Plan 0: ḡ=12, γE[v]=7.5, Q=19.5
2026-09-21 17:40:53,155 INFO: Plan 1: ḡ=12, γE[v]=7.5, Q=19.5
2026-09-21 17:40:53,156 INFO: Plan 2: ḡ=12, γE[v]=15.0, Q=27.0
  [17/27] jinja2.compiler seed=42: {'cov_qvalue_tgt_calib': 94}
  [18/27] click.core seed=42: {'cov_qvalue_tgt_calib': 265}
2026-09-21 17:40:56,760 INFO: Plan 0: ḡ=12, γE[v]=17.5, Q=29.5
2026-09-21 17:40:56,778 INFO: Plan 1: ḡ=8, γE[v]=6.0, Q=14.0
2026-09-21 17:40:56,778 INFO: Plan 2: ḡ=8, γE[v]=17.5, Q=25.5
  [19/27] starlette.routing seed=42: {'cov_qvalue_tgt_calib': 80}
  [20/27] flask.cli seed=42: {'cov_qvalue_tgt_calib': 139}
  [21/27] werkzeug.serving seed=42: {'cov_qvalue_tgt_calib': 64}
  [22/27] httpx._models seed=42: {'cov_qvalue_tgt_calib': 179}
2026-09-21 17:41:17,316 INFO: Plan 0: ḡ=22, γE[v]=17.5, Q=39.5
2026-09-21 17:41:17,317 INFO: Plan 1: ḡ=25, γE[v]=15.0, Q=40.0
2026-09-21 17:41:17,334 INFO: Plan 2: ḡ=25, γE[v]=15.0, Q=40.0
2026-09-21 17:41:20,445 INFO: Plan 1: ḡ=12, γE[v]=17.5, Q=29.5
2026-09-21 17:41:20,446 INFO: Plan 0: ḡ=12, γE[v]=17.5, Q=29.5
2026-09-21 17:41:20,461 INFO: Plan 2: ḡ=12, γE[v]=17.5, Q=29.5
2026-09-21 17:41:20,836 INFO: Plan 0: ḡ=5, γE[v]=7.5, Q=12.5
2026-09-21 17:41:20,871 INFO: Plan 2: ḡ=8, γE[v]=20.0, Q=28.0
2026-09-21 17:41:20,872 INFO: Plan 1: ḡ=5, γE[v]=15.0, Q=20.0
  [23/27] starlette.testclient seed=42: {'cov_qvalue_tgt_calib': 61}
2026-09-21 17:41:37,478 INFO: Plan 1: ḡ=2, γE[v]=20.0, Q=22.0
2026-09-21 17:41:37,512 INFO: Plan 2: ḡ=5, γE[v]=20.0, Q=25.0
2026-09-21 17:41:37,512 INFO: Plan 0: ḡ=0, γE[v]=25.0, Q=25.0
2026-09-21 17:41:52,734 INFO: Plan 1: ḡ=20, γE[v]=15.0, Q=35.0
2026-09-21 17:41:52,753 INFO: Plan 2: ḡ=12, γE[v]=10.0, Q=22.0
2026-09-21 17:41:52,754 INFO: Plan 0: ḡ=12, γE[v]=10.0, Q=22.0
2026-09-21 17:41:57,638 INFO: Plan 1: ḡ=0, γE[v]=5.0, Q=5.0
2026-09-21 17:41:57,673 INFO: Plan 0: ḡ=0, γE[v]=20.0, Q=20.0
2026-09-21 17:41:57,690 INFO: Plan 2: ḡ=12, γE[v]=25.5, Q=37.5
2026-09-21 17:42:18,381 INFO: Plan 0: ḡ=35, γE[v]=7.5, Q=42.5
2026-09-21 17:42:18,400 INFO: Plan 2: ḡ=12, γE[v]=10.0, Q=22.0
2026-09-21 17:42:18,401 INFO: Plan 1: ḡ=12, γE[v]=10.0, Q=22.0
2026-09-21 17:42:20,430 INFO: Plan 2: ḡ=6, γE[v]=29.0, Q=35.0
2026-09-21 17:42:20,430 INFO: Plan 1: ḡ=0, γE[v]=20.0, Q=20.0
2026-09-21 17:42:20,447 INFO: Plan 0: ḡ=18, γE[v]=16.0, Q=34.0
2026-09-21 17:42:21,809 INFO: Plan 1: ḡ=10, γE[v]=10.0, Q=20.0
2026-09-21 17:42:21,826 INFO: Plan 0: ḡ=5, γE[v]=7.5, Q=12.5
2026-09-21 17:42:21,843 INFO: Plan 2: ḡ=25, γE[v]=15.0, Q=40.0
  [24/27] rich.progress seed=42: {'cov_qvalue_tgt_calib': 144}
2026-09-21 17:42:40,202 INFO: Plan 0: ḡ=5, γE[v]=20.0, Q=25.0
2026-09-21 17:42:40,203 INFO: Plan 2: ḡ=12, γE[v]=10.0, Q=22.0
2026-09-21 17:42:40,220 INFO: Plan 1: ḡ=10, γE[v]=15.0, Q=25.0
2026-09-21 17:42:45,623 INFO: Plan 2: ḡ=25, γE[v]=15.0, Q=40.0
2026-09-21 17:42:45,657 INFO: Plan 1: ḡ=12, γE[v]=15.0, Q=27.0
2026-09-21 17:42:45,658 INFO: Plan 0: ḡ=12, γE[v]=17.5, Q=29.5
  [25/27] requests.sessions seed=42: {'cov_qvalue_tgt_calib': 64}
  [26/27] httpx._client seed=42: {'cov_qvalue_tgt_calib': 134}
2026-09-21 17:43:13,296 INFO: Plan 1: ḡ=12, γE[v]=4.0, Q=16.0
2026-09-21 17:43:13,313 INFO: Plan 0: ḡ=12, γE[v]=7.5, Q=19.5
2026-09-21 17:43:13,347 INFO: Plan 2: ḡ=22, γE[v]=9.0, Q=31.0
2026-09-21 17:43:36,100 INFO: Plan 0: ḡ=12, γE[v]=4.0, Q=16.0
2026-09-21 17:43:36,152 INFO: Plan 2: ḡ=12, γE[v]=10.0, Q=22.0
2026-09-21 17:43:36,153 INFO: Plan 1: ḡ=22, γE[v]=9.0, Q=31.0
  [27/27] flask.app seed=42: {'cov_qvalue_tgt_calib': 99}

======================================================================
RESULTS
======================================================================

Module                              seed  cov_qvalue_
-----------------------------------------------------
click.types                           42           79
werkzeug.http                         42          140
rich.text                             42          223
starlette.datastructures              42          103
rich.console                          42          303
httpx._urls                           42           77
requests.models                       42          111
werkzeug.datastructures.structures    42          118
pydantic.main                         42          206
jinja2.filters                        42          192
jinja2.environment                    42           96
flask.helpers                         42           23
click.termui                          42           49
pydantic.types                        42          154
requests.utils                        42           75
pydantic.json_schema                  42          280
jinja2.compiler                       42           94
click.core                            42          265
starlette.routing                     42           80
flask.cli                             42          139
werkzeug.serving                      42           64
httpx._models                         42          179
starlette.testclient                  42           61
rich.progress                         42          144
requests.sessions                     42           64
httpx._client                         42          134
flask.app                             42           99

======================================================================
STATISTICS
======================================================================

Per-strategy means (n=27):
  cov_qvalue_tgt_calib branches= 131.6 ± 14.1  lines=357.0  pass_rate=60%

Per-repo means:

  click (3 runs):
    cov_qvalue_tgt_calib mean=131.0

  flask (3 runs):
    cov_qvalue_tgt_calib mean=87.0

  httpx (3 runs):
    cov_qvalue_tgt_calib mean=130.0

  jinja2 (3 runs):
    cov_qvalue_tgt_calib mean=127.3

  pydantic (3 runs):
    cov_qvalue_tgt_calib mean=213.3

  requests (3 runs):
    cov_qvalue_tgt_calib mean=83.3

  rich (3 runs):
    cov_qvalue_tgt_calib mean=223.3

  starlette (3 runs):
    cov_qvalue_tgt_calib mean=81.3

  werkzeug (3 runs):
    cov_qvalue_tgt_calib mean=107.3

Cost: $0.0000 | Time: 496s (8.3m)
Saved to /share/edc/home/aamayuelasfernandez/qcurious-tester/results/repo_explore_bench/pilot_scorerpool_gemma.json
