2026-09-23 17:30:34,127 INFO: RepoExploreBench: 93 targets across 9 repos
======================================================================
RepoExploreBench v2.0
  Targets: 93 files across 9 repos
  Strategies: ['cov_greedy_multistep', 'divhints_random']
  Seeds: [42]
  Exec budget: 24 per run
  Map mode: full
  Total runs: 186
======================================================================
  Connectivity: OK

  Fetching source code...
    click.core: 114085 chars
    click.types: 36390 chars
    click.termui: 28323 chars
    click.utils: 20295 chars
    click.shell_completion: 18459 chars
    click.decorators: 18718 chars
    click.parser: 19066 chars
    click.testing: 16083 chars
    click.formatting: 9705 chars
    click.exceptions: 9272 chars
    requests.utils: 33447 chars
    requests.models: 35222 chars
    requests.sessions: 30372 chars
    requests.cookies: 18559 chars
    requests.adapters: 19552 chars
    requests.auth: 10186 chars
    flask.app: 59200 chars
    flask.cli: 33820 chars
    flask.helpers: 22991 chars
    flask.ctx: 14840 chars
    flask.sessions: 14168 chars
    flask.config: 12855 chars
    flask.json.tag: 8870 chars
    flask.testing: 10016 chars
    flask.templating: 7537 chars
    flask.json.provider: 7639 chars
    rich.console: 99096 chars
    rich.progress: 59691 chars
    rich.text: 47302 chars
    rich.table: 39643 chars
    rich.pretty: 35811 chars
    rich.syntax: 35364 chars
    rich.markdown: 26159 chars
    rich.style: 27072 chars
    rich.traceback: 29466 chars
    rich.segment: 24209 chars
    rich.color: 18220 chars
    rich.layout: 13939 chars
    jinja2.compiler: 72198 chars
    jinja2.filters: 53861 chars
    jinja2.environment: 61252 chars
    jinja2.nodes: 34549 chars
    jinja2.runtime: 33405 chars
    jinja2.parser: 39735 chars
    jinja2.ext: 31843 chars
    jinja2.lexer: 29725 chars
    jinja2.utils: 23932 chars
    jinja2.loaders: 23084 chars
    jinja2.sandbox: 14583 chars
    jinja2.bccache: 14060 chars
    httpx._client: 67489 chars
    httpx._models: 42302 chars
    httpx._urls: 21747 chars
    httpx._main: 15634 chars
    httpx._urlparse: 17719 chars
    httpx._api: 12927 chars
    httpx._utils: 13857 chars
    httpx._transports.default: 13289 chars
    httpx._config: 12203 chars
    httpx._auth: 11829 chars
    pydantic.types: 89470 chars
    pydantic.json_schema: 102806 chars
    pydantic.main: 65891 chars
    pydantic.fields: 45929 chars
    pydantic.config: 29138 chars
    pydantic.networks: 21214 chars
    pydantic.functional_validators: 23599 chars
    pydantic.color: 21492 chars
    pydantic.type_adapter: 18033 chars
    pydantic.functional_serializers: 14619 chars
    werkzeug.http: 43362 chars
    werkzeug.serving: 39331 chars
    werkzeug.datastructures.structures: 31760 chars
    werkzeug.routing.map: 36349 chars
    werkzeug.routing.rules: 31894 chars
    werkzeug.exceptions: 26061 chars
    werkzeug.wrappers.response: 32586 chars
    werkzeug.sansio.response: 27646 chars
    werkzeug.utils: 24653 chars
    werkzeug.wrappers.request: 24619 chars
    werkzeug.local: 22002 chars
    werkzeug.wsgi: 20893 chars
    starlette.routing: 35752 chars
    starlette.testclient: 29843 chars
    starlette.datastructures: 23348 chars
    starlette.responses: 12650 chars
    starlette.requests: 11196 chars
    starlette.formparsers: 10433 chars
    starlette.applications: 10922 chars
    starlette.middleware.errors: 7937 chars
    starlette.staticfiles: 8723 chars
    starlette.templating: 8984 chars
    starlette.middleware.base: 8794 chars
  Fetched 93/93 modules

Running 93 targets with 48 workers...
  [1/93] jinja2.utils seed=42: {'cov_greedy_multistep': 11, 'divhints_random': 11}
  [2/93] click.types seed=42: {'cov_greedy_multistep': 9, 'divhints_random': 9}
  [3/93] flask.app seed=42: {'cov_greedy_multistep': 2, 'divhints_random': 163}
  [4/93] flask.sessions seed=42: {'cov_greedy_multistep': 4, 'divhints_random': 4}
  [5/93] flask.config seed=42: {'cov_greedy_multistep': 32, 'divhints_random': 29}
  [6/93] jinja2.nodes seed=42: {'cov_greedy_multistep': 11, 'divhints_random': 11}
  [7/93] requests.auth seed=42: {'cov_greedy_multistep': 49, 'divhints_random': 49}
  [8/93] click.testing seed=42: {'cov_greedy_multistep': 37, 'divhints_random': 37}
  [9/93] click.utils seed=42: {'cov_greedy_multistep': 20, 'divhints_random': 20}
  [10/93] requests.models seed=42: {'cov_greedy_multistep': 28, 'divhints_random': 28}
  [11/93] flask.ctx seed=42: {'cov_greedy_multistep': 61, 'divhints_random': 59}
  [12/93] jinja2.runtime seed=42: {'cov_greedy_multistep': 74, 'divhints_random': 70}
  [13/93] click.formatting seed=42: {'cov_greedy_multistep': 29, 'divhints_random': 29}
  [14/93] click.exceptions seed=42: {'cov_greedy_multistep': 15, 'divhints_random': 13}
  [15/93] rich.markdown seed=42: {'cov_greedy_multistep': 18, 'divhints_random': 18}
  [16/93] rich.table seed=42: {'cov_greedy_multistep': 27, 'divhints_random': 27}
  [17/93] flask.testing seed=42: {'cov_greedy_multistep': 9, 'divhints_random': 9}
  [18/93] flask.cli seed=42: {'cov_greedy_multistep': 77, 'divhints_random': 78}
  [19/93] requests.sessions seed=42: {'cov_greedy_multistep': 13, 'divhints_random': 13}
  [20/93] rich.color seed=42: {'cov_greedy_multistep': 26, 'divhints_random': 26}
  [21/93] rich.layout seed=42: {'cov_greedy_multistep': 17, 'divhints_random': 17}
  [22/93] jinja2.parser seed=42: {'cov_greedy_multistep': 13, 'divhints_random': 13}
  [23/93] rich.text seed=42: {'cov_greedy_multistep': 30, 'divhints_random': 30}
  [24/93] jinja2.loaders seed=42: {'cov_greedy_multistep': 24, 'divhints_random': 24}
  [25/93] rich.traceback seed=42: {'cov_greedy_multistep': 74, 'divhints_random': 71}
  [26/93] rich.console seed=42: {'cov_greedy_multistep': 213, 'divhints_random': 198}
  [27/93] rich.syntax seed=42: {'cov_greedy_multistep': 54, 'divhints_random': 53}
  [28/93] jinja2.ext seed=42: {'cov_greedy_multistep': 4, 'divhints_random': 4}
  [29/93] jinja2.environment seed=42: {'cov_greedy_multistep': 63, 'divhints_random': 64}
  [30/93] requests.cookies seed=42: {'cov_greedy_multistep': 8, 'divhints_random': 8}
  [31/93] click.termui seed=42: {'cov_greedy_multistep': 19, 'divhints_random': 15}
  [32/93] requests.adapters seed=42: {'cov_greedy_multistep': 53, 'divhints_random': 80}
  [33/93] click.parser seed=42: {'cov_greedy_multistep': 21, 'divhints_random': 22}
  [34/93] rich.segment seed=42: {'cov_greedy_multistep': 60, 'divhints_random': 60}
  [35/93] requests.utils seed=42: {'cov_greedy_multistep': 6, 'divhints_random': 6}
  [36/93] flask.helpers seed=42: {'cov_greedy_multistep': 10, 'divhints_random': 9}
  [37/93] click.core seed=42: {'cov_greedy_multistep': 88, 'divhints_random': 90}
  [38/93] rich.progress seed=42: {'cov_greedy_multistep': 54, 'divhints_random': 54}
  [39/93] rich.style seed=42: {'cov_greedy_multistep': 67, 'divhints_random': 87}
  [40/93] flask.json.provider seed=42: {'cov_greedy_multistep': 46, 'divhints_random': 45}
  [41/93] flask.templating seed=42: {'cov_greedy_multistep': 49, 'divhints_random': 51}
  [42/93] click.decorators seed=42: {'cov_greedy_multistep': 26, 'divhints_random': 23}
  [43/93] jinja2.filters seed=42: {'cov_greedy_multistep': 139, 'divhints_random': 139}
  [44/93] rich.pretty seed=42: {'cov_greedy_multistep': 9, 'divhints_random': 9}
  [45/93] click.shell_completion seed=42: {'cov_greedy_multistep': 10, 'divhints_random': 12}
  [46/93] jinja2.lexer seed=42: {'cov_greedy_multistep': 9, 'divhints_random': 9}
  [47/93] flask.json.tag seed=42: {'cov_greedy_multistep': 25, 'divhints_random': 22}
  [48/93] jinja2.compiler seed=42: {'cov_greedy_multistep': 33, 'divhints_random': 32}
  [49/93] httpx._models seed=42: {'cov_greedy_multistep': 111, 'divhints_random': 112}
  [50/93] jinja2.bccache seed=42: {'cov_greedy_multistep': 5, 'divhints_random': 5}
  [51/93] jinja2.sandbox seed=42: {'cov_greedy_multistep': 59, 'divhints_random': 59}
  [52/93] werkzeug.local seed=42: {'cov_greedy_multistep': 32, 'divhints_random': 34}
  [53/93] httpx._transports.default seed=42: {'cov_greedy_multistep': 5, 'divhints_random': 9}
  [54/93] werkzeug.exceptions seed=42: {'cov_greedy_multistep': 22, 'divhints_random': 22}
  [55/93] httpx._config seed=42: {'cov_greedy_multistep': 25, 'divhints_random': 24}
  [56/93] httpx._utils seed=42: {'cov_greedy_multistep': 26, 'divhints_random': 26}
  [57/93] pydantic.config seed=42: {'cov_greedy_multistep': 1, 'divhints_random': 1}
  [58/93] werkzeug.datastructures.structures seed=42: {'cov_greedy_multistep': 23, 'divhints_random': 22}
  [59/93] pydantic.functional_validators seed=42: {'cov_greedy_multistep': 36, 'divhints_random': 36}
  [60/93] pydantic.main seed=42: {'cov_greedy_multistep': 148, 'divhints_random': 160}
  [61/93] httpx._main seed=42: {'cov_greedy_multistep': 71, 'divhints_random': 57}
  [62/93] pydantic.json_schema seed=42: {'cov_greedy_multistep': 259, 'divhints_random': 252}
  [63/93] httpx._client seed=42: {'cov_greedy_multistep': 112, 'divhints_random': 121}
  [64/93] pydantic.type_adapter seed=42: {'cov_greedy_multistep': 17, 'divhints_random': 18}
  [65/93] starlette.requests seed=42: {'cov_greedy_multistep': 35, 'divhints_random': 35}
  [66/93] werkzeug.routing.rules seed=42: {'cov_greedy_multistep': 17, 'divhints_random': 17}
  [67/93] werkzeug.serving seed=42: {'cov_greedy_multistep': 17, 'divhints_random': 9}
  [68/93] httpx._urlparse seed=42: {'cov_greedy_multistep': 4, 'divhints_random': 4}
  [69/93] werkzeug.http seed=42: {'cov_greedy_multistep': 18, 'divhints_random': 22}
  [70/93] httpx._api seed=42: {'cov_greedy_multistep': 6, 'divhints_random': 6}
  [71/93] httpx._urls seed=42: {'cov_greedy_multistep': 40, 'divhints_random': 43}
  [72/93] werkzeug.utils seed=42: {'cov_greedy_multistep': 16, 'divhints_random': 15}
  [73/93] starlette.staticfiles seed=42: {'cov_greedy_multistep': 11, 'divhints_random': 37}
  [74/93] werkzeug.wsgi seed=42: {'cov_greedy_multistep': 13, 'divhints_random': 13}
  [75/93] werkzeug.wrappers.response seed=42: {'cov_greedy_multistep': 51, 'divhints_random': 54}
  [76/93] pydantic.fields seed=42: {'cov_greedy_multistep': 113, 'divhints_random': 65}
  [77/93] starlette.responses seed=42: {'cov_greedy_multistep': 24, 'divhints_random': 25}
  [78/93] starlette.applications seed=42: {'cov_greedy_multistep': 6, 'divhints_random': 9}
  [79/93] starlette.routing seed=42: {'cov_greedy_multistep': 6, 'divhints_random': 6}
  [80/93] starlette.datastructures seed=42: {'cov_greedy_multistep': 51, 'divhints_random': 51}
  [81/93] pydantic.color seed=42: {'cov_greedy_multistep': 80, 'divhints_random': 17}
  [82/93] werkzeug.routing.map seed=42: {'cov_greedy_multistep': 44, 'divhints_random': 49}
  [83/93] starlette.testclient seed=42: {'cov_greedy_multistep': 4, 'divhints_random': 4}
  [84/93] httpx._auth seed=42: {'cov_greedy_multistep': 57, 'divhints_random': 55}
  [85/93] pydantic.networks seed=42: {'cov_greedy_multistep': 34, 'divhints_random': 35}
  [86/93] starlette.formparsers seed=42: {'cov_greedy_multistep': 2, 'divhints_random': 2}
  [87/93] pydantic.types seed=42: {'cov_greedy_multistep': 151, 'divhints_random': 141}
  [88/93] pydantic.functional_serializers seed=42: {'cov_greedy_multistep': 22, 'divhints_random': 22}
  [89/93] starlette.middleware.base seed=42: {'cov_greedy_multistep': 34, 'divhints_random': 8}
  [90/93] starlette.templating seed=42: {'cov_greedy_multistep': 25, 'divhints_random': 24}
  [91/93] werkzeug.wrappers.request seed=42: {'cov_greedy_multistep': 58, 'divhints_random': 59}
  [92/93] werkzeug.sansio.response seed=42: {'cov_greedy_multistep': 70, 'divhints_random': 70}
  [93/93] starlette.middleware.errors seed=42: {'cov_greedy_multistep': 9, 'divhints_random': 37}

======================================================================
RESULTS
======================================================================

Module                              seed  cov_greedy_  divhints_ra
------------------------------------------------------------------
jinja2.utils                          42           11           11
click.types                           42            9            9
flask.app                             42            2          163
flask.sessions                        42            4            4
flask.config                          42           32           29
jinja2.nodes                          42           11           11
requests.auth                         42           49           49
click.testing                         42           37           37
click.utils                           42           20           20
requests.models                       42           28           28
flask.ctx                             42           61           59
jinja2.runtime                        42           74           70
click.formatting                      42           29           29
click.exceptions                      42           15           13
rich.markdown                         42           18           18
rich.table                            42           27           27
flask.testing                         42            9            9
flask.cli                             42           77           78
requests.sessions                     42           13           13
rich.color                            42           26           26
rich.layout                           42           17           17
jinja2.parser                         42           13           13
rich.text                             42           30           30
jinja2.loaders                        42           24           24
rich.traceback                        42           74           71
rich.console                          42          213          198
rich.syntax                           42           54           53
jinja2.ext                            42            4            4
jinja2.environment                    42           63           64
requests.cookies                      42            8            8
click.termui                          42           19           15
requests.adapters                     42           53           80
click.parser                          42           21           22
rich.segment                          42           60           60
requests.utils                        42            6            6
flask.helpers                         42           10            9
click.core                            42           88           90
rich.progress                         42           54           54
rich.style                            42           67           87
flask.json.provider                   42           46           45
flask.templating                      42           49           51
click.decorators                      42           26           23
jinja2.filters                        42          139          139
rich.pretty                           42            9            9
click.shell_completion                42           10           12
jinja2.lexer                          42            9            9
flask.json.tag                        42           25           22
jinja2.compiler                       42           33           32
httpx._models                         42          111          112
jinja2.bccache                        42            5            5
jinja2.sandbox                        42           59           59
werkzeug.local                        42           32           34
httpx._transports.default             42            5            9
werkzeug.exceptions                   42           22           22
httpx._config                         42           25           24
httpx._utils                          42           26           26
pydantic.config                       42            1            1
werkzeug.datastructures.structures    42           23           22
pydantic.functional_validators        42           36           36
pydantic.main                         42          148          160
httpx._main                           42           71           57
pydantic.json_schema                  42          259          252
httpx._client                         42          112          121
pydantic.type_adapter                 42           17           18
starlette.requests                    42           35           35
werkzeug.routing.rules                42           17           17
werkzeug.serving                      42           17            9
httpx._urlparse                       42            4            4
werkzeug.http                         42           18           22
httpx._api                            42            6            6
httpx._urls                           42           40           43
werkzeug.utils                        42           16           15
starlette.staticfiles                 42           11           37
werkzeug.wsgi                         42           13           13
werkzeug.wrappers.response            42           51           54
pydantic.fields                       42          113           65
starlette.responses                   42           24           25
starlette.applications                42            6            9
starlette.routing                     42            6            6
starlette.datastructures              42           51           51
pydantic.color                        42           80           17
werkzeug.routing.map                  42           44           49
starlette.testclient                  42            4            4
httpx._auth                           42           57           55
pydantic.networks                     42           34           35
starlette.formparsers                 42            2            2
pydantic.types                        42          151          141
pydantic.functional_serializers       42           22           22
starlette.middleware.base             42           34            8
starlette.templating                  42           25           24
werkzeug.wrappers.request             42           58           59
werkzeug.sansio.response              42           70           70
starlette.middleware.errors           42            9           37

======================================================================
STATISTICS
======================================================================

Per-strategy means (n=93):
  cov_greedy_multistep branches=  40.3 ± 4.6  lines=129.9  pass_rate=78%
  divhints_random      branches=  41.3 ± 4.6  lines=130.3  pass_rate=76%

divhints_random vs cov_greedy_multistep (+diversity, Exp 3): Δ=+1.0 ± 2.1  W=25 L=25 T=43  d=0.05  p=0.6180 

Per-repo means:

  click (10 runs):
    cov_greedy_multistep mean=27.4
    divhints_random      mean=27.0

  flask (10 runs):
    cov_greedy_multistep mean=31.5
    divhints_random      mean=46.9

  httpx (10 runs):
    cov_greedy_multistep mean=45.7
    divhints_random      mean=45.7

  jinja2 (12 runs):
    cov_greedy_multistep mean=37.1
    divhints_random      mean=36.8

  pydantic (10 runs):
    cov_greedy_multistep mean=86.1
    divhints_random      mean=74.7

  requests (6 runs):
    cov_greedy_multistep mean=26.2
    divhints_random      mean=30.7

  rich (12 runs):
    cov_greedy_multistep mean=54.1
    divhints_random      mean=54.2

  starlette (11 runs):
    cov_greedy_multistep mean=18.8
    divhints_random      mean=21.6

  werkzeug (12 runs):
    cov_greedy_multistep mean=31.8
    divhints_random      mean=32.2

Cost: $0.0000 | Time: 1464s (24.4m)
Saved to /share/edc/home/aamayuelasfernandez/qcurious-tester/results/ablations/ablation_diversity_gemma.json
