2026-09-23 14:39:27,411 INFO: RepoExploreBench: 10 targets across 1 repos
======================================================================
RepoExploreBench v2.0
  Targets: 10 files across 1 repos
  Strategies: ['random', 'greedy', 'cov_greedy', 'divhints_random', 'cov_qvalue_tgt_fnt_bayes']
  Seeds: [42]
  Exec budget: 24 per run
  Map mode: full
  Total runs: 50
======================================================================
  Connectivity: OK

  Fetching source code...
    click.core: 114085 chars
    click.types: 36390 chars
    click.termui: 28323 chars
    click.utils: 20295 chars
    click.shell_completion: 18459 chars
    click.decorators: 18718 chars
    click.parser: 19066 chars
    click.testing: 16083 chars
    click.formatting: 9705 chars
    click.exceptions: 9272 chars
  Fetched 10/10 modules

Running 10 targets with 1 workers...
2026-09-23 14:49:14,410 INFO: Plan 0: ḡ=178, γE[v]=46.5, Q=224.5 (fn)
2026-09-23 14:49:15,223 INFO: Plan 2: ḡ=443, γE[v]=123.0, Q=566.0 (fn)
2026-09-23 14:49:16,153 INFO: Plan 1: ḡ=337, γE[v]=48.5, Q=385.5 (fn)
2026-09-23 14:49:16,153 INFO: Plan 0: ḡ=89.0, γE[v]=346.3, Q=435.3 (bayes)
2026-09-23 14:49:16,153 INFO: Plan 1: ḡ=168.5, γE[v]=306.7, Q=475.2 (bayes)
2026-09-23 14:49:16,153 INFO: Plan 2: ḡ=221.5, γE[v]=283.5, Q=505.0 (bayes)
2026-09-23 14:49:39,471 INFO: Plan 0: ḡ=41, γE[v]=0.0, Q=41.0 (fn)
2026-09-23 14:49:39,516 INFO: Plan 2: ḡ=58, γE[v]=0.0, Q=58.0 (fn)
2026-09-23 14:49:40,492 INFO: Plan 1: ḡ=233, γE[v]=0.0, Q=233.0 (fn)
2026-09-23 14:49:40,493 INFO: Plan 0: ḡ=20.5, γE[v]=237.7, Q=258.2 (bayes)
2026-09-23 14:49:40,493 INFO: Plan 1: ḡ=98.2, γE[v]=198.8, Q=297.0 (bayes)
2026-09-23 14:49:40,493 INFO: Plan 2: ḡ=26.3, γE[v]=234.8, Q=261.1 (bayes)
2026-09-23 14:50:06,308 INFO: Plan 0: ḡ=34, γE[v]=0.0, Q=34.0 (fn)
2026-09-23 14:50:06,892 INFO: Plan 1: ḡ=137, γE[v]=0.0, Q=137.0 (fn)
2026-09-23 14:50:06,970 INFO: Plan 2: ḡ=64, γE[v]=0.0, Q=64.0 (fn)
2026-09-23 14:50:06,971 INFO: Plan 0: ḡ=15.5, γE[v]=85.2, Q=100.8 (bayes)
2026-09-23 14:50:06,971 INFO: Plan 1: ḡ=57.5, γE[v]=64.2, Q=121.8 (bayes)
2026-09-23 14:50:06,971 INFO: Plan 2: ḡ=29.3, γE[v]=78.3, Q=107.7 (bayes)
2026-09-23 14:50:32,541 INFO: Plan 0: ḡ=24, γE[v]=0.0, Q=24.0 (fn)
2026-09-23 14:50:32,600 INFO: Plan 1: ḡ=27, γE[v]=0.0, Q=27.0 (fn)
2026-09-23 14:50:32,787 INFO: Plan 2: ḡ=17, γE[v]=0.0, Q=17.0 (fn)
2026-09-23 14:50:32,788 INFO: Plan 0: ḡ=10.5, γE[v]=45.8, Q=56.3 (bayes)
2026-09-23 14:50:32,788 INFO: Plan 1: ḡ=10.8, γE[v]=45.7, Q=56.5 (bayes)
2026-09-23 14:50:32,788 INFO: Plan 2: ḡ=8.5, γE[v]=46.8, Q=55.3 (bayes)
2026-09-23 14:50:51,214 INFO: Plan 1: ḡ=18, γE[v]=0.0, Q=18.0 (fn)
2026-09-23 14:50:51,355 INFO: Plan 0: ḡ=24, γE[v]=0.0, Q=24.0 (fn)
2026-09-23 14:50:51,546 INFO: Plan 2: ḡ=46, γE[v]=0.0, Q=46.0 (fn)
2026-09-23 14:50:51,546 INFO: Plan 0: ḡ=10.5, γE[v]=42.6, Q=53.1 (bayes)
2026-09-23 14:50:51,546 INFO: Plan 1: ḡ=4.8, γE[v]=45.5, Q=50.2 (bayes)
2026-09-23 14:50:51,546 INFO: Plan 2: ḡ=23.0, γE[v]=36.4, Q=59.4 (bayes)
2026-09-23 14:51:09,558 INFO: Plan 0: ḡ=24, γE[v]=0.0, Q=24.0 (fn)
2026-09-23 14:51:09,763 INFO: Plan 1: ḡ=21, γE[v]=0.0, Q=21.0 (fn)
2026-09-23 14:51:09,880 INFO: Plan 2: ḡ=60, γE[v]=0.0, Q=60.0 (fn)
2026-09-23 14:51:09,880 INFO: Plan 0: ḡ=10.5, γE[v]=37.3, Q=47.8 (bayes)
2026-09-23 14:51:09,881 INFO: Plan 1: ḡ=6.2, γE[v]=39.4, Q=45.7 (bayes)
2026-09-23 14:51:09,881 INFO: Plan 2: ḡ=23.8, γE[v]=30.6, Q=54.5 (bayes)
2026-09-23 14:51:26,662 INFO: Plan 0: ḡ=24, γE[v]=0.0, Q=24.0 (fn)
2026-09-23 14:51:26,765 INFO: Plan 1: ḡ=20, γE[v]=0.0, Q=20.0 (fn)
2026-09-23 14:51:27,985 INFO: Plan 2: ḡ=37, γE[v]=13.0, Q=50.0 (fn)
2026-09-23 14:51:27,985 INFO: Plan 0: ḡ=10.5, γE[v]=29.2, Q=39.7 (bayes)
2026-09-23 14:51:27,985 INFO: Plan 1: ḡ=5.8, γE[v]=31.6, Q=37.3 (bayes)
2026-09-23 14:51:27,985 INFO: Plan 2: ḡ=13.8, γE[v]=28.2, Q=42.0 (bayes)
2026-09-23 14:51:46,595 INFO: Plan 0: ḡ=24, γE[v]=0.0, Q=24.0 (fn)
2026-09-23 14:51:46,766 INFO: Plan 1: ḡ=21, γE[v]=0.0, Q=21.0 (fn)
2026-09-23 14:51:46,883 INFO: Plan 2: ḡ=28, γE[v]=0.0, Q=28.0 (fn)
2026-09-23 14:51:46,883 INFO: Plan 0: ḡ=10.5, γE[v]=20.5, Q=31.0 (bayes)
2026-09-23 14:51:46,883 INFO: Plan 1: ḡ=6.2, γE[v]=22.6, Q=28.8 (bayes)
2026-09-23 14:51:46,884 INFO: Plan 2: ḡ=8.8, γE[v]=21.3, Q=30.1 (bayes)
  [1/10] click.core seed=42: {'random': 168, 'greedy': 54, 'cov_greedy': 67, 'divhints_random': 85, 'cov_qvalue_tgt_fnt_bayes': 336}
2026-09-23 14:57:20,918 INFO: Plan 0: ḡ=20, γE[v]=0.0, Q=20.0 (fn)
2026-09-23 14:57:21,152 INFO: Plan 2: ḡ=30, γE[v]=19.5, Q=49.5 (fn)
2026-09-23 14:57:21,621 INFO: Plan 1: ḡ=46, γE[v]=21.5, Q=67.5 (fn)
2026-09-23 14:57:21,621 INFO: Plan 0: ḡ=10.0, γE[v]=119.0, Q=129.0 (bayes)
2026-09-23 14:57:21,621 INFO: Plan 1: ḡ=23.0, γE[v]=113.5, Q=136.5 (bayes)
2026-09-23 14:57:21,621 INFO: Plan 2: ḡ=15.0, γE[v]=117.4, Q=132.4 (bayes)
2026-09-23 14:57:36,814 INFO: Plan 2: ḡ=52, γE[v]=1.5, Q=53.5 (fn)
2026-09-23 14:57:36,831 INFO: Plan 0: ḡ=11, γE[v]=0.0, Q=11.0 (fn)
2026-09-23 14:57:37,794 INFO: Plan 1: ḡ=83, γE[v]=5.5, Q=88.5 (fn)
2026-09-23 14:57:37,795 INFO: Plan 0: ḡ=5.5, γE[v]=107.5, Q=113.0 (bayes)
2026-09-23 14:57:37,795 INFO: Plan 1: ḡ=37.7, γE[v]=91.7, Q=129.3 (bayes)
2026-09-23 14:57:37,795 INFO: Plan 2: ḡ=26.0, γE[v]=97.3, Q=123.3 (bayes)
2026-09-23 14:57:51,963 INFO: Plan 1: ḡ=49, γE[v]=0.0, Q=49.0 (fn)
2026-09-23 14:57:52,014 INFO: Plan 0: ḡ=11, γE[v]=0.0, Q=11.0 (fn)
2026-09-23 14:57:52,432 INFO: Plan 2: ḡ=148, γE[v]=6.5, Q=154.5 (fn)
2026-09-23 14:57:52,432 INFO: Plan 0: ḡ=5.5, γE[v]=88.9, Q=94.4 (bayes)
2026-09-23 14:57:52,432 INFO: Plan 1: ḡ=16.7, γE[v]=83.3, Q=100.0 (bayes)
2026-09-23 14:57:52,432 INFO: Plan 2: ḡ=74.0, γE[v]=55.0, Q=129.0 (bayes)
2026-09-23 14:58:06,598 INFO: Plan 2: ḡ=41, γE[v]=0.0, Q=41.0 (fn)
2026-09-23 14:58:06,649 INFO: Plan 0: ḡ=11, γE[v]=0.0, Q=11.0 (fn)
2026-09-23 14:58:06,699 INFO: Plan 1: ḡ=49, γE[v]=0.0, Q=49.0 (fn)
2026-09-23 14:58:06,700 INFO: Plan 0: ḡ=5.5, γE[v]=50.8, Q=56.3 (bayes)
2026-09-23 14:58:06,700 INFO: Plan 1: ḡ=16.5, γE[v]=45.3, Q=61.8 (bayes)
2026-09-23 14:58:06,700 INFO: Plan 2: ḡ=19.0, γE[v]=44.1, Q=63.1 (bayes)
2026-09-23 14:58:20,851 INFO: Plan 2: ḡ=30, γE[v]=0.0, Q=30.0 (fn)
2026-09-23 14:58:20,868 INFO: Plan 1: ḡ=59, γE[v]=0.0, Q=59.0 (fn)
2026-09-23 14:58:20,935 INFO: Plan 0: ḡ=11, γE[v]=0.0, Q=11.0 (fn)
2026-09-23 14:58:20,936 INFO: Plan 0: ḡ=5.5, γE[v]=42.5, Q=48.0 (bayes)
2026-09-23 14:58:20,936 INFO: Plan 1: ḡ=22.3, γE[v]=34.0, Q=56.4 (bayes)
2026-09-23 14:58:20,936 INFO: Plan 2: ḡ=12.1, γE[v]=39.2, Q=51.2 (bayes)
2026-09-23 14:58:35,758 INFO: Plan 0: ḡ=11, γE[v]=0.0, Q=11.0 (fn)
2026-09-23 14:58:35,860 INFO: Plan 1: ḡ=34, γE[v]=0.0, Q=34.0 (fn)
2026-09-23 14:58:36,075 INFO: Plan 2: ḡ=30, γE[v]=8.5, Q=38.5 (fn)
2026-09-23 14:58:36,076 INFO: Plan 0: ḡ=5.5, γE[v]=34.0, Q=39.5 (bayes)
2026-09-23 14:58:36,076 INFO: Plan 1: ḡ=11.7, γE[v]=30.9, Q=42.5 (bayes)
2026-09-23 14:58:36,076 INFO: Plan 2: ḡ=12.1, γE[v]=31.0, Q=43.1 (bayes)
2026-09-23 14:58:51,702 INFO: Plan 0: ḡ=11, γE[v]=0.0, Q=11.0 (fn)
2026-09-23 14:58:51,753 INFO: Plan 2: ḡ=19, γE[v]=0.0, Q=19.0 (fn)
2026-09-23 14:58:51,836 INFO: Plan 1: ḡ=32, γE[v]=0.0, Q=32.0 (fn)
2026-09-23 14:58:51,837 INFO: Plan 0: ḡ=5.5, γE[v]=14.0, Q=19.5 (bayes)
2026-09-23 14:58:51,837 INFO: Plan 1: ḡ=13.3, γE[v]=10.1, Q=23.4 (bayes)
2026-09-23 14:58:51,837 INFO: Plan 2: ḡ=5.5, γE[v]=14.0, Q=19.5 (bayes)
2026-09-23 14:59:08,079 INFO: Plan 0: ḡ=11, γE[v]=0.0, Q=11.0 (fn)
2026-09-23 14:59:08,130 INFO: Plan 2: ḡ=19, γE[v]=0.0, Q=19.0 (fn)
2026-09-23 14:59:08,312 INFO: Plan 1: ḡ=34, γE[v]=0.0, Q=34.0 (fn)
2026-09-23 14:59:08,313 INFO: Plan 0: ḡ=5.5, γE[v]=12.0, Q=17.5 (bayes)
2026-09-23 14:59:08,313 INFO: Plan 1: ḡ=10.3, γE[v]=9.6, Q=19.9 (bayes)
2026-09-23 14:59:08,313 INFO: Plan 2: ḡ=5.5, γE[v]=12.0, Q=17.5 (bayes)
  [2/10] click.types seed=42: {'random': 8, 'greedy': 8, 'cov_greedy': 9, 'divhints_random': 11, 'cov_qvalue_tgt_fnt_bayes': 83}
2026-09-23 15:05:59,482 INFO: Plan 2: ḡ=39, γE[v]=0.0, Q=39.0 (fn)
2026-09-23 15:05:59,565 INFO: Plan 1: ḡ=75, γE[v]=0.0, Q=75.0 (fn)
2026-09-23 15:05:59,713 INFO: Plan 0: ḡ=114, γE[v]=0.0, Q=114.0 (fn)
2026-09-23 15:05:59,713 INFO: Plan 0: ḡ=57.0, γE[v]=28.5, Q=85.5 (bayes)
2026-09-23 15:05:59,714 INFO: Plan 1: ḡ=37.5, γE[v]=38.2, Q=75.8 (bayes)
2026-09-23 15:05:59,714 INFO: Plan 2: ḡ=19.5, γE[v]=47.2, Q=66.8 (bayes)
2026-09-23 15:06:14,510 INFO: Plan 2: ḡ=30, γE[v]=0.0, Q=30.0 (fn)
2026-09-23 15:06:14,560 INFO: Plan 1: ḡ=59, γE[v]=0.0, Q=59.0 (fn)
2026-09-23 15:06:14,643 INFO: Plan 0: ḡ=99, γE[v]=0.0, Q=99.0 (fn)
2026-09-23 15:06:14,643 INFO: Plan 0: ḡ=37.2, γE[v]=22.2, Q=59.4 (bayes)
2026-09-23 15:06:14,643 INFO: Plan 1: ḡ=29.5, γE[v]=26.1, Q=55.6 (bayes)
2026-09-23 15:06:14,643 INFO: Plan 2: ḡ=15.0, γE[v]=33.3, Q=48.3 (bayes)
2026-09-23 15:06:29,983 INFO: Plan 2: ḡ=19, γE[v]=0.0, Q=19.0 (fn)
2026-09-23 15:06:30,034 INFO: Plan 1: ḡ=24, γE[v]=0.0, Q=24.0 (fn)
2026-09-23 15:06:30,050 INFO: Plan 0: ḡ=66, γE[v]=0.0, Q=66.0 (fn)
2026-09-23 15:06:30,050 INFO: Plan 0: ḡ=29.7, γE[v]=10.8, Q=40.4 (bayes)
2026-09-23 15:06:30,050 INFO: Plan 1: ḡ=12.0, γE[v]=19.6, Q=31.6 (bayes)
2026-09-23 15:06:30,050 INFO: Plan 2: ḡ=9.5, γE[v]=20.8, Q=30.3 (bayes)
2026-09-23 15:06:44,254 INFO: Plan 2: ḡ=16, γE[v]=0.0, Q=16.0 (fn)
2026-09-23 15:06:44,321 INFO: Plan 1: ḡ=14, γE[v]=0.0, Q=14.0 (fn)
2026-09-23 15:06:44,338 INFO: Plan 0: ḡ=33, γE[v]=0.0, Q=33.0 (fn)
2026-09-23 15:06:44,338 INFO: Plan 0: ḡ=11.5, γE[v]=7.5, Q=19.0 (bayes)
2026-09-23 15:06:44,338 INFO: Plan 1: ḡ=7.0, γE[v]=9.8, Q=16.8 (bayes)
2026-09-23 15:06:44,338 INFO: Plan 2: ḡ=8.0, γE[v]=9.2, Q=17.2 (bayes)
2026-09-23 15:07:00,190 INFO: Plan 1: ḡ=11, γE[v]=0.0, Q=11.0 (fn)
2026-09-23 15:07:00,207 INFO: Plan 0: ḡ=24, γE[v]=0.0, Q=24.0 (fn)
2026-09-23 15:07:00,256 INFO: Plan 2: ḡ=19, γE[v]=0.0, Q=19.0 (fn)
2026-09-23 15:07:00,256 INFO: Plan 0: ḡ=5.3, γE[v]=7.5, Q=12.8 (bayes)
2026-09-23 15:07:00,257 INFO: Plan 1: ḡ=5.5, γE[v]=7.4, Q=12.9 (bayes)
2026-09-23 15:07:00,257 INFO: Plan 2: ḡ=9.5, γE[v]=5.4, Q=14.9 (bayes)
2026-09-23 15:07:14,434 INFO: Plan 1: ḡ=11, γE[v]=0.0, Q=11.0 (fn)
2026-09-23 15:07:14,468 INFO: Plan 2: ḡ=3, γE[v]=0.0, Q=3.0 (fn)
2026-09-23 15:07:14,469 INFO: Plan 0: ḡ=24, γE[v]=0.0, Q=24.0 (fn)
2026-09-23 15:07:14,469 INFO: Plan 0: ḡ=5.3, γE[v]=3.2, Q=8.6 (bayes)
2026-09-23 15:07:14,469 INFO: Plan 1: ḡ=5.5, γE[v]=3.2, Q=8.7 (bayes)
2026-09-23 15:07:14,469 INFO: Plan 2: ḡ=1.0, γE[v]=5.4, Q=6.4 (bayes)
2026-09-23 15:07:28,072 INFO: Plan 1: ḡ=11, γE[v]=0.0, Q=11.0 (fn)
2026-09-23 15:07:28,088 INFO: Plan 2: ḡ=3, γE[v]=0.0, Q=3.0 (fn)
2026-09-23 15:07:28,121 INFO: Plan 0: ḡ=24, γE[v]=0.0, Q=24.0 (fn)
2026-09-23 15:07:28,122 INFO: Plan 0: ḡ=5.3, γE[v]=2.3, Q=7.7 (bayes)
2026-09-23 15:07:28,122 INFO: Plan 1: ḡ=3.7, γE[v]=3.2, Q=6.8 (bayes)
2026-09-23 15:07:28,122 INFO: Plan 2: ḡ=1.0, γE[v]=4.5, Q=5.5 (bayes)
2026-09-23 15:07:42,777 INFO: Plan 2: ḡ=0, γE[v]=0.0, Q=0.0 (fn)
2026-09-23 15:07:42,811 INFO: Plan 0: ḡ=20, γE[v]=0.0, Q=20.0 (fn)
2026-09-23 15:07:42,877 INFO: Plan 1: ḡ=11, γE[v]=0.0, Q=11.0 (fn)
2026-09-23 15:07:42,878 INFO: Plan 0: ḡ=3.3, γE[v]=2.3, Q=5.7 (bayes)
2026-09-23 15:07:42,878 INFO: Plan 1: ḡ=3.7, γE[v]=2.2, Q=5.8 (bayes)
2026-09-23 15:07:42,878 INFO: Plan 2: ḡ=0.0, γE[v]=4.0, Q=4.0 (bayes)
  [3/10] click.termui seed=42: {'random': 7, 'greedy': 7, 'cov_greedy': 15, 'divhints_random': 13, 'cov_qvalue_tgt_fnt_bayes': 36}
2026-09-23 15:14:42,213 INFO: Plan 0: ḡ=60, γE[v]=0.0, Q=60.0 (fn)
2026-09-23 15:14:42,699 INFO: Plan 2: ḡ=57, γE[v]=0.0, Q=57.0 (fn)
2026-09-23 15:14:43,725 INFO: Plan 1: ḡ=31, γE[v]=8.5, Q=39.5 (fn)
2026-09-23 15:14:43,725 INFO: Plan 0: ḡ=30.0, γE[v]=53.2, Q=83.2 (bayes)
2026-09-23 15:14:43,726 INFO: Plan 1: ḡ=15.5, γE[v]=60.9, Q=76.4 (bayes)
2026-09-23 15:14:43,726 INFO: Plan 2: ḡ=28.5, γE[v]=54.0, Q=82.5 (bayes)
2026-09-23 15:14:58,771 INFO: Plan 2: ḡ=53, γE[v]=0.0, Q=53.0 (fn)
2026-09-23 15:14:59,345 INFO: Plan 0: ḡ=83, γE[v]=2.0, Q=85.0 (fn)
2026-09-23 15:14:59,542 INFO: Plan 1: ḡ=48, γE[v]=0.0, Q=48.0 (fn)
2026-09-23 15:14:59,542 INFO: Plan 0: ḡ=34.0, γE[v]=43.8, Q=77.8 (bayes)
2026-09-23 15:14:59,542 INFO: Plan 1: ḡ=24.0, γE[v]=48.8, Q=72.8 (bayes)
2026-09-23 15:14:59,542 INFO: Plan 2: ḡ=26.5, γE[v]=47.5, Q=74.0 (bayes)
2026-09-23 15:15:11,726 INFO: Plan 2: ḡ=66, γE[v]=0.0, Q=66.0 (fn)
2026-09-23 15:15:11,760 INFO: Plan 1: ḡ=66, γE[v]=0.0, Q=66.0 (fn)
2026-09-23 15:15:12,455 INFO: Plan 0: ḡ=53, γE[v]=2.0, Q=55.0 (fn)
2026-09-23 15:15:12,456 INFO: Plan 0: ḡ=14.2, γE[v]=39.1, Q=53.3 (bayes)
2026-09-23 15:15:12,456 INFO: Plan 1: ḡ=33.0, γE[v]=29.6, Q=62.6 (bayes)
2026-09-23 15:15:12,456 INFO: Plan 2: ḡ=33.0, γE[v]=29.6, Q=62.6 (bayes)
2026-09-23 15:15:25,865 INFO: Plan 1: ḡ=6, γE[v]=0.0, Q=6.0 (fn)
2026-09-23 15:15:25,866 INFO: Plan 0: ḡ=51, γE[v]=0.0, Q=51.0 (fn)
2026-09-23 15:15:27,122 INFO: Plan 2: ḡ=90, γE[v]=26.5, Q=116.5 (fn)
2026-09-23 15:15:27,123 INFO: Plan 0: ḡ=13.2, γE[v]=23.0, Q=36.2 (bayes)
2026-09-23 15:15:27,123 INFO: Plan 1: ḡ=3.0, γE[v]=28.1, Q=31.1 (bayes)
2026-09-23 15:15:27,123 INFO: Plan 2: ḡ=45.0, γE[v]=8.9, Q=53.9 (bayes)
2026-09-23 15:15:38,725 INFO: Plan 2: ḡ=5, γE[v]=0.0, Q=5.0 (fn)
2026-09-23 15:15:39,245 INFO: Plan 1: ḡ=8, γE[v]=0.0, Q=8.0 (fn)
2026-09-23 15:15:39,609 INFO: Plan 0: ḡ=51, γE[v]=0.0, Q=51.0 (fn)
2026-09-23 15:15:39,609 INFO: Plan 0: ḡ=10.5, γE[v]=1.3, Q=11.8 (bayes)
2026-09-23 15:15:39,609 INFO: Plan 1: ḡ=2.3, γE[v]=5.4, Q=7.8 (bayes)
2026-09-23 15:15:39,609 INFO: Plan 2: ḡ=1.7, γE[v]=5.8, Q=7.4 (bayes)
2026-09-23 15:15:53,853 INFO: Plan 0: ḡ=6, γE[v]=0.0, Q=6.0 (fn)
2026-09-23 15:15:53,937 INFO: Plan 1: ḡ=6, γE[v]=2.0, Q=8.0 (fn)
2026-09-23 15:15:53,970 INFO: Plan 2: ḡ=10, γE[v]=0.0, Q=10.0 (fn)
2026-09-23 15:15:53,970 INFO: Plan 0: ḡ=1.7, γE[v]=0.7, Q=2.4 (bayes)
2026-09-23 15:15:53,971 INFO: Plan 1: ḡ=1.7, γE[v]=0.8, Q=2.5 (bayes)
2026-09-23 15:15:53,971 INFO: Plan 2: ḡ=3.1, γE[v]=0.0, Q=3.1 (bayes)
2026-09-23 15:16:07,623 INFO: Plan 1: ḡ=4, γE[v]=0.0, Q=4.0 (fn)
2026-09-23 15:16:07,757 INFO: Plan 2: ḡ=6, γE[v]=0.0, Q=6.0 (fn)
2026-09-23 15:16:07,889 INFO: Plan 0: ḡ=3, γE[v]=1.5, Q=4.5 (fn)
2026-09-23 15:16:07,889 INFO: Plan 0: ḡ=0.6, γE[v]=0.5, Q=1.1 (bayes)
2026-09-23 15:16:07,889 INFO: Plan 1: ḡ=1.0, γE[v]=0.2, Q=1.2 (bayes)
2026-09-23 15:16:07,889 INFO: Plan 2: ḡ=1.3, γE[v]=0.0, Q=1.3 (bayes)
2026-09-23 15:16:21,082 INFO: Plan 1: ḡ=4, γE[v]=0.0, Q=4.0 (fn)
2026-09-23 15:16:21,183 INFO: Plan 0: ḡ=6, γE[v]=0.0, Q=6.0 (fn)
2026-09-23 15:16:21,249 INFO: Plan 2: ḡ=1, γE[v]=1.5, Q=2.5 (fn)
2026-09-23 15:16:21,249 INFO: Plan 0: ḡ=1.1, γE[v]=0.0, Q=1.1 (bayes)
2026-09-23 15:16:21,249 INFO: Plan 1: ḡ=0.8, γE[v]=0.1, Q=0.9 (bayes)
2026-09-23 15:16:21,249 INFO: Plan 2: ḡ=0.2, γE[v]=0.6, Q=0.8 (bayes)
  [4/10] click.utils seed=42: {'random': 16, 'greedy': 15, 'cov_greedy': 0, 'divhints_random': 20, 'cov_qvalue_tgt_fnt_bayes': 51}
2026-09-23 15:23:18,595 INFO: Plan 0: ḡ=34, γE[v]=23.0, Q=57.0 (fn)
2026-09-23 15:23:19,219 INFO: Plan 1: ḡ=53, γE[v]=72.5, Q=125.5 (fn)
2026-09-23 15:23:19,269 INFO: Plan 2: ḡ=55, γE[v]=33.5, Q=88.5 (fn)
2026-09-23 15:23:19,270 INFO: Plan 0: ḡ=17.0, γE[v]=47.0, Q=64.0 (bayes)
2026-09-23 15:23:19,270 INFO: Plan 1: ḡ=26.5, γE[v]=44.5, Q=71.0 (bayes)
2026-09-23 15:23:19,270 INFO: Plan 2: ḡ=27.5, γE[v]=42.3, Q=69.8 (bayes)
2026-09-23 15:23:34,052 INFO: Plan 0: ḡ=30, γE[v]=0.0, Q=30.0 (fn)
2026-09-23 15:23:34,238 INFO: Plan 1: ḡ=49, γE[v]=0.0, Q=49.0 (fn)
2026-09-23 15:23:36,210 INFO: Plan 2: ḡ=57, γE[v]=23.5, Q=80.5 (fn)
2026-09-23 15:23:36,210 INFO: Plan 0: ḡ=10.3, γE[v]=32.8, Q=43.2 (bayes)
2026-09-23 15:23:36,210 INFO: Plan 1: ḡ=16.3, γE[v]=29.8, Q=46.2 (bayes)
2026-09-23 15:23:36,211 INFO: Plan 2: ḡ=21.2, γE[v]=28.8, Q=50.0 (bayes)
2026-09-23 15:23:55,147 INFO: Plan 1: ḡ=44, γE[v]=0.0, Q=44.0 (fn)
2026-09-23 15:23:56,435 INFO: Plan 2: ḡ=88, γE[v]=37.0, Q=125.0 (fn)
2026-09-23 15:23:56,534 INFO: Plan 0: ḡ=38, γE[v]=26.0, Q=64.0 (fn)
2026-09-23 15:23:56,534 INFO: Plan 0: ḡ=12.0, γE[v]=26.0, Q=38.0 (bayes)
2026-09-23 15:23:56,534 INFO: Plan 1: ḡ=13.0, γE[v]=23.8, Q=36.8 (bayes)
2026-09-23 15:23:56,534 INFO: Plan 2: ḡ=25.8, γE[v]=19.7, Q=45.5 (bayes)
2026-09-23 15:24:17,419 INFO: Plan 2: ḡ=98, γE[v]=33.5, Q=131.5 (fn)
2026-09-23 15:24:17,520 INFO: Plan 1: ḡ=47, γE[v]=13.5, Q=60.5 (fn)
2026-09-23 15:24:18,199 INFO: Plan 0: ḡ=158, γE[v]=10.5, Q=168.5 (fn)
2026-09-23 15:24:18,199 INFO: Plan 0: ḡ=40.9, γE[v]=2.9, Q=43.8 (bayes)
2026-09-23 15:24:18,199 INFO: Plan 1: ḡ=13.3, γE[v]=16.8, Q=30.1 (bayes)
2026-09-23 15:24:18,199 INFO: Plan 2: ḡ=23.1, γE[v]=13.2, Q=36.3 (bayes)
2026-09-23 15:24:35,880 INFO: Plan 0: ḡ=93, γE[v]=0.0, Q=93.0 (fn)
2026-09-23 15:24:36,171 INFO: Plan 2: ḡ=93, γE[v]=10.5, Q=103.5 (fn)
2026-09-23 15:24:36,486 INFO: Plan 1: ḡ=39, γE[v]=37.5, Q=76.5 (fn)
2026-09-23 15:24:36,486 INFO: Plan 0: ḡ=18.2, γE[v]=1.8, Q=19.9 (bayes)
2026-09-23 15:24:36,486 INFO: Plan 1: ḡ=6.7, γE[v]=10.2, Q=16.9 (bayes)
2026-09-23 15:24:36,486 INFO: Plan 2: ḡ=18.2, γE[v]=2.5, Q=20.7 (bayes)
2026-09-23 15:24:54,294 INFO: Plan 0: ḡ=93, γE[v]=0.0, Q=93.0 (fn)
2026-09-23 15:24:54,531 INFO: Plan 2: ḡ=93, γE[v]=10.5, Q=103.5 (fn)
2026-09-23 15:24:54,912 INFO: Plan 1: ḡ=39, γE[v]=37.5, Q=76.5 (fn)
2026-09-23 15:24:54,914 INFO: Plan 0: ḡ=15.2, γE[v]=1.5, Q=16.7 (bayes)
2026-09-23 15:24:54,915 INFO: Plan 1: ḡ=5.7, γE[v]=9.0, Q=14.8 (bayes)
2026-09-23 15:24:54,915 INFO: Plan 2: ḡ=15.2, γE[v]=2.3, Q=17.5 (bayes)
2026-09-23 15:25:10,995 INFO: Plan 0: ḡ=93, γE[v]=10.5, Q=103.5 (fn)
2026-09-23 15:25:11,113 INFO: Plan 1: ḡ=39, γE[v]=37.5, Q=76.5 (fn)
2026-09-23 15:25:11,278 INFO: Plan 2: ḡ=71, γE[v]=21.5, Q=92.5 (fn)
2026-09-23 15:25:11,279 INFO: Plan 0: ḡ=13.0, γE[v]=2.1, Q=15.2 (bayes)
2026-09-23 15:25:11,280 INFO: Plan 1: ḡ=5.0, γE[v]=8.2, Q=13.2 (bayes)
2026-09-23 15:25:11,281 INFO: Plan 2: ḡ=10.1, γE[v]=4.4, Q=14.6 (bayes)
2026-09-23 15:25:26,077 INFO: Plan 2: ḡ=10, γE[v]=0.0, Q=10.0 (fn)
2026-09-23 15:25:26,312 INFO: Plan 1: ḡ=1, γE[v]=5.0, Q=6.0 (fn)
2026-09-23 15:25:26,394 INFO: Plan 0: ḡ=10, γE[v]=0.5, Q=10.5 (fn)
2026-09-23 15:25:26,396 INFO: Plan 0: ḡ=1.1, γE[v]=0.7, Q=1.8 (bayes)
2026-09-23 15:25:26,397 INFO: Plan 1: ḡ=0.1, γE[v]=1.5, Q=1.6 (bayes)
2026-09-23 15:25:26,397 INFO: Plan 2: ḡ=1.1, γE[v]=0.6, Q=1.7 (bayes)
  [5/10] click.shell_completion seed=42: {'random': 4, 'greedy': 4, 'cov_greedy': 10, 'divhints_random': 10, 'cov_qvalue_tgt_fnt_bayes': 36}
2026-09-23 15:32:41,685 INFO: Plan 0: ḡ=30, γE[v]=0.0, Q=30.0 (fn)
2026-09-23 15:32:41,835 INFO: Plan 2: ḡ=110, γE[v]=0.0, Q=110.0 (fn)
2026-09-23 15:32:42,245 INFO: Plan 1: ḡ=53, γE[v]=63.5, Q=116.5 (fn)
2026-09-23 15:32:42,246 INFO: Plan 0: ḡ=15.0, γE[v]=48.8, Q=63.8 (bayes)
2026-09-23 15:32:42,246 INFO: Plan 1: ḡ=26.5, γE[v]=45.9, Q=72.4 (bayes)
2026-09-23 15:32:42,246 INFO: Plan 2: ḡ=55.0, γE[v]=28.8, Q=83.8 (bayes)
2026-09-23 15:32:56,284 INFO: Plan 2: ḡ=23, γE[v]=0.0, Q=23.0 (fn)
2026-09-23 15:32:56,653 INFO: Plan 0: ḡ=92, γE[v]=11.5, Q=103.5 (fn)
2026-09-23 15:32:56,686 INFO: Plan 1: ḡ=53, γE[v]=23.0, Q=76.0 (fn)
2026-09-23 15:32:56,686 INFO: Plan 0: ḡ=46.0, γE[v]=6.3, Q=52.3 (bayes)
2026-09-23 15:32:56,686 INFO: Plan 1: ḡ=26.5, γE[v]=16.5, Q=43.0 (bayes)
2026-09-23 15:32:56,686 INFO: Plan 2: ḡ=11.5, γE[v]=23.0, Q=34.5 (bayes)
2026-09-23 15:33:11,173 INFO: Plan 1: ḡ=7, γE[v]=0.0, Q=7.0 (fn)
2026-09-23 15:33:11,240 INFO: Plan 2: ḡ=23, γE[v]=0.0, Q=23.0 (fn)
2026-09-23 15:33:11,273 INFO: Plan 0: ḡ=15, γE[v]=0.0, Q=15.0 (fn)
2026-09-23 15:33:11,273 INFO: Plan 0: ḡ=5.0, γE[v]=2.7, Q=7.7 (bayes)
2026-09-23 15:33:11,273 INFO: Plan 1: ḡ=2.3, γE[v]=4.0, Q=6.3 (bayes)
2026-09-23 15:33:11,273 INFO: Plan 2: ḡ=7.7, γE[v]=1.3, Q=9.0 (bayes)
2026-09-23 15:33:25,629 INFO: Plan 1: ḡ=4, γE[v]=0.0, Q=4.0 (fn)
2026-09-23 15:33:25,645 INFO: Plan 0: ḡ=4, γE[v]=0.0, Q=4.0 (fn)
2026-09-23 15:33:25,728 INFO: Plan 2: ḡ=8, γE[v]=0.0, Q=8.0 (fn)
2026-09-23 15:33:25,728 INFO: Plan 0: ḡ=1.3, γE[v]=0.7, Q=2.0 (bayes)
2026-09-23 15:33:25,728 INFO: Plan 1: ḡ=1.3, γE[v]=0.7, Q=2.0 (bayes)
2026-09-23 15:33:25,728 INFO: Plan 2: ḡ=2.7, γE[v]=0.0, Q=2.7 (bayes)
2026-09-23 15:33:39,742 INFO: Plan 0: ḡ=4, γE[v]=0.0, Q=4.0 (fn)
2026-09-23 15:33:39,776 INFO: Plan 1: ḡ=4, γE[v]=0.0, Q=4.0 (fn)
2026-09-23 15:33:39,841 INFO: Plan 2: ḡ=8, γE[v]=0.0, Q=8.0 (fn)
2026-09-23 15:33:39,842 INFO: Plan 0: ḡ=1.0, γE[v]=0.5, Q=1.5 (bayes)
2026-09-23 15:33:39,842 INFO: Plan 1: ḡ=1.0, γE[v]=0.5, Q=1.5 (bayes)
2026-09-23 15:33:39,842 INFO: Plan 2: ḡ=2.0, γE[v]=0.0, Q=2.0 (bayes)
2026-09-23 15:33:53,167 INFO: Plan 1: ḡ=4, γE[v]=0.0, Q=4.0 (fn)
2026-09-23 15:33:53,217 INFO: Plan 0: ḡ=8, γE[v]=0.0, Q=8.0 (fn)
2026-09-23 15:33:53,250 INFO: Plan 2: ḡ=8, γE[v]=0.0, Q=8.0 (fn)
2026-09-23 15:33:53,250 INFO: Plan 0: ḡ=1.6, γE[v]=0.0, Q=1.6 (bayes)
2026-09-23 15:33:53,250 INFO: Plan 1: ḡ=0.8, γE[v]=0.4, Q=1.2 (bayes)
2026-09-23 15:33:53,250 INFO: Plan 2: ḡ=1.6, γE[v]=0.0, Q=1.6 (bayes)
2026-09-23 15:34:05,762 INFO: Plan 0: ḡ=8, γE[v]=0.0, Q=8.0 (fn)
2026-09-23 15:34:05,795 INFO: Plan 2: ḡ=8, γE[v]=0.0, Q=8.0 (fn)
2026-09-23 15:34:05,959 INFO: Plan 1: ḡ=4, γE[v]=2.0, Q=6.0 (fn)
2026-09-23 15:34:05,959 INFO: Plan 0: ḡ=1.3, γE[v]=0.0, Q=1.3 (bayes)
2026-09-23 15:34:05,960 INFO: Plan 1: ḡ=0.7, γE[v]=0.5, Q=1.1 (bayes)
2026-09-23 15:34:05,960 INFO: Plan 2: ḡ=1.3, γE[v]=0.0, Q=1.3 (bayes)
2026-09-23 15:34:19,537 INFO: Plan 1: ḡ=4, γE[v]=0.0, Q=4.0 (fn)
2026-09-23 15:34:19,571 INFO: Plan 0: ḡ=8, γE[v]=0.0, Q=8.0 (fn)
2026-09-23 15:34:19,603 INFO: Plan 2: ḡ=8, γE[v]=0.0, Q=8.0 (fn)
2026-09-23 15:34:19,604 INFO: Plan 0: ḡ=1.1, γE[v]=0.0, Q=1.1 (bayes)
2026-09-23 15:34:19,604 INFO: Plan 1: ḡ=0.6, γE[v]=0.3, Q=0.9 (bayes)
2026-09-23 15:34:19,604 INFO: Plan 2: ḡ=1.1, γE[v]=0.0, Q=1.1 (bayes)
  [6/10] click.decorators seed=42: {'random': 29, 'greedy': 29, 'cov_greedy': 36, 'divhints_random': 23, 'cov_qvalue_tgt_fnt_bayes': 47}
2026-09-23 15:41:10,460 INFO: Plan 0: ḡ=80, γE[v]=6.5, Q=86.5 (fn)
2026-09-23 15:41:12,602 INFO: Plan 1: ḡ=77, γE[v]=86.0, Q=163.0 (fn)
2026-09-23 15:41:12,900 INFO: Plan 2: ḡ=203, γE[v]=44.5, Q=247.5 (fn)
2026-09-23 15:41:12,901 INFO: Plan 0: ḡ=40.0, γE[v]=61.0, Q=101.0 (bayes)
2026-09-23 15:41:12,901 INFO: Plan 1: ḡ=38.5, γE[v]=65.4, Q=103.9 (bayes)
2026-09-23 15:41:12,901 INFO: Plan 2: ḡ=101.5, γE[v]=32.0, Q=133.5 (bayes)
2026-09-23 15:41:31,857 INFO: Plan 0: ḡ=108, γE[v]=18.0, Q=126.0 (fn)
2026-09-23 15:41:32,870 INFO: Plan 2: ḡ=189, γE[v]=24.5, Q=213.5 (fn)
2026-09-23 15:41:33,202 INFO: Plan 1: ḡ=250, γE[v]=33.5, Q=283.5 (fn)
2026-09-23 15:41:33,202 INFO: Plan 0: ḡ=36.2, γE[v]=38.4, Q=74.6 (bayes)
2026-09-23 15:41:33,202 INFO: Plan 1: ḡ=88.5, γE[v]=13.2, Q=101.7 (bayes)
2026-09-23 15:41:33,203 INFO: Plan 2: ḡ=68.0, γE[v]=22.9, Q=90.9 (bayes)
2026-09-23 15:41:53,843 INFO: Plan 0: ḡ=91, γE[v]=93.5, Q=184.5 (fn)
2026-09-23 15:41:54,147 INFO: Plan 1: ḡ=250, γE[v]=33.5, Q=283.5 (fn)
2026-09-23 15:41:54,363 INFO: Plan 2: ḡ=193, γE[v]=28.5, Q=221.5 (fn)
2026-09-23 15:41:54,364 INFO: Plan 0: ḡ=22.8, γE[v]=35.7, Q=58.5 (bayes)
2026-09-23 15:41:54,364 INFO: Plan 1: ḡ=65.1, γE[v]=10.6, Q=75.7 (bayes)
2026-09-23 15:41:54,364 INFO: Plan 2: ḡ=50.8, γE[v]=17.5, Q=68.2 (bayes)
2026-09-23 15:42:11,818 INFO: Plan 0: ḡ=108, γE[v]=18.0, Q=126.0 (fn)
2026-09-23 15:42:13,118 INFO: Plan 1: ḡ=250, γE[v]=33.5, Q=283.5 (fn)
2026-09-23 15:42:13,946 INFO: Plan 2: ḡ=203, γE[v]=57.0, Q=260.0 (fn)
2026-09-23 15:42:13,946 INFO: Plan 0: ḡ=21.7, γE[v]=22.9, Q=44.6 (bayes)
2026-09-23 15:42:13,946 INFO: Plan 1: ḡ=51.6, γE[v]=9.1, Q=60.7 (bayes)
2026-09-23 15:42:13,946 INFO: Plan 2: ḡ=42.2, γE[v]=15.5, Q=57.6 (bayes)
2026-09-23 15:42:29,260 INFO: Plan 0: ḡ=104, γE[v]=0.0, Q=104.0 (fn)
2026-09-23 15:42:31,167 INFO: Plan 1: ḡ=246, γE[v]=33.5, Q=279.5 (fn)
2026-09-23 15:42:31,200 INFO: Plan 2: ḡ=163, γE[v]=41.0, Q=204.0 (fn)
2026-09-23 15:42:31,201 INFO: Plan 0: ḡ=17.4, γE[v]=17.9, Q=35.3 (bayes)
2026-09-23 15:42:31,201 INFO: Plan 1: ḡ=42.0, γE[v]=8.1, Q=50.1 (bayes)
2026-09-23 15:42:31,201 INFO: Plan 2: ḡ=28.2, γE[v]=15.6, Q=43.8 (bayes)
2026-09-23 15:42:46,972 INFO: Plan 0: ḡ=104, γE[v]=0.0, Q=104.0 (fn)
2026-09-23 15:42:48,812 INFO: Plan 2: ḡ=250, γE[v]=31.5, Q=281.5 (fn)
2026-09-23 15:42:48,845 INFO: Plan 1: ḡ=246, γE[v]=33.5, Q=279.5 (fn)
2026-09-23 15:42:48,846 INFO: Plan 0: ḡ=14.9, γE[v]=15.3, Q=30.2 (bayes)
2026-09-23 15:42:48,846 INFO: Plan 1: ḡ=35.9, γE[v]=7.4, Q=43.2 (bayes)
2026-09-23 15:42:48,846 INFO: Plan 2: ḡ=36.5, γE[v]=6.9, Q=43.4 (bayes)
2026-09-23 15:43:05,060 INFO: Plan 0: ḡ=104, γE[v]=0.0, Q=104.0 (fn)
2026-09-23 15:43:07,100 INFO: Plan 1: ḡ=246, γE[v]=33.5, Q=279.5 (fn)
2026-09-23 15:43:07,117 INFO: Plan 2: ḡ=238, γE[v]=37.5, Q=275.5 (fn)
2026-09-23 15:43:07,117 INFO: Plan 0: ḡ=13.0, γE[v]=13.3, Q=26.4 (bayes)
2026-09-23 15:43:07,117 INFO: Plan 1: ḡ=31.3, γE[v]=6.8, Q=38.1 (bayes)
2026-09-23 15:43:07,117 INFO: Plan 2: ḡ=30.3, γE[v]=7.6, Q=37.9 (bayes)
2026-09-23 15:43:22,726 INFO: Plan 0: ḡ=104, γE[v]=93.5, Q=197.5 (fn)
2026-09-23 15:43:22,794 INFO: Plan 1: ḡ=246, γE[v]=33.5, Q=279.5 (fn)
2026-09-23 15:43:23,275 INFO: Plan 2: ḡ=229, γE[v]=42.0, Q=271.0 (fn)
2026-09-23 15:43:23,275 INFO: Plan 0: ḡ=11.6, γE[v]=19.3, Q=30.9 (bayes)
2026-09-23 15:43:23,275 INFO: Plan 1: ḡ=27.8, γE[v]=6.4, Q=34.2 (bayes)
2026-09-23 15:43:23,275 INFO: Plan 2: ḡ=25.9, γE[v]=8.0, Q=33.9 (bayes)
  [7/10] click.parser seed=42: {'random': 19, 'greedy': 19, 'cov_greedy': 21, 'divhints_random': 21, 'cov_qvalue_tgt_fnt_bayes': 7}
2026-09-23 15:49:32,146 INFO: Plan 0: ḡ=17, γE[v]=0.0, Q=17.0 (fn)
2026-09-23 15:49:32,397 INFO: Plan 1: ḡ=33, γE[v]=0.0, Q=33.0 (fn)
2026-09-23 15:49:34,483 INFO: Plan 2: ḡ=234, γE[v]=12.5, Q=246.5 (fn)
2026-09-23 15:49:34,483 INFO: Plan 0: ḡ=8.5, γE[v]=60.5, Q=69.0 (bayes)
2026-09-23 15:49:34,484 INFO: Plan 1: ḡ=16.5, γE[v]=56.5, Q=73.0 (bayes)
2026-09-23 15:49:34,484 INFO: Plan 2: ḡ=117.0, γE[v]=6.8, Q=123.8 (bayes)
2026-09-23 15:49:51,916 INFO: Plan 0: ḡ=20, γE[v]=0.0, Q=20.0 (fn)
2026-09-23 15:49:52,524 INFO: Plan 1: ḡ=39, γE[v]=0.0, Q=39.0 (fn)
2026-09-23 15:49:54,014 INFO: Plan 2: ḡ=197, γE[v]=21.5, Q=218.5 (fn)
2026-09-23 15:49:54,014 INFO: Plan 0: ḡ=6.7, γE[v]=38.5, Q=45.2 (bayes)
2026-09-23 15:49:54,014 INFO: Plan 1: ḡ=13.0, γE[v]=35.3, Q=48.3 (bayes)
2026-09-23 15:49:54,014 INFO: Plan 2: ḡ=65.7, γE[v]=10.3, Q=76.0 (bayes)
2026-09-23 15:50:10,183 INFO: Plan 0: ḡ=20, γE[v]=0.0, Q=20.0 (fn)
2026-09-23 15:50:10,859 INFO: Plan 2: ḡ=198, γE[v]=22.0, Q=220.0 (fn)
2026-09-23 15:50:11,405 INFO: Plan 1: ḡ=30, γE[v]=4.5, Q=34.5 (fn)
2026-09-23 15:50:11,406 INFO: Plan 0: ḡ=5.8, γE[v]=29.0, Q=34.7 (bayes)
2026-09-23 15:50:11,406 INFO: Plan 1: ḡ=8.2, γE[v]=28.0, Q=36.2 (bayes)
2026-09-23 15:50:11,406 INFO: Plan 2: ḡ=49.5, γE[v]=8.5, Q=58.0 (bayes)
2026-09-23 15:50:27,295 INFO: Plan 2: ḡ=17, γE[v]=0.0, Q=17.0 (fn)
2026-09-23 15:50:28,930 INFO: Plan 0: ḡ=18, γE[v]=9.5, Q=27.5 (fn)
2026-09-23 15:50:29,078 INFO: Plan 1: ḡ=18, γE[v]=2.5, Q=20.5 (fn)
2026-09-23 15:50:29,079 INFO: Plan 0: ḡ=4.3, γE[v]=2.8, Q=7.1 (bayes)
2026-09-23 15:50:29,079 INFO: Plan 1: ḡ=4.2, γE[v]=2.3, Q=6.6 (bayes)
2026-09-23 15:50:29,079 INFO: Plan 2: ḡ=3.7, γE[v]=2.5, Q=6.1 (bayes)
2026-09-23 15:50:40,240 INFO: Plan 1: ḡ=3, γE[v]=0.0, Q=3.0 (fn)
2026-09-23 15:50:40,324 INFO: Plan 2: ḡ=16, γE[v]=0.0, Q=16.0 (fn)
2026-09-23 15:50:40,848 INFO: Plan 0: ḡ=3, γE[v]=1.5, Q=4.5 (fn)
2026-09-23 15:50:40,849 INFO: Plan 0: ḡ=0.7, γE[v]=1.8, Q=2.5 (bayes)
2026-09-23 15:50:40,849 INFO: Plan 1: ḡ=0.7, γE[v]=1.8, Q=2.4 (bayes)
2026-09-23 15:50:40,849 INFO: Plan 2: ḡ=2.8, γE[v]=0.7, Q=3.5 (bayes)
2026-09-23 15:50:53,611 INFO: Plan 0: ḡ=2, γE[v]=0.0, Q=2.0 (fn)
2026-09-23 15:50:53,612 INFO: Plan 1: ḡ=2, γE[v]=0.0, Q=2.0 (fn)
2026-09-23 15:50:53,626 INFO: Plan 2: ḡ=2, γE[v]=0.0, Q=2.0 (fn)
2026-09-23 15:50:53,627 INFO: Plan 0: ḡ=0.5, γE[v]=0.4, Q=0.9 (bayes)
2026-09-23 15:50:53,627 INFO: Plan 1: ḡ=0.4, γE[v]=0.5, Q=0.9 (bayes)
2026-09-23 15:50:53,627 INFO: Plan 2: ḡ=0.5, γE[v]=0.4, Q=0.9 (bayes)
2026-09-23 15:51:06,418 INFO: Plan 2: ḡ=4, γE[v]=0.0, Q=4.0 (fn)
2026-09-23 15:51:06,419 INFO: Plan 1: ḡ=4, γE[v]=0.0, Q=4.0 (fn)
2026-09-23 15:51:06,517 INFO: Plan 0: ḡ=2, γE[v]=1.0, Q=3.0 (fn)
2026-09-23 15:51:06,517 INFO: Plan 0: ḡ=0.4, γE[v]=0.3, Q=0.7 (bayes)
2026-09-23 15:51:06,517 INFO: Plan 1: ḡ=0.9, γE[v]=0.0, Q=0.8 (bayes)
2026-09-23 15:51:06,517 INFO: Plan 2: ḡ=0.9, γE[v]=0.0, Q=0.8 (bayes)
2026-09-23 15:51:19,838 INFO: Plan 0: ḡ=2, γE[v]=0.0, Q=2.0 (fn)
2026-09-23 15:51:19,855 INFO: Plan 2: ḡ=2, γE[v]=0.0, Q=2.0 (fn)
2026-09-23 15:51:19,871 INFO: Plan 1: ḡ=2, γE[v]=0.0, Q=2.0 (fn)
2026-09-23 15:51:19,872 INFO: Plan 0: ḡ=0.3, γE[v]=0.0, Q=0.3 (bayes)
2026-09-23 15:51:19,872 INFO: Plan 1: ḡ=0.3, γE[v]=0.0, Q=0.3 (bayes)
2026-09-23 15:51:19,872 INFO: Plan 2: ḡ=0.3, γE[v]=0.0, Q=0.3 (bayes)
  [8/10] click.testing seed=42: {'random': 27, 'greedy': 27, 'cov_greedy': 37, 'divhints_random': 37, 'cov_qvalue_tgt_fnt_bayes': 67}
2026-09-23 15:57:13,089 INFO: Plan 0: ḡ=55, γE[v]=0.0, Q=55.0 (fn)
2026-09-23 15:57:14,699 INFO: Plan 1: ḡ=145, γE[v]=5.0, Q=150.0 (fn)
2026-09-23 15:57:14,962 INFO: Plan 2: ḡ=50, γE[v]=59.0, Q=109.0 (fn)
2026-09-23 15:57:14,962 INFO: Plan 0: ḡ=27.5, γE[v]=28.2, Q=55.8 (bayes)
2026-09-23 15:57:14,962 INFO: Plan 1: ḡ=72.5, γE[v]=6.0, Q=78.5 (bayes)
2026-09-23 15:57:14,962 INFO: Plan 2: ḡ=25.0, γE[v]=32.2, Q=57.2 (bayes)
2026-09-23 15:57:27,027 INFO: Plan 2: ḡ=13, γE[v]=0.0, Q=13.0 (fn)
2026-09-23 15:57:27,210 INFO: Plan 1: ḡ=7, γE[v]=0.0, Q=7.0 (fn)
2026-09-23 15:57:27,324 INFO: Plan 0: ḡ=9, γE[v]=2.5, Q=11.5 (fn)
2026-09-23 15:57:27,325 INFO: Plan 0: ḡ=3.0, γE[v]=4.2, Q=7.2 (bayes)
2026-09-23 15:57:27,325 INFO: Plan 1: ḡ=2.3, γE[v]=4.4, Q=6.8 (bayes)
2026-09-23 15:57:27,325 INFO: Plan 2: ḡ=6.5, γE[v]=2.3, Q=8.8 (bayes)
2026-09-23 15:57:39,946 INFO: Plan 2: ḡ=0, γE[v]=0.0, Q=0.0 (fn)
2026-09-23 15:57:40,280 INFO: Plan 0: ḡ=9, γE[v]=2.5, Q=11.5 (fn)
2026-09-23 15:57:40,378 INFO: Plan 1: ḡ=7, γE[v]=3.5, Q=10.5 (fn)
2026-09-23 15:57:40,378 INFO: Plan 0: ḡ=3.0, γE[v]=1.0, Q=4.0 (bayes)
2026-09-23 15:57:40,378 INFO: Plan 1: ḡ=2.3, γE[v]=1.4, Q=3.7 (bayes)
2026-09-23 15:57:40,378 INFO: Plan 2: ḡ=0.0, γE[v]=2.3, Q=2.3 (bayes)
2026-09-23 15:57:52,733 INFO: Plan 2: ḡ=0, γE[v]=0.0, Q=0.0 (fn)
2026-09-23 15:57:52,783 INFO: Plan 0: ḡ=5, γE[v]=0.0, Q=5.0 (fn)
2026-09-23 15:57:52,799 INFO: Plan 1: ḡ=1, γE[v]=0.0, Q=1.0 (fn)
2026-09-23 15:57:52,800 INFO: Plan 0: ḡ=1.2, γE[v]=0.1, Q=1.4 (bayes)
2026-09-23 15:57:52,800 INFO: Plan 1: ḡ=0.2, γE[v]=0.6, Q=0.9 (bayes)
2026-09-23 15:57:52,800 INFO: Plan 2: ḡ=0.0, γE[v]=0.8, Q=0.8 (bayes)
2026-09-23 15:58:06,996 INFO: Plan 1: ḡ=0, γE[v]=0.0, Q=0.0 (fn)
2026-09-23 15:58:07,030 INFO: Plan 2: ḡ=0, γE[v]=0.0, Q=0.0 (fn)
2026-09-23 15:58:07,062 INFO: Plan 0: ḡ=1, γE[v]=0.0, Q=1.0 (fn)
2026-09-23 15:58:07,063 INFO: Plan 0: ḡ=0.2, γE[v]=0.0, Q=0.2 (bayes)
2026-09-23 15:58:07,063 INFO: Plan 1: ḡ=0.0, γE[v]=0.1, Q=0.1 (bayes)
2026-09-23 15:58:07,063 INFO: Plan 2: ḡ=0.0, γE[v]=0.1, Q=0.1 (bayes)
2026-09-23 15:58:20,621 INFO: Plan 2: ḡ=0, γE[v]=0.0, Q=0.0 (fn)
2026-09-23 15:58:20,755 INFO: Plan 1: ḡ=0, γE[v]=0.0, Q=0.0 (fn)
2026-09-23 15:58:20,756 INFO: Plan 0: ḡ=0, γE[v]=0.0, Q=0.0 (fn)
2026-09-23 15:58:20,757 INFO: Plan 0: ḡ=0.0, γE[v]=0.0, Q=0.0 (bayes)
2026-09-23 15:58:20,757 INFO: Plan 1: ḡ=0.0, γE[v]=0.0, Q=0.0 (bayes)
2026-09-23 15:58:20,757 INFO: Plan 2: ḡ=0.0, γE[v]=0.0, Q=0.0 (bayes)
2026-09-23 15:58:33,511 INFO: Plan 0: ḡ=0, γE[v]=0.0, Q=0.0 (fn)
2026-09-23 15:58:33,545 INFO: Plan 2: ḡ=0, γE[v]=0.0, Q=0.0 (fn)
2026-09-23 15:58:33,545 INFO: Plan 1: ḡ=0, γE[v]=0.0, Q=0.0 (fn)
2026-09-23 15:58:33,546 INFO: Plan 0: ḡ=0.0, γE[v]=0.0, Q=0.0 (bayes)
2026-09-23 15:58:33,546 INFO: Plan 1: ḡ=0.0, γE[v]=0.0, Q=0.0 (bayes)
2026-09-23 15:58:33,546 INFO: Plan 2: ḡ=0.0, γE[v]=0.0, Q=0.0 (bayes)
2026-09-23 15:58:47,080 INFO: Plan 1: ḡ=0, γE[v]=0.0, Q=0.0 (fn)
2026-09-23 15:58:47,213 INFO: Plan 0: ḡ=0, γE[v]=0.0, Q=0.0 (fn)
2026-09-23 15:58:47,295 INFO: Plan 2: ḡ=0, γE[v]=0.0, Q=0.0 (fn)
2026-09-23 15:58:47,295 INFO: Plan 0: ḡ=0.0, γE[v]=0.0, Q=0.0 (bayes)
2026-09-23 15:58:47,295 INFO: Plan 1: ḡ=0.0, γE[v]=0.0, Q=0.0 (bayes)
2026-09-23 15:58:47,295 INFO: Plan 2: ḡ=0.0, γE[v]=0.0, Q=0.0 (bayes)
  [9/10] click.formatting seed=42: {'random': 25, 'greedy': 25, 'cov_greedy': 29, 'divhints_random': 29, 'cov_qvalue_tgt_fnt_bayes': 51}
2026-09-23 16:04:53,605 INFO: Plan 0: ḡ=15, γE[v]=0.0, Q=15.0 (fn)
2026-09-23 16:04:53,874 INFO: Plan 2: ḡ=31, γE[v]=0.0, Q=31.0 (fn)
2026-09-23 16:04:55,547 INFO: Plan 1: ḡ=90, γE[v]=14.5, Q=104.5 (fn)
2026-09-23 16:04:55,547 INFO: Plan 0: ḡ=7.5, γE[v]=26.0, Q=33.5 (bayes)
2026-09-23 16:04:55,547 INFO: Plan 1: ḡ=45.0, γE[v]=7.9, Q=52.9 (bayes)
2026-09-23 16:04:55,547 INFO: Plan 2: ḡ=15.5, γE[v]=22.0, Q=37.5 (bayes)
2026-09-23 16:05:08,306 INFO: Plan 2: ḡ=11, γE[v]=0.0, Q=11.0 (fn)
2026-09-23 16:05:08,339 INFO: Plan 0: ḡ=11, γE[v]=5.0, Q=16.0 (fn)
2026-09-23 16:05:08,815 INFO: Plan 1: ḡ=27, γE[v]=3.0, Q=30.0 (fn)
2026-09-23 16:05:08,815 INFO: Plan 0: ḡ=3.7, γE[v]=4.0, Q=7.6 (bayes)
2026-09-23 16:05:08,815 INFO: Plan 1: ḡ=9.0, γE[v]=1.2, Q=10.2 (bayes)
2026-09-23 16:05:08,815 INFO: Plan 2: ḡ=3.7, γE[v]=3.7, Q=7.3 (bayes)
2026-09-23 16:05:19,404 INFO: Plan 2: ḡ=4, γE[v]=0.0, Q=4.0 (fn)
2026-09-23 16:05:19,405 INFO: Plan 0: ḡ=5, γE[v]=0.0, Q=5.0 (fn)
2026-09-23 16:05:19,453 INFO: Plan 1: ḡ=16, γE[v]=0.0, Q=16.0 (fn)
2026-09-23 16:05:19,454 INFO: Plan 0: ḡ=1.2, γE[v]=2.5, Q=3.8 (bayes)
2026-09-23 16:05:19,454 INFO: Plan 1: ḡ=4.0, γE[v]=1.1, Q=5.1 (bayes)
2026-09-23 16:05:19,454 INFO: Plan 2: ḡ=1.0, γE[v]=2.6, Q=3.6 (bayes)
2026-09-23 16:05:33,687 INFO: Plan 0: ḡ=5, γE[v]=0.0, Q=5.0 (fn)
2026-09-23 16:05:33,720 INFO: Plan 2: ḡ=5, γE[v]=0.0, Q=5.0 (fn)
2026-09-23 16:05:33,736 INFO: Plan 1: ḡ=4, γE[v]=0.0, Q=4.0 (fn)
2026-09-23 16:05:33,736 INFO: Plan 0: ḡ=1.2, γE[v]=0.5, Q=1.8 (bayes)
2026-09-23 16:05:33,736 INFO: Plan 1: ḡ=1.0, γE[v]=0.6, Q=1.6 (bayes)
2026-09-23 16:05:33,737 INFO: Plan 2: ḡ=1.2, γE[v]=0.5, Q=1.8 (bayes)
2026-09-23 16:05:43,236 INFO: Plan 2: ḡ=0, γE[v]=0.0, Q=0.0 (fn)
2026-09-23 16:05:43,286 INFO: Plan 0: ḡ=3, γE[v]=0.0, Q=3.0 (fn)
2026-09-23 16:05:43,287 INFO: Plan 1: ḡ=1, γE[v]=0.0, Q=1.0 (fn)
2026-09-23 16:05:43,287 INFO: Plan 0: ḡ=0.8, γE[v]=0.1, Q=0.9 (bayes)
2026-09-23 16:05:43,287 INFO: Plan 1: ḡ=0.2, γE[v]=0.4, Q=0.6 (bayes)
2026-09-23 16:05:43,287 INFO: Plan 2: ḡ=0.0, γE[v]=0.5, Q=0.5 (bayes)
2026-09-23 16:05:54,049 INFO: Plan 1: ḡ=0, γE[v]=0.0, Q=0.0 (fn)
2026-09-23 16:05:54,049 INFO: Plan 2: ḡ=0, γE[v]=0.0, Q=0.0 (fn)
2026-09-23 16:05:54,098 INFO: Plan 0: ḡ=1, γE[v]=0.0, Q=1.0 (fn)
2026-09-23 16:05:54,098 INFO: Plan 0: ḡ=0.2, γE[v]=0.0, Q=0.2 (bayes)
2026-09-23 16:05:54,098 INFO: Plan 1: ḡ=0.0, γE[v]=0.1, Q=0.1 (bayes)
2026-09-23 16:05:54,098 INFO: Plan 2: ḡ=0.0, γE[v]=0.1, Q=0.1 (bayes)
2026-09-23 16:06:05,625 INFO: Plan 0: ḡ=0, γE[v]=0.0, Q=0.0 (fn)
2026-09-23 16:06:05,658 INFO: Plan 1: ḡ=0, γE[v]=0.0, Q=0.0 (fn)
2026-09-23 16:06:05,658 INFO: Plan 2: ḡ=0, γE[v]=0.0, Q=0.0 (fn)
2026-09-23 16:06:05,659 INFO: Plan 0: ḡ=0.0, γE[v]=0.0, Q=0.0 (bayes)
2026-09-23 16:06:05,659 INFO: Plan 1: ḡ=0.0, γE[v]=0.0, Q=0.0 (bayes)
2026-09-23 16:06:05,659 INFO: Plan 2: ḡ=0.0, γE[v]=0.0, Q=0.0 (bayes)
2026-09-23 16:06:18,388 INFO: Plan 0: ḡ=0, γE[v]=0.0, Q=0.0 (fn)
2026-09-23 16:06:18,422 INFO: Plan 1: ḡ=0, γE[v]=0.0, Q=0.0 (fn)
2026-09-23 16:06:18,423 INFO: Plan 2: ḡ=0, γE[v]=0.0, Q=0.0 (fn)
2026-09-23 16:06:18,423 INFO: Plan 0: ḡ=0.0, γE[v]=0.0, Q=0.0 (bayes)
2026-09-23 16:06:18,423 INFO: Plan 1: ḡ=0.0, γE[v]=0.0, Q=0.0 (bayes)
2026-09-23 16:06:18,423 INFO: Plan 2: ḡ=0.0, γE[v]=0.0, Q=0.0 (bayes)
  [10/10] click.exceptions seed=42: {'random': 1, 'greedy': 1, 'cov_greedy': 13, 'divhints_random': 14, 'cov_qvalue_tgt_fnt_bayes': 31}

======================================================================
RESULTS
======================================================================

Module                              seed       random       greedy   cov_greedy  divhints_ra  cov_qvalue_
---------------------------------------------------------------------------------------------------------
click.core                            42          168           54           67           85          336
click.types                           42            8            8            9           11           83
click.termui                          42            7            7           15           13           36
click.utils                           42           16           15            0           20           51
click.shell_completion                42            4            4           10           10           36
click.decorators                      42           29           29           36           23           47
click.parser                          42           19           19           21           21            7
click.testing                         42           27           27           37           37           67
click.formatting                      42           25           25           29           29           51
click.exceptions                      42            1            1           13           14           31

======================================================================
STATISTICS
======================================================================

Per-strategy means (n=10):
  random               branches=  30.4 ± 15.6  lines=120.6  pass_rate=75%
  greedy               branches=  18.9 ± 5.0  lines=91.6  pass_rate=80%
  cov_greedy           branches=  23.7 ± 6.1  lines=94.8  pass_rate=58%
  divhints_random      branches=  26.3 ± 7.1  lines=105.3  pass_rate=72%
  cov_qvalue_tgt_fnt_bayes branches=  74.5 ± 29.8  lines=221.8  pass_rate=48%

Paired vs random:
  greedy               Δ= -11.5 ± 11.4  W=0 L=2 T=8  p=0.3390 d=-0.32 
  cov_greedy           Δ=  -6.7 ± 10.8  W=8 L=2 T=0  p=0.5490 d=-0.20 
  divhints_random      Δ=  -4.1 ± 8.9  W=8 L=2 T=0  p=0.6563 d=-0.15 
  cov_qvalue_tgt_fnt_bayes Δ= +44.1 ± 15.3  W=9 L=1 T=0  p=0.0182 d=0.91 *

Per-repo means:

  click (10 runs):
    random               mean=30.4
    greedy               mean=18.9
    cov_greedy           mean=23.7
    divhints_random      mean=26.3
    cov_qvalue_tgt_fnt_bayes mean=74.5

Cost: $0.0000 | Time: 5206s (86.8m)
Saved to /share/edc/home/aamayuelasfernandez/qcurious-tester/results/ablations/ablation_cost_gemma.json
